Component: ARM Compiler 5.06 update 5 (build 528) Tool: armlink [4d35e2]

==============================================================================

Section Cross References

    programtemplate_kl05.o(MyCode) refers to start.o(Start) for Startup
    programtemplate_kl05.o(MyCode) refers to programtemplate_kl05.o(MyData) for var
    programtemplate_kl05.o(RESET) refers to start.o(.ARM.__at_0x1FFFFC00) for __initial_sp
    programtemplate_kl05.o(RESET) refers to programtemplate_kl05.o(MyCode) for Reset_Handler
    programtemplate_kl05.o(RESET) refers to start.o(Start) for Dummy_Handler


==============================================================================

Removing Unused input sections from the image.

    Removing programtemplate_kl05.o(MyConst), (0 bytes).

1 unused section(s) (total 0 bytes) removed from the image.

==============================================================================

Image Symbol Table

    Local Symbols

    Symbol Name                              Value     Ov Type        Size  Object(Section)

    RESET                                    0x00000000   Section      192  programtemplate_kl05.o(RESET)
    ProgramTemplate_KL05.s                   0x00000000   Number         0  programtemplate_kl05.o ABSOLUTE
    Start.s                                  0x00000000   Number         0  start.o ABSOLUTE
    .ARM.__at_0xC0                           0x000000c0   Section       64  start.o(.ARM.__at_0xC0)
    MyCode                                   0x00000100   Section      424  programtemplate_kl05.o(MyCode)
    Init_UART0_Polling                       0x00000115   Thumb Code   108  programtemplate_kl05.o(MyCode)
    GetChar                                  0x00000181   Thumb Code    22  programtemplate_kl05.o(MyCode)
    PutChar                                  0x00000197   Thumb Code    22  programtemplate_kl05.o(MyCode)
    GetStringSB                              0x000001ad   Thumb Code    82  programtemplate_kl05.o(MyCode)
    DIVU                                     0x00000251   Thumb Code    28  programtemplate_kl05.o(MyCode)
    Start                                    0x000002a8   Section      204  start.o(Start)
    SystemInit                               0x000002b7   Thumb Code    60  start.o(Start)
    SetClock48MHz                            0x000002f3   Thumb Code    82  start.o(Start)
    .ARM.__at_0x400                          0x00000400   Section       16  start.o(.ARM.__at_0x400)
    .ARM.__at_0x1FFFFC00                     0x1ffffc00   Section      256  start.o(.ARM.__at_0x1FFFFC00)
    MyData                                   0x1ffffd00   Section       12  programtemplate_kl05.o(MyData)
    var                                      0x1ffffd00   Data          10  programtemplate_kl05.o(MyData)

    Global Symbols

    Symbol Name                              Value     Ov Type        Size  Object(Section)

    BuildAttributes$$THM_ISAv3M$S$PE$A:L22$X:L11$S22$IEEE1$IW$USESV6$~STKCKD$USESV7$~SHL$OSPACE$EBA8$STANDARDLIB$EABIv2 0x00000000   Number         0  anon$$obj.o ABSOLUTE
    __Vectors                                0x00000000   Data           0  programtemplate_kl05.o(RESET)
    __Vectors_End                            0x000000c0   Data           0  programtemplate_kl05.o(RESET)
    __Vectors_Size                           0x000000c0   Number         0  programtemplate_kl05.o ABSOLUTE
    Reset_Handler                            0x00000101   Thumb Code    20  programtemplate_kl05.o(MyCode)
    Startup                                  0x000002a9   Thumb Code    14  start.o(Start)
    Dummy_Handler                            0x00000345   Thumb Code     2  start.o(Start)
    HardFault_Handler                        0x00000345   Thumb Code     0  start.o(Start)
    __initial_sp                             0x1ffffd00   Data           0  start.o(.ARM.__at_0x1FFFFC00)



==============================================================================

Memory Map of the image

  Image Entry point : 0x00000101

  Load Region LR_1 (Base: 0x00000000, Size: 0x0000051c, Max: 0xffffffff, ABSOLUTE)

    Execution Region ER_RO (Exec base: 0x00000000, Load base: 0x00000000, Size: 0x00000410, Max: 0xffffffff, ABSOLUTE)

    Exec Addr    Load Addr    Size         Type   Attr      Idx    E Section Name        Object

    0x00000000   0x00000000   0x000000c0   Data   RO            2    RESET               programtemplate_kl05.o
    0x000000c0   0x000000c0   0x00000040   Data   RO           11    .ARM.__at_0xC0      start.o
    0x00000100   0x00000100   0x000001a8   Code   RO            1  * MyCode              programtemplate_kl05.o
    0x000002a8   0x000002a8   0x000000cc   Code   RO           10    Start               start.o
    0x00000374   0x00000374   0x0000008c   PAD
    0x00000400   0x00000400   0x00000010   Code   RO           12    .ARM.__at_0x400     start.o


    Execution Region ER_RW (Exec base: 0x1ffffc00, Load base: 0x00000410, Size: 0x0000010c, Max: 0xffffffff, ABSOLUTE)

    Exec Addr    Load Addr    Size         Type   Attr      Idx    E Section Name        Object

    0x1ffffc00   0x00000410   0x00000100   Data   RW           13    .ARM.__at_0x1FFFFC00  start.o
    0x1ffffd00   0x00000510   0x0000000c   Data   RW            4    MyData              programtemplate_kl05.o


    Execution Region ER_ZI (Exec base: 0x1ffffd0c, Load base: 0x0000051c, Size: 0x00000000, Max: 0xffffffff, ABSOLUTE)

    **** No section assigned to this execution region ****


==============================================================================

Image component sizes


      Code (inc. data)   RO Data    RW Data    ZI Data      Debug   Object Name

       424         60        192         12          0        840   programtemplate_kl05.o
       220         62         64        256          0        728   start.o

    ----------------------------------------------------------------------
       784        262        256        268          0       1568   Object Totals
         0          0          0          0          0          0   (incl. Generated)
       140        140          0          0          0          0   (incl. Padding)

    ----------------------------------------------------------------------
         0          0          0          0          0          0   Library Totals
         0          0          0          0          0          0   (incl. Padding)

    ----------------------------------------------------------------------

==============================================================================


      Code (inc. data)   RO Data    RW Data    ZI Data      Debug   

       784        262        256        268          0       1516   Grand Totals
       784        262        256        268          0       1516   ELF Image Totals
       784        262        256        268          0          0   ROM Totals

==============================================================================

    Total RO  Size (Code + RO Data)                 1040 (   1.02kB)
    Total RW  Size (RW Data + ZI Data)               268 (   0.26kB)
    Total ROM Size (Code + RO Data + RW Data)       1308 (   1.28kB)

==============================================================================

