Component: ARM Compiler 5.06 update 5 (build 528) Tool: armlink [4d35e2]

==============================================================================

Section Cross References

    lab2.o(RESET) refers to lab2.o(.ARM.__at_0x1FFFFC00) for __initial_sp
    lab2.o(RESET) refers to lab2.o(MyCode) for Reset_Handler


==============================================================================

Removing Unused input sections from the image.

    Removing lab2.o(MyConst), (0 bytes).
    Removing lab2.o(MyData), (0 bytes).

2 unused section(s) (total 0 bytes) removed from the image.

==============================================================================

Image Symbol Table

    Local Symbols

    Symbol Name                              Value     Ov Type        Size  Object(Section)

    RESET                                    0x00000000   Section      192  lab2.o(RESET)
    work\lab2.s                              0x00000000   Number         0  lab2.o ABSOLUTE
    MyCode                                   0x000000c0   Section      100  lab2.o(MyCode)
    RegInit                                  0x000000e9   Thumb Code    52  lab2.o(MyCode)
    .ARM.__at_0x1FFFFC00                     0x1ffffc00   Section      256  lab2.o(.ARM.__at_0x1FFFFC00)

    Global Symbols

    Symbol Name                              Value     Ov Type        Size  Object(Section)

    BuildAttributes$$THM_ISAv3M$S$PE$A:L22$X:L11$S22$IEEE1$IW$USESV6$~STKCKD$USESV7$~SHL$OSPACE$EBA8$STANDARDLIB$EABIv2 0x00000000   Number         0  anon$$obj.o ABSOLUTE
    __Vectors                                0x00000000   Data           0  lab2.o(RESET)
    Reset_Handler                            0x000000c1   Thumb Code    40  lab2.o(MyCode)
    __Vectors_End                            0x000000c0   Data           0  lab2.o(RESET)
    __Vectors_Size                           0x000000c0   Number         0  lab2.o ABSOLUTE
    __initial_sp                             0x1ffffd00   Data           0  lab2.o(.ARM.__at_0x1FFFFC00)



==============================================================================

Memory Map of the image

  Image Entry point : 0x000000c1

  Load Region LR_IROM1 (Base: 0x00000000, Size: 0x00000124, Max: 0x00008000, ABSOLUTE)

    Execution Region ER_IROM1 (Exec base: 0x00000000, Load base: 0x00000000, Size: 0x00000124, Max: 0x00008000, ABSOLUTE)

    Exec Addr    Load Addr    Size         Type   Attr      Idx    E Section Name        Object

    0x00000000   0x00000000   0x000000c0   Data   RO            2    RESET               lab2.o
    0x000000c0   0x000000c0   0x00000064   Code   RO            1  * MyCode              lab2.o


    Execution Region RW_IRAM1 (Exec base: 0x1ffffe00, Load base: 0x00000124, Size: 0x00000000, Max: 0x00000800, ABSOLUTE)

    **** No section assigned to this execution region ****



  Load Region LR$$.ARM.__at_0x1FFFFC00 (Base: 0x1ffffc00, Size: 0x00000100, Max: 0x00000100, ABSOLUTE)

    Execution Region ER$$.ARM.__at_0x1FFFFC00 (Exec base: 0x1ffffc00, Load base: 0x1ffffc00, Size: 0x00000100, Max: 0x00000100, ABSOLUTE, UNINIT)

    Exec Addr    Load Addr    Size         Type   Attr      Idx    E Section Name        Object

    0x1ffffc00   0x1ffffc00   0x00000100   Data   RW            4    .ARM.__at_0x1FFFFC00  lab2.o


==============================================================================

Image component sizes


      Code (inc. data)   RO Data    RW Data    ZI Data      Debug   Object Name

       100          8        192        256          0        416   lab2.o

    ----------------------------------------------------------------------
       100          8        192        256          0        416   Object Totals
         0          0          0          0          0          0   (incl. Generated)
         0          0          0          0          0          0   (incl. Padding)

    ----------------------------------------------------------------------
         0          0          0          0          0          0   Library Totals
         0          0          0          0          0          0   (incl. Padding)

    ----------------------------------------------------------------------

==============================================================================


      Code (inc. data)   RO Data    RW Data    ZI Data      Debug   

       100          8        192        256          0        416   Grand Totals
       100          8        192        256          0        416   ELF Image Totals
       100          8        192        256          0          0   ROM Totals

==============================================================================

    Total RO  Size (Code + RO Data)                  292 (   0.29kB)
    Total RW  Size (RW Data + ZI Data)               256 (   0.25kB)
    Total ROM Size (Code + RO Data + RW Data)        548 (   0.54kB)

==============================================================================

