Component: ARM Compiler 5.06 update 5 (build 528) Tool: armlink [4d35e2]

==============================================================================

Section Cross References

    programtemplate_kl05.o(MyCode) refers to start.o(Start) for Startup
    programtemplate_kl05.o(RESET) refers to start.o(.ARM.__at_0x1FFFFC00) for __initial_sp
    programtemplate_kl05.o(RESET) refers to programtemplate_kl05.o(MyCode) for Reset_Handler
    programtemplate_kl05.o(RESET) refers to start.o(Start) for Dummy_Handler


==============================================================================

Removing Unused input sections from the image.

    Removing programtemplate_kl05.o(MyConst), (0 bytes).
    Removing programtemplate_kl05.o(MyData), (0 bytes).

2 unused section(s) (total 0 bytes) removed from the image.

==============================================================================

Image Symbol Table

    Local Symbols

    Symbol Name                              Value     Ov Type        Size  Object(Section)

    RESET                                    0x00000000   Section      192  programtemplate_kl05.o(RESET)
    ProgramTemplate_KL05.s                   0x00000000   Number         0  programtemplate_kl05.o ABSOLUTE
    Start.s                                  0x00000000   Number         0  start.o ABSOLUTE
    .ARM.__at_0xC0                           0x000000c0   Section       64  start.o(.ARM.__at_0xC0)
    MyCode                                   0x00000100   Section      120  programtemplate_kl05.o(MyCode)
    Start                                    0x00000178   Section      204  start.o(Start)
    SystemInit                               0x00000187   Thumb Code    60  start.o(Start)
    SetClock48MHz                            0x000001c3   Thumb Code    82  start.o(Start)
    .ARM.__at_0x400                          0x00000400   Section       16  start.o(.ARM.__at_0x400)
    .ARM.__at_0x1FFFFC00                     0x1ffffc00   Section      256  start.o(.ARM.__at_0x1FFFFC00)

    Global Symbols

    Symbol Name                              Value     Ov Type        Size  Object(Section)

    BuildAttributes$$THM_ISAv3M$S$PE$A:L22$X:L11$S22$IEEE1$IW$USESV6$~STKCKD$USESV7$~SHL$OSPACE$EBA8$STANDARDLIB$EABIv2 0x00000000   Number         0  anon$$obj.o ABSOLUTE
    __Vectors                                0x00000000   Data           0  programtemplate_kl05.o(RESET)
    __Vectors_End                            0x000000c0   Data           0  programtemplate_kl05.o(RESET)
    __Vectors_Size                           0x000000c0   Number         0  programtemplate_kl05.o ABSOLUTE
    Reset_Handler                            0x00000101   Thumb Code    22  programtemplate_kl05.o(MyCode)
    Startup                                  0x00000179   Thumb Code    14  start.o(Start)
    Dummy_Handler                            0x00000215   Thumb Code     2  start.o(Start)
    HardFault_Handler                        0x00000215   Thumb Code     0  start.o(Start)
    __initial_sp                             0x1ffffd00   Data           0  start.o(.ARM.__at_0x1FFFFC00)



==============================================================================

Memory Map of the image

  Image Entry point : 0x00000101

  Load Region LR_1 (Base: 0x00000000, Size: 0x00000510, Max: 0xffffffff, ABSOLUTE)

    Execution Region ER_RO (Exec base: 0x00000000, Load base: 0x00000000, Size: 0x00000410, Max: 0xffffffff, ABSOLUTE)

    Exec Addr    Load Addr    Size         Type   Attr      Idx    E Section Name        Object

    0x00000000   0x00000000   0x000000c0   Data   RO            2    RESET               programtemplate_kl05.o
    0x000000c0   0x000000c0   0x00000040   Data   RO           11    .ARM.__at_0xC0      start.o
    0x00000100   0x00000100   0x00000078   Code   RO            1  * MyCode              programtemplate_kl05.o
    0x00000178   0x00000178   0x000000cc   Code   RO           10    Start               start.o
    0x00000244   0x00000244   0x000001bc   PAD
    0x00000400   0x00000400   0x00000010   Code   RO           12    .ARM.__at_0x400     start.o


    Execution Region ER_RW (Exec base: 0x1ffffc00, Load base: 0x00000410, Size: 0x00000100, Max: 0xffffffff, ABSOLUTE)

    Exec Addr    Load Addr    Size         Type   Attr      Idx    E Section Name        Object

    0x1ffffc00   0x00000410   0x00000100   Data   RW           13    .ARM.__at_0x1FFFFC00  start.o


    Execution Region ER_ZI (Exec base: 0x1ffffd00, Load base: 0x00000510, Size: 0x00000000, Max: 0xffffffff, ABSOLUTE)

    **** No section assigned to this execution region ****


==============================================================================

Image component sizes


      Code (inc. data)   RO Data    RW Data    ZI Data      Debug   Object Name

       120         24        192          0          0        400   programtemplate_kl05.o
       220         62         64        256          0        728   start.o

    ----------------------------------------------------------------------
       784        530        256        256          0       1128   Object Totals
         0          0          0          0          0          0   (incl. Generated)
       444        444          0          0          0          0   (incl. Padding)

    ----------------------------------------------------------------------
         0          0          0          0          0          0   Library Totals
         0          0          0          0          0          0   (incl. Padding)

    ----------------------------------------------------------------------

==============================================================================


      Code (inc. data)   RO Data    RW Data    ZI Data      Debug   

       784        530        256        256          0       1076   Grand Totals
       784        530        256        256          0       1076   ELF Image Totals
       784        530        256        256          0          0   ROM Totals

==============================================================================

    Total RO  Size (Code + RO Data)                 1040 (   1.02kB)
    Total RW  Size (RW Data + ZI Data)               256 (   0.25kB)
    Total ROM Size (Code + RO Data + RW Data)       1296 (   1.27kB)

==============================================================================

