


ARM Macro Assembler    Page 1 Program Title for Listing Header Goes Here


    1 00000000                 TTL              Program Title for Listing Heade
r Goes Here
    2 00000000         ;*******************************************************
                       *********
    3 00000000         ;Descriptive comment header goes here.
    4 00000000         ;(What does the program do?)
    5 00000000         ;Name:  <Your name here>
    6 00000000         ;Date:  <Date completed here>
    7 00000000         ;Class:  CMPE-250
    8 00000000         ;Section:  <Your lab section, day, and time here>
    9 00000000         ;-------------------------------------------------------
                       --------
   10 00000000         ;Keil Template for KL05
   11 00000000         ;R. W. Melton
   12 00000000         ;September 13, 2020
   13 00000000         ;*******************************************************
                       *********
   14 00000000         ;Assembler directives
   15 00000000                 THUMB
   17 00000000         ;*******************************************************
                       *********
   18 00000000         ;Include files
   19 00000000                 GET              MKL05Z4.s   ;Included by start.
                                                            s
   21 00000000         ;*******************************************************
                       *********
   22 00000000         ;EQUates
   23 00000000         ; Address EQUates
   24 00000000 4006A000 
                       uart0_bdh
                               EQU              0x4006A000
   25 00000000 4006A001 
                       uart0_bdl
                               EQU              0x4006A001
   26 00000000 4006A002 
                       uart0_c1
                               EQU              0x4006A002
   27 00000000 4006A003 
                       uart0_c2
                               EQU              0x4006A003
   28 00000000 4006A004 
                       uart0_s1
                               EQU              0x4006A004
   29 00000000 4006A005 
                       uart0_s2
                               EQU              0x4006A005
   30 00000000 4006A006 
                       uart0_c3
                               EQU              0x4006A006
   31 00000000 4006A007 
                       uart0_d EQU              0x4006A007
   32 00000000 4006A008 
                       uart0_ma1
                               EQU              0x4006A008
   33 00000000 4006A009 
                       uart0_ma2
                               EQU              0x4006A009
   34 00000000 4006A00A 
                       uart0_c4



ARM Macro Assembler    Page 2 Program Title for Listing Header Goes Here


                               EQU              0x4006A00A
   35 00000000 4006A00B 
                       uart0_c5
                               EQU              0x4006A00B
   36 00000000         
   37 00000000 40047000 
                       sim_sopt1
                               EQU              0x40047000
   38 00000000 40047004 
                       sim_sopt1cfg
                               EQU              0x40047004
   39 00000000 40048004 
                       sim_sopt2
                               EQU              0x40048004
   40 00000000 4004800C 
                       sim_sopt4
                               EQU              0x4004800C
   41 00000000 40048010 
                       sim_sopt5
                               EQU              0x40048010
   42 00000000 40048018 
                       sim_sopt7
                               EQU              0x40048018
   43 00000000 40048024 
                       sim_sdid
                               EQU              0x40048024
   44 00000000 40048034 
                       sim_scgc4
                               EQU              0x40048034
   45 00000000 40048038 
                       sim_scgc5
                               EQU              0x40048038
   46 00000000 4004803C 
                       sim_scgc6
                               EQU              0x4004803C
   47 00000000 40048040 
                       sim_scgc7
                               EQU              0x40048040
   48 00000000 40048044 
                       sim_clkdiv1
                               EQU              0x40048044
   49 00000000 4004804C 
                       sim_fcfg1
                               EQU              0x4004804c
   50 00000000 40048050 
                       sim_fcfg2
                               EQU              0x40048050
   51 00000000 40048058 
                       sim_uidmh
                               EQU              0x40048058
   52 00000000 4004805C 
                       sim_uidml
                               EQU              0x4004805c
   53 00000000 40048060 
                       sim_uidl
                               EQU              0x40048060
   54 00000000 40048100 
                       sim_copc
                               EQU              0x40048100



ARM Macro Assembler    Page 3 Program Title for Listing Header Goes Here


   55 00000000 40048104 
                       sim_srvcop
                               EQU              0x40048104
   56 00000000         
   57 00000000         ; Shift EQUates
   58 00000000 0000001A 
                       sim_sopt2_uart0src_shift
                               EQU              26
   59 00000000         
   60 00000000         ; Setting EQUates
   61 00000000 00000001 
                       uart0_bdh_9600
                               EQU              0x01
   62 00000000 00000038 
                       uart0_bdl_9600
                               EQU              0x38
   63 00000000         
   64 00000000 00000000 
                       uart0_c1_opt
                               EQU              0x00
   65 00000000         
   66 00000000 00000000 
                       uart0_c2_t_r_clr
                               EQU              0x00
   67 00000000 00000008 
                       uart0_c2_t_en
                               EQU              0x08
   68 00000000 00000004 
                       uart0_c2_r_en
                               EQU              0x04
   69 00000000 0000000C 
                       uart0_c2_t_r_en
                               EQU              0x0c
   70 00000000         
   71 00000000 04000000 
                       sim_sopt2_uart0src_mcgfllclk
                               EQU              (01 << sim_sopt2_uart0src_shift
)
   72 00000000         
   73 00000000         ; Mask EQUates
   74 00000000 00000080 
                       uart0_s1_tdre_mask
                               EQU              0x80
   75 00000000 00000020 
                       uart0_s1_rdrf_mask
                               EQU              0x20
   76 00000000         
   77 00000000         
   78 00000000         ; Stores \data to \dest. Modifies R0 and R1
   79 00000000                 MACRO
   80 00000000                 storeb_unsafe    $data, $dest
   81 00000000                 ldr              r0, =$dest
   82 00000000                 movs             r1, #$data
   83 00000000                 strb             r1, [r0, #0]
   84 00000000                 MEND
   85 00000000         ;*******************************************************
                       *********
   86 00000000         ;Program
   87 00000000         ;Linker requires Reset_Handler



ARM Macro Assembler    Page 4 Program Title for Listing Header Goes Here


   88 00000000                 AREA             MyCode,CODE,READONLY
   89 00000000                 ENTRY
   90 00000000                 EXPORT           Reset_Handler
   91 00000000                 IMPORT           Startup
   92 00000000         Reset_Handler
                               PROC             {}
   93 00000000         main
   94 00000000         ;-------------------------------------------------------
                       --------
   95 00000000         ;Mask interrupts
   96 00000000 B672            CPSID            I
   97 00000002         ;KL05 system startup with 48-MHz system clock
   98 00000002 F7FF FFFE       BL               Startup
   99 00000006         ;-------------------------------------------------------
                       --------
  100 00000006         ;>>>>> begin main program code <<<<<
  101 00000006 F000 F806       bl               Init_UART0_Polling
  102 0000000A 2041            movs             r0, #65
  103 0000000C F000 F844       bl               PutChar
  104 00000010 F000 F837       bl               GetChar
  105 00000014         ;>>>>>   end main program code <<<<<
  106 00000014         ;Stay here
  107 00000014 E7FE            B                .
  108 00000016                 ENDP                         ;main
  109 00000016         ;>>>>> begin subroutine code <<<<<
  110 00000016         
  111 00000016         
  112 00000016         ;*
  113 00000016         ; Initialize board for polled serial I/O with UART0 thro
                       ugh ports B pins 1
  114 00000016         ; and 2, using: 8 data bits, no parity, and one stop bit
                        at 9600 baud
  115 00000016         ; Changes: LR, PC, PSR
  116 00000016         ;*/
  117 00000016         Init_UART0_Polling
  118 00000016         ;Select MCGFLLCLK as UART0 clock source 
  119 00000016 B407            push             {r0, r1, r2}
  120 00000018         
  121 00000018 4825            LDR              R0,=SIM_SOPT2
  122 0000001A 4926            LDR              R1,=SIM_SOPT2_UART0SRC_MASK
  123 0000001C 6802            LDR              R2,[R0,#0]
  124 0000001E 438A            BICS             R2,R2,R1
  125 00000020 4925            LDR              R1,=SIM_SOPT2_UART0SRC_MCGFLLCL
K
  126 00000022 430A            ORRS             R2,R2,R1
  127 00000024 6002            STR              R2,[R0,#0]
  128 00000026         ;Set UART0 for external connection 
  129 00000026 4825            LDR              R0,=SIM_SOPT5
  130 00000028 4923            LDR              R1,=SIM_SOPT5_UART0_EXTERN_MASK
_CLEAR
  131 0000002A 6802            LDR              R2,[R0,#0]
  132 0000002C 438A            BICS             R2,R2,R1
  133 0000002E 6002            STR              R2,[R0,#0]
  134 00000030         ;Enable UART0 module clock 
  135 00000030 4824            LDR              R0,=SIM_SCGC4
  136 00000032 4925            LDR              R1,=SIM_SCGC4_UART0_MASK
  137 00000034 6802            LDR              R2,[R0,#0]
  138 00000036 430A            ORRS             R2,R2,R1
  139 00000038 6002            STR              R2,[R0,#0]



ARM Macro Assembler    Page 5 Program Title for Listing Header Goes Here


  140 0000003A         ;Enable PORT B module clock 
  141 0000003A 4824            LDR              R0,=SIM_SCGC5
  142 0000003C 4922            LDR              R1,=SIM_SCGC5_PORTB_MASK
  143 0000003E 6802            LDR              R2,[R0,#0]
  144 00000040 430A            ORRS             R2,R2,R1
  145 00000042 6002            STR              R2,[R0,#0]
  146 00000044         ;Select PORT B Pin 2 (D0) for UART0 RX (J8 Pin 01) 
  147 00000044 4822            LDR              R0,=PORTB_PCR2
  148 00000046 491C            LDR              R1,=PORT_PCR_SET_PTB2_UART0_RX
  149 00000048 6001            STR              R1,[R0,#0]
  150 0000004A         ; Select PORT B Pin 1 (D1) for UART0 TX (J8 Pin 02) 
  151 0000004A 4823            LDR              R0,=PORTB_PCR1
  152 0000004C 491A            LDR              R1,=PORT_PCR_SET_PTB1_UART0_TX
  153 0000004E 6001            STR              R1,[R0,#0]
  154 00000050         ;Disable UART0 receiver and transmitter 
  155 00000050 4823            LDR              R0,=UART0_BASE
  156 00000052 2100            MOVS             R1,#UART0_C2_T_R
  157 00000054 78C2            LDRB             R2,[R0,#UART0_C2_OFFSET]
  158 00000056 438A            BICS             R2,R2,R1
  159 00000058 70C2            STRB             R2,[R0,#UART0_C2_OFFSET]
  160 0000005A         ;Set UART0 for 9600 baud, 8N1 protocol 
  161 0000005A 2100            MOVS             R1,#UART0_BDH_9600
  162 0000005C 7001            STRB             R1,[R0,#UART0_BDH_OFFSET]
  163 0000005E 2100            MOVS             R1,#UART0_BDL_9600
  164 00000060 7041            STRB             R1,[R0,#UART0_BDL_OFFSET]
  165 00000062 2100            MOVS             R1,#UART0_C1_8N1
  166 00000064 7081            STRB             R1,[R0,#UART0_C1_OFFSET]
  167 00000066 2100            MOVS             R1,#UART0_C3_NO_TXINV
  168 00000068 7181            STRB             R1,[R0,#UART0_C3_OFFSET]
  169 0000006A 2100            MOVS             R1,#UART0_C4_NO_MATCH_OSR_16
  170 0000006C 7281            STRB             R1,[R0,#UART0_C4_OFFSET]
  171 0000006E 2100            MOVS             R1,#UART0_C5_NO_DMA_SSR_SYNC
  172 00000070 72C1            STRB             R1,[R0,#UART0_C5_OFFSET]
  173 00000072 2100            MOVS             R1,#UART0_S1_CLEAR_FLAGS
  174 00000074 7101            STRB             R1,[R0,#UART0_S1_OFFSET]
  175 00000076 2100            MOVS             R1, #UART0_S2_NO_RXINV_BRK10_NO
_LBKDETECT_CLEAR_FLAGS
  176 00000078 7141            STRB             R1,[R0,#UART0_S2_OFFSET]
  177 0000007A         ;Enable UART0 receiver and transmitter 
  178 0000007A 2100            MOVS             R1,#UART0_C2_T_R
  179 0000007C 70C1            STRB             R1,[R0,#UART0_C2_OFFSET]
  180 0000007E         
  181 0000007E         ; TODO: use MCGFLLCLK
  182 0000007E         
  183 0000007E         ; Clear TE and RE
  184 0000007E         ;storeb_unsafe uart0_c2_t_r_clr, uart0_c2
  185 0000007E         
  186 0000007E         ; Enable polling; use 2 pins; set stop bit to 1; set bau
                       d rate to 9600
  187 0000007E         ;storeb_unsafe uart0_bdh_9600, uart0_bdh
  188 0000007E         ;storeb_unsafe uart0_bdl_9600, uart0_bdl
  189 0000007E         
  190 0000007E         ; Set 8-bit data, no parity
  191 0000007E         ;storeb_unsafe uart0_c1_opt, uart0_c1
  192 0000007E         
  193 0000007E BC07            pop              {r0, r1, r2}
  194 00000080 4770            bx               lr
  195 00000082         
  196 00000082         ;*



ARM Macro Assembler    Page 6 Program Title for Listing Header Goes Here


  197 00000082         ; Gets a character from UART0_D
  198 00000082         ; Return value in R0
  199 00000082         ; Changes: R0, LR, PC, PSR
  200 00000082         ;*/
  201 00000082         GetChar
  202 00000082 B402            push             {r1}
  203 00000084 2120            movs             r1, #uart0_s1_rdrf_mask
  204 00000086         GetCharLoop
  205 00000086         ; Wait for RDRF to be set
  206 00000086 4817            ldr              r0, =uart0_s1
  207 00000088 7800            ldrb             r0, [r0, #0]
  208 0000008A 4008            ands             r0, r0, r1
  209 0000008C 2800            cmp              r0, #0
  210 0000008E D1FA            bne              GetCharLoop
  211 00000090         
  212 00000090         ; Read UART0_D
  213 00000090 4815            ldr              r0, =uart0_d
  214 00000092 7800            ldrb             r0, [r0, #0]
  215 00000094         
  216 00000094 BC02            pop              {r1}
  217 00000096 4770            bx               lr
  218 00000098         
  219 00000098         ;*
  220 00000098         ; Puts a character into UART0_D
  221 00000098         ; Reads from R0
  222 00000098         ; Changes: LR, PC, PSR
  223 00000098         ;*/
  224 00000098         PutChar
  225 00000098 B406            push             {r1, r2}
  226 0000009A 2180            movs             r1, #uart0_s1_tdre_mask
  227 0000009C         PutCharLoop
  228 0000009C         ; Wait for TDRE to be set
  229 0000009C 4A11            ldr              r2, =uart0_s1
  230 0000009E 7812            ldrb             r2, [r2, #0]
  231 000000A0 400A            ands             r2, r2, r1
  232 000000A2 2A00            cmp              r2, #0
  233 000000A4 D1FA            bne              PutCharLoop
  234 000000A6         
  235 000000A6         ; Write UART0_D
  236 000000A6 4A10            ldr              r2, =uart0_d
  237 000000A8 7010            strb             r0, [r2, #0]
  238 000000AA         
  239 000000AA BC06            pop              {r1, r2}
  240 000000AC 4770            bx               lr
  241 000000AE         ;>>>>>   end subroutine code <<<<<
  242 000000AE 00 00           ALIGN
  243 000000B0         ;*******************************************************
                       *********
  244 000000B0         ;Vector Table Mapped to Address 0 at Reset
  245 000000B0         ;Linker requires __Vectors to be exported
  246 000000B0 40048004 
              0C000000 
              00000000 
              40048010 
              00000000 
              40048034 
              00000400 
              40048038 
              4004A008 



ARM Macro Assembler    Page 7 Program Title for Listing Header Goes Here


              00000000 
              4004A004 
              00000000 
              4006A000 
              4006A004 
              4006A007         AREA             RESET, DATA, READONLY
  247 00000000                 EXPORT           __Vectors
  248 00000000                 EXPORT           __Vectors_End
  249 00000000                 EXPORT           __Vectors_Size
  250 00000000                 IMPORT           __initial_sp
  251 00000000                 IMPORT           Dummy_Handler
  252 00000000                 IMPORT           HardFault_Handler
  253 00000000         __Vectors
  254 00000000         ;ARM core vectors
  255 00000000 00000000        DCD              __initial_sp ;00:end of stack
  256 00000004 00000000        DCD              Reset_Handler ;01:reset vector
  257 00000008 00000000        DCD              Dummy_Handler ;02:NMI
  258 0000000C 00000000        DCD              HardFault_Handler 
                                                            ;03:hard fault
  259 00000010 00000000        DCD              Dummy_Handler ;04:(reserved)
  260 00000014 00000000        DCD              Dummy_Handler ;05:(reserved)
  261 00000018 00000000        DCD              Dummy_Handler ;06:(reserved)
  262 0000001C 00000000        DCD              Dummy_Handler ;07:(reserved)
  263 00000020 00000000        DCD              Dummy_Handler ;08:(reserved)
  264 00000024 00000000        DCD              Dummy_Handler ;09:(reserved)
  265 00000028 00000000        DCD              Dummy_Handler ;10:(reserved)
  266 0000002C 00000000        DCD              Dummy_Handler ;11:SVCall (super
                                                            visor call)
  267 00000030 00000000        DCD              Dummy_Handler ;12:(reserved)
  268 00000034 00000000        DCD              Dummy_Handler ;13:(reserved)
  269 00000038 00000000        DCD              Dummy_Handler ;14:PendSV (Penda
                                                            bleSrvReq)
  270 0000003C         ;   pendable request 
  271 0000003C         ;   for system service)
  272 0000003C 00000000        DCD              Dummy_Handler ;15:SysTick (syst
                                                            em tick timer)
  273 00000040 00000000        DCD              Dummy_Handler ;16:DMA channel 0
                                                             transfer 
  274 00000044         ;   complete/error
  275 00000044 00000000        DCD              Dummy_Handler ;17:DMA channel 1
                                                             transfer
  276 00000048         ;   complete/error
  277 00000048 00000000        DCD              Dummy_Handler ;18:DMA channel 2
                                                             transfer
  278 0000004C         ;   complete/error
  279 0000004C 00000000        DCD              Dummy_Handler ;19:DMA channel 3
                                                             transfer
  280 00000050         ;   complete/error
  281 00000050 00000000        DCD              Dummy_Handler ;20:(reserved)
  282 00000054 00000000        DCD              Dummy_Handler ;21:FTFA command 
                                                            complete/
  283 00000058         ;   read collision
  284 00000058 00000000        DCD              Dummy_Handler ;22:low-voltage d
                                                            etect;
  285 0000005C         ;   low-voltage warning
  286 0000005C 00000000        DCD              Dummy_Handler ;23:low leakage w
                                                            akeup
  287 00000060 00000000        DCD              Dummy_Handler ;24:I2C0
  288 00000064 00000000        DCD              Dummy_Handler ;25:(reserved)



ARM Macro Assembler    Page 8 Program Title for Listing Header Goes Here


  289 00000068 00000000        DCD              Dummy_Handler ;26:SPI0
  290 0000006C 00000000        DCD              Dummy_Handler ;27:(reserved)
  291 00000070 00000000        DCD              Dummy_Handler ;28:UART0 (status
                                                            ; error)
  292 00000074 00000000        DCD              Dummy_Handler ;29:(reserved)
  293 00000078 00000000        DCD              Dummy_Handler ;30:(reserved)
  294 0000007C 00000000        DCD              Dummy_Handler ;31:ADC0
  295 00000080 00000000        DCD              Dummy_Handler ;32:CMP0
  296 00000084 00000000        DCD              Dummy_Handler ;33:TPM0
  297 00000088 00000000        DCD              Dummy_Handler ;34:TPM1
  298 0000008C 00000000        DCD              Dummy_Handler ;35:(reserved)
  299 00000090 00000000        DCD              Dummy_Handler ;36:RTC (alarm)
  300 00000094 00000000        DCD              Dummy_Handler ;37:RTC (seconds)
                                                            
  301 00000098 00000000        DCD              Dummy_Handler ;38:PIT
  302 0000009C 00000000        DCD              Dummy_Handler ;39:(reserved)
  303 000000A0 00000000        DCD              Dummy_Handler ;40:(reserved)
  304 000000A4 00000000        DCD              Dummy_Handler ;41:DAC0
  305 000000A8 00000000        DCD              Dummy_Handler ;42:TSI0
  306 000000AC 00000000        DCD              Dummy_Handler ;43:MCG
  307 000000B0 00000000        DCD              Dummy_Handler ;44:LPTMR0
  308 000000B4 00000000        DCD              Dummy_Handler ;45:(reserved)
  309 000000B8 00000000        DCD              Dummy_Handler ;46:PORTA
  310 000000BC 00000000        DCD              Dummy_Handler ;47:PORTB
  311 000000C0         __Vectors_End
  312 000000C0 000000C0 
                       __Vectors_Size
                               EQU              __Vectors_End - __Vectors
  313 000000C0                 ALIGN
  314 000000C0         ;*******************************************************
                       *********
  315 000000C0         ;Constants
  316 000000C0                 AREA             MyConst,DATA,READONLY
  317 00000000         ;>>>>> begin constants here <<<<<
  318 00000000         ;>>>>>   end constants here <<<<<
  319 00000000                 ALIGN
  320 00000000         ;*******************************************************
                       *********
  321 00000000         ;Variables
  322 00000000                 AREA             MyData,DATA,READWRITE
  323 00000000         ;>>>>> begin variables here <<<<<
  324 00000000         ;>>>>>   end variables here <<<<<
  325 00000000                 ALIGN
  326 00000000                 END
Command Line: --debug --xref --diag_suppress=9931 --cpu=Cortex-M0+ --apcs=inter
work --depend=.\objects\programtemplate_kl05.d -o.\objects\programtemplate_kl05
.o -I.\RTE\_Target_1 -IC:\Keil_v5\ARM\PACK\Keil\Kinetis_KLxx_DFP\1.14.0\Device\
Include -IC:\Keil_v5\ARM\CMSIS\Include --predefine="__EVAL SETA 1" --predefine=
"__UVISION_VERSION SETA 524" --predefine="MKL05Z32xxx4 SETA 1" --list=.\listing
s\programtemplate_kl05.lst ProgramTemplate_KL05.s
