


ARM Macro Assembler    Page 1 KL05 Bare Metal Assembly Startup


    1 00000000                 TTL              KL05 Bare Metal Assembly Startu
p
    2 00000000         ;*******************************************************
                       *********
    3 00000000         ;* Flash configuration image for area at 0x400-0x40F(+)
    4 00000000         ;* SystemInit subroutine (++)
    5 00000000         ;* SetClock48MHz subroutine (+, +++)
    6 00000000         ;+:Following [3]
    7 00000000         ;++:Following [1].1.1.4.2 Startup routines and [2]
    8 00000000         ;+++:Following [1].4.1 Clocking
    9 00000000         ;[1] Freescale Semiconductor, <B>Kinetis L Peripheral Mo
                       dule Quick
   10 00000000         ;    Reference</B>, KLQRUG, Rev. 0, 9/2012.
   11 00000000         ;[2] Freescale Semiconductor, <B>KL05 Sub-Family Referen
                       ce Manual</B>,
   12 00000000         ;    KL05P48M48SF1RM, Rev. 3.1, 11/2012.
   13 00000000         ;[3] Freescale startup_MKL05Z4.s and system_MKL05Z4.c
   14 00000000         ;    Device specific configuration file for MKL05Z4
   15 00000000         ;    rev. 2.2, 4/12/2013
   16 00000000         ;[4] RIT CMPE-250 KL46 Bare Metal Assembly Startup, 2/5/
                       2018
   17 00000000         ;Name:  R. W. Melton
   18 00000000         ;Date:  January 13, 2025
   19 00000000         ;Class:  CMPE 250
   20 00000000         ;Section:  All sections
   21 00000000         ;*******************************************************
                       *********
   22 00000000         ;Assembler directives
   23 00000000                 THUMB
   25 00000000         ;*******************************************************
                       *********
   26 00000000         ;Include files
   27 00000000         ;  MKL05Z4.s
   28 00000000                 GET              MKL05Z4.s
   30 00000000         ;*******************************************************
                       *********
   31 00000000         ;EQUates
   32 00000000         ;-------------------------------------------------------
                       --------
   33 00000000         ;Clock source values
   34 00000000         ;External crystal frequency (Hz)
   35 00000000 00008000 
                       CPU_XTAL_CLK_HZ
                               EQU              32768
   36 00000000         ;Slow internal oscillator frequency (Hz)
   37 00000000 00008000 
                       CPU_INT_SLOW_CLK_HZ
                               EQU              32768
   38 00000000         ;Fast internal oscillator frequency (Hz)
   39 00000000 003D0900 
                       CPU_INT_FAST_CLK_HZ
                               EQU              4000000
   40 00000000         ;Default system clock frequency (Hz)
   41 00000000 02DC0000 
                       DEFAULT_SYSTEM_CLOCK
                               EQU              47972352
   42 00000000         ;-------------------------------------------------------
                       --------
   43 00000000         ;MCG_C1 MCG Control 1 Register



ARM Macro Assembler    Page 2 KL05 Bare Metal Assembly Startup


   44 00000000         ; 00-->7-6:CLKS=clock source select (FLL)
   45 00000000         ;000-->5-3:FRDIV=FLL external reference divider (1 for L
                       F range)
   46 00000000         ;  0-->  2:IREFS=internal reference select (for FLL) (ex
                       ternal)
   47 00000000         ;  1-->  1:IRCLKEN=internal reference clock (MCGIRCLK) e
                       nable
   48 00000000         ;  0-->  0:IREFSTEN=internal reference stop enable
   49 00000000 00000002 
                       MCG_C1_FLL_DIV1_IRCLKEXTSTOP
                               EQU              MCG_C1_IRCLKEN_MASK
   50 00000000         ;-------------------------------------------------------
                       --------
   51 00000000         ;MCG_C2 MCG Control 2 Register 
   52 00000000         ; 0-->  7:LOCRE0=loss of clock reset enable (interrupt, 
                       not reset)
   53 00000000         ;00-->5-4:RANGE0=frequency range select (low frequency)
   54 00000000         ; 0-->  3:HGO0=high gain oscillator select (low-power)
   55 00000000         ; 1-->  2:EREFS0=external reference select (oscillator)
   56 00000000         ; 0-->  1:LP=low power select (FLL not disabled in bypas
                       s)
   57 00000000         ; 0-->  0:IRCS=internal reference clock select (slow)
   58 00000000 00000004 
                       MCG_C2_LF_EREFOSC
                               EQU              MCG_C2_EREFS0_MASK
   59 00000000         ;-------------------------------------------------------
                       --------
   60 00000000         ;MCG_C4 MCG Control 4 Register
   61 00000000         ;  1-->   7:DMX32=DCO maximum frequency with 32.768 kHz 
                       ref
   62 00000000         ;                (25%)
   63 00000000         ;  01-->6-5:DRST_DRS=DCO range select (mid range)
   64 00000000         ;keep-->4-1:FCTRIM=fast internal reference clock trim se
                       tting
   65 00000000         ;keep-->  0:SCFTRIM=slow internal reference clock fine t
                       rim
   67 00000000 000000A0 
                       MCG_C4_DCO_25PMAX_MID
                               EQU              (MCG_C4_DMX32_MASK :OR:       
                        (1 << MCG_C4_DRST_DRS_SHIFT))
   68 00000000         ;-------------------------------------------------------
                       --------
   69 00000000         ;Port A
   71 00000000 01000000 
                       PORT_PCR_SET_PTA3_EXTAL
                               EQU              (PORT_PCR_ISF_MASK :OR:       
                          PORT_PCR_MUX_SELECT_0_MASK)
   73 00000000 01000000 
                       PORT_PCR_SET_PTA4_XTAL
                               EQU              (PORT_PCR_ISF_MASK :OR:       
                          PORT_PCR_MUX_SELECT_0_MASK)
   74 00000000         ;-------------------------------------------------------
                       --------
   75 00000000         ;OSC0_CR
   76 00000000         ;1-->7:ERCLKEN=external reference enable
   77 00000000         ;0-->5:EREFSTEN=external reference stop enable
   78 00000000         ;0-->3:SC2P=oscillator 2-pF capacitor load configure (di
                       sabled)
   79 00000000         ;0-->2:SC4P=oscillator 4-pF capacitor load configure (di



ARM Macro Assembler    Page 3 KL05 Bare Metal Assembly Startup


                       sabled)
   80 00000000         ;0-->1:SC8P=oscillator 8-pF capacitor load configure (di
                       sabled)
   81 00000000         ;0-->0:SC16P=oscillator 16-pF capacitor load configure (
                       disabled)
   82 00000000 00000080 
                       OSC0_CR_ERCLK_STOP_NOLOAD
                               EQU              OSC_CR_ERCLKEN_MASK
   83 00000000         ;-------------------------------------------------------
                       --------
   84 00000000         ;SIM_CLKDIV1
   85 00000000         ;0000-->31-28:OUTDIV1=clock 1 output divider value (1)
   86 00000000         ;             :set divider for core/system clock,
   87 00000000         ;             :from which bus/flash clocks are derived
   88 00000000         ;             :divide by OUTDIV1 + 1
   89 00000000         ;001-->18-16:OUTDIV4=clock 4 output divider value (2)
   90 00000000         ;             :sets divider for bus and flash clocks,
   91 00000000         ;             :relative to core/system clock
   92 00000000         ;             :divide by OUTDIV4 + 1
   93 00000000 00010000 
                       SIM_CLKDIV1_COREDIV1_BUSDIV2
                               EQU              (1 << SIM_CLKDIV1_OUTDIV4_SHIFT
)
   94 00000000         ;-------------------------------------------------------
                       --------
   95 00000000         ;SIM_COPC
   96 00000000         ;00-->3-2:COPT=COP watchdog timeout (disabled)
   97 00000000         ; 0-->  1:COPCLKS=COP clock select (x)
   98 00000000         ; 0-->  0:COPW=COP windowed mode (x)
   99 00000000 00000000 
                       SIM_COPC_COP_DISABLED
                               EQU              0
  100 00000000         ;*******************************************************
                       *********
  101 00000000                 AREA             Start,CODE,READONLY
  102 00000000                 EXPORT           Startup
  103 00000000         ;-------------------------------------------------------
                       --------
  104 00000000         Startup PROC             {}
  105 00000000         ;*******************************************************
                       *********
  106 00000000         ;Performs the following startup tasks
  107 00000000         ;* System initialization
  108 00000000         ;* Mask interrupts
  109 00000000         ;* Configure 48-MHz system clock
  110 00000000         ;Calls:  SystemInit
  111 00000000         ;        SetClock48MHz
  112 00000000         ;Input:  None
  113 00000000         ;Output:  None
  114 00000000         ;Modifies:  R0-R15;APSR
  115 00000000         ;*******************************************************
                       *********
  116 00000000         ;Save return address
  117 00000000 B500            PUSH             {LR}
  118 00000002         ;Initialize system
  119 00000002 F7FF FFFE       BL               SystemInit
  120 00000006         ;Mask interrupts
  121 00000006 B672            CPSID            I
  122 00000008         ;Configure 48-MHz system clock



ARM Macro Assembler    Page 4 KL05 Bare Metal Assembly Startup


  123 00000008 F7FF FFFE       BL               SetClock48MHz
  124 0000000C         ;Return
  125 0000000C BD00            POP              {PC}
  126 0000000E                 ENDP                         ;Startup
  127 0000000E         ;-------------------------------------------------------
                       --------
  128 0000000E         SystemInit
                               PROC             {}
  129 0000000E         ;*******************************************************
                       *********
  130 0000000E         ;Performs the following system initialization tasks.
  131 0000000E         ;* Mask interrupts
  132 0000000E         ;* Disable watchdog timer (+)
  133 0000000E         ;* Initialize registers to known state for debugger
  134 0000000E         ;+:Following [1].1.1.4.2 Startup routines: 1 Disable wat
                       chdog
  135 0000000E         ;[1] Freescale Semiconductor, <B>Kinetis L Peripheral Mo
                       dule Quick
  136 0000000E         ;    Reference</B>, KLQRUG, Rev. 0, 9/2012.
  137 0000000E         ;Input:  None
  138 0000000E         ;Output:  None
  139 0000000E         ;Modifies:  R0-R15;APSR
  140 0000000E         ;*******************************************************
                       *********
  141 0000000E         ;Mask interrupts
  142 0000000E B672            CPSID            I
  143 00000010         ;Disable COP watchdog timer
  144 00000010 4823            LDR              R0,=SIM_COPC
  145 00000012 2100            MOVS             R1,#SIM_COPC_COP_DISABLED
  146 00000014 6001            STR              R1,[R0,#0]
  147 00000016         ;Put return address on stack
  148 00000016 B500            PUSH             {LR}
  149 00000018         ;Initialize registers
  150 00000018 4922            LDR              R1,=0x11111111
  151 0000001A 184A            ADDS             R2,R1,R1
  152 0000001C 1853            ADDS             R3,R2,R1
  153 0000001E 185C            ADDS             R4,R3,R1
  154 00000020 1865            ADDS             R5,R4,R1
  155 00000022 186E            ADDS             R6,R5,R1
  156 00000024 1877            ADDS             R7,R6,R1
  157 00000026 4688            MOV              R8,R1
  158 00000028 44B8            ADD              R8,R8,R7
  159 0000002A 4689            MOV              R9,R1
  160 0000002C 44C1            ADD              R9,R9,R8
  161 0000002E 468A            MOV              R10,R1
  162 00000030 44CA            ADD              R10,R10,R9
  163 00000032 468B            MOV              R11,R1
  164 00000034 44D3            ADD              R11,R11,R10
  165 00000036 468C            MOV              R12,R1
  166 00000038 44DC            ADD              R12,R12,R11
  167 0000003A 4696            MOV              R14,R2
  168 0000003C 44E6            ADD              R14,R14,R12
  169 0000003E 4608            MOV              R0,R1
  170 00000040 4470            ADD              R0,R0,R14
  171 00000042 F380 8800       MSR              APSR,R0
  172 00000046 4818            LDR              R0,=0x05250113
  173 00000048 BD00            POP              {PC}
  174 0000004A                 ENDP                         ;SystemInit
  175 0000004A         ;-------------------------------------------------------



ARM Macro Assembler    Page 5 KL05 Bare Metal Assembly Startup


                       --------
  176 0000004A         SetClock48MHz
                               PROC             {R0-R14}
  177 0000004A         ;*******************************************************
                       *********
  178 0000004A         ;Multipurpose clock generator (MCG) in FLL engaged exter
                       nal (FEE) mode
  179 0000004A         ;Establishes 48-MHz FLL clock from 32.678-kHz external c
                       rystal
  180 0000004A         ;Core clock = 47.97MHz
  181 0000004A         ;BusClock = 23.98MHz
  182 0000004A         ;Corresponds to CLOCK_SETUP = 1 in system_MKL05Z4.c
  183 0000004A         ;Follows [3], [2].24.5.1 MCG module initialization seque
                       nce,
  184 0000004A         ;  and [1].4.1 Clocking 3: Configuration examples,
  185 0000004A         ;[1] Freescale Semiconductor, <B>Kinetis L Peripheral Mo
                       dule Quick
  186 0000004A         ;    Reference</B>, KLQRUG, Rev. 0, 9/2012.
  187 0000004A         ;[2] Freescale Semiconductor, <B>KL05 Sub-Family Referen
                       ce Manual</B>,
  188 0000004A         ;    KL05P48M48SF1RM, Rev. 3.1, 11/2012.
  189 0000004A         ;[3] Freescale startup_MKL05Z4.s and system_MKL05Z4.c
  190 0000004A         ;    rev. 1.6, 4/11/2013
  191 0000004A         ;Input:  None
  192 0000004A         ;Output:  None
  193 0000004A         ;Modifies:  APSR
  194 0000004A         ;*******************************************************
                       *********
  195 0000004A B40F            PUSH             {R0-R3}
  196 0000004C         ;Configure for external clock from external 32-kHz oscil
                       lator
  197 0000004C         ;  EXTAL0 on PTA3
  198 0000004C         ;  XTAL0 on PTA4
  199 0000004C         ;Enable PORT A
  200 0000004C 4817            LDR              R0,=SIM_SCGC5
  201 0000004E 4918            LDR              R1,=SIM_SCGC5_PORTA_MASK
  202 00000050 6802            LDR              R2,[R0,#0]
  203 00000052 430A            ORRS             R2,R2,R1
  204 00000054 6002            STR              R2,[R0,#0]
  205 00000056         ;Set PORT A Pin 3 for EXTAL0
  206 00000056 4817            LDR              R0,=PORTA_BASE
  207 00000058 4917            LDR              R1,=PORT_PCR_SET_PTA3_EXTAL
  208 0000005A 60C1            STR              R1,[R0,#PORTA_PCR3_OFFSET]
  209 0000005C         ;Set PORT A Pin 4 for XTAL0
  210 0000005C         ;PORT_PCR_SET same as PTA3 already in R1
  211 0000005C         ;LDR     R1,=PORT_PCR_SET_PTA4_EXTAL
  212 0000005C 6101            STR              R1,[R0,#PORTA_PCR4_OFFSET]
  213 0000005E         ;Update clock dividers:  system/core = 1; bus/flash = 2
  214 0000005E         ;[1] defers this step until first part of switching to F
                       EE mode
  215 0000005E 4817            LDR              R0,=SIM_CLKDIV1
  216 00000060 4917            LDR              R1,=SIM_CLKDIV1_COREDIV1_BUSDIV
2
  217 00000062 6001            STR              R1,[R0,#0]
  218 00000064         ;------------------------------------------
  219 00000064         ;Establish FLL engaged external mode (FEE)
  220 00000064         ;------------------------------------------
  221 00000064         ;First configure oscillator settings in MCG_C2
  222 00000064         ;  RANGE is determined from external frequency



ARM Macro Assembler    Page 6 KL05 Bare Metal Assembly Startup


  223 00000064         ;  Since RANGE affects FRDIV, it must be set
  224 00000064         ;  correctly even with an external clock
  225 00000064         ;  * Low frequency range
  226 00000064         ;  * External reference oscillator
  227 00000064 4817            LDR              R0,=MCG_BASE
  228 00000066 2104            MOVS             R1,#MCG_C2_LF_EREFOSC
  229 00000068 7041            STRB             R1,[R0,#MCG_C2_OFFSET]
  230 0000006A         ;Enable external reference clock OSCERCLK,
  231 0000006A         ;without additional oscillator load
  232 0000006A 4A17            LDR              R2,=OSC0_CR
  233 0000006C 2180            MOVS             R1,#OSC0_CR_ERCLK_STOP_NOLOAD
  234 0000006E 7011            STRB             R1,[R2,#0]
  235 00000070         ;FRDIV set to keep FLL ref clock within
  236 00000070         ;correct range, determined by ref clock.
  237 00000070         ;  For 1-KHz ref, need divide by 1 (FRDIV = 0)
  238 00000070         ;  CLKS must be set to 2_00 to select FLL
  239 00000070         ;  Clearing IREFS selects and enables
  240 00000070         ;    external oscillator
  241 00000070         ;  [3] sets IRCLKEN for internal reference clock as MCGI
                       RCLK
  242 00000070         ;  [2] states this is optional:  convenient to allow
  243 00000070         ;      switching between internal and external but
  244 00000070         ;      consumes more power
  245 00000070 2102            MOVS             R1,#MCG_C1_FLL_DIV1_IRCLKEXTSTO
P
  246 00000072 7001            STRB             R1,[R0,#MCG_C1_OFFSET]
  247 00000074         ;Wait for oscillator initialization cycles
  248 00000074         ;to complete and become stable
  249 00000074         ;[2] suggests doing this step here
  250 00000074         ;[3] omits this step
  251 00000074 2102            MOVS             R1,#MCG_S_OSCINIT0_MASK
  252 00000076         SetClock48MHz_Wait_MCG_S_OSCINIT0    ;repeat {
  253 00000076 7982            LDRB             R2,[R0,#MCG_S_OFFSET]
  254 00000078 4211            TST              R1,R2
  255 0000007A D0FC            BEQ              SetClock48MHz_Wait_MCG_S_OSCINI
T0 
                                                            ;} until OSCINIT0
  256 0000007C         ;Wait for source of the FLL reference clock 
  257 0000007C         ;to be the external reference clock.
  258 0000007C         ;[2] suggests doing this step here
  259 0000007C         ;[3] defers until after MCG_C4 initialization
  260 0000007C         ;(MCG_S:  IREFST becomes 0)
  261 0000007C 2110            MOVS             R1,#MCG_S_IREFST_MASK
  262 0000007E         SetClock48MHz_Wait_MCG_S_IREFST_Clear ;do {
  263 0000007E 7982            LDRB             R2,[R0,#MCG_S_OFFSET]
  264 00000080 4211            TST              R1,R2
  265 00000082 D1FC            BNE              SetClock48MHz_Wait_MCG_S_IREFST
_Clear 
                                                            ;} while IREFST
  266 00000084         ;[1] omits this step
  267 00000084         ;Reference range:  31.25–39.0625 kHz
  268 00000084         ;FLL factor:  1280
  269 00000084         ;DCO range:  40–50 MHz
  270 00000084         ;Preserve FCTRIM and SCFTRIM
  271 00000084 78C2            LDRB             R2,[R0,#MCG_C4_OFFSET]
  272 00000086 2160            MOVS             R1,#MCG_C4_DRST_DRS_MASK
  273 00000088 23A0            MOVS             R3,#MCG_C4_DCO_25PMAX_MID
  274 0000008A 438A            BICS             R2,R2,R1
  275 0000008C 431A            ORRS             R2,R2,R3



ARM Macro Assembler    Page 7 KL05 Bare Metal Assembly Startup


  276 0000008E 70C2            STRB             R2,[R0,#MCG_C4_OFFSET]
  277 00000090         ;Wait until output of FLL is selected [3]
  278 00000090 210C            MOVS             R1,#MCG_S_CLKST_MASK
  279 00000092         SetClock48MHz_Wait_MCG_FLL_Selected  ;do {
  280 00000092 7982            LDRB             R2,[R0,#MCG_S_OFFSET]
  281 00000094 4211            TST              R1,R2
  282 00000096 D1FC            BNE              SetClock48MHz_Wait_MCG_FLL_Sele
cted 
                                                            ;} while CLKST
  283 00000098         ;Now have 48-MHz FLL clock,
  284 00000098         ;48-MHz core clock, and 24-MHz bus clock
  285 00000098 BC0F            POP              {R0-R3}
  286 0000009A 4770            BX               LR
  287 0000009C                 ENDP                         ;SetClock48MHz
  288 0000009C         ;*******************************************************
                       *********
  289 0000009C                 ALIGN
  290 0000009C         ;Program template for CMPE-250 uses main as "Reset_Handl
                       er"
  291 0000009C         ;           EXPORT  Reset_Handler
  292 0000009C         ;*******************************************************
                       *********
  293 0000009C         ;Goto main
  294 0000009C         ;*******************************************************
                       *********
  295 0000009C         ;           LDR     R0,=main
  296 0000009C         ;           BX      R0
  297 0000009C                 EXPORT           Dummy_Handler
  298 0000009C                 EXPORT           HardFault_Handler  [WEAK]
  299 0000009C         Dummy_Handler
                               PROC             {}
  300 0000009C         HardFault_Handler
  301 0000009C         ;*******************************************************
                       *********
  302 0000009C         ;Dummy exception handler (infinite loop)
  303 0000009C         ;*******************************************************
                       *********
  304 0000009C E7FE            B                .
  305 0000009E                 ENDP                         ;Dummy_Handler
  306 0000009E         ;-------------------------------------------------------
                       --------
  307 0000009E 00 00           ALIGN
  308 000000A0         ;*******************************************************
                       *********
  309 000000A0 40048100 
              11111111 
              05250113 
              40048038 
              00000200 
              40049000 
              01000000 
              40048044 
              00010000 
              40064000 
              40065000         AREA             |.ARM.__at_0xC0|,DATA,NOALLOC,R
EADONLY
  310 00000000         ;Program once field:  0xC0-0xFF
  311 00000000 00 00 00 
              00 00 00 



ARM Macro Assembler    Page 8 KL05 Bare Metal Assembly Startup


              00 00 00 
              00 00 00 
              00 00 00 
              00 00 00 
              00 00 00 
              00 00 00 
              00 00 00 
              00 00 00 
              00 00 00 
              00 00 00 
              00 00 00 
              00 00 00 
              00 00 00 
              00 00 00 
              00 00 00 
              00 00 00 
              00 00 00 
              00 00 00 
              00 00 00 
              00               SPACE            0x40
  312 00000040         ;*******************************************************
                       *********
  313 00000040                 IF               :LNOT::DEF:RAM_TARGET
  314 00000040                 AREA             |.ARM.__at_0x400|,CODE,READONLY
  315 00000000 FF FF           DCB              FCF_BACKDOOR_KEY0,FCF_BACKDOOR_
KEY1
  316 00000002 FF FF           DCB              FCF_BACKDOOR_KEY2,FCF_BACKDOOR_
KEY3
  317 00000004 FF FF           DCB              FCF_BACKDOOR_KEY4,FCF_BACKDOOR_
KEY5
  318 00000006 FF FF           DCB              FCF_BACKDOOR_KEY6,FCF_BACKDOOR_
KEY7
  319 00000008 FF FF FF 
              FF               DCB              FCF_FPROT0,FCF_FPROT1,FCF_FPROT
2,FCF_FPROT3
  320 0000000C 7E FF FF 
              FF               DCB              FCF_FSEC,FCF_FOPT,0xFF,0xFF
  321 00000010                 ENDIF
  322 00000010         ;*******************************************************
                       *********
  323 00000010                 AREA             |.ARM.__at_0x1FFFFC00|,DATA,REA
DWRITE,ALIGN=3
  324 00000000                 EXPORT           __initial_sp
  325 00000000         ;Allocate system stack beginning at lowest address of RA
                       M
  326 00000000                 IF               :LNOT::DEF:SSTACK_SIZE
  328                          ENDIF
  329 00000000 00 00 00 
              00 00 00 
              00 00 00 
              00 00 00 
              00 00 00 
              00 00 00 
              00 00 00 
              00 00 00 
              00 00 00 
              00 00 00 
              00 00 00 
              00 00 00 



ARM Macro Assembler    Page 9 KL05 Bare Metal Assembly Startup


              00 00 00 
              00 00 00 
              00 00 00 
              00 00 00 
              00 00 00 
              00 00 00 
              00 00 00 
              00 00 00 
              00 00 00 
              00 00 00 
              00 00 00 
              00 00 00 
              00 00 00 
              00 00 00 
              00 00 00 
              00 00 00 
              00 00 00 
              00 00 00 
              00 00 00 
              00 00 00 
              00 00 00 
              00 00 00 
              00 00 00 
              00 00 00 
              00 00 00 
              00 00 00 
              00 00 00 
              00 00 00 
              00 00 00 
              00 00 00 
              00 00 00 
              00 00 00 
              00 00 00 
              00 00 00 
              00 00 00 
              00 00 00 
              00 00 00 
              00 00 00 
              00 00 00 
              00 00 00 
              00 00 00 
              00 00 00 
              00 00 00 
              00 00 00 
              00 00 00 
              00 00 00 
              00 00 00 
              00 00 00 
              00 00 00 
              00 00 00 
              00 00 00 
              00 00 00 
              00 00 00 
              00 00 00 
              00 00 00 
              00 00 00 
              00 00 00 
              00 00 00 
              00 00 00 



ARM Macro Assembler    Page 10 KL05 Bare Metal Assembly Startup


              00 00 00 
              00 00 00 
              00 00 00 
              00 00 00 
              00 00 00 
              00 00 00 
              00 00 00 
              00 00 00 
              00 00 00 
              00 00 00 
              00 00 00 
              00 00 00 
              00 00 00 
              00 00 00 
              00       Stack_Mem
                               SPACE            SSTACK_SIZE
  330 00000100         __initial_sp
  331 00000100         ;*******************************************************
                       *********
  332 00000100                 END
Command Line: --debug --diag_suppress=9931 --cpu=Cortex-M0+ --apcs=interwork --
depend=.\objects\start.d -o.\objects\start.o -I.\RTE\_Target_1 -IC:\Keil_v5\ARM
\PACK\Keil\Kinetis_KLxx_DFP\1.14.0\Device\Include -IC:\Keil_v5\ARM\CMSIS\Includ
e --predefine="__EVAL SETA 1" --predefine="__UVISION_VERSION SETA 524" --predef
ine="MKL05Z32xxx4 SETA 1" --list=.\listings\start.lst Start.s
