
There are no discarded input sections

Memory Configuration

Name             Origin             Length             Attributes
*default*        0x00000000         0xffffffff

Linker script and memory map


reset           0x00000000       0xc0
 *(RESET)
 RESET          0x00000000       0xc0 build/lab11.o
                0x00000000                __Vectors
                0x000000c0                __Vectors_End

prog_once       0x000000c0       0x40
 *(prog_once)
 prog_once      0x000000c0       0x40 build/start.o

start           0x00000100       0xc4
 *(start)
 start          0x00000100       0xc4 build/start.o
                0x00000100                Startup
                0x000001a4                Dummy_Handler
                0x000001a6                HardFault_Handler

const           0x000001c4       0x78
 *(const)
 const          0x000001c4       0x78 build/lab11.o

keys            0x00000400       0x10
 *(keys)
 keys           0x00000400       0x10 build/start.o

.glue_7         0x00000410        0x0
 .glue_7        0x00000410        0x0 linker stubs

.glue_7t        0x00000410        0x0
 .glue_7t       0x00000410        0x0 linker stubs

.vfp11_veneer   0x00000410        0x0
 .vfp11_veneer  0x00000410        0x0 linker stubs

.v4_bx          0x00000410        0x0
 .v4_bx         0x00000410        0x0 linker stubs

.text           0x00000410        0x0
 .text          0x00000410        0x0 build/lab11.o
 .text          0x00000410        0x0 build/peripheral.o
 .text          0x00000410        0x0 build/equ_lab11.o
 .text          0x00000410        0x0 build/start.o
 .text          0x00000410        0x0 build/mkl05z4.o

.iplt           0x00000410        0x0
 .iplt          0x00000410        0x0 build/lab11.o

.data           0x00000410        0x0
 .data          0x00000410        0x0 build/lab11.o
 .data          0x00000410        0x0 build/peripheral.o
 .data          0x00000410        0x0 build/equ_lab11.o
 .data          0x00000410        0x0 build/start.o
 .data          0x00000410        0x0 build/mkl05z4.o

.igot.plt       0x00000410        0x0
 .igot.plt      0x00000410        0x0 build/lab11.o

code            0x00000410      0x3ec
 *(main)
 code           0x00000410      0x194 build/lab11.o
                0x00000410                Reset_Handler
 code           0x000005a4      0x258 build/peripheral.o
                0x000005a4                Init_UART0_IRQ
                0x00000646                Init_PIT_IRQ
                0x0000069e                PIT_ISR
                0x000006b6                UART0_ISR
                0x000006fe                GetChar
                0x00000712                PutChar
                0x0000072a                init_queue
                0x00000742                Pointer_inc
                0x00000758                Dequeue
                0x0000077c                Enqueue

.rel.dyn        0x000007fc        0x0
 .rel.iplt      0x000007fc        0x0 build/lab11.o

stack           0x1ffffc00      0x100
 *(stack)
 stack          0x1ffffc00      0x100 build/start.o
                0x1ffffd00                __initial_sp

.bss            0x1ffffd00        0x0
 .bss           0x1ffffd00        0x0 build/lab11.o
 .bss           0x1ffffd00        0x0 build/peripheral.o
 .bss           0x1ffffd00        0x0 build/equ_lab11.o
 .bss           0x1ffffd00        0x0 build/start.o
 .bss           0x1ffffd00        0x0 build/mkl05z4.o

data            0x1ffffd00      0x14d
 *(var)
 data           0x1ffffd00       0x80 build/lab11.o
 data           0x1ffffd80       0xcd build/peripheral.o
                0x1ffffe48                pit_count
                0x1ffffe4c                run_stop_watch
LOAD build/lab11.o
LOAD build/peripheral.o
LOAD build/equ_lab11.o
LOAD build/start.o
LOAD build/mkl05z4.o
OUTPUT(build/out.elf elf32-littlearm)
LOAD linker stubs

.ARM.attributes
                0x00000000       0x16
 .ARM.attributes
                0x00000000       0x14 build/lab11.o
 .ARM.attributes
                0x00000014       0x14 build/peripheral.o
 .ARM.attributes
                0x00000028       0x14 build/equ_lab11.o
 .ARM.attributes
                0x0000003c       0x14 build/start.o
 .ARM.attributes
                0x00000050       0x14 build/mkl05z4.o

.debug_line     0x00000000      0x2d3
 .debug_line    0x00000000       0xe8 build/lab11.o
 .debug_line    0x000000e8      0x14e build/peripheral.o
 .debug_line    0x00000236       0x9d build/start.o

.debug_info     0x00000000       0x72
 .debug_info    0x00000000       0x26 build/lab11.o
 .debug_info    0x00000026       0x26 build/peripheral.o
 .debug_info    0x0000004c       0x26 build/start.o

.debug_abbrev   0x00000000       0x3c
 .debug_abbrev  0x00000000       0x14 build/lab11.o
 .debug_abbrev  0x00000014       0x14 build/peripheral.o
 .debug_abbrev  0x00000028       0x14 build/start.o

.debug_aranges  0x00000000       0x60
 .debug_aranges
                0x00000000       0x20 build/lab11.o
 .debug_aranges
                0x00000020       0x20 build/peripheral.o
 .debug_aranges
                0x00000040       0x20 build/start.o

.debug_str      0x00000000       0x4e
 .debug_str     0x00000000       0x4e build/lab11.o
                                 0x39 (size before relaxing)
 .debug_str     0x0000004e       0x3e build/peripheral.o
 .debug_str     0x0000004e       0x39 build/start.o
