<!doctype html public "-//w3c//dtd html 4.0 transitional//en">
<html><head>
<title>Static Call Graph - [.\Objects\lab8.axf]</title></head>
<body><HR>
<H1>Static Call Graph for image .\Objects\lab8.axf</H1><HR>
<BR><P>#&#060CALLGRAPH&#062# ARM Linker, 5060528: Last Updated: Fri Apr 03 12:14:49 2026
<BR><P>
<H3>Maximum Stack Usage =          0 bytes + Unknown(Cycles, Untraceable Function Pointers)</H3><H3>
Call chain for Maximum Stack Depth:</H3>

<P>
<H3>
Mutually Recursive functions
</H3> <LI><a href="#[1]">Dummy_Handler</a>&nbsp;&nbsp;&nbsp;&rArr;&nbsp;&nbsp;&nbsp;<a href="#[1]">Dummy_Handler</a><BR>
</UL>
<P>
<H3>
Function Pointers
</H3><UL>
 <LI><a href="#[1]">Dummy_Handler</a> from start.o(Start) referenced 45 times from programtemplate_kl05.o(RESET)
 <LI><a href="#[2]">HardFault_Handler</a> from start.o(Start) referenced from programtemplate_kl05.o(RESET)
 <LI><a href="#[3]">Reset_Handler</a> from programtemplate_kl05.o(MyCode) referenced from programtemplate_kl05.o(RESET)
</UL>
<P>
<H3>
Global Symbols
</H3>
<P><STRONG><a name="[12]"></a>Startup</STRONG> (Thumb, 14 bytes, Stack size 0 bytes, start.o(Start))
<BR><BR>[Calls]<UL><LI><a href="#[14]">&gt;&gt;</a>&nbsp;&nbsp;&nbsp;SetClock48MHz
<LI><a href="#[13]">&gt;&gt;</a>&nbsp;&nbsp;&nbsp;SystemInit
</UL>
<BR>[Called By]<UL><LI><a href="#[3]">&gt;&gt;</a>&nbsp;&nbsp;&nbsp;Reset_Handler
</UL>

<P><STRONG><a name="[1]"></a>Dummy_Handler</STRONG> (Thumb, 2 bytes, Stack size 0 bytes, start.o(Start))
<BR><BR>[Calls]<UL><LI><a href="#[1]">&gt;&gt;</a>&nbsp;&nbsp;&nbsp;Dummy_Handler
</UL>
<BR>[Called By]<UL><LI><a href="#[1]">&gt;&gt;</a>&nbsp;&nbsp;&nbsp;Dummy_Handler
</UL>
<BR>[Address Reference Count : 1]<UL><LI> programtemplate_kl05.o(RESET)
</UL>
<P><STRONG><a name="[2]"></a>HardFault_Handler</STRONG> (Thumb, 0 bytes, Stack size 0 bytes, start.o(Start))
<BR>[Address Reference Count : 1]<UL><LI> programtemplate_kl05.o(RESET)
</UL>
<P><STRONG><a name="[3]"></a>Reset_Handler</STRONG> (Thumb, 106 bytes, Stack size 0 bytes, programtemplate_kl05.o(MyCode))
<BR><BR>[Calls]<UL><LI><a href="#[12]">&gt;&gt;</a>&nbsp;&nbsp;&nbsp;Startup
<LI><a href="#[11]">&gt;&gt;</a>&nbsp;&nbsp;&nbsp;PutStringSB
<LI><a href="#[a]">&gt;&gt;</a>&nbsp;&nbsp;&nbsp;PutHexIntMulti
<LI><a href="#[9]">&gt;&gt;</a>&nbsp;&nbsp;&nbsp;GetHexIntMulti
<LI><a href="#[7]">&gt;&gt;</a>&nbsp;&nbsp;&nbsp;AddIntMultiU
<LI><a href="#[6]">&gt;&gt;</a>&nbsp;&nbsp;&nbsp;PrintNewline
<LI><a href="#[5]">&gt;&gt;</a>&nbsp;&nbsp;&nbsp;Invalid
<LI><a href="#[4]">&gt;&gt;</a>&nbsp;&nbsp;&nbsp;Init_UART0_Polling
</UL>
<P>
<H3>
Local Symbols
</H3>
<P><STRONG><a name="[4]"></a>Init_UART0_Polling</STRONG> (Thumb, 108 bytes, Stack size 0 bytes, programtemplate_kl05.o(MyCode))
<BR><BR>[Called By]<UL><LI><a href="#[3]">&gt;&gt;</a>&nbsp;&nbsp;&nbsp;Reset_Handler
</UL>

<P><STRONG><a name="[5]"></a>Invalid</STRONG> (Thumb, 26 bytes, Stack size 0 bytes, programtemplate_kl05.o(MyCode))
<BR><BR>[Calls]<UL><LI><a href="#[11]">&gt;&gt;</a>&nbsp;&nbsp;&nbsp;PutStringSB
<LI><a href="#[9]">&gt;&gt;</a>&nbsp;&nbsp;&nbsp;GetHexIntMulti
</UL>
<BR>[Called By]<UL><LI><a href="#[3]">&gt;&gt;</a>&nbsp;&nbsp;&nbsp;Reset_Handler
</UL>

<P><STRONG><a name="[6]"></a>PrintNewline</STRONG> (Thumb, 12 bytes, Stack size 0 bytes, programtemplate_kl05.o(MyCode))
<BR><BR>[Calls]<UL><LI><a href="#[11]">&gt;&gt;</a>&nbsp;&nbsp;&nbsp;PutStringSB
</UL>
<BR>[Called By]<UL><LI><a href="#[3]">&gt;&gt;</a>&nbsp;&nbsp;&nbsp;Reset_Handler
</UL>

<P><STRONG><a name="[7]"></a>AddIntMultiU</STRONG> (Thumb, 54 bytes, Stack size 0 bytes, programtemplate_kl05.o(MyCode))
<BR><BR>[Calls]<UL><LI><a href="#[8]">&gt;&gt;</a>&nbsp;&nbsp;&nbsp;ReverseRegister
</UL>
<BR>[Called By]<UL><LI><a href="#[3]">&gt;&gt;</a>&nbsp;&nbsp;&nbsp;Reset_Handler
</UL>

<P><STRONG><a name="[8]"></a>ReverseRegister</STRONG> (Thumb, 48 bytes, Stack size 0 bytes, programtemplate_kl05.o(MyCode))
<BR><BR>[Called By]<UL><LI><a href="#[7]">&gt;&gt;</a>&nbsp;&nbsp;&nbsp;AddIntMultiU
</UL>

<P><STRONG><a name="[9]"></a>GetHexIntMulti</STRONG> (Thumb, 96 bytes, Stack size 0 bytes, programtemplate_kl05.o(MyCode))
<BR><BR>[Calls]<UL><LI><a href="#[e]">&gt;&gt;</a>&nbsp;&nbsp;&nbsp;GetStringSB
<LI><a href="#[c]">&gt;&gt;</a>&nbsp;&nbsp;&nbsp;HexToBin
<LI><a href="#[b]">&gt;&gt;</a>&nbsp;&nbsp;&nbsp;ReverseString
</UL>
<BR>[Called By]<UL><LI><a href="#[3]">&gt;&gt;</a>&nbsp;&nbsp;&nbsp;Reset_Handler
<LI><a href="#[5]">&gt;&gt;</a>&nbsp;&nbsp;&nbsp;Invalid
</UL>

<P><STRONG><a name="[a]"></a>PutHexIntMulti</STRONG> (Thumb, 20 bytes, Stack size 0 bytes, programtemplate_kl05.o(MyCode))
<BR><BR>[Calls]<UL><LI><a href="#[d]">&gt;&gt;</a>&nbsp;&nbsp;&nbsp;PutNumHex
</UL>
<BR>[Called By]<UL><LI><a href="#[3]">&gt;&gt;</a>&nbsp;&nbsp;&nbsp;Reset_Handler
</UL>

<P><STRONG><a name="[b]"></a>ReverseString</STRONG> (Thumb, 36 bytes, Stack size 0 bytes, programtemplate_kl05.o(MyCode))
<BR><BR>[Called By]<UL><LI><a href="#[9]">&gt;&gt;</a>&nbsp;&nbsp;&nbsp;GetHexIntMulti
</UL>

<P><STRONG><a name="[c]"></a>HexToBin</STRONG> (Thumb, 40 bytes, Stack size 0 bytes, programtemplate_kl05.o(MyCode))
<BR><BR>[Called By]<UL><LI><a href="#[9]">&gt;&gt;</a>&nbsp;&nbsp;&nbsp;GetHexIntMulti
</UL>

<P><STRONG><a name="[d]"></a>PutNumHex</STRONG> (Thumb, 48 bytes, Stack size 0 bytes, programtemplate_kl05.o(MyCode))
<BR><BR>[Calls]<UL><LI><a href="#[10]">&gt;&gt;</a>&nbsp;&nbsp;&nbsp;PutChar
</UL>
<BR>[Called By]<UL><LI><a href="#[a]">&gt;&gt;</a>&nbsp;&nbsp;&nbsp;PutHexIntMulti
</UL>

<P><STRONG><a name="[e]"></a>GetStringSB</STRONG> (Thumb, 84 bytes, Stack size 0 bytes, programtemplate_kl05.o(MyCode))
<BR><BR>[Calls]<UL><LI><a href="#[11]">&gt;&gt;</a>&nbsp;&nbsp;&nbsp;PutStringSB
<LI><a href="#[10]">&gt;&gt;</a>&nbsp;&nbsp;&nbsp;PutChar
<LI><a href="#[f]">&gt;&gt;</a>&nbsp;&nbsp;&nbsp;GetChar
</UL>
<BR>[Called By]<UL><LI><a href="#[9]">&gt;&gt;</a>&nbsp;&nbsp;&nbsp;GetHexIntMulti
</UL>

<P><STRONG><a name="[f]"></a>GetChar</STRONG> (Thumb, 22 bytes, Stack size 0 bytes, programtemplate_kl05.o(MyCode))
<BR><BR>[Called By]<UL><LI><a href="#[e]">&gt;&gt;</a>&nbsp;&nbsp;&nbsp;GetStringSB
</UL>

<P><STRONG><a name="[10]"></a>PutChar</STRONG> (Thumb, 22 bytes, Stack size 0 bytes, programtemplate_kl05.o(MyCode))
<BR><BR>[Called By]<UL><LI><a href="#[11]">&gt;&gt;</a>&nbsp;&nbsp;&nbsp;PutStringSB
<LI><a href="#[e]">&gt;&gt;</a>&nbsp;&nbsp;&nbsp;GetStringSB
<LI><a href="#[d]">&gt;&gt;</a>&nbsp;&nbsp;&nbsp;PutNumHex
</UL>

<P><STRONG><a name="[11]"></a>PutStringSB</STRONG> (Thumb, 26 bytes, Stack size 0 bytes, programtemplate_kl05.o(MyCode))
<BR><BR>[Calls]<UL><LI><a href="#[10]">&gt;&gt;</a>&nbsp;&nbsp;&nbsp;PutChar
</UL>
<BR>[Called By]<UL><LI><a href="#[3]">&gt;&gt;</a>&nbsp;&nbsp;&nbsp;Reset_Handler
<LI><a href="#[e]">&gt;&gt;</a>&nbsp;&nbsp;&nbsp;GetStringSB
<LI><a href="#[6]">&gt;&gt;</a>&nbsp;&nbsp;&nbsp;PrintNewline
<LI><a href="#[5]">&gt;&gt;</a>&nbsp;&nbsp;&nbsp;Invalid
</UL>

<P><STRONG><a name="[13]"></a>SystemInit</STRONG> (Thumb, 60 bytes, Stack size 0 bytes, start.o(Start))
<BR><BR>[Called By]<UL><LI><a href="#[12]">&gt;&gt;</a>&nbsp;&nbsp;&nbsp;Startup
</UL>

<P><STRONG><a name="[14]"></a>SetClock48MHz</STRONG> (Thumb, 82 bytes, Stack size 0 bytes, start.o(Start))
<BR><BR>[Called By]<UL><LI><a href="#[12]">&gt;&gt;</a>&nbsp;&nbsp;&nbsp;Startup
</UL>
<P>
<H3>
Undefined Global Symbols
</H3><HR></body></html>
