<!doctype html public "-//w3c//dtd html 4.0 transitional//en">
<html><head>
<title>Static Call Graph - [.\Objects\lab9-proj.axf]</title></head>
<body><HR>
<H1>Static Call Graph for image .\Objects\lab9-proj.axf</H1><HR>
<BR><P>#&#060CALLGRAPH&#062# ARM Linker, 5060528: Last Updated: Tue Apr 28 13:58:31 2026
<BR><P>
<H3>Maximum Stack Usage =          0 bytes + Unknown(Cycles, Untraceable Function Pointers)</H3><H3>
Call chain for Maximum Stack Depth:</H3>

<P>
<H3>
Mutually Recursive functions
</H3> <LI><a href="#[1]">Dummy_Handler</a>&nbsp;&nbsp;&nbsp;&rArr;&nbsp;&nbsp;&nbsp;<a href="#[1]">Dummy_Handler</a><BR>
</UL>
<P>
<H3>
Function Pointers
</H3><UL>
 <LI><a href="#[1]">Dummy_Handler</a> from start.o(Start) referenced 44 times from programtemplate_kl05.o(RESET)
 <LI><a href="#[2]">HardFault_Handler</a> from start.o(Start) referenced from programtemplate_kl05.o(RESET)
 <LI><a href="#[4]">Reset_Handler</a> from programtemplate_kl05.o(MyCode) referenced from programtemplate_kl05.o(RESET)
 <LI><a href="#[3]">UART0_ISR</a> from programtemplate_kl05.o(MyCode) referenced from programtemplate_kl05.o(RESET)
</UL>
<P>
<H3>
Global Symbols
</H3>
<P><STRONG><a name="[18]"></a>Startup</STRONG> (Thumb, 14 bytes, Stack size 0 bytes, start.o(Start))
<BR><BR>[Calls]<UL><LI><a href="#[1a]">&gt;&gt;</a>&nbsp;&nbsp;&nbsp;SetClock48MHz
<LI><a href="#[19]">&gt;&gt;</a>&nbsp;&nbsp;&nbsp;SystemInit
</UL>
<BR>[Called By]<UL><LI><a href="#[4]">&gt;&gt;</a>&nbsp;&nbsp;&nbsp;Reset_Handler
</UL>

<P><STRONG><a name="[1]"></a>Dummy_Handler</STRONG> (Thumb, 2 bytes, Stack size 0 bytes, start.o(Start))
<BR><BR>[Calls]<UL><LI><a href="#[1]">&gt;&gt;</a>&nbsp;&nbsp;&nbsp;Dummy_Handler
</UL>
<BR>[Called By]<UL><LI><a href="#[1]">&gt;&gt;</a>&nbsp;&nbsp;&nbsp;Dummy_Handler
</UL>
<BR>[Address Reference Count : 1]<UL><LI> programtemplate_kl05.o(RESET)
</UL>
<P><STRONG><a name="[2]"></a>HardFault_Handler</STRONG> (Thumb, 0 bytes, Stack size 0 bytes, start.o(Start))
<BR>[Address Reference Count : 1]<UL><LI> programtemplate_kl05.o(RESET)
</UL>
<P><STRONG><a name="[4]"></a>Reset_Handler</STRONG> (Thumb, 68 bytes, Stack size 0 bytes, programtemplate_kl05.o(MyCode))
<BR><BR>[Calls]<UL><LI><a href="#[18]">&gt;&gt;</a>&nbsp;&nbsp;&nbsp;Startup
<LI><a href="#[15]">&gt;&gt;</a>&nbsp;&nbsp;&nbsp;PutStringSB
<LI><a href="#[13]">&gt;&gt;</a>&nbsp;&nbsp;&nbsp;GetChar
<LI><a href="#[d]">&gt;&gt;</a>&nbsp;&nbsp;&nbsp;INIT_QUEUE
<LI><a href="#[a]">&gt;&gt;</a>&nbsp;&nbsp;&nbsp;Init_UART0_Polling
<LI><a href="#[9]">&gt;&gt;</a>&nbsp;&nbsp;&nbsp;S_INSTR
<LI><a href="#[8]">&gt;&gt;</a>&nbsp;&nbsp;&nbsp;P_INSTR
<LI><a href="#[7]">&gt;&gt;</a>&nbsp;&nbsp;&nbsp;H_INSTR
<LI><a href="#[6]">&gt;&gt;</a>&nbsp;&nbsp;&nbsp;E_INSTR
<LI><a href="#[5]">&gt;&gt;</a>&nbsp;&nbsp;&nbsp;D_INSTR
</UL>
<P>
<H3>
Local Symbols
</H3>
<P><STRONG><a name="[5]"></a>D_INSTR</STRONG> (Thumb, 42 bytes, Stack size 0 bytes, programtemplate_kl05.o(MyCode))
<BR><BR>[Calls]<UL><LI><a href="#[15]">&gt;&gt;</a>&nbsp;&nbsp;&nbsp;PutStringSB
<LI><a href="#[14]">&gt;&gt;</a>&nbsp;&nbsp;&nbsp;PutChar
<LI><a href="#[e]">&gt;&gt;</a>&nbsp;&nbsp;&nbsp;DEQUEUE
<LI><a href="#[c]">&gt;&gt;</a>&nbsp;&nbsp;&nbsp;ECHO_CMD
<LI><a href="#[b]">&gt;&gt;</a>&nbsp;&nbsp;&nbsp;STATUS
</UL>
<BR>[Called By]<UL><LI><a href="#[4]">&gt;&gt;</a>&nbsp;&nbsp;&nbsp;Reset_Handler
</UL>

<P><STRONG><a name="[6]"></a>E_INSTR</STRONG> (Thumb, 52 bytes, Stack size 0 bytes, programtemplate_kl05.o(MyCode))
<BR><BR>[Calls]<UL><LI><a href="#[15]">&gt;&gt;</a>&nbsp;&nbsp;&nbsp;PutStringSB
<LI><a href="#[13]">&gt;&gt;</a>&nbsp;&nbsp;&nbsp;GetChar
<LI><a href="#[f]">&gt;&gt;</a>&nbsp;&nbsp;&nbsp;ENQUEUE
<LI><a href="#[c]">&gt;&gt;</a>&nbsp;&nbsp;&nbsp;ECHO_CMD
<LI><a href="#[b]">&gt;&gt;</a>&nbsp;&nbsp;&nbsp;STATUS
</UL>
<BR>[Called By]<UL><LI><a href="#[4]">&gt;&gt;</a>&nbsp;&nbsp;&nbsp;Reset_Handler
</UL>

<P><STRONG><a name="[7]"></a>H_INSTR</STRONG> (Thumb, 18 bytes, Stack size 0 bytes, programtemplate_kl05.o(MyCode))
<BR><BR>[Calls]<UL><LI><a href="#[15]">&gt;&gt;</a>&nbsp;&nbsp;&nbsp;PutStringSB
<LI><a href="#[c]">&gt;&gt;</a>&nbsp;&nbsp;&nbsp;ECHO_CMD
</UL>
<BR>[Called By]<UL><LI><a href="#[4]">&gt;&gt;</a>&nbsp;&nbsp;&nbsp;Reset_Handler
</UL>

<P><STRONG><a name="[8]"></a>P_INSTR</STRONG> (Thumb, 58 bytes, Stack size 0 bytes, programtemplate_kl05.o(MyCode))
<BR><BR>[Calls]<UL><LI><a href="#[15]">&gt;&gt;</a>&nbsp;&nbsp;&nbsp;PutStringSB
<LI><a href="#[14]">&gt;&gt;</a>&nbsp;&nbsp;&nbsp;PutChar
<LI><a href="#[10]">&gt;&gt;</a>&nbsp;&nbsp;&nbsp;POINTER_INC
<LI><a href="#[c]">&gt;&gt;</a>&nbsp;&nbsp;&nbsp;ECHO_CMD
</UL>
<BR>[Called By]<UL><LI><a href="#[4]">&gt;&gt;</a>&nbsp;&nbsp;&nbsp;Reset_Handler
</UL>

<P><STRONG><a name="[9]"></a>S_INSTR</STRONG> (Thumb, 22 bytes, Stack size 0 bytes, programtemplate_kl05.o(MyCode))
<BR><BR>[Calls]<UL><LI><a href="#[15]">&gt;&gt;</a>&nbsp;&nbsp;&nbsp;PutStringSB
<LI><a href="#[c]">&gt;&gt;</a>&nbsp;&nbsp;&nbsp;ECHO_CMD
<LI><a href="#[b]">&gt;&gt;</a>&nbsp;&nbsp;&nbsp;STATUS
</UL>
<BR>[Called By]<UL><LI><a href="#[4]">&gt;&gt;</a>&nbsp;&nbsp;&nbsp;Reset_Handler
</UL>

<P><STRONG><a name="[a]"></a>Init_UART0_Polling</STRONG> (Thumb, 148 bytes, Stack size 0 bytes, programtemplate_kl05.o(MyCode))
<BR><BR>[Calls]<UL><LI><a href="#[d]">&gt;&gt;</a>&nbsp;&nbsp;&nbsp;INIT_QUEUE
</UL>
<BR>[Called By]<UL><LI><a href="#[4]">&gt;&gt;</a>&nbsp;&nbsp;&nbsp;Reset_Handler
</UL>

<P><STRONG><a name="[3]"></a>UART0_ISR</STRONG> (Thumb, 64 bytes, Stack size 0 bytes, programtemplate_kl05.o(MyCode))
<BR><BR>[Calls]<UL><LI><a href="#[f]">&gt;&gt;</a>&nbsp;&nbsp;&nbsp;ENQUEUE
<LI><a href="#[e]">&gt;&gt;</a>&nbsp;&nbsp;&nbsp;DEQUEUE
</UL>
<BR>[Address Reference Count : 1]<UL><LI> programtemplate_kl05.o(RESET)
</UL>
<P><STRONG><a name="[b]"></a>STATUS</STRONG> (Thumb, 60 bytes, Stack size 0 bytes, programtemplate_kl05.o(MyCode))
<BR><BR>[Calls]<UL><LI><a href="#[15]">&gt;&gt;</a>&nbsp;&nbsp;&nbsp;PutStringSB
<LI><a href="#[12]">&gt;&gt;</a>&nbsp;&nbsp;&nbsp;PutNumHex
<LI><a href="#[11]">&gt;&gt;</a>&nbsp;&nbsp;&nbsp;PutNumUB
</UL>
<BR>[Called By]<UL><LI><a href="#[9]">&gt;&gt;</a>&nbsp;&nbsp;&nbsp;S_INSTR
<LI><a href="#[6]">&gt;&gt;</a>&nbsp;&nbsp;&nbsp;E_INSTR
<LI><a href="#[5]">&gt;&gt;</a>&nbsp;&nbsp;&nbsp;D_INSTR
</UL>

<P><STRONG><a name="[c]"></a>ECHO_CMD</STRONG> (Thumb, 16 bytes, Stack size 0 bytes, programtemplate_kl05.o(MyCode))
<BR><BR>[Calls]<UL><LI><a href="#[15]">&gt;&gt;</a>&nbsp;&nbsp;&nbsp;PutStringSB
<LI><a href="#[14]">&gt;&gt;</a>&nbsp;&nbsp;&nbsp;PutChar
</UL>
<BR>[Called By]<UL><LI><a href="#[9]">&gt;&gt;</a>&nbsp;&nbsp;&nbsp;S_INSTR
<LI><a href="#[8]">&gt;&gt;</a>&nbsp;&nbsp;&nbsp;P_INSTR
<LI><a href="#[7]">&gt;&gt;</a>&nbsp;&nbsp;&nbsp;H_INSTR
<LI><a href="#[6]">&gt;&gt;</a>&nbsp;&nbsp;&nbsp;E_INSTR
<LI><a href="#[5]">&gt;&gt;</a>&nbsp;&nbsp;&nbsp;D_INSTR
</UL>

<P><STRONG><a name="[d]"></a>INIT_QUEUE</STRONG> (Thumb, 24 bytes, Stack size 0 bytes, programtemplate_kl05.o(MyCode))
<BR><BR>[Called By]<UL><LI><a href="#[4]">&gt;&gt;</a>&nbsp;&nbsp;&nbsp;Reset_Handler
<LI><a href="#[a]">&gt;&gt;</a>&nbsp;&nbsp;&nbsp;Init_UART0_Polling
</UL>

<P><STRONG><a name="[e]"></a>DEQUEUE</STRONG> (Thumb, 36 bytes, Stack size 0 bytes, programtemplate_kl05.o(MyCode))
<BR><BR>[Calls]<UL><LI><a href="#[10]">&gt;&gt;</a>&nbsp;&nbsp;&nbsp;POINTER_INC
</UL>
<BR>[Called By]<UL><LI><a href="#[13]">&gt;&gt;</a>&nbsp;&nbsp;&nbsp;GetChar
<LI><a href="#[3]">&gt;&gt;</a>&nbsp;&nbsp;&nbsp;UART0_ISR
<LI><a href="#[5]">&gt;&gt;</a>&nbsp;&nbsp;&nbsp;D_INSTR
</UL>

<P><STRONG><a name="[f]"></a>ENQUEUE</STRONG> (Thumb, 34 bytes, Stack size 0 bytes, programtemplate_kl05.o(MyCode))
<BR><BR>[Calls]<UL><LI><a href="#[10]">&gt;&gt;</a>&nbsp;&nbsp;&nbsp;POINTER_INC
</UL>
<BR>[Called By]<UL><LI><a href="#[14]">&gt;&gt;</a>&nbsp;&nbsp;&nbsp;PutChar
<LI><a href="#[3]">&gt;&gt;</a>&nbsp;&nbsp;&nbsp;UART0_ISR
<LI><a href="#[6]">&gt;&gt;</a>&nbsp;&nbsp;&nbsp;E_INSTR
</UL>

<P><STRONG><a name="[10]"></a>POINTER_INC</STRONG> (Thumb, 22 bytes, Stack size 0 bytes, programtemplate_kl05.o(MyCode))
<BR><BR>[Called By]<UL><LI><a href="#[f]">&gt;&gt;</a>&nbsp;&nbsp;&nbsp;ENQUEUE
<LI><a href="#[e]">&gt;&gt;</a>&nbsp;&nbsp;&nbsp;DEQUEUE
<LI><a href="#[8]">&gt;&gt;</a>&nbsp;&nbsp;&nbsp;P_INSTR
</UL>

<P><STRONG><a name="[11]"></a>PutNumUB</STRONG> (Thumb, 12 bytes, Stack size 0 bytes, programtemplate_kl05.o(MyCode))
<BR><BR>[Calls]<UL><LI><a href="#[16]">&gt;&gt;</a>&nbsp;&nbsp;&nbsp;PutNumU
</UL>
<BR>[Called By]<UL><LI><a href="#[b]">&gt;&gt;</a>&nbsp;&nbsp;&nbsp;STATUS
</UL>

<P><STRONG><a name="[12]"></a>PutNumHex</STRONG> (Thumb, 48 bytes, Stack size 0 bytes, programtemplate_kl05.o(MyCode))
<BR><BR>[Calls]<UL><LI><a href="#[14]">&gt;&gt;</a>&nbsp;&nbsp;&nbsp;PutChar
</UL>
<BR>[Called By]<UL><LI><a href="#[b]">&gt;&gt;</a>&nbsp;&nbsp;&nbsp;STATUS
</UL>

<P><STRONG><a name="[13]"></a>GetChar</STRONG> (Thumb, 16 bytes, Stack size 0 bytes, programtemplate_kl05.o(MyCode))
<BR><BR>[Calls]<UL><LI><a href="#[e]">&gt;&gt;</a>&nbsp;&nbsp;&nbsp;DEQUEUE
</UL>
<BR>[Called By]<UL><LI><a href="#[4]">&gt;&gt;</a>&nbsp;&nbsp;&nbsp;Reset_Handler
<LI><a href="#[6]">&gt;&gt;</a>&nbsp;&nbsp;&nbsp;E_INSTR
</UL>

<P><STRONG><a name="[14]"></a>PutChar</STRONG> (Thumb, 22 bytes, Stack size 0 bytes, programtemplate_kl05.o(MyCode))
<BR><BR>[Calls]<UL><LI><a href="#[f]">&gt;&gt;</a>&nbsp;&nbsp;&nbsp;ENQUEUE
</UL>
<BR>[Called By]<UL><LI><a href="#[16]">&gt;&gt;</a>&nbsp;&nbsp;&nbsp;PutNumU
<LI><a href="#[15]">&gt;&gt;</a>&nbsp;&nbsp;&nbsp;PutStringSB
<LI><a href="#[12]">&gt;&gt;</a>&nbsp;&nbsp;&nbsp;PutNumHex
<LI><a href="#[c]">&gt;&gt;</a>&nbsp;&nbsp;&nbsp;ECHO_CMD
<LI><a href="#[8]">&gt;&gt;</a>&nbsp;&nbsp;&nbsp;P_INSTR
<LI><a href="#[5]">&gt;&gt;</a>&nbsp;&nbsp;&nbsp;D_INSTR
</UL>

<P><STRONG><a name="[15]"></a>PutStringSB</STRONG> (Thumb, 26 bytes, Stack size 0 bytes, programtemplate_kl05.o(MyCode))
<BR><BR>[Calls]<UL><LI><a href="#[14]">&gt;&gt;</a>&nbsp;&nbsp;&nbsp;PutChar
</UL>
<BR>[Called By]<UL><LI><a href="#[4]">&gt;&gt;</a>&nbsp;&nbsp;&nbsp;Reset_Handler
<LI><a href="#[c]">&gt;&gt;</a>&nbsp;&nbsp;&nbsp;ECHO_CMD
<LI><a href="#[b]">&gt;&gt;</a>&nbsp;&nbsp;&nbsp;STATUS
<LI><a href="#[9]">&gt;&gt;</a>&nbsp;&nbsp;&nbsp;S_INSTR
<LI><a href="#[8]">&gt;&gt;</a>&nbsp;&nbsp;&nbsp;P_INSTR
<LI><a href="#[7]">&gt;&gt;</a>&nbsp;&nbsp;&nbsp;H_INSTR
<LI><a href="#[6]">&gt;&gt;</a>&nbsp;&nbsp;&nbsp;E_INSTR
<LI><a href="#[5]">&gt;&gt;</a>&nbsp;&nbsp;&nbsp;D_INSTR
</UL>

<P><STRONG><a name="[16]"></a>PutNumU</STRONG> (Thumb, 56 bytes, Stack size 0 bytes, programtemplate_kl05.o(MyCode))
<BR><BR>[Calls]<UL><LI><a href="#[17]">&gt;&gt;</a>&nbsp;&nbsp;&nbsp;DIVU
<LI><a href="#[14]">&gt;&gt;</a>&nbsp;&nbsp;&nbsp;PutChar
</UL>
<BR>[Called By]<UL><LI><a href="#[11]">&gt;&gt;</a>&nbsp;&nbsp;&nbsp;PutNumUB
</UL>

<P><STRONG><a name="[17]"></a>DIVU</STRONG> (Thumb, 28 bytes, Stack size 0 bytes, programtemplate_kl05.o(MyCode))
<BR><BR>[Called By]<UL><LI><a href="#[16]">&gt;&gt;</a>&nbsp;&nbsp;&nbsp;PutNumU
</UL>

<P><STRONG><a name="[19]"></a>SystemInit</STRONG> (Thumb, 60 bytes, Stack size 0 bytes, start.o(Start))
<BR><BR>[Called By]<UL><LI><a href="#[18]">&gt;&gt;</a>&nbsp;&nbsp;&nbsp;Startup
</UL>

<P><STRONG><a name="[1a]"></a>SetClock48MHz</STRONG> (Thumb, 82 bytes, Stack size 0 bytes, start.o(Start))
<BR><BR>[Called By]<UL><LI><a href="#[18]">&gt;&gt;</a>&nbsp;&nbsp;&nbsp;Startup
</UL>
<P>
<H3>
Undefined Global Symbols
</H3><HR></body></html>
