Copyright 1986-2022 Xilinx, Inc. All Rights Reserved. Copyright 2022-2025 Advanced Micro Devices, Inc. All Rights Reserved.
---------------------------------------------------------------------------------------------------------------------------------------------
| Tool Version : Vivado v.2025.2 (lin64) Build 6299465 Fri Nov 14 12:34:56 MST 2025
| Date         : Thu Apr 23 19:40:24 2026
| Host         : infinity running 64-bit Arch Linux
| Command      : report_timing_summary -file timing_85MHz.rpt
| Design       : proc
| Device       : 7a35t-cpg236
| Speed File   : -1  PRODUCTION 1.23 2018-06-13
| Design State : Routed
---------------------------------------------------------------------------------------------------------------------------------------------

Timing Summary Report

------------------------------------------------------------------------------------------------
| Timer Settings
| --------------
------------------------------------------------------------------------------------------------

  Enable Multi Corner Analysis               :  Yes
  Enable Pessimism Removal                   :  Yes
  Pessimism Removal Resolution               :  Nearest Common Node
  Enable Input Delay Default Clock           :  No
  Enable Preset / Clear Arcs                 :  No
  Disable Flight Delays                      :  No
  Ignore I/O Paths                           :  No
  Timing Early Launch at Borrowing Latches   :  No
  Borrow Time for Max Delay Exceptions       :  Yes
  Merge Timing Exceptions                    :  Yes
  Inter-SLR Compensation                     :  Conservative

  Corner  Analyze    Analyze    
  Name    Max Paths  Min Paths  
  ------  ---------  ---------  
  Slow    Yes        Yes        
  Fast    Yes        Yes        


------------------------------------------------------------------------------------------------
| Report Methodology
| ------------------
------------------------------------------------------------------------------------------------

Rule       Severity          Description                                                       Violations  
---------  ----------------  ----------------------------------------------------------------  ----------  
TIMING-6   Critical Warning  No common primary clock between related clocks                    2           
TIMING-14  Critical Warning  LUT on the clock tree                                             1           
SYNTH-5    Warning           Mapped onto distributed RAM because of timing constraints         128         
TIMING-56  Warning           Missing logically or physically excluded clock groups constraint  2           

Note: This report is based on the most recent report_methodology run and may not be up-to-date. Run report_methodology on the current design for the latest report.



check_timing report

Table of Contents
-----------------
1. checking no_clock (0)
2. checking constant_clock (0)
3. checking pulse_width_clock (0)
4. checking unconstrained_internal_endpoints (0)
5. checking no_input_delay (17)
6. checking no_output_delay (11)
7. checking multiple_clock (979)
8. checking generated_clocks (0)
9. checking loops (0)
10. checking partial_input_delay (0)
11. checking partial_output_delay (0)
12. checking latch_loops (0)

1. checking no_clock (0)
------------------------
 There are 0 register/latch pins with no clock.


2. checking constant_clock (0)
------------------------------
 There are 0 register/latch pins with constant_clock.


3. checking pulse_width_clock (0)
---------------------------------
 There are 0 register/latch pins which need pulse_width check


4. checking unconstrained_internal_endpoints (0)
------------------------------------------------
 There are 0 pins that are not constrained for maximum delay.

 There are 0 pins that are not constrained for maximum delay due to constant clock.


5. checking no_input_delay (17)
-------------------------------
 There are 17 input ports with no input delay specified. (HIGH)

 There are 0 input ports with no input delay but user has a false path constraint.


6. checking no_output_delay (11)
--------------------------------
 There are 11 ports with no output delay specified. (HIGH)

 There are 0 ports with no output delay but user has a false path constraint

 There are 0 ports with no output delay but with a timing clock defined on it or propagating through it


7. checking multiple_clock (979)
--------------------------------
 There are 979 register/latch pins with multiple clocks. (HIGH)


8. checking generated_clocks (0)
--------------------------------
 There are 0 generated clocks that are not connected to a clock source.


9. checking loops (0)
---------------------
 There are 0 combinational loops in the design.


10. checking partial_input_delay (0)
------------------------------------
 There are 0 input ports with partial input delay specified.


11. checking partial_output_delay (0)
-------------------------------------
 There are 0 ports with partial output delay specified.


12. checking latch_loops (0)
----------------------------
 There are 0 combinational latch loops in the design through latch input



------------------------------------------------------------------------------------------------
| Design Timing Summary
| ---------------------
------------------------------------------------------------------------------------------------

    WNS(ns)      TNS(ns)  TNS Failing Endpoints  TNS Total Endpoints      WHS(ns)      THS(ns)  THS Failing Endpoints  THS Total Endpoints     WPWS(ns)     TPWS(ns)  TPWS Failing Endpoints  TPWS Total Endpoints  
    -------      -------  ---------------------  -------------------      -------      -------  ---------------------  -------------------     --------     --------  ----------------------  --------------------  
     -0.227       -0.537                      3                 6032        0.025        0.000                      0                 6032        3.000        0.000                       0                   986  


Timing constraints are not met.


------------------------------------------------------------------------------------------------
| Clock Summary
| -------------
------------------------------------------------------------------------------------------------

Clock                   Waveform(ns)       Period(ns)      Frequency(MHz)
-----                   ------------       ----------      --------------
clk_in                  {0.000 5.000}      10.000          100.000         
  clk_out1_clk_wiz_0    {0.000 5.882}      11.765          85.000          
  clkfbout_clk_wiz_0    {0.000 20.000}     40.000          25.000          
sys_clk_pin             {0.000 5.000}      10.000          100.000         
  clk_out1_clk_wiz_0_1  {0.000 5.882}      11.765          85.000          
  clkfbout_clk_wiz_0_1  {0.000 20.000}     40.000          25.000          


------------------------------------------------------------------------------------------------
| Intra Clock Table
| -----------------
------------------------------------------------------------------------------------------------

Clock                       WNS(ns)      TNS(ns)  TNS Failing Endpoints  TNS Total Endpoints      WHS(ns)      THS(ns)  THS Failing Endpoints  THS Total Endpoints     WPWS(ns)     TPWS(ns)  TPWS Failing Endpoints  TPWS Total Endpoints  
-----                       -------      -------  ---------------------  -------------------      -------      -------  ---------------------  -------------------     --------     --------  ----------------------  --------------------  
clk_in                                                                                                                                                                    3.000        0.000                       0                     1  
  clk_out1_clk_wiz_0         -0.227       -0.537                      3                 6032        0.140        0.000                      0                 6032        4.632        0.000                       0                   982  
  clkfbout_clk_wiz_0                                                                                                                                                     37.845        0.000                       0                     3  
sys_clk_pin                                                                                                                                                               3.000        0.000                       0                     1  
  clk_out1_clk_wiz_0_1       -0.225       -0.532                      3                 6032        0.140        0.000                      0                 6032        4.632        0.000                       0                   982  
  clkfbout_clk_wiz_0_1                                                                                                                                                   37.845        0.000                       0                     3  


------------------------------------------------------------------------------------------------
| Inter Clock Table
| -----------------
------------------------------------------------------------------------------------------------

From Clock            To Clock                  WNS(ns)      TNS(ns)  TNS Failing Endpoints  TNS Total Endpoints      WHS(ns)      THS(ns)  THS Failing Endpoints  THS Total Endpoints  
----------            --------                  -------      -------  ---------------------  -------------------      -------      -------  ---------------------  -------------------  
clk_out1_clk_wiz_0_1  clk_out1_clk_wiz_0         -0.227       -0.537                      3                 6032        0.025        0.000                      0                 6032  
clk_out1_clk_wiz_0    clk_out1_clk_wiz_0_1       -0.227       -0.537                      3                 6032        0.025        0.000                      0                 6032  


------------------------------------------------------------------------------------------------
| Other Path Groups Table
| -----------------------
------------------------------------------------------------------------------------------------

Path Group    From Clock    To Clock          WNS(ns)      TNS(ns)  TNS Failing Endpoints  TNS Total Endpoints      WHS(ns)      THS(ns)  THS Failing Endpoints  THS Total Endpoints  
----------    ----------    --------          -------      -------  ---------------------  -------------------      -------      -------  ---------------------  -------------------  


------------------------------------------------------------------------------------------------
| Timing Details
| --------------
------------------------------------------------------------------------------------------------


---------------------------------------------------------------------------------------------------
From Clock:  clk_in
  To Clock:  clk_in

Setup :           NA  Failing Endpoints,  Worst Slack           NA  ,  Total Violation           NA
Hold  :           NA  Failing Endpoints,  Worst Slack           NA  ,  Total Violation           NA
PW    :            0  Failing Endpoints,  Worst Slack        3.000ns,  Total Violation        0.000ns
---------------------------------------------------------------------------------------------------


Pulse Width Checks
--------------------------------------------------------------------------------------
Clock Name:         clk_in
Waveform(ns):       { 0.000 5.000 }
Period(ns):         10.000
Sources:            { clk_in }

Check Type        Corner  Lib Pin            Reference Pin  Required(ns)  Actual(ns)  Slack(ns)  Location         Pin
Min Period        n/a     MMCME2_ADV/CLKIN1  n/a            1.249         10.000      8.751      MMCME2_ADV_X1Y0  your_instance_name/inst/mmcm_adv_inst/CLKIN1
Max Period        n/a     MMCME2_ADV/CLKIN1  n/a            100.000       10.000      90.000     MMCME2_ADV_X1Y0  your_instance_name/inst/mmcm_adv_inst/CLKIN1
Low Pulse Width   Slow    MMCME2_ADV/CLKIN1  n/a            2.000         5.000       3.000      MMCME2_ADV_X1Y0  your_instance_name/inst/mmcm_adv_inst/CLKIN1
High Pulse Width  Slow    MMCME2_ADV/CLKIN1  n/a            2.000         5.000       3.000      MMCME2_ADV_X1Y0  your_instance_name/inst/mmcm_adv_inst/CLKIN1



---------------------------------------------------------------------------------------------------
From Clock:  clk_out1_clk_wiz_0
  To Clock:  clk_out1_clk_wiz_0

Setup :            3  Failing Endpoints,  Worst Slack       -0.227ns,  Total Violation       -0.537ns
Hold  :            0  Failing Endpoints,  Worst Slack        0.140ns,  Total Violation        0.000ns
PW    :            0  Failing Endpoints,  Worst Slack        4.632ns,  Total Violation        0.000ns
---------------------------------------------------------------------------------------------------


Max Delay Paths
--------------------------------------------------------------------------------------
Slack (VIOLATED) :        -0.227ns  (required time - arrival time)
  Source:                 alu_src1_s_reg/C
                            (rising edge-triggered cell FDRE clocked by clk_out1_clk_wiz_0  {rise@0.000ns fall@5.882ns period=11.765ns})
  Destination:            alu_result1_s_reg[29]/D
                            (rising edge-triggered cell FDRE clocked by clk_out1_clk_wiz_0  {rise@0.000ns fall@5.882ns period=11.765ns})
  Path Group:             clk_out1_clk_wiz_0
  Path Type:              Setup (Max at Slow Process Corner)
  Requirement:            11.765ns  (clk_out1_clk_wiz_0 rise@11.765ns - clk_out1_clk_wiz_0 rise@0.000ns)
  Data Path Delay:        11.855ns  (logic 2.564ns (21.629%)  route 9.291ns (78.371%))
  Logic Levels:           17  (LUT3=1 LUT4=1 LUT5=4 LUT6=11)
  Clock Path Skew:        -0.103ns (DCD - SCD + CPR)
    Destination Clock Delay (DCD):    -1.566ns = ( 10.199 - 11.765 ) 
    Source Clock Delay      (SCD):    -0.901ns
    Clock Pessimism Removal (CPR):    0.562ns
  Clock Uncertainty:      0.115ns  ((TSJ^2 + DJ^2)^1/2) / 2 + PE
    Total System Jitter     (TSJ):    0.071ns
    Discrete Jitter          (DJ):    0.219ns
    Phase Error              (PE):    0.000ns

    Location             Delay type                Incr(ns)  Path(ns)    Netlist Resource(s)
  -------------------------------------------------------------------    -------------------
                         (clock clk_out1_clk_wiz_0 rise edge)
                                                      0.000     0.000 r  
    W5                                                0.000     0.000 r  clk_in (IN)
                         net (fo=0)                   0.000     0.000    your_instance_name/inst/clk_in1
    W5                   IBUF (Prop_ibuf_I_O)         1.458     1.458 r  your_instance_name/inst/clkin1_ibufg/O
                         net (fo=1, routed)           1.233     2.691    your_instance_name/inst/clk_in1_clk_wiz_0
    MMCME2_ADV_X1Y0      MMCME2_ADV (Prop_mmcme2_adv_CLKIN1_CLKOUT0)
                                                     -6.961    -4.269 r  your_instance_name/inst/mmcm_adv_inst/CLKOUT0
                         net (fo=1, routed)           1.661    -2.608    your_instance_name/inst/clk_out1_clk_wiz_0
    BUFGCTRL_X0Y1        BUFG (Prop_bufg_I_O)         0.096    -2.512 r  your_instance_name/inst/clkout1_buf/O
                         net (fo=380, routed)         1.611    -0.901    clk
    SLICE_X61Y78         FDRE                                         r  alu_src1_s_reg/C
  -------------------------------------------------------------------    -------------------
    SLICE_X61Y78         FDRE (Prop_fdre_C_Q)         0.456    -0.445 r  alu_src1_s_reg/Q
                         net (fo=188, routed)         0.733     0.288    execute_inst/alu_src1_s
    SLICE_X61Y75         LUT3 (Prop_lut3_I1_O)        0.124     0.412 r  execute_inst/alu_result1_s[1]_i_4/O
                         net (fo=47, routed)          0.577     0.990    execute_inst/b_s[1]
    SLICE_X60Y75         LUT6 (Prop_lut6_I2_O)        0.124     1.114 r  execute_inst/alu_result1_s[7]_i_32/O
                         net (fo=3, routed)           0.351     1.465    execute_inst/mul_comp/prod_inst/gen_reduce_slv_l.wrapper_left_inst/gen_reduce_slv_l.wrapper_left_inst/gen_reduce_slv_l.wrapper_left_inst/gen_two_slv_l.add_inst/c_s_3
    SLICE_X60Y74         LUT6 (Prop_lut6_I1_O)        0.124     1.589 r  execute_inst/alu_result1_s[7]_i_24/O
                         net (fo=4, routed)           0.185     1.773    execute_inst/mul_comp/prod_inst/gen_reduce_slv_l.wrapper_left_inst/gen_reduce_slv_l.wrapper_left_inst/gen_reduce_slv_l.wrapper_left_inst/gen_two_slv_l.add_inst/c_s_5
    SLICE_X60Y74         LUT6 (Prop_lut6_I1_O)        0.124     1.897 r  execute_inst/alu_result1_s[8]_i_25/O
                         net (fo=4, routed)           0.429     2.326    execute_inst/mul_comp/prod_inst/gen_reduce_slv_l.wrapper_left_inst/gen_reduce_slv_l.wrapper_left_inst/gen_reduce_slv_l.wrapper_left_inst/gen_two_slv_l.add_inst/c_s_7
    SLICE_X59Y74         LUT6 (Prop_lut6_I1_O)        0.124     2.450 r  execute_inst/alu_result1_s[10]_i_29/O
                         net (fo=4, routed)           0.651     3.101    execute_inst/mul_comp/prod_inst/gen_reduce_slv_l.wrapper_left_inst/gen_reduce_slv_l.wrapper_left_inst/gen_reduce_slv_l.wrapper_left_inst/gen_two_slv_l.add_inst/c_s_9
    SLICE_X57Y73         LUT6 (Prop_lut6_I1_O)        0.124     3.225 r  execute_inst/alu_result1_s[14]_i_75/O
                         net (fo=4, routed)           0.541     3.766    execute_inst/mul_comp/prod_inst/gen_reduce_slv_l.wrapper_left_inst/gen_reduce_slv_l.wrapper_left_inst/gen_reduce_slv_l.wrapper_left_inst/gen_two_slv_l.add_inst/c_s_11
    SLICE_X56Y73         LUT6 (Prop_lut6_I1_O)        0.124     3.890 r  execute_inst/alu_result1_s[14]_i_66/O
                         net (fo=6, routed)           0.357     4.247    execute_inst/mul_comp/prod_inst/gen_reduce_slv_l.wrapper_left_inst/gen_reduce_slv_l.wrapper_left_inst/gen_reduce_slv_l.wrapper_left_inst/gen_two_slv_l.add_inst/c_s_13
    SLICE_X54Y73         LUT6 (Prop_lut6_I0_O)        0.124     4.371 r  execute_inst/alu_result1_s[17]_i_39/O
                         net (fo=3, routed)           0.695     5.066    execute_inst/mul_comp/prod_inst/gen_reduce_slv_l.wrapper_left_inst/gen_reduce_slv_l.wrapper_left_inst/gen_reduce_slv_l.wrapper_left_inst/gen_two_slv_l.add_inst/p_16_in
    SLICE_X54Y73         LUT5 (Prop_lut5_I1_O)        0.124     5.190 r  execute_inst/alu_result1_s[17]_i_23/O
                         net (fo=6, routed)           0.339     5.529    execute_inst/mul_comp/prod_inst/gen_reduce_slv_l.wrapper_left_inst/gen_reduce_slv_l.wrapper_left_inst/gen_reduce_slv_l.add_inst/c_s_14
    SLICE_X54Y74         LUT6 (Prop_lut6_I1_O)        0.124     5.653 f  execute_inst/alu_result1_s[18]_i_13/O
                         net (fo=3, routed)           0.865     6.518    execute_inst/mul_comp/prod_inst/gen_reduce_slv_l.wrapper_left_inst/gen_reduce_slv_l.wrapper_left_inst/gen_reduce_slv_l.add_inst/p_18_in
    SLICE_X53Y74         LUT5 (Prop_lut5_I3_O)        0.124     6.642 f  execute_inst/alu_result1_s[21]_i_12/O
                         net (fo=5, routed)           0.648     7.290    execute_inst/mul_comp/prod_inst/gen_reduce_slv_l.wrapper_left_inst/gen_reduce_slv_l.add_inst/c_s_15
    SLICE_X51Y75         LUT4 (Prop_lut4_I1_O)        0.124     7.414 r  execute_inst/alu_result1_s[25]_i_27/O
                         net (fo=2, routed)           0.496     7.910    execute_inst/alu_result1_s[25]_i_27_n_1
    SLICE_X51Y76         LUT6 (Prop_lut6_I0_O)        0.124     8.034 f  execute_inst/alu_result1_s[25]_i_13/O
                         net (fo=3, routed)           0.828     8.862    execute_inst/mul_comp/prod_inst/res_left_s[23]
    SLICE_X51Y77         LUT6 (Prop_lut6_I4_O)        0.124     8.986 r  execute_inst/alu_result1_s[25]_i_3/O
                         net (fo=5, routed)           0.591     9.577    execute_inst/alu_result1_s[25]_i_3_n_1
    SLICE_X53Y77         LUT5 (Prop_lut5_I2_O)        0.124     9.701 r  execute_inst/alu_result1_s[29]_i_11/O
                         net (fo=2, routed)           0.438    10.139    execute_inst/alu_result1_s[29]_i_11_n_1
    SLICE_X52Y78         LUT6 (Prop_lut6_I4_O)        0.124    10.263 r  execute_inst/alu_result1_s[29]_i_5/O
                         net (fo=1, routed)           0.567    10.830    execute_inst/alu32_inst/sll_comp/alu_result1_s_reg[29]_0
    SLICE_X52Y78         LUT5 (Prop_lut5_I3_O)        0.124    10.954 r  execute_inst/alu32_inst/sll_comp/alu_result1_s[29]_i_1/O
                         net (fo=1, routed)           0.000    10.954    alu_result0_s[29]
    SLICE_X52Y78         FDRE                                         r  alu_result1_s_reg[29]/D
  -------------------------------------------------------------------    -------------------

                         (clock clk_out1_clk_wiz_0 rise edge)
                                                     11.765    11.765 r  
    W5                                                0.000    11.765 r  clk_in (IN)
                         net (fo=0)                   0.000    11.765    your_instance_name/inst/clk_in1
    W5                   IBUF (Prop_ibuf_I_O)         1.388    13.153 r  your_instance_name/inst/clkin1_ibufg/O
                         net (fo=1, routed)           1.162    14.315    your_instance_name/inst/clk_in1_clk_wiz_0
    MMCME2_ADV_X1Y0      MMCME2_ADV (Prop_mmcme2_adv_CLKIN1_CLKOUT0)
                                                     -7.217     7.097 r  your_instance_name/inst/mmcm_adv_inst/CLKOUT0
                         net (fo=1, routed)           1.581     8.678    your_instance_name/inst/clk_out1_clk_wiz_0
    BUFGCTRL_X0Y1        BUFG (Prop_bufg_I_O)         0.091     8.769 r  your_instance_name/inst/clkout1_buf/O
                         net (fo=380, routed)         1.430    10.199    clk
    SLICE_X52Y78         FDRE                                         r  alu_result1_s_reg[29]/C
                         clock pessimism              0.562    10.761    
                         clock uncertainty           -0.115    10.646    
    SLICE_X52Y78         FDRE (Setup_fdre_C_D)        0.081    10.727    alu_result1_s_reg[29]
  -------------------------------------------------------------------
                         required time                         10.727    
                         arrival time                         -10.954    
  -------------------------------------------------------------------
                         slack                                 -0.227    





Min Delay Paths
--------------------------------------------------------------------------------------
Slack (MET) :             0.140ns  (arrival time - required time)
  Source:                 rt_dest1_s_reg[0]/C
                            (rising edge-triggered cell FDRE clocked by clk_out1_clk_wiz_0  {rise@0.000ns fall@5.882ns period=11.765ns})
  Destination:            write_reg1_s_reg[0]/D
                            (rising edge-triggered cell FDRE clocked by clk_out1_clk_wiz_0  {rise@0.000ns fall@5.882ns period=11.765ns})
  Path Group:             clk_out1_clk_wiz_0
  Path Type:              Hold (Min at Fast Process Corner)
  Requirement:            0.000ns  (clk_out1_clk_wiz_0 rise@0.000ns - clk_out1_clk_wiz_0 rise@0.000ns)
  Data Path Delay:        0.273ns  (logic 0.186ns (68.106%)  route 0.087ns (31.894%))
  Logic Levels:           1  (LUT3=1)
  Clock Path Skew:        0.013ns (DCD - SCD - CPR)
    Destination Clock Delay (DCD):    -0.839ns
    Source Clock Delay      (SCD):    -0.598ns
    Clock Pessimism Removal (CPR):    -0.254ns

    Location             Delay type                Incr(ns)  Path(ns)    Netlist Resource(s)
  -------------------------------------------------------------------    -------------------
                         (clock clk_out1_clk_wiz_0 rise edge)
                                                      0.000     0.000 r  
    W5                                                0.000     0.000 r  clk_in (IN)
                         net (fo=0)                   0.000     0.000    your_instance_name/inst/clk_in1
    W5                   IBUF (Prop_ibuf_I_O)         0.226     0.226 r  your_instance_name/inst/clkin1_ibufg/O
                         net (fo=1, routed)           0.440     0.667    your_instance_name/inst/clk_in1_clk_wiz_0
    MMCME2_ADV_X1Y0      MMCME2_ADV (Prop_mmcme2_adv_CLKIN1_CLKOUT0)
                                                     -2.360    -1.693 r  your_instance_name/inst/mmcm_adv_inst/CLKOUT0
                         net (fo=1, routed)           0.486    -1.207    your_instance_name/inst/clk_out1_clk_wiz_0
    BUFGCTRL_X0Y1        BUFG (Prop_bufg_I_O)         0.026    -1.181 r  your_instance_name/inst/clkout1_buf/O
                         net (fo=380, routed)         0.583    -0.598    clk
    SLICE_X65Y72         FDRE                                         r  rt_dest1_s_reg[0]/C
  -------------------------------------------------------------------    -------------------
    SLICE_X65Y72         FDRE (Prop_fdre_C_Q)         0.141    -0.457 r  rt_dest1_s_reg[0]/Q
                         net (fo=1, routed)           0.087    -0.370    execute_inst/write_reg1_s_reg[3][0]
    SLICE_X64Y72         LUT3 (Prop_lut3_I2_O)        0.045    -0.325 r  execute_inst/write_reg1_s[0]_i_1/O
                         net (fo=1, routed)           0.000    -0.325    write_reg0_s[0]
    SLICE_X64Y72         FDRE                                         r  write_reg1_s_reg[0]/D
  -------------------------------------------------------------------    -------------------

                         (clock clk_out1_clk_wiz_0 rise edge)
                                                      0.000     0.000 r  
    W5                                                0.000     0.000 r  clk_in (IN)
                         net (fo=0)                   0.000     0.000    your_instance_name/inst/clk_in1
    W5                   IBUF (Prop_ibuf_I_O)         0.414     0.414 r  your_instance_name/inst/clkin1_ibufg/O
                         net (fo=1, routed)           0.480     0.894    your_instance_name/inst/clk_in1_clk_wiz_0
    MMCME2_ADV_X1Y0      MMCME2_ADV (Prop_mmcme2_adv_CLKIN1_CLKOUT0)
                                                     -3.142    -2.248 r  your_instance_name/inst/mmcm_adv_inst/CLKOUT0
                         net (fo=1, routed)           0.530    -1.718    your_instance_name/inst/clk_out1_clk_wiz_0
    BUFGCTRL_X0Y1        BUFG (Prop_bufg_I_O)         0.029    -1.689 r  your_instance_name/inst/clkout1_buf/O
                         net (fo=380, routed)         0.850    -0.839    clk
    SLICE_X64Y72         FDRE                                         r  write_reg1_s_reg[0]/C
                         clock pessimism              0.254    -0.585    
    SLICE_X64Y72         FDRE (Hold_fdre_C_D)         0.120    -0.465    write_reg1_s_reg[0]
  -------------------------------------------------------------------
                         required time                          0.465    
                         arrival time                          -0.325    
  -------------------------------------------------------------------
                         slack                                  0.140    





Pulse Width Checks
--------------------------------------------------------------------------------------
Clock Name:         clk_out1_clk_wiz_0
Waveform(ns):       { 0.000 5.882 }
Period(ns):         11.765
Sources:            { your_instance_name/inst/mmcm_adv_inst/CLKOUT0 }

Check Type        Corner  Lib Pin             Reference Pin  Required(ns)  Actual(ns)  Slack(ns)  Location         Pin
Min Period        n/a     BUFG/I              n/a            2.155         11.765      9.610      BUFGCTRL_X0Y0    n_0_788_BUFG_inst/I
Max Period        n/a     MMCME2_ADV/CLKOUT0  n/a            213.360       11.765      201.595    MMCME2_ADV_X1Y0  your_instance_name/inst/mmcm_adv_inst/CLKOUT0
Low Pulse Width   Slow    RAMD32/CLK          n/a            1.250         5.882       4.632      SLICE_X60Y72     decode_inst/registerfile_inst/register_array_reg_r1_0_31_0_5/RAMA/CLK
High Pulse Width  Slow    RAMD32/CLK          n/a            1.250         5.882       4.632      SLICE_X60Y72     decode_inst/registerfile_inst/register_array_reg_r1_0_31_0_5/RAMA/CLK



---------------------------------------------------------------------------------------------------
From Clock:  clkfbout_clk_wiz_0
  To Clock:  clkfbout_clk_wiz_0

Setup :           NA  Failing Endpoints,  Worst Slack           NA  ,  Total Violation           NA
Hold  :           NA  Failing Endpoints,  Worst Slack           NA  ,  Total Violation           NA
PW    :            0  Failing Endpoints,  Worst Slack       37.845ns,  Total Violation        0.000ns
---------------------------------------------------------------------------------------------------


Pulse Width Checks
--------------------------------------------------------------------------------------
Clock Name:         clkfbout_clk_wiz_0
Waveform(ns):       { 0.000 20.000 }
Period(ns):         40.000
Sources:            { your_instance_name/inst/mmcm_adv_inst/CLKFBOUT }

Check Type  Corner  Lib Pin             Reference Pin  Required(ns)  Actual(ns)  Slack(ns)  Location         Pin
Min Period  n/a     BUFG/I              n/a            2.155         40.000      37.845     BUFGCTRL_X0Y2    your_instance_name/inst/clkf_buf/I
Max Period  n/a     MMCME2_ADV/CLKFBIN  n/a            100.000       40.000      60.000     MMCME2_ADV_X1Y0  your_instance_name/inst/mmcm_adv_inst/CLKFBIN



---------------------------------------------------------------------------------------------------
From Clock:  sys_clk_pin
  To Clock:  sys_clk_pin

Setup :           NA  Failing Endpoints,  Worst Slack           NA  ,  Total Violation           NA
Hold  :           NA  Failing Endpoints,  Worst Slack           NA  ,  Total Violation           NA
PW    :            0  Failing Endpoints,  Worst Slack        3.000ns,  Total Violation        0.000ns
---------------------------------------------------------------------------------------------------


Pulse Width Checks
--------------------------------------------------------------------------------------
Clock Name:         sys_clk_pin
Waveform(ns):       { 0.000 5.000 }
Period(ns):         10.000
Sources:            { clk_in }

Check Type        Corner  Lib Pin            Reference Pin  Required(ns)  Actual(ns)  Slack(ns)  Location         Pin
Min Period        n/a     MMCME2_ADV/CLKIN1  n/a            1.249         10.000      8.751      MMCME2_ADV_X1Y0  your_instance_name/inst/mmcm_adv_inst/CLKIN1
Max Period        n/a     MMCME2_ADV/CLKIN1  n/a            100.000       10.000      90.000     MMCME2_ADV_X1Y0  your_instance_name/inst/mmcm_adv_inst/CLKIN1
Low Pulse Width   Slow    MMCME2_ADV/CLKIN1  n/a            2.000         5.000       3.000      MMCME2_ADV_X1Y0  your_instance_name/inst/mmcm_adv_inst/CLKIN1
High Pulse Width  Slow    MMCME2_ADV/CLKIN1  n/a            2.000         5.000       3.000      MMCME2_ADV_X1Y0  your_instance_name/inst/mmcm_adv_inst/CLKIN1



---------------------------------------------------------------------------------------------------
From Clock:  clk_out1_clk_wiz_0_1
  To Clock:  clk_out1_clk_wiz_0_1

Setup :            3  Failing Endpoints,  Worst Slack       -0.225ns,  Total Violation       -0.532ns
Hold  :            0  Failing Endpoints,  Worst Slack        0.140ns,  Total Violation        0.000ns
PW    :            0  Failing Endpoints,  Worst Slack        4.632ns,  Total Violation        0.000ns
---------------------------------------------------------------------------------------------------


Max Delay Paths
--------------------------------------------------------------------------------------
Slack (VIOLATED) :        -0.225ns  (required time - arrival time)
  Source:                 alu_src1_s_reg/C
                            (rising edge-triggered cell FDRE clocked by clk_out1_clk_wiz_0_1  {rise@0.000ns fall@5.882ns period=11.765ns})
  Destination:            alu_result1_s_reg[29]/D
                            (rising edge-triggered cell FDRE clocked by clk_out1_clk_wiz_0_1  {rise@0.000ns fall@5.882ns period=11.765ns})
  Path Group:             clk_out1_clk_wiz_0_1
  Path Type:              Setup (Max at Slow Process Corner)
  Requirement:            11.765ns  (clk_out1_clk_wiz_0_1 rise@11.765ns - clk_out1_clk_wiz_0_1 rise@0.000ns)
  Data Path Delay:        11.855ns  (logic 2.564ns (21.629%)  route 9.291ns (78.371%))
  Logic Levels:           17  (LUT3=1 LUT4=1 LUT5=4 LUT6=11)
  Clock Path Skew:        -0.103ns (DCD - SCD + CPR)
    Destination Clock Delay (DCD):    -1.566ns = ( 10.199 - 11.765 ) 
    Source Clock Delay      (SCD):    -0.901ns
    Clock Pessimism Removal (CPR):    0.562ns
  Clock Uncertainty:      0.113ns  ((TSJ^2 + DJ^2)^1/2) / 2 + PE
    Total System Jitter     (TSJ):    0.071ns
    Discrete Jitter          (DJ):    0.215ns
    Phase Error              (PE):    0.000ns

    Location             Delay type                Incr(ns)  Path(ns)    Netlist Resource(s)
  -------------------------------------------------------------------    -------------------
                         (clock clk_out1_clk_wiz_0_1 rise edge)
                                                      0.000     0.000 r  
    W5                                                0.000     0.000 r  clk_in (IN)
                         net (fo=0)                   0.000     0.000    your_instance_name/inst/clk_in1
    W5                   IBUF (Prop_ibuf_I_O)         1.458     1.458 r  your_instance_name/inst/clkin1_ibufg/O
                         net (fo=1, routed)           1.233     2.691    your_instance_name/inst/clk_in1_clk_wiz_0
    MMCME2_ADV_X1Y0      MMCME2_ADV (Prop_mmcme2_adv_CLKIN1_CLKOUT0)
                                                     -6.961    -4.269 r  your_instance_name/inst/mmcm_adv_inst/CLKOUT0
                         net (fo=1, routed)           1.661    -2.608    your_instance_name/inst/clk_out1_clk_wiz_0
    BUFGCTRL_X0Y1        BUFG (Prop_bufg_I_O)         0.096    -2.512 r  your_instance_name/inst/clkout1_buf/O
                         net (fo=380, routed)         1.611    -0.901    clk
    SLICE_X61Y78         FDRE                                         r  alu_src1_s_reg/C
  -------------------------------------------------------------------    -------------------
    SLICE_X61Y78         FDRE (Prop_fdre_C_Q)         0.456    -0.445 r  alu_src1_s_reg/Q
                         net (fo=188, routed)         0.733     0.288    execute_inst/alu_src1_s
    SLICE_X61Y75         LUT3 (Prop_lut3_I1_O)        0.124     0.412 r  execute_inst/alu_result1_s[1]_i_4/O
                         net (fo=47, routed)          0.577     0.990    execute_inst/b_s[1]
    SLICE_X60Y75         LUT6 (Prop_lut6_I2_O)        0.124     1.114 r  execute_inst/alu_result1_s[7]_i_32/O
                         net (fo=3, routed)           0.351     1.465    execute_inst/mul_comp/prod_inst/gen_reduce_slv_l.wrapper_left_inst/gen_reduce_slv_l.wrapper_left_inst/gen_reduce_slv_l.wrapper_left_inst/gen_two_slv_l.add_inst/c_s_3
    SLICE_X60Y74         LUT6 (Prop_lut6_I1_O)        0.124     1.589 r  execute_inst/alu_result1_s[7]_i_24/O
                         net (fo=4, routed)           0.185     1.773    execute_inst/mul_comp/prod_inst/gen_reduce_slv_l.wrapper_left_inst/gen_reduce_slv_l.wrapper_left_inst/gen_reduce_slv_l.wrapper_left_inst/gen_two_slv_l.add_inst/c_s_5
    SLICE_X60Y74         LUT6 (Prop_lut6_I1_O)        0.124     1.897 r  execute_inst/alu_result1_s[8]_i_25/O
                         net (fo=4, routed)           0.429     2.326    execute_inst/mul_comp/prod_inst/gen_reduce_slv_l.wrapper_left_inst/gen_reduce_slv_l.wrapper_left_inst/gen_reduce_slv_l.wrapper_left_inst/gen_two_slv_l.add_inst/c_s_7
    SLICE_X59Y74         LUT6 (Prop_lut6_I1_O)        0.124     2.450 r  execute_inst/alu_result1_s[10]_i_29/O
                         net (fo=4, routed)           0.651     3.101    execute_inst/mul_comp/prod_inst/gen_reduce_slv_l.wrapper_left_inst/gen_reduce_slv_l.wrapper_left_inst/gen_reduce_slv_l.wrapper_left_inst/gen_two_slv_l.add_inst/c_s_9
    SLICE_X57Y73         LUT6 (Prop_lut6_I1_O)        0.124     3.225 r  execute_inst/alu_result1_s[14]_i_75/O
                         net (fo=4, routed)           0.541     3.766    execute_inst/mul_comp/prod_inst/gen_reduce_slv_l.wrapper_left_inst/gen_reduce_slv_l.wrapper_left_inst/gen_reduce_slv_l.wrapper_left_inst/gen_two_slv_l.add_inst/c_s_11
    SLICE_X56Y73         LUT6 (Prop_lut6_I1_O)        0.124     3.890 r  execute_inst/alu_result1_s[14]_i_66/O
                         net (fo=6, routed)           0.357     4.247    execute_inst/mul_comp/prod_inst/gen_reduce_slv_l.wrapper_left_inst/gen_reduce_slv_l.wrapper_left_inst/gen_reduce_slv_l.wrapper_left_inst/gen_two_slv_l.add_inst/c_s_13
    SLICE_X54Y73         LUT6 (Prop_lut6_I0_O)        0.124     4.371 r  execute_inst/alu_result1_s[17]_i_39/O
                         net (fo=3, routed)           0.695     5.066    execute_inst/mul_comp/prod_inst/gen_reduce_slv_l.wrapper_left_inst/gen_reduce_slv_l.wrapper_left_inst/gen_reduce_slv_l.wrapper_left_inst/gen_two_slv_l.add_inst/p_16_in
    SLICE_X54Y73         LUT5 (Prop_lut5_I1_O)        0.124     5.190 r  execute_inst/alu_result1_s[17]_i_23/O
                         net (fo=6, routed)           0.339     5.529    execute_inst/mul_comp/prod_inst/gen_reduce_slv_l.wrapper_left_inst/gen_reduce_slv_l.wrapper_left_inst/gen_reduce_slv_l.add_inst/c_s_14
    SLICE_X54Y74         LUT6 (Prop_lut6_I1_O)        0.124     5.653 f  execute_inst/alu_result1_s[18]_i_13/O
                         net (fo=3, routed)           0.865     6.518    execute_inst/mul_comp/prod_inst/gen_reduce_slv_l.wrapper_left_inst/gen_reduce_slv_l.wrapper_left_inst/gen_reduce_slv_l.add_inst/p_18_in
    SLICE_X53Y74         LUT5 (Prop_lut5_I3_O)        0.124     6.642 f  execute_inst/alu_result1_s[21]_i_12/O
                         net (fo=5, routed)           0.648     7.290    execute_inst/mul_comp/prod_inst/gen_reduce_slv_l.wrapper_left_inst/gen_reduce_slv_l.add_inst/c_s_15
    SLICE_X51Y75         LUT4 (Prop_lut4_I1_O)        0.124     7.414 r  execute_inst/alu_result1_s[25]_i_27/O
                         net (fo=2, routed)           0.496     7.910    execute_inst/alu_result1_s[25]_i_27_n_1
    SLICE_X51Y76         LUT6 (Prop_lut6_I0_O)        0.124     8.034 f  execute_inst/alu_result1_s[25]_i_13/O
                         net (fo=3, routed)           0.828     8.862    execute_inst/mul_comp/prod_inst/res_left_s[23]
    SLICE_X51Y77         LUT6 (Prop_lut6_I4_O)        0.124     8.986 r  execute_inst/alu_result1_s[25]_i_3/O
                         net (fo=5, routed)           0.591     9.577    execute_inst/alu_result1_s[25]_i_3_n_1
    SLICE_X53Y77         LUT5 (Prop_lut5_I2_O)        0.124     9.701 r  execute_inst/alu_result1_s[29]_i_11/O
                         net (fo=2, routed)           0.438    10.139    execute_inst/alu_result1_s[29]_i_11_n_1
    SLICE_X52Y78         LUT6 (Prop_lut6_I4_O)        0.124    10.263 r  execute_inst/alu_result1_s[29]_i_5/O
                         net (fo=1, routed)           0.567    10.830    execute_inst/alu32_inst/sll_comp/alu_result1_s_reg[29]_0
    SLICE_X52Y78         LUT5 (Prop_lut5_I3_O)        0.124    10.954 r  execute_inst/alu32_inst/sll_comp/alu_result1_s[29]_i_1/O
                         net (fo=1, routed)           0.000    10.954    alu_result0_s[29]
    SLICE_X52Y78         FDRE                                         r  alu_result1_s_reg[29]/D
  -------------------------------------------------------------------    -------------------

                         (clock clk_out1_clk_wiz_0_1 rise edge)
                                                     11.765    11.765 r  
    W5                                                0.000    11.765 r  clk_in (IN)
                         net (fo=0)                   0.000    11.765    your_instance_name/inst/clk_in1
    W5                   IBUF (Prop_ibuf_I_O)         1.388    13.153 r  your_instance_name/inst/clkin1_ibufg/O
                         net (fo=1, routed)           1.162    14.315    your_instance_name/inst/clk_in1_clk_wiz_0
    MMCME2_ADV_X1Y0      MMCME2_ADV (Prop_mmcme2_adv_CLKIN1_CLKOUT0)
                                                     -7.217     7.097 r  your_instance_name/inst/mmcm_adv_inst/CLKOUT0
                         net (fo=1, routed)           1.581     8.678    your_instance_name/inst/clk_out1_clk_wiz_0
    BUFGCTRL_X0Y1        BUFG (Prop_bufg_I_O)         0.091     8.769 r  your_instance_name/inst/clkout1_buf/O
                         net (fo=380, routed)         1.430    10.199    clk
    SLICE_X52Y78         FDRE                                         r  alu_result1_s_reg[29]/C
                         clock pessimism              0.562    10.761    
                         clock uncertainty           -0.113    10.648    
    SLICE_X52Y78         FDRE (Setup_fdre_C_D)        0.081    10.729    alu_result1_s_reg[29]
  -------------------------------------------------------------------
                         required time                         10.729    
                         arrival time                         -10.954    
  -------------------------------------------------------------------
                         slack                                 -0.225    





Min Delay Paths
--------------------------------------------------------------------------------------
Slack (MET) :             0.140ns  (arrival time - required time)
  Source:                 rt_dest1_s_reg[0]/C
                            (rising edge-triggered cell FDRE clocked by clk_out1_clk_wiz_0_1  {rise@0.000ns fall@5.882ns period=11.765ns})
  Destination:            write_reg1_s_reg[0]/D
                            (rising edge-triggered cell FDRE clocked by clk_out1_clk_wiz_0_1  {rise@0.000ns fall@5.882ns period=11.765ns})
  Path Group:             clk_out1_clk_wiz_0_1
  Path Type:              Hold (Min at Fast Process Corner)
  Requirement:            0.000ns  (clk_out1_clk_wiz_0_1 rise@0.000ns - clk_out1_clk_wiz_0_1 rise@0.000ns)
  Data Path Delay:        0.273ns  (logic 0.186ns (68.106%)  route 0.087ns (31.894%))
  Logic Levels:           1  (LUT3=1)
  Clock Path Skew:        0.013ns (DCD - SCD - CPR)
    Destination Clock Delay (DCD):    -0.839ns
    Source Clock Delay      (SCD):    -0.598ns
    Clock Pessimism Removal (CPR):    -0.254ns

    Location             Delay type                Incr(ns)  Path(ns)    Netlist Resource(s)
  -------------------------------------------------------------------    -------------------
                         (clock clk_out1_clk_wiz_0_1 rise edge)
                                                      0.000     0.000 r  
    W5                                                0.000     0.000 r  clk_in (IN)
                         net (fo=0)                   0.000     0.000    your_instance_name/inst/clk_in1
    W5                   IBUF (Prop_ibuf_I_O)         0.226     0.226 r  your_instance_name/inst/clkin1_ibufg/O
                         net (fo=1, routed)           0.440     0.667    your_instance_name/inst/clk_in1_clk_wiz_0
    MMCME2_ADV_X1Y0      MMCME2_ADV (Prop_mmcme2_adv_CLKIN1_CLKOUT0)
                                                     -2.360    -1.693 r  your_instance_name/inst/mmcm_adv_inst/CLKOUT0
                         net (fo=1, routed)           0.486    -1.207    your_instance_name/inst/clk_out1_clk_wiz_0
    BUFGCTRL_X0Y1        BUFG (Prop_bufg_I_O)         0.026    -1.181 r  your_instance_name/inst/clkout1_buf/O
                         net (fo=380, routed)         0.583    -0.598    clk
    SLICE_X65Y72         FDRE                                         r  rt_dest1_s_reg[0]/C
  -------------------------------------------------------------------    -------------------
    SLICE_X65Y72         FDRE (Prop_fdre_C_Q)         0.141    -0.457 r  rt_dest1_s_reg[0]/Q
                         net (fo=1, routed)           0.087    -0.370    execute_inst/write_reg1_s_reg[3][0]
    SLICE_X64Y72         LUT3 (Prop_lut3_I2_O)        0.045    -0.325 r  execute_inst/write_reg1_s[0]_i_1/O
                         net (fo=1, routed)           0.000    -0.325    write_reg0_s[0]
    SLICE_X64Y72         FDRE                                         r  write_reg1_s_reg[0]/D
  -------------------------------------------------------------------    -------------------

                         (clock clk_out1_clk_wiz_0_1 rise edge)
                                                      0.000     0.000 r  
    W5                                                0.000     0.000 r  clk_in (IN)
                         net (fo=0)                   0.000     0.000    your_instance_name/inst/clk_in1
    W5                   IBUF (Prop_ibuf_I_O)         0.414     0.414 r  your_instance_name/inst/clkin1_ibufg/O
                         net (fo=1, routed)           0.480     0.894    your_instance_name/inst/clk_in1_clk_wiz_0
    MMCME2_ADV_X1Y0      MMCME2_ADV (Prop_mmcme2_adv_CLKIN1_CLKOUT0)
                                                     -3.142    -2.248 r  your_instance_name/inst/mmcm_adv_inst/CLKOUT0
                         net (fo=1, routed)           0.530    -1.718    your_instance_name/inst/clk_out1_clk_wiz_0
    BUFGCTRL_X0Y1        BUFG (Prop_bufg_I_O)         0.029    -1.689 r  your_instance_name/inst/clkout1_buf/O
                         net (fo=380, routed)         0.850    -0.839    clk
    SLICE_X64Y72         FDRE                                         r  write_reg1_s_reg[0]/C
                         clock pessimism              0.254    -0.585    
    SLICE_X64Y72         FDRE (Hold_fdre_C_D)         0.120    -0.465    write_reg1_s_reg[0]
  -------------------------------------------------------------------
                         required time                          0.465    
                         arrival time                          -0.325    
  -------------------------------------------------------------------
                         slack                                  0.140    





Pulse Width Checks
--------------------------------------------------------------------------------------
Clock Name:         clk_out1_clk_wiz_0_1
Waveform(ns):       { 0.000 5.882 }
Period(ns):         11.765
Sources:            { your_instance_name/inst/mmcm_adv_inst/CLKOUT0 }

Check Type        Corner  Lib Pin             Reference Pin  Required(ns)  Actual(ns)  Slack(ns)  Location         Pin
Min Period        n/a     BUFG/I              n/a            2.155         11.765      9.610      BUFGCTRL_X0Y0    n_0_788_BUFG_inst/I
Max Period        n/a     MMCME2_ADV/CLKOUT0  n/a            213.360       11.765      201.595    MMCME2_ADV_X1Y0  your_instance_name/inst/mmcm_adv_inst/CLKOUT0
Low Pulse Width   Slow    RAMD32/CLK          n/a            1.250         5.882       4.632      SLICE_X60Y72     decode_inst/registerfile_inst/register_array_reg_r1_0_31_0_5/RAMA/CLK
High Pulse Width  Slow    RAMD32/CLK          n/a            1.250         5.882       4.632      SLICE_X60Y72     decode_inst/registerfile_inst/register_array_reg_r1_0_31_0_5/RAMA/CLK



---------------------------------------------------------------------------------------------------
From Clock:  clkfbout_clk_wiz_0_1
  To Clock:  clkfbout_clk_wiz_0_1

Setup :           NA  Failing Endpoints,  Worst Slack           NA  ,  Total Violation           NA
Hold  :           NA  Failing Endpoints,  Worst Slack           NA  ,  Total Violation           NA
PW    :            0  Failing Endpoints,  Worst Slack       37.845ns,  Total Violation        0.000ns
---------------------------------------------------------------------------------------------------


Pulse Width Checks
--------------------------------------------------------------------------------------
Clock Name:         clkfbout_clk_wiz_0_1
Waveform(ns):       { 0.000 20.000 }
Period(ns):         40.000
Sources:            { your_instance_name/inst/mmcm_adv_inst/CLKFBOUT }

Check Type  Corner  Lib Pin             Reference Pin  Required(ns)  Actual(ns)  Slack(ns)  Location         Pin
Min Period  n/a     BUFG/I              n/a            2.155         40.000      37.845     BUFGCTRL_X0Y2    your_instance_name/inst/clkf_buf/I
Max Period  n/a     MMCME2_ADV/CLKFBIN  n/a            100.000       40.000      60.000     MMCME2_ADV_X1Y0  your_instance_name/inst/mmcm_adv_inst/CLKFBIN



---------------------------------------------------------------------------------------------------
From Clock:  clk_out1_clk_wiz_0_1
  To Clock:  clk_out1_clk_wiz_0

Setup :            3  Failing Endpoints,  Worst Slack       -0.227ns,  Total Violation       -0.537ns
Hold  :            0  Failing Endpoints,  Worst Slack        0.025ns,  Total Violation        0.000ns
---------------------------------------------------------------------------------------------------


Max Delay Paths
--------------------------------------------------------------------------------------
Slack (VIOLATED) :        -0.227ns  (required time - arrival time)
  Source:                 alu_src1_s_reg/C
                            (rising edge-triggered cell FDRE clocked by clk_out1_clk_wiz_0_1  {rise@0.000ns fall@5.882ns period=11.765ns})
  Destination:            alu_result1_s_reg[29]/D
                            (rising edge-triggered cell FDRE clocked by clk_out1_clk_wiz_0  {rise@0.000ns fall@5.882ns period=11.765ns})
  Path Group:             clk_out1_clk_wiz_0
  Path Type:              Setup (Max at Slow Process Corner)
  Requirement:            11.765ns  (clk_out1_clk_wiz_0 rise@11.765ns - clk_out1_clk_wiz_0_1 rise@0.000ns)
  Data Path Delay:        11.855ns  (logic 2.564ns (21.629%)  route 9.291ns (78.371%))
  Logic Levels:           17  (LUT3=1 LUT4=1 LUT5=4 LUT6=11)
  Clock Path Skew:        -0.103ns (DCD - SCD + CPR)
    Destination Clock Delay (DCD):    -1.566ns = ( 10.199 - 11.765 ) 
    Source Clock Delay      (SCD):    -0.901ns
    Clock Pessimism Removal (CPR):    0.562ns
  Clock Uncertainty:      0.115ns  ((TSJ^2 + DJ^2)^1/2) / 2 + PE
    Total System Jitter     (TSJ):    0.071ns
    Discrete Jitter          (DJ):    0.219ns
    Phase Error              (PE):    0.000ns
  Clock Domain Crossing:  Inter clock paths are considered valid unless explicitly excluded by timing constraints such as set_clock_groups or set_false_path.

    Location             Delay type                Incr(ns)  Path(ns)    Netlist Resource(s)
  -------------------------------------------------------------------    -------------------
                         (clock clk_out1_clk_wiz_0_1 rise edge)
                                                      0.000     0.000 r  
    W5                                                0.000     0.000 r  clk_in (IN)
                         net (fo=0)                   0.000     0.000    your_instance_name/inst/clk_in1
    W5                   IBUF (Prop_ibuf_I_O)         1.458     1.458 r  your_instance_name/inst/clkin1_ibufg/O
                         net (fo=1, routed)           1.233     2.691    your_instance_name/inst/clk_in1_clk_wiz_0
    MMCME2_ADV_X1Y0      MMCME2_ADV (Prop_mmcme2_adv_CLKIN1_CLKOUT0)
                                                     -6.961    -4.269 r  your_instance_name/inst/mmcm_adv_inst/CLKOUT0
                         net (fo=1, routed)           1.661    -2.608    your_instance_name/inst/clk_out1_clk_wiz_0
    BUFGCTRL_X0Y1        BUFG (Prop_bufg_I_O)         0.096    -2.512 r  your_instance_name/inst/clkout1_buf/O
                         net (fo=380, routed)         1.611    -0.901    clk
    SLICE_X61Y78         FDRE                                         r  alu_src1_s_reg/C
  -------------------------------------------------------------------    -------------------
    SLICE_X61Y78         FDRE (Prop_fdre_C_Q)         0.456    -0.445 r  alu_src1_s_reg/Q
                         net (fo=188, routed)         0.733     0.288    execute_inst/alu_src1_s
    SLICE_X61Y75         LUT3 (Prop_lut3_I1_O)        0.124     0.412 r  execute_inst/alu_result1_s[1]_i_4/O
                         net (fo=47, routed)          0.577     0.990    execute_inst/b_s[1]
    SLICE_X60Y75         LUT6 (Prop_lut6_I2_O)        0.124     1.114 r  execute_inst/alu_result1_s[7]_i_32/O
                         net (fo=3, routed)           0.351     1.465    execute_inst/mul_comp/prod_inst/gen_reduce_slv_l.wrapper_left_inst/gen_reduce_slv_l.wrapper_left_inst/gen_reduce_slv_l.wrapper_left_inst/gen_two_slv_l.add_inst/c_s_3
    SLICE_X60Y74         LUT6 (Prop_lut6_I1_O)        0.124     1.589 r  execute_inst/alu_result1_s[7]_i_24/O
                         net (fo=4, routed)           0.185     1.773    execute_inst/mul_comp/prod_inst/gen_reduce_slv_l.wrapper_left_inst/gen_reduce_slv_l.wrapper_left_inst/gen_reduce_slv_l.wrapper_left_inst/gen_two_slv_l.add_inst/c_s_5
    SLICE_X60Y74         LUT6 (Prop_lut6_I1_O)        0.124     1.897 r  execute_inst/alu_result1_s[8]_i_25/O
                         net (fo=4, routed)           0.429     2.326    execute_inst/mul_comp/prod_inst/gen_reduce_slv_l.wrapper_left_inst/gen_reduce_slv_l.wrapper_left_inst/gen_reduce_slv_l.wrapper_left_inst/gen_two_slv_l.add_inst/c_s_7
    SLICE_X59Y74         LUT6 (Prop_lut6_I1_O)        0.124     2.450 r  execute_inst/alu_result1_s[10]_i_29/O
                         net (fo=4, routed)           0.651     3.101    execute_inst/mul_comp/prod_inst/gen_reduce_slv_l.wrapper_left_inst/gen_reduce_slv_l.wrapper_left_inst/gen_reduce_slv_l.wrapper_left_inst/gen_two_slv_l.add_inst/c_s_9
    SLICE_X57Y73         LUT6 (Prop_lut6_I1_O)        0.124     3.225 r  execute_inst/alu_result1_s[14]_i_75/O
                         net (fo=4, routed)           0.541     3.766    execute_inst/mul_comp/prod_inst/gen_reduce_slv_l.wrapper_left_inst/gen_reduce_slv_l.wrapper_left_inst/gen_reduce_slv_l.wrapper_left_inst/gen_two_slv_l.add_inst/c_s_11
    SLICE_X56Y73         LUT6 (Prop_lut6_I1_O)        0.124     3.890 r  execute_inst/alu_result1_s[14]_i_66/O
                         net (fo=6, routed)           0.357     4.247    execute_inst/mul_comp/prod_inst/gen_reduce_slv_l.wrapper_left_inst/gen_reduce_slv_l.wrapper_left_inst/gen_reduce_slv_l.wrapper_left_inst/gen_two_slv_l.add_inst/c_s_13
    SLICE_X54Y73         LUT6 (Prop_lut6_I0_O)        0.124     4.371 r  execute_inst/alu_result1_s[17]_i_39/O
                         net (fo=3, routed)           0.695     5.066    execute_inst/mul_comp/prod_inst/gen_reduce_slv_l.wrapper_left_inst/gen_reduce_slv_l.wrapper_left_inst/gen_reduce_slv_l.wrapper_left_inst/gen_two_slv_l.add_inst/p_16_in
    SLICE_X54Y73         LUT5 (Prop_lut5_I1_O)        0.124     5.190 r  execute_inst/alu_result1_s[17]_i_23/O
                         net (fo=6, routed)           0.339     5.529    execute_inst/mul_comp/prod_inst/gen_reduce_slv_l.wrapper_left_inst/gen_reduce_slv_l.wrapper_left_inst/gen_reduce_slv_l.add_inst/c_s_14
    SLICE_X54Y74         LUT6 (Prop_lut6_I1_O)        0.124     5.653 f  execute_inst/alu_result1_s[18]_i_13/O
                         net (fo=3, routed)           0.865     6.518    execute_inst/mul_comp/prod_inst/gen_reduce_slv_l.wrapper_left_inst/gen_reduce_slv_l.wrapper_left_inst/gen_reduce_slv_l.add_inst/p_18_in
    SLICE_X53Y74         LUT5 (Prop_lut5_I3_O)        0.124     6.642 f  execute_inst/alu_result1_s[21]_i_12/O
                         net (fo=5, routed)           0.648     7.290    execute_inst/mul_comp/prod_inst/gen_reduce_slv_l.wrapper_left_inst/gen_reduce_slv_l.add_inst/c_s_15
    SLICE_X51Y75         LUT4 (Prop_lut4_I1_O)        0.124     7.414 r  execute_inst/alu_result1_s[25]_i_27/O
                         net (fo=2, routed)           0.496     7.910    execute_inst/alu_result1_s[25]_i_27_n_1
    SLICE_X51Y76         LUT6 (Prop_lut6_I0_O)        0.124     8.034 f  execute_inst/alu_result1_s[25]_i_13/O
                         net (fo=3, routed)           0.828     8.862    execute_inst/mul_comp/prod_inst/res_left_s[23]
    SLICE_X51Y77         LUT6 (Prop_lut6_I4_O)        0.124     8.986 r  execute_inst/alu_result1_s[25]_i_3/O
                         net (fo=5, routed)           0.591     9.577    execute_inst/alu_result1_s[25]_i_3_n_1
    SLICE_X53Y77         LUT5 (Prop_lut5_I2_O)        0.124     9.701 r  execute_inst/alu_result1_s[29]_i_11/O
                         net (fo=2, routed)           0.438    10.139    execute_inst/alu_result1_s[29]_i_11_n_1
    SLICE_X52Y78         LUT6 (Prop_lut6_I4_O)        0.124    10.263 r  execute_inst/alu_result1_s[29]_i_5/O
                         net (fo=1, routed)           0.567    10.830    execute_inst/alu32_inst/sll_comp/alu_result1_s_reg[29]_0
    SLICE_X52Y78         LUT5 (Prop_lut5_I3_O)        0.124    10.954 r  execute_inst/alu32_inst/sll_comp/alu_result1_s[29]_i_1/O
                         net (fo=1, routed)           0.000    10.954    alu_result0_s[29]
    SLICE_X52Y78         FDRE                                         r  alu_result1_s_reg[29]/D
  -------------------------------------------------------------------    -------------------

                         (clock clk_out1_clk_wiz_0 rise edge)
                                                     11.765    11.765 r  
    W5                                                0.000    11.765 r  clk_in (IN)
                         net (fo=0)                   0.000    11.765    your_instance_name/inst/clk_in1
    W5                   IBUF (Prop_ibuf_I_O)         1.388    13.153 r  your_instance_name/inst/clkin1_ibufg/O
                         net (fo=1, routed)           1.162    14.315    your_instance_name/inst/clk_in1_clk_wiz_0
    MMCME2_ADV_X1Y0      MMCME2_ADV (Prop_mmcme2_adv_CLKIN1_CLKOUT0)
                                                     -7.217     7.097 r  your_instance_name/inst/mmcm_adv_inst/CLKOUT0
                         net (fo=1, routed)           1.581     8.678    your_instance_name/inst/clk_out1_clk_wiz_0
    BUFGCTRL_X0Y1        BUFG (Prop_bufg_I_O)         0.091     8.769 r  your_instance_name/inst/clkout1_buf/O
                         net (fo=380, routed)         1.430    10.199    clk
    SLICE_X52Y78         FDRE                                         r  alu_result1_s_reg[29]/C
                         clock pessimism              0.562    10.761    
                         clock uncertainty           -0.115    10.646    
    SLICE_X52Y78         FDRE (Setup_fdre_C_D)        0.081    10.727    alu_result1_s_reg[29]
  -------------------------------------------------------------------
                         required time                         10.727    
                         arrival time                         -10.954    
  -------------------------------------------------------------------
                         slack                                 -0.227    





Min Delay Paths
--------------------------------------------------------------------------------------
Slack (MET) :             0.025ns  (arrival time - required time)
  Source:                 rt_dest1_s_reg[0]/C
                            (rising edge-triggered cell FDRE clocked by clk_out1_clk_wiz_0_1  {rise@0.000ns fall@5.882ns period=11.765ns})
  Destination:            write_reg1_s_reg[0]/D
                            (rising edge-triggered cell FDRE clocked by clk_out1_clk_wiz_0  {rise@0.000ns fall@5.882ns period=11.765ns})
  Path Group:             clk_out1_clk_wiz_0
  Path Type:              Hold (Min at Fast Process Corner)
  Requirement:            0.000ns  (clk_out1_clk_wiz_0 rise@0.000ns - clk_out1_clk_wiz_0_1 rise@0.000ns)
  Data Path Delay:        0.273ns  (logic 0.186ns (68.106%)  route 0.087ns (31.894%))
  Logic Levels:           1  (LUT3=1)
  Clock Path Skew:        0.013ns (DCD - SCD - CPR)
    Destination Clock Delay (DCD):    -0.839ns
    Source Clock Delay      (SCD):    -0.598ns
    Clock Pessimism Removal (CPR):    -0.254ns
  Clock Uncertainty:      0.115ns  ((TSJ^2 + DJ^2)^1/2) / 2 + PE
    Total System Jitter     (TSJ):    0.071ns
    Discrete Jitter          (DJ):    0.219ns
    Phase Error              (PE):    0.000ns
  Clock Domain Crossing:  Inter clock paths are considered valid unless explicitly excluded by timing constraints such as set_clock_groups or set_false_path.

    Location             Delay type                Incr(ns)  Path(ns)    Netlist Resource(s)
  -------------------------------------------------------------------    -------------------
                         (clock clk_out1_clk_wiz_0_1 rise edge)
                                                      0.000     0.000 r  
    W5                                                0.000     0.000 r  clk_in (IN)
                         net (fo=0)                   0.000     0.000    your_instance_name/inst/clk_in1
    W5                   IBUF (Prop_ibuf_I_O)         0.226     0.226 r  your_instance_name/inst/clkin1_ibufg/O
                         net (fo=1, routed)           0.440     0.667    your_instance_name/inst/clk_in1_clk_wiz_0
    MMCME2_ADV_X1Y0      MMCME2_ADV (Prop_mmcme2_adv_CLKIN1_CLKOUT0)
                                                     -2.360    -1.693 r  your_instance_name/inst/mmcm_adv_inst/CLKOUT0
                         net (fo=1, routed)           0.486    -1.207    your_instance_name/inst/clk_out1_clk_wiz_0
    BUFGCTRL_X0Y1        BUFG (Prop_bufg_I_O)         0.026    -1.181 r  your_instance_name/inst/clkout1_buf/O
                         net (fo=380, routed)         0.583    -0.598    clk
    SLICE_X65Y72         FDRE                                         r  rt_dest1_s_reg[0]/C
  -------------------------------------------------------------------    -------------------
    SLICE_X65Y72         FDRE (Prop_fdre_C_Q)         0.141    -0.457 r  rt_dest1_s_reg[0]/Q
                         net (fo=1, routed)           0.087    -0.370    execute_inst/write_reg1_s_reg[3][0]
    SLICE_X64Y72         LUT3 (Prop_lut3_I2_O)        0.045    -0.325 r  execute_inst/write_reg1_s[0]_i_1/O
                         net (fo=1, routed)           0.000    -0.325    write_reg0_s[0]
    SLICE_X64Y72         FDRE                                         r  write_reg1_s_reg[0]/D
  -------------------------------------------------------------------    -------------------

                         (clock clk_out1_clk_wiz_0 rise edge)
                                                      0.000     0.000 r  
    W5                                                0.000     0.000 r  clk_in (IN)
                         net (fo=0)                   0.000     0.000    your_instance_name/inst/clk_in1
    W5                   IBUF (Prop_ibuf_I_O)         0.414     0.414 r  your_instance_name/inst/clkin1_ibufg/O
                         net (fo=1, routed)           0.480     0.894    your_instance_name/inst/clk_in1_clk_wiz_0
    MMCME2_ADV_X1Y0      MMCME2_ADV (Prop_mmcme2_adv_CLKIN1_CLKOUT0)
                                                     -3.142    -2.248 r  your_instance_name/inst/mmcm_adv_inst/CLKOUT0
                         net (fo=1, routed)           0.530    -1.718    your_instance_name/inst/clk_out1_clk_wiz_0
    BUFGCTRL_X0Y1        BUFG (Prop_bufg_I_O)         0.029    -1.689 r  your_instance_name/inst/clkout1_buf/O
                         net (fo=380, routed)         0.850    -0.839    clk
    SLICE_X64Y72         FDRE                                         r  write_reg1_s_reg[0]/C
                         clock pessimism              0.254    -0.585    
                         clock uncertainty            0.115    -0.470    
    SLICE_X64Y72         FDRE (Hold_fdre_C_D)         0.120    -0.350    write_reg1_s_reg[0]
  -------------------------------------------------------------------
                         required time                          0.350    
                         arrival time                          -0.325    
  -------------------------------------------------------------------
                         slack                                  0.025    





---------------------------------------------------------------------------------------------------
From Clock:  clk_out1_clk_wiz_0
  To Clock:  clk_out1_clk_wiz_0_1

Setup :            3  Failing Endpoints,  Worst Slack       -0.227ns,  Total Violation       -0.537ns
Hold  :            0  Failing Endpoints,  Worst Slack        0.025ns,  Total Violation        0.000ns
---------------------------------------------------------------------------------------------------


Max Delay Paths
--------------------------------------------------------------------------------------
Slack (VIOLATED) :        -0.227ns  (required time - arrival time)
  Source:                 alu_src1_s_reg/C
                            (rising edge-triggered cell FDRE clocked by clk_out1_clk_wiz_0  {rise@0.000ns fall@5.882ns period=11.765ns})
  Destination:            alu_result1_s_reg[29]/D
                            (rising edge-triggered cell FDRE clocked by clk_out1_clk_wiz_0_1  {rise@0.000ns fall@5.882ns period=11.765ns})
  Path Group:             clk_out1_clk_wiz_0_1
  Path Type:              Setup (Max at Slow Process Corner)
  Requirement:            11.765ns  (clk_out1_clk_wiz_0_1 rise@11.765ns - clk_out1_clk_wiz_0 rise@0.000ns)
  Data Path Delay:        11.855ns  (logic 2.564ns (21.629%)  route 9.291ns (78.371%))
  Logic Levels:           17  (LUT3=1 LUT4=1 LUT5=4 LUT6=11)
  Clock Path Skew:        -0.103ns (DCD - SCD + CPR)
    Destination Clock Delay (DCD):    -1.566ns = ( 10.199 - 11.765 ) 
    Source Clock Delay      (SCD):    -0.901ns
    Clock Pessimism Removal (CPR):    0.562ns
  Clock Uncertainty:      0.115ns  ((TSJ^2 + DJ^2)^1/2) / 2 + PE
    Total System Jitter     (TSJ):    0.071ns
    Discrete Jitter          (DJ):    0.219ns
    Phase Error              (PE):    0.000ns
  Clock Domain Crossing:  Inter clock paths are considered valid unless explicitly excluded by timing constraints such as set_clock_groups or set_false_path.

    Location             Delay type                Incr(ns)  Path(ns)    Netlist Resource(s)
  -------------------------------------------------------------------    -------------------
                         (clock clk_out1_clk_wiz_0 rise edge)
                                                      0.000     0.000 r  
    W5                                                0.000     0.000 r  clk_in (IN)
                         net (fo=0)                   0.000     0.000    your_instance_name/inst/clk_in1
    W5                   IBUF (Prop_ibuf_I_O)         1.458     1.458 r  your_instance_name/inst/clkin1_ibufg/O
                         net (fo=1, routed)           1.233     2.691    your_instance_name/inst/clk_in1_clk_wiz_0
    MMCME2_ADV_X1Y0      MMCME2_ADV (Prop_mmcme2_adv_CLKIN1_CLKOUT0)
                                                     -6.961    -4.269 r  your_instance_name/inst/mmcm_adv_inst/CLKOUT0
                         net (fo=1, routed)           1.661    -2.608    your_instance_name/inst/clk_out1_clk_wiz_0
    BUFGCTRL_X0Y1        BUFG (Prop_bufg_I_O)         0.096    -2.512 r  your_instance_name/inst/clkout1_buf/O
                         net (fo=380, routed)         1.611    -0.901    clk
    SLICE_X61Y78         FDRE                                         r  alu_src1_s_reg/C
  -------------------------------------------------------------------    -------------------
    SLICE_X61Y78         FDRE (Prop_fdre_C_Q)         0.456    -0.445 r  alu_src1_s_reg/Q
                         net (fo=188, routed)         0.733     0.288    execute_inst/alu_src1_s
    SLICE_X61Y75         LUT3 (Prop_lut3_I1_O)        0.124     0.412 r  execute_inst/alu_result1_s[1]_i_4/O
                         net (fo=47, routed)          0.577     0.990    execute_inst/b_s[1]
    SLICE_X60Y75         LUT6 (Prop_lut6_I2_O)        0.124     1.114 r  execute_inst/alu_result1_s[7]_i_32/O
                         net (fo=3, routed)           0.351     1.465    execute_inst/mul_comp/prod_inst/gen_reduce_slv_l.wrapper_left_inst/gen_reduce_slv_l.wrapper_left_inst/gen_reduce_slv_l.wrapper_left_inst/gen_two_slv_l.add_inst/c_s_3
    SLICE_X60Y74         LUT6 (Prop_lut6_I1_O)        0.124     1.589 r  execute_inst/alu_result1_s[7]_i_24/O
                         net (fo=4, routed)           0.185     1.773    execute_inst/mul_comp/prod_inst/gen_reduce_slv_l.wrapper_left_inst/gen_reduce_slv_l.wrapper_left_inst/gen_reduce_slv_l.wrapper_left_inst/gen_two_slv_l.add_inst/c_s_5
    SLICE_X60Y74         LUT6 (Prop_lut6_I1_O)        0.124     1.897 r  execute_inst/alu_result1_s[8]_i_25/O
                         net (fo=4, routed)           0.429     2.326    execute_inst/mul_comp/prod_inst/gen_reduce_slv_l.wrapper_left_inst/gen_reduce_slv_l.wrapper_left_inst/gen_reduce_slv_l.wrapper_left_inst/gen_two_slv_l.add_inst/c_s_7
    SLICE_X59Y74         LUT6 (Prop_lut6_I1_O)        0.124     2.450 r  execute_inst/alu_result1_s[10]_i_29/O
                         net (fo=4, routed)           0.651     3.101    execute_inst/mul_comp/prod_inst/gen_reduce_slv_l.wrapper_left_inst/gen_reduce_slv_l.wrapper_left_inst/gen_reduce_slv_l.wrapper_left_inst/gen_two_slv_l.add_inst/c_s_9
    SLICE_X57Y73         LUT6 (Prop_lut6_I1_O)        0.124     3.225 r  execute_inst/alu_result1_s[14]_i_75/O
                         net (fo=4, routed)           0.541     3.766    execute_inst/mul_comp/prod_inst/gen_reduce_slv_l.wrapper_left_inst/gen_reduce_slv_l.wrapper_left_inst/gen_reduce_slv_l.wrapper_left_inst/gen_two_slv_l.add_inst/c_s_11
    SLICE_X56Y73         LUT6 (Prop_lut6_I1_O)        0.124     3.890 r  execute_inst/alu_result1_s[14]_i_66/O
                         net (fo=6, routed)           0.357     4.247    execute_inst/mul_comp/prod_inst/gen_reduce_slv_l.wrapper_left_inst/gen_reduce_slv_l.wrapper_left_inst/gen_reduce_slv_l.wrapper_left_inst/gen_two_slv_l.add_inst/c_s_13
    SLICE_X54Y73         LUT6 (Prop_lut6_I0_O)        0.124     4.371 r  execute_inst/alu_result1_s[17]_i_39/O
                         net (fo=3, routed)           0.695     5.066    execute_inst/mul_comp/prod_inst/gen_reduce_slv_l.wrapper_left_inst/gen_reduce_slv_l.wrapper_left_inst/gen_reduce_slv_l.wrapper_left_inst/gen_two_slv_l.add_inst/p_16_in
    SLICE_X54Y73         LUT5 (Prop_lut5_I1_O)        0.124     5.190 r  execute_inst/alu_result1_s[17]_i_23/O
                         net (fo=6, routed)           0.339     5.529    execute_inst/mul_comp/prod_inst/gen_reduce_slv_l.wrapper_left_inst/gen_reduce_slv_l.wrapper_left_inst/gen_reduce_slv_l.add_inst/c_s_14
    SLICE_X54Y74         LUT6 (Prop_lut6_I1_O)        0.124     5.653 f  execute_inst/alu_result1_s[18]_i_13/O
                         net (fo=3, routed)           0.865     6.518    execute_inst/mul_comp/prod_inst/gen_reduce_slv_l.wrapper_left_inst/gen_reduce_slv_l.wrapper_left_inst/gen_reduce_slv_l.add_inst/p_18_in
    SLICE_X53Y74         LUT5 (Prop_lut5_I3_O)        0.124     6.642 f  execute_inst/alu_result1_s[21]_i_12/O
                         net (fo=5, routed)           0.648     7.290    execute_inst/mul_comp/prod_inst/gen_reduce_slv_l.wrapper_left_inst/gen_reduce_slv_l.add_inst/c_s_15
    SLICE_X51Y75         LUT4 (Prop_lut4_I1_O)        0.124     7.414 r  execute_inst/alu_result1_s[25]_i_27/O
                         net (fo=2, routed)           0.496     7.910    execute_inst/alu_result1_s[25]_i_27_n_1
    SLICE_X51Y76         LUT6 (Prop_lut6_I0_O)        0.124     8.034 f  execute_inst/alu_result1_s[25]_i_13/O
                         net (fo=3, routed)           0.828     8.862    execute_inst/mul_comp/prod_inst/res_left_s[23]
    SLICE_X51Y77         LUT6 (Prop_lut6_I4_O)        0.124     8.986 r  execute_inst/alu_result1_s[25]_i_3/O
                         net (fo=5, routed)           0.591     9.577    execute_inst/alu_result1_s[25]_i_3_n_1
    SLICE_X53Y77         LUT5 (Prop_lut5_I2_O)        0.124     9.701 r  execute_inst/alu_result1_s[29]_i_11/O
                         net (fo=2, routed)           0.438    10.139    execute_inst/alu_result1_s[29]_i_11_n_1
    SLICE_X52Y78         LUT6 (Prop_lut6_I4_O)        0.124    10.263 r  execute_inst/alu_result1_s[29]_i_5/O
                         net (fo=1, routed)           0.567    10.830    execute_inst/alu32_inst/sll_comp/alu_result1_s_reg[29]_0
    SLICE_X52Y78         LUT5 (Prop_lut5_I3_O)        0.124    10.954 r  execute_inst/alu32_inst/sll_comp/alu_result1_s[29]_i_1/O
                         net (fo=1, routed)           0.000    10.954    alu_result0_s[29]
    SLICE_X52Y78         FDRE                                         r  alu_result1_s_reg[29]/D
  -------------------------------------------------------------------    -------------------

                         (clock clk_out1_clk_wiz_0_1 rise edge)
                                                     11.765    11.765 r  
    W5                                                0.000    11.765 r  clk_in (IN)
                         net (fo=0)                   0.000    11.765    your_instance_name/inst/clk_in1
    W5                   IBUF (Prop_ibuf_I_O)         1.388    13.153 r  your_instance_name/inst/clkin1_ibufg/O
                         net (fo=1, routed)           1.162    14.315    your_instance_name/inst/clk_in1_clk_wiz_0
    MMCME2_ADV_X1Y0      MMCME2_ADV (Prop_mmcme2_adv_CLKIN1_CLKOUT0)
                                                     -7.217     7.097 r  your_instance_name/inst/mmcm_adv_inst/CLKOUT0
                         net (fo=1, routed)           1.581     8.678    your_instance_name/inst/clk_out1_clk_wiz_0
    BUFGCTRL_X0Y1        BUFG (Prop_bufg_I_O)         0.091     8.769 r  your_instance_name/inst/clkout1_buf/O
                         net (fo=380, routed)         1.430    10.199    clk
    SLICE_X52Y78         FDRE                                         r  alu_result1_s_reg[29]/C
                         clock pessimism              0.562    10.761    
                         clock uncertainty           -0.115    10.646    
    SLICE_X52Y78         FDRE (Setup_fdre_C_D)        0.081    10.727    alu_result1_s_reg[29]
  -------------------------------------------------------------------
                         required time                         10.727    
                         arrival time                         -10.954    
  -------------------------------------------------------------------
                         slack                                 -0.227    





Min Delay Paths
--------------------------------------------------------------------------------------
Slack (MET) :             0.025ns  (arrival time - required time)
  Source:                 rt_dest1_s_reg[0]/C
                            (rising edge-triggered cell FDRE clocked by clk_out1_clk_wiz_0  {rise@0.000ns fall@5.882ns period=11.765ns})
  Destination:            write_reg1_s_reg[0]/D
                            (rising edge-triggered cell FDRE clocked by clk_out1_clk_wiz_0_1  {rise@0.000ns fall@5.882ns period=11.765ns})
  Path Group:             clk_out1_clk_wiz_0_1
  Path Type:              Hold (Min at Fast Process Corner)
  Requirement:            0.000ns  (clk_out1_clk_wiz_0_1 rise@0.000ns - clk_out1_clk_wiz_0 rise@0.000ns)
  Data Path Delay:        0.273ns  (logic 0.186ns (68.106%)  route 0.087ns (31.894%))
  Logic Levels:           1  (LUT3=1)
  Clock Path Skew:        0.013ns (DCD - SCD - CPR)
    Destination Clock Delay (DCD):    -0.839ns
    Source Clock Delay      (SCD):    -0.598ns
    Clock Pessimism Removal (CPR):    -0.254ns
  Clock Uncertainty:      0.115ns  ((TSJ^2 + DJ^2)^1/2) / 2 + PE
    Total System Jitter     (TSJ):    0.071ns
    Discrete Jitter          (DJ):    0.219ns
    Phase Error              (PE):    0.000ns
  Clock Domain Crossing:  Inter clock paths are considered valid unless explicitly excluded by timing constraints such as set_clock_groups or set_false_path.

    Location             Delay type                Incr(ns)  Path(ns)    Netlist Resource(s)
  -------------------------------------------------------------------    -------------------
                         (clock clk_out1_clk_wiz_0 rise edge)
                                                      0.000     0.000 r  
    W5                                                0.000     0.000 r  clk_in (IN)
                         net (fo=0)                   0.000     0.000    your_instance_name/inst/clk_in1
    W5                   IBUF (Prop_ibuf_I_O)         0.226     0.226 r  your_instance_name/inst/clkin1_ibufg/O
                         net (fo=1, routed)           0.440     0.667    your_instance_name/inst/clk_in1_clk_wiz_0
    MMCME2_ADV_X1Y0      MMCME2_ADV (Prop_mmcme2_adv_CLKIN1_CLKOUT0)
                                                     -2.360    -1.693 r  your_instance_name/inst/mmcm_adv_inst/CLKOUT0
                         net (fo=1, routed)           0.486    -1.207    your_instance_name/inst/clk_out1_clk_wiz_0
    BUFGCTRL_X0Y1        BUFG (Prop_bufg_I_O)         0.026    -1.181 r  your_instance_name/inst/clkout1_buf/O
                         net (fo=380, routed)         0.583    -0.598    clk
    SLICE_X65Y72         FDRE                                         r  rt_dest1_s_reg[0]/C
  -------------------------------------------------------------------    -------------------
    SLICE_X65Y72         FDRE (Prop_fdre_C_Q)         0.141    -0.457 r  rt_dest1_s_reg[0]/Q
                         net (fo=1, routed)           0.087    -0.370    execute_inst/write_reg1_s_reg[3][0]
    SLICE_X64Y72         LUT3 (Prop_lut3_I2_O)        0.045    -0.325 r  execute_inst/write_reg1_s[0]_i_1/O
                         net (fo=1, routed)           0.000    -0.325    write_reg0_s[0]
    SLICE_X64Y72         FDRE                                         r  write_reg1_s_reg[0]/D
  -------------------------------------------------------------------    -------------------

                         (clock clk_out1_clk_wiz_0_1 rise edge)
                                                      0.000     0.000 r  
    W5                                                0.000     0.000 r  clk_in (IN)
                         net (fo=0)                   0.000     0.000    your_instance_name/inst/clk_in1
    W5                   IBUF (Prop_ibuf_I_O)         0.414     0.414 r  your_instance_name/inst/clkin1_ibufg/O
                         net (fo=1, routed)           0.480     0.894    your_instance_name/inst/clk_in1_clk_wiz_0
    MMCME2_ADV_X1Y0      MMCME2_ADV (Prop_mmcme2_adv_CLKIN1_CLKOUT0)
                                                     -3.142    -2.248 r  your_instance_name/inst/mmcm_adv_inst/CLKOUT0
                         net (fo=1, routed)           0.530    -1.718    your_instance_name/inst/clk_out1_clk_wiz_0
    BUFGCTRL_X0Y1        BUFG (Prop_bufg_I_O)         0.029    -1.689 r  your_instance_name/inst/clkout1_buf/O
                         net (fo=380, routed)         0.850    -0.839    clk
    SLICE_X64Y72         FDRE                                         r  write_reg1_s_reg[0]/C
                         clock pessimism              0.254    -0.585    
                         clock uncertainty            0.115    -0.470    
    SLICE_X64Y72         FDRE (Hold_fdre_C_D)         0.120    -0.350    write_reg1_s_reg[0]
  -------------------------------------------------------------------
                         required time                          0.350    
                         arrival time                          -0.325    
  -------------------------------------------------------------------
                         slack                                  0.025    





