Copyright 1986-2022 Xilinx, Inc. All Rights Reserved. Copyright 2022-2025 Advanced Micro Devices, Inc. All Rights Reserved.
---------------------------------------------------------------------------------------------------------------------------------------------
| Tool Version : Vivado v.2025.2 (lin64) Build 6299465 Fri Nov 14 12:34:56 MST 2025
| Date         : Thu Apr 23 19:02:40 2026
| Host         : infinity running 64-bit Arch Linux
| Command      : report_timing_summary -file timing_10MHz.rpt
| Design       : proc
| Device       : 7a35t-cpg236
| Speed File   : -1  PRODUCTION 1.23 2018-06-13
| Design State : Routed
---------------------------------------------------------------------------------------------------------------------------------------------

Timing Summary Report

------------------------------------------------------------------------------------------------
| Timer Settings
| --------------
------------------------------------------------------------------------------------------------

  Enable Multi Corner Analysis               :  Yes
  Enable Pessimism Removal                   :  Yes
  Pessimism Removal Resolution               :  Nearest Common Node
  Enable Input Delay Default Clock           :  No
  Enable Preset / Clear Arcs                 :  No
  Disable Flight Delays                      :  No
  Ignore I/O Paths                           :  No
  Timing Early Launch at Borrowing Latches   :  No
  Borrow Time for Max Delay Exceptions       :  Yes
  Merge Timing Exceptions                    :  Yes
  Inter-SLR Compensation                     :  Conservative

  Corner  Analyze    Analyze    
  Name    Max Paths  Min Paths  
  ------  ---------  ---------  
  Slow    Yes        Yes        
  Fast    Yes        Yes        


------------------------------------------------------------------------------------------------
| Report Methodology
| ------------------
------------------------------------------------------------------------------------------------

Rule       Severity          Description                                                       Violations  
---------  ----------------  ----------------------------------------------------------------  ----------  
TIMING-6   Critical Warning  No common primary clock between related clocks                    2           
TIMING-14  Critical Warning  LUT on the clock tree                                             1           
SYNTH-5    Warning           Mapped onto distributed RAM because of timing constraints         128         
SYNTH-6    Warning           Timing of a RAM block might be sub-optimal                        2           
TIMING-56  Warning           Missing logically or physically excluded clock groups constraint  2           

Note: This report is based on the most recent report_methodology run and may not be up-to-date. Run report_methodology on the current design for the latest report.



check_timing report

Table of Contents
-----------------
1. checking no_clock (0)
2. checking constant_clock (0)
3. checking pulse_width_clock (0)
4. checking unconstrained_internal_endpoints (0)
5. checking no_input_delay (17)
6. checking no_output_delay (11)
7. checking multiple_clock (831)
8. checking generated_clocks (0)
9. checking loops (0)
10. checking partial_input_delay (0)
11. checking partial_output_delay (0)
12. checking latch_loops (0)

1. checking no_clock (0)
------------------------
 There are 0 register/latch pins with no clock.


2. checking constant_clock (0)
------------------------------
 There are 0 register/latch pins with constant_clock.


3. checking pulse_width_clock (0)
---------------------------------
 There are 0 register/latch pins which need pulse_width check


4. checking unconstrained_internal_endpoints (0)
------------------------------------------------
 There are 0 pins that are not constrained for maximum delay.

 There are 0 pins that are not constrained for maximum delay due to constant clock.


5. checking no_input_delay (17)
-------------------------------
 There are 17 input ports with no input delay specified. (HIGH)

 There are 0 input ports with no input delay but user has a false path constraint.


6. checking no_output_delay (11)
--------------------------------
 There are 11 ports with no output delay specified. (HIGH)

 There are 0 ports with no output delay but user has a false path constraint

 There are 0 ports with no output delay but with a timing clock defined on it or propagating through it


7. checking multiple_clock (831)
--------------------------------
 There are 831 register/latch pins with multiple clocks. (HIGH)


8. checking generated_clocks (0)
--------------------------------
 There are 0 generated clocks that are not connected to a clock source.


9. checking loops (0)
---------------------
 There are 0 combinational loops in the design.


10. checking partial_input_delay (0)
------------------------------------
 There are 0 input ports with partial input delay specified.


11. checking partial_output_delay (0)
-------------------------------------
 There are 0 ports with partial output delay specified.


12. checking latch_loops (0)
----------------------------
 There are 0 combinational latch loops in the design through latch input



------------------------------------------------------------------------------------------------
| Design Timing Summary
| ---------------------
------------------------------------------------------------------------------------------------

    WNS(ns)      TNS(ns)  TNS Failing Endpoints  TNS Total Endpoints      WHS(ns)      THS(ns)  THS Failing Endpoints  THS Total Endpoints     WPWS(ns)     TPWS(ns)  TPWS Failing Endpoints  TPWS Total Endpoints  
    -------      -------  ---------------------  -------------------      -------      -------  ---------------------  -------------------     --------     --------  ----------------------  --------------------  
     42.729        0.000                      0                 5551        0.028        0.000                      0                 5551        3.000        0.000                       0                   838  


All user specified timing constraints are met.


------------------------------------------------------------------------------------------------
| Clock Summary
| -------------
------------------------------------------------------------------------------------------------

Clock                   Waveform(ns)         Period(ns)      Frequency(MHz)
-----                   ------------         ----------      --------------
clk_in                  {0.000 5.000}        10.000          100.000         
  clk_out1_clk_wiz_0    {0.000 50.000}       100.000         10.000          
  clkfbout_clk_wiz_0    {0.000 10.000}       20.000          50.000          
sys_clk_pin             {0.000 5.000}        10.000          100.000         
  clk_out1_clk_wiz_0_1  {0.000 50.000}       100.000         10.000          
  clkfbout_clk_wiz_0_1  {0.000 10.000}       20.000          50.000          


------------------------------------------------------------------------------------------------
| Intra Clock Table
| -----------------
------------------------------------------------------------------------------------------------

Clock                       WNS(ns)      TNS(ns)  TNS Failing Endpoints  TNS Total Endpoints      WHS(ns)      THS(ns)  THS Failing Endpoints  THS Total Endpoints     WPWS(ns)     TPWS(ns)  TPWS Failing Endpoints  TPWS Total Endpoints  
-----                       -------      -------  ---------------------  -------------------      -------      -------  ---------------------  -------------------     --------     --------  ----------------------  --------------------  
clk_in                                                                                                                                                                    3.000        0.000                       0                     1  
  clk_out1_clk_wiz_0         42.729        0.000                      0                 5551        0.177        0.000                      0                 5551       48.750        0.000                       0                   834  
  clkfbout_clk_wiz_0                                                                                                                                                     17.845        0.000                       0                     3  
sys_clk_pin                                                                                                                                                               3.000        0.000                       0                     1  
  clk_out1_clk_wiz_0_1       42.739        0.000                      0                 5551        0.177        0.000                      0                 5551       48.750        0.000                       0                   834  
  clkfbout_clk_wiz_0_1                                                                                                                                                   17.845        0.000                       0                     3  


------------------------------------------------------------------------------------------------
| Inter Clock Table
| -----------------
------------------------------------------------------------------------------------------------

From Clock            To Clock                  WNS(ns)      TNS(ns)  TNS Failing Endpoints  TNS Total Endpoints      WHS(ns)      THS(ns)  THS Failing Endpoints  THS Total Endpoints  
----------            --------                  -------      -------  ---------------------  -------------------      -------      -------  ---------------------  -------------------  
clk_out1_clk_wiz_0_1  clk_out1_clk_wiz_0         42.729        0.000                      0                 5551        0.028        0.000                      0                 5551  
clk_out1_clk_wiz_0    clk_out1_clk_wiz_0_1       42.729        0.000                      0                 5551        0.028        0.000                      0                 5551  


------------------------------------------------------------------------------------------------
| Other Path Groups Table
| -----------------------
------------------------------------------------------------------------------------------------

Path Group    From Clock    To Clock          WNS(ns)      TNS(ns)  TNS Failing Endpoints  TNS Total Endpoints      WHS(ns)      THS(ns)  THS Failing Endpoints  THS Total Endpoints  
----------    ----------    --------          -------      -------  ---------------------  -------------------      -------      -------  ---------------------  -------------------  


------------------------------------------------------------------------------------------------
| Timing Details
| --------------
------------------------------------------------------------------------------------------------


---------------------------------------------------------------------------------------------------
From Clock:  clk_in
  To Clock:  clk_in

Setup :           NA  Failing Endpoints,  Worst Slack           NA  ,  Total Violation           NA
Hold  :           NA  Failing Endpoints,  Worst Slack           NA  ,  Total Violation           NA
PW    :            0  Failing Endpoints,  Worst Slack        3.000ns,  Total Violation        0.000ns
---------------------------------------------------------------------------------------------------


Pulse Width Checks
--------------------------------------------------------------------------------------
Clock Name:         clk_in
Waveform(ns):       { 0.000 5.000 }
Period(ns):         10.000
Sources:            { clk_in }

Check Type        Corner  Lib Pin            Reference Pin  Required(ns)  Actual(ns)  Slack(ns)  Location         Pin
Min Period        n/a     MMCME2_ADV/CLKIN1  n/a            1.249         10.000      8.751      MMCME2_ADV_X1Y0  your_instance_name/inst/mmcm_adv_inst/CLKIN1
Max Period        n/a     MMCME2_ADV/CLKIN1  n/a            100.000       10.000      90.000     MMCME2_ADV_X1Y0  your_instance_name/inst/mmcm_adv_inst/CLKIN1
Low Pulse Width   Slow    MMCME2_ADV/CLKIN1  n/a            2.000         5.000       3.000      MMCME2_ADV_X1Y0  your_instance_name/inst/mmcm_adv_inst/CLKIN1
High Pulse Width  Slow    MMCME2_ADV/CLKIN1  n/a            2.000         5.000       3.000      MMCME2_ADV_X1Y0  your_instance_name/inst/mmcm_adv_inst/CLKIN1



---------------------------------------------------------------------------------------------------
From Clock:  clk_out1_clk_wiz_0
  To Clock:  clk_out1_clk_wiz_0

Setup :            0  Failing Endpoints,  Worst Slack       42.729ns,  Total Violation        0.000ns
Hold  :            0  Failing Endpoints,  Worst Slack        0.177ns,  Total Violation        0.000ns
PW    :            0  Failing Endpoints,  Worst Slack       48.750ns,  Total Violation        0.000ns
---------------------------------------------------------------------------------------------------


Max Delay Paths
--------------------------------------------------------------------------------------
Slack (MET) :             42.729ns  (required time - arrival time)
  Source:                 alu_result1_s_reg[0]_rep__0/C
                            (rising edge-triggered cell FDRE clocked by clk_out1_clk_wiz_0  {rise@0.000ns fall@50.000ns period=100.000ns})
  Destination:            mem_inst/data_mem_inst/d_out_reg[3]/D
                            (falling edge-triggered cell FDRE clocked by clk_out1_clk_wiz_0  {rise@0.000ns fall@50.000ns period=100.000ns})
  Path Group:             clk_out1_clk_wiz_0
  Path Type:              Setup (Max at Slow Process Corner)
  Requirement:            50.000ns  (clk_out1_clk_wiz_0 fall@50.000ns - clk_out1_clk_wiz_0 rise@0.000ns)
  Data Path Delay:        7.176ns  (logic 3.609ns (50.286%)  route 3.568ns (49.714%))
  Logic Levels:           5  (LUT3=1 LUT6=1 MUXF7=1 MUXF8=1 RAMS64E=1)
  Clock Path Skew:        -0.023ns (DCD - SCD + CPR)
    Destination Clock Delay (DCD):    -1.555ns = ( 48.445 - 50.000 ) 
    Source Clock Delay      (SCD):    -0.956ns
    Clock Pessimism Removal (CPR):    0.576ns
  Clock Uncertainty:      0.149ns  ((TSJ^2 + DJ^2)^1/2) / 2 + PE
    Total System Jitter     (TSJ):    0.071ns
    Discrete Jitter          (DJ):    0.290ns
    Phase Error              (PE):    0.000ns

    Location             Delay type                Incr(ns)  Path(ns)    Netlist Resource(s)
  -------------------------------------------------------------------    -------------------
                         (clock clk_out1_clk_wiz_0 rise edge)
                                                      0.000     0.000 r  
    W5                                                0.000     0.000 r  clk_in (IN)
                         net (fo=0)                   0.000     0.000    your_instance_name/inst/clk_in1
    W5                   IBUF (Prop_ibuf_I_O)         1.458     1.458 r  your_instance_name/inst/clkin1_ibufg/O
                         net (fo=1, routed)           1.233     2.691    your_instance_name/inst/clk_in1_clk_wiz_0
    MMCME2_ADV_X1Y0      MMCME2_ADV (Prop_mmcme2_adv_CLKIN1_CLKOUT0)
                                                     -6.961    -4.269 r  your_instance_name/inst/mmcm_adv_inst/CLKOUT0
                         net (fo=1, routed)           1.661    -2.608    your_instance_name/inst/clk_out1_clk_wiz_0
    BUFGCTRL_X0Y1        BUFG (Prop_bufg_I_O)         0.096    -2.512 r  your_instance_name/inst/clkout1_buf/O
                         net (fo=318, routed)         1.556    -0.956    clk
    SLICE_X49Y59         FDRE                                         r  alu_result1_s_reg[0]_rep__0/C
  -------------------------------------------------------------------    -------------------
    SLICE_X49Y59         FDRE (Prop_fdre_C_Q)         0.456    -0.500 r  alu_result1_s_reg[0]_rep__0/Q
                         net (fo=128, routed)         1.865     1.366    mem_inst/data_mem_inst/mips_mem_reg_256_511_3_3/A0
    SLICE_X50Y52         RAMS64E (Prop_rams64e_ADR0_O)
                                                      2.380     3.745 r  mem_inst/data_mem_inst/mips_mem_reg_256_511_3_3/RAMS64E_A/O
                         net (fo=1, routed)           0.000     3.745    mem_inst/data_mem_inst/mips_mem_reg_256_511_3_3/OA
    SLICE_X50Y52         MUXF7 (Prop_muxf7_I1_O)      0.214     3.959 r  mem_inst/data_mem_inst/mips_mem_reg_256_511_3_3/F7.A/O
                         net (fo=1, routed)           0.000     3.959    mem_inst/data_mem_inst/mips_mem_reg_256_511_3_3/O1
    SLICE_X50Y52         MUXF8 (Prop_muxf8_I1_O)      0.088     4.047 r  mem_inst/data_mem_inst/mips_mem_reg_256_511_3_3/F8/O
                         net (fo=1, routed)           0.753     4.800    mem_inst/data_mem_inst/mips_mem_reg_256_511_3_3_n_1
    SLICE_X51Y52         LUT6 (Prop_lut6_I3_O)        0.319     5.119 r  mem_inst/data_mem_inst/d_out[3]_i_2/O
                         net (fo=1, routed)           0.949     6.068    mem_inst/data_mem_inst/d_out0[3]
    SLICE_X48Y53         LUT3 (Prop_lut3_I0_O)        0.152     6.220 r  mem_inst/data_mem_inst/d_out[3]_i_1/O
                         net (fo=1, routed)           0.000     6.220    mem_inst/data_mem_inst/d_out[3]_i_1_n_1
    SLICE_X48Y53         FDRE                                         r  mem_inst/data_mem_inst/d_out_reg[3]/D
  -------------------------------------------------------------------    -------------------

                         (clock clk_out1_clk_wiz_0 fall edge)
                                                     50.000    50.000 f  
    W5                                                0.000    50.000 f  clk_in (IN)
                         net (fo=0)                   0.000    50.000    your_instance_name/inst/clk_in1
    W5                   IBUF (Prop_ibuf_I_O)         1.388    51.388 f  your_instance_name/inst/clkin1_ibufg/O
                         net (fo=1, routed)           1.162    52.550    your_instance_name/inst/clk_in1_clk_wiz_0
    MMCME2_ADV_X1Y0      MMCME2_ADV (Prop_mmcme2_adv_CLKIN1_CLKOUT0)
                                                     -7.217    45.332 f  your_instance_name/inst/mmcm_adv_inst/CLKOUT0
                         net (fo=1, routed)           1.581    46.914    your_instance_name/inst/clk_out1_clk_wiz_0
    BUFGCTRL_X0Y1        BUFG (Prop_bufg_I_O)         0.091    47.005 f  your_instance_name/inst/clkout1_buf/O
                         net (fo=318, routed)         1.441    48.445    mem_inst/data_mem_inst/clk_out1
    SLICE_X48Y53         FDRE                                         r  mem_inst/data_mem_inst/d_out_reg[3]/C  (IS_INVERTED)
                         clock pessimism              0.576    49.021    
                         clock uncertainty           -0.149    48.872    
    SLICE_X48Y53         FDRE (Setup_fdre_C_D)        0.078    48.950    mem_inst/data_mem_inst/d_out_reg[3]
  -------------------------------------------------------------------
                         required time                         48.950    
                         arrival time                          -6.220    
  -------------------------------------------------------------------
                         slack                                 42.729    





Min Delay Paths
--------------------------------------------------------------------------------------
Slack (MET) :             0.177ns  (arrival time - required time)
  Source:                 alu_result1_s_reg[21]/C
                            (rising edge-triggered cell FDRE clocked by clk_out1_clk_wiz_0  {rise@0.000ns fall@50.000ns period=100.000ns})
  Destination:            alu_result3_s_reg[21]/D
                            (rising edge-triggered cell FDRE clocked by clk_out1_clk_wiz_0  {rise@0.000ns fall@50.000ns period=100.000ns})
  Path Group:             clk_out1_clk_wiz_0
  Path Type:              Hold (Min at Fast Process Corner)
  Requirement:            0.000ns  (clk_out1_clk_wiz_0 rise@0.000ns - clk_out1_clk_wiz_0 rise@0.000ns)
  Data Path Delay:        0.243ns  (logic 0.141ns (58.024%)  route 0.102ns (41.976%))
  Logic Levels:           0  
  Clock Path Skew:        0.014ns (DCD - SCD - CPR)
    Destination Clock Delay (DCD):    -0.865ns
    Source Clock Delay      (SCD):    -0.624ns
    Clock Pessimism Removal (CPR):    -0.255ns

    Location             Delay type                Incr(ns)  Path(ns)    Netlist Resource(s)
  -------------------------------------------------------------------    -------------------
                         (clock clk_out1_clk_wiz_0 rise edge)
                                                      0.000     0.000 r  
    W5                                                0.000     0.000 r  clk_in (IN)
                         net (fo=0)                   0.000     0.000    your_instance_name/inst/clk_in1
    W5                   IBUF (Prop_ibuf_I_O)         0.226     0.226 r  your_instance_name/inst/clkin1_ibufg/O
                         net (fo=1, routed)           0.440     0.667    your_instance_name/inst/clk_in1_clk_wiz_0
    MMCME2_ADV_X1Y0      MMCME2_ADV (Prop_mmcme2_adv_CLKIN1_CLKOUT0)
                                                     -2.360    -1.693 r  your_instance_name/inst/mmcm_adv_inst/CLKOUT0
                         net (fo=1, routed)           0.486    -1.207    your_instance_name/inst/clk_out1_clk_wiz_0
    BUFGCTRL_X0Y1        BUFG (Prop_bufg_I_O)         0.026    -1.181 r  your_instance_name/inst/clkout1_buf/O
                         net (fo=318, routed)         0.557    -0.624    clk
    SLICE_X45Y66         FDRE                                         r  alu_result1_s_reg[21]/C
  -------------------------------------------------------------------    -------------------
    SLICE_X45Y66         FDRE (Prop_fdre_C_Q)         0.141    -0.483 r  alu_result1_s_reg[21]/Q
                         net (fo=1, routed)           0.102    -0.381    alu_result1_s[21]
    SLICE_X46Y66         FDRE                                         r  alu_result3_s_reg[21]/D
  -------------------------------------------------------------------    -------------------

                         (clock clk_out1_clk_wiz_0 rise edge)
                                                      0.000     0.000 r  
    W5                                                0.000     0.000 r  clk_in (IN)
                         net (fo=0)                   0.000     0.000    your_instance_name/inst/clk_in1
    W5                   IBUF (Prop_ibuf_I_O)         0.414     0.414 r  your_instance_name/inst/clkin1_ibufg/O
                         net (fo=1, routed)           0.480     0.894    your_instance_name/inst/clk_in1_clk_wiz_0
    MMCME2_ADV_X1Y0      MMCME2_ADV (Prop_mmcme2_adv_CLKIN1_CLKOUT0)
                                                     -3.142    -2.248 r  your_instance_name/inst/mmcm_adv_inst/CLKOUT0
                         net (fo=1, routed)           0.530    -1.718    your_instance_name/inst/clk_out1_clk_wiz_0
    BUFGCTRL_X0Y1        BUFG (Prop_bufg_I_O)         0.029    -1.689 r  your_instance_name/inst/clkout1_buf/O
                         net (fo=318, routed)         0.825    -0.865    clk
    SLICE_X46Y66         FDRE                                         r  alu_result3_s_reg[21]/C
                         clock pessimism              0.255    -0.610    
    SLICE_X46Y66         FDRE (Hold_fdre_C_D)         0.052    -0.558    alu_result3_s_reg[21]
  -------------------------------------------------------------------
                         required time                          0.558    
                         arrival time                          -0.381    
  -------------------------------------------------------------------
                         slack                                  0.177    





Pulse Width Checks
--------------------------------------------------------------------------------------
Clock Name:         clk_out1_clk_wiz_0
Waveform(ns):       { 0.000 50.000 }
Period(ns):         100.000
Sources:            { your_instance_name/inst/mmcm_adv_inst/CLKOUT0 }

Check Type        Corner  Lib Pin             Reference Pin  Required(ns)  Actual(ns)  Slack(ns)  Location         Pin
Min Period        n/a     RAMB18E1/CLKARDCLK  n/a            2.576         100.000     97.424     RAMB18_X1Y24     decode_inst/registerfile_inst/register_array_reg_1/CLKARDCLK
Max Period        n/a     MMCME2_ADV/CLKOUT0  n/a            213.360       100.000     113.360    MMCME2_ADV_X1Y0  your_instance_name/inst/mmcm_adv_inst/CLKOUT0
Low Pulse Width   Slow    RAMS64E/CLK         n/a            1.250         50.000      48.750     SLICE_X46Y48     mem_inst/data_mem_inst/mips_mem_reg_0_255_0_0/RAMS64E_A/CLK
High Pulse Width  Slow    RAMS64E/CLK         n/a            1.250         50.000      48.750     SLICE_X46Y48     mem_inst/data_mem_inst/mips_mem_reg_0_255_0_0/RAMS64E_A/CLK



---------------------------------------------------------------------------------------------------
From Clock:  clkfbout_clk_wiz_0
  To Clock:  clkfbout_clk_wiz_0

Setup :           NA  Failing Endpoints,  Worst Slack           NA  ,  Total Violation           NA
Hold  :           NA  Failing Endpoints,  Worst Slack           NA  ,  Total Violation           NA
PW    :            0  Failing Endpoints,  Worst Slack       17.845ns,  Total Violation        0.000ns
---------------------------------------------------------------------------------------------------


Pulse Width Checks
--------------------------------------------------------------------------------------
Clock Name:         clkfbout_clk_wiz_0
Waveform(ns):       { 0.000 10.000 }
Period(ns):         20.000
Sources:            { your_instance_name/inst/mmcm_adv_inst/CLKFBOUT }

Check Type  Corner  Lib Pin             Reference Pin  Required(ns)  Actual(ns)  Slack(ns)  Location         Pin
Min Period  n/a     BUFG/I              n/a            2.155         20.000      17.845     BUFGCTRL_X0Y2    your_instance_name/inst/clkf_buf/I
Max Period  n/a     MMCME2_ADV/CLKFBIN  n/a            100.000       20.000      80.000     MMCME2_ADV_X1Y0  your_instance_name/inst/mmcm_adv_inst/CLKFBIN



---------------------------------------------------------------------------------------------------
From Clock:  sys_clk_pin
  To Clock:  sys_clk_pin

Setup :           NA  Failing Endpoints,  Worst Slack           NA  ,  Total Violation           NA
Hold  :           NA  Failing Endpoints,  Worst Slack           NA  ,  Total Violation           NA
PW    :            0  Failing Endpoints,  Worst Slack        3.000ns,  Total Violation        0.000ns
---------------------------------------------------------------------------------------------------


Pulse Width Checks
--------------------------------------------------------------------------------------
Clock Name:         sys_clk_pin
Waveform(ns):       { 0.000 5.000 }
Period(ns):         10.000
Sources:            { clk_in }

Check Type        Corner  Lib Pin            Reference Pin  Required(ns)  Actual(ns)  Slack(ns)  Location         Pin
Min Period        n/a     MMCME2_ADV/CLKIN1  n/a            1.249         10.000      8.751      MMCME2_ADV_X1Y0  your_instance_name/inst/mmcm_adv_inst/CLKIN1
Max Period        n/a     MMCME2_ADV/CLKIN1  n/a            100.000       10.000      90.000     MMCME2_ADV_X1Y0  your_instance_name/inst/mmcm_adv_inst/CLKIN1
Low Pulse Width   Slow    MMCME2_ADV/CLKIN1  n/a            2.000         5.000       3.000      MMCME2_ADV_X1Y0  your_instance_name/inst/mmcm_adv_inst/CLKIN1
High Pulse Width  Slow    MMCME2_ADV/CLKIN1  n/a            2.000         5.000       3.000      MMCME2_ADV_X1Y0  your_instance_name/inst/mmcm_adv_inst/CLKIN1



---------------------------------------------------------------------------------------------------
From Clock:  clk_out1_clk_wiz_0_1
  To Clock:  clk_out1_clk_wiz_0_1

Setup :            0  Failing Endpoints,  Worst Slack       42.739ns,  Total Violation        0.000ns
Hold  :            0  Failing Endpoints,  Worst Slack        0.177ns,  Total Violation        0.000ns
PW    :            0  Failing Endpoints,  Worst Slack       48.750ns,  Total Violation        0.000ns
---------------------------------------------------------------------------------------------------


Max Delay Paths
--------------------------------------------------------------------------------------
Slack (MET) :             42.739ns  (required time - arrival time)
  Source:                 alu_result1_s_reg[0]_rep__0/C
                            (rising edge-triggered cell FDRE clocked by clk_out1_clk_wiz_0_1  {rise@0.000ns fall@50.000ns period=100.000ns})
  Destination:            mem_inst/data_mem_inst/d_out_reg[3]/D
                            (falling edge-triggered cell FDRE clocked by clk_out1_clk_wiz_0_1  {rise@0.000ns fall@50.000ns period=100.000ns})
  Path Group:             clk_out1_clk_wiz_0_1
  Path Type:              Setup (Max at Slow Process Corner)
  Requirement:            50.000ns  (clk_out1_clk_wiz_0_1 fall@50.000ns - clk_out1_clk_wiz_0_1 rise@0.000ns)
  Data Path Delay:        7.176ns  (logic 3.609ns (50.286%)  route 3.568ns (49.714%))
  Logic Levels:           5  (LUT3=1 LUT6=1 MUXF7=1 MUXF8=1 RAMS64E=1)
  Clock Path Skew:        -0.023ns (DCD - SCD + CPR)
    Destination Clock Delay (DCD):    -1.555ns = ( 48.445 - 50.000 ) 
    Source Clock Delay      (SCD):    -0.956ns
    Clock Pessimism Removal (CPR):    0.576ns
  Clock Uncertainty:      0.140ns  ((TSJ^2 + DJ^2)^1/2) / 2 + PE
    Total System Jitter     (TSJ):    0.071ns
    Discrete Jitter          (DJ):    0.270ns
    Phase Error              (PE):    0.000ns

    Location             Delay type                Incr(ns)  Path(ns)    Netlist Resource(s)
  -------------------------------------------------------------------    -------------------
                         (clock clk_out1_clk_wiz_0_1 rise edge)
                                                      0.000     0.000 r  
    W5                                                0.000     0.000 r  clk_in (IN)
                         net (fo=0)                   0.000     0.000    your_instance_name/inst/clk_in1
    W5                   IBUF (Prop_ibuf_I_O)         1.458     1.458 r  your_instance_name/inst/clkin1_ibufg/O
                         net (fo=1, routed)           1.233     2.691    your_instance_name/inst/clk_in1_clk_wiz_0
    MMCME2_ADV_X1Y0      MMCME2_ADV (Prop_mmcme2_adv_CLKIN1_CLKOUT0)
                                                     -6.961    -4.269 r  your_instance_name/inst/mmcm_adv_inst/CLKOUT0
                         net (fo=1, routed)           1.661    -2.608    your_instance_name/inst/clk_out1_clk_wiz_0
    BUFGCTRL_X0Y1        BUFG (Prop_bufg_I_O)         0.096    -2.512 r  your_instance_name/inst/clkout1_buf/O
                         net (fo=318, routed)         1.556    -0.956    clk
    SLICE_X49Y59         FDRE                                         r  alu_result1_s_reg[0]_rep__0/C
  -------------------------------------------------------------------    -------------------
    SLICE_X49Y59         FDRE (Prop_fdre_C_Q)         0.456    -0.500 r  alu_result1_s_reg[0]_rep__0/Q
                         net (fo=128, routed)         1.865     1.366    mem_inst/data_mem_inst/mips_mem_reg_256_511_3_3/A0
    SLICE_X50Y52         RAMS64E (Prop_rams64e_ADR0_O)
                                                      2.380     3.745 r  mem_inst/data_mem_inst/mips_mem_reg_256_511_3_3/RAMS64E_A/O
                         net (fo=1, routed)           0.000     3.745    mem_inst/data_mem_inst/mips_mem_reg_256_511_3_3/OA
    SLICE_X50Y52         MUXF7 (Prop_muxf7_I1_O)      0.214     3.959 r  mem_inst/data_mem_inst/mips_mem_reg_256_511_3_3/F7.A/O
                         net (fo=1, routed)           0.000     3.959    mem_inst/data_mem_inst/mips_mem_reg_256_511_3_3/O1
    SLICE_X50Y52         MUXF8 (Prop_muxf8_I1_O)      0.088     4.047 r  mem_inst/data_mem_inst/mips_mem_reg_256_511_3_3/F8/O
                         net (fo=1, routed)           0.753     4.800    mem_inst/data_mem_inst/mips_mem_reg_256_511_3_3_n_1
    SLICE_X51Y52         LUT6 (Prop_lut6_I3_O)        0.319     5.119 r  mem_inst/data_mem_inst/d_out[3]_i_2/O
                         net (fo=1, routed)           0.949     6.068    mem_inst/data_mem_inst/d_out0[3]
    SLICE_X48Y53         LUT3 (Prop_lut3_I0_O)        0.152     6.220 r  mem_inst/data_mem_inst/d_out[3]_i_1/O
                         net (fo=1, routed)           0.000     6.220    mem_inst/data_mem_inst/d_out[3]_i_1_n_1
    SLICE_X48Y53         FDRE                                         r  mem_inst/data_mem_inst/d_out_reg[3]/D
  -------------------------------------------------------------------    -------------------

                         (clock clk_out1_clk_wiz_0_1 fall edge)
                                                     50.000    50.000 f  
    W5                                                0.000    50.000 f  clk_in (IN)
                         net (fo=0)                   0.000    50.000    your_instance_name/inst/clk_in1
    W5                   IBUF (Prop_ibuf_I_O)         1.388    51.388 f  your_instance_name/inst/clkin1_ibufg/O
                         net (fo=1, routed)           1.162    52.550    your_instance_name/inst/clk_in1_clk_wiz_0
    MMCME2_ADV_X1Y0      MMCME2_ADV (Prop_mmcme2_adv_CLKIN1_CLKOUT0)
                                                     -7.217    45.332 f  your_instance_name/inst/mmcm_adv_inst/CLKOUT0
                         net (fo=1, routed)           1.581    46.914    your_instance_name/inst/clk_out1_clk_wiz_0
    BUFGCTRL_X0Y1        BUFG (Prop_bufg_I_O)         0.091    47.005 f  your_instance_name/inst/clkout1_buf/O
                         net (fo=318, routed)         1.441    48.445    mem_inst/data_mem_inst/clk_out1
    SLICE_X48Y53         FDRE                                         r  mem_inst/data_mem_inst/d_out_reg[3]/C  (IS_INVERTED)
                         clock pessimism              0.576    49.021    
                         clock uncertainty           -0.140    48.881    
    SLICE_X48Y53         FDRE (Setup_fdre_C_D)        0.078    48.959    mem_inst/data_mem_inst/d_out_reg[3]
  -------------------------------------------------------------------
                         required time                         48.959    
                         arrival time                          -6.220    
  -------------------------------------------------------------------
                         slack                                 42.739    





Min Delay Paths
--------------------------------------------------------------------------------------
Slack (MET) :             0.177ns  (arrival time - required time)
  Source:                 alu_result1_s_reg[21]/C
                            (rising edge-triggered cell FDRE clocked by clk_out1_clk_wiz_0_1  {rise@0.000ns fall@50.000ns period=100.000ns})
  Destination:            alu_result3_s_reg[21]/D
                            (rising edge-triggered cell FDRE clocked by clk_out1_clk_wiz_0_1  {rise@0.000ns fall@50.000ns period=100.000ns})
  Path Group:             clk_out1_clk_wiz_0_1
  Path Type:              Hold (Min at Fast Process Corner)
  Requirement:            0.000ns  (clk_out1_clk_wiz_0_1 rise@0.000ns - clk_out1_clk_wiz_0_1 rise@0.000ns)
  Data Path Delay:        0.243ns  (logic 0.141ns (58.024%)  route 0.102ns (41.976%))
  Logic Levels:           0  
  Clock Path Skew:        0.014ns (DCD - SCD - CPR)
    Destination Clock Delay (DCD):    -0.865ns
    Source Clock Delay      (SCD):    -0.624ns
    Clock Pessimism Removal (CPR):    -0.255ns

    Location             Delay type                Incr(ns)  Path(ns)    Netlist Resource(s)
  -------------------------------------------------------------------    -------------------
                         (clock clk_out1_clk_wiz_0_1 rise edge)
                                                      0.000     0.000 r  
    W5                                                0.000     0.000 r  clk_in (IN)
                         net (fo=0)                   0.000     0.000    your_instance_name/inst/clk_in1
    W5                   IBUF (Prop_ibuf_I_O)         0.226     0.226 r  your_instance_name/inst/clkin1_ibufg/O
                         net (fo=1, routed)           0.440     0.667    your_instance_name/inst/clk_in1_clk_wiz_0
    MMCME2_ADV_X1Y0      MMCME2_ADV (Prop_mmcme2_adv_CLKIN1_CLKOUT0)
                                                     -2.360    -1.693 r  your_instance_name/inst/mmcm_adv_inst/CLKOUT0
                         net (fo=1, routed)           0.486    -1.207    your_instance_name/inst/clk_out1_clk_wiz_0
    BUFGCTRL_X0Y1        BUFG (Prop_bufg_I_O)         0.026    -1.181 r  your_instance_name/inst/clkout1_buf/O
                         net (fo=318, routed)         0.557    -0.624    clk
    SLICE_X45Y66         FDRE                                         r  alu_result1_s_reg[21]/C
  -------------------------------------------------------------------    -------------------
    SLICE_X45Y66         FDRE (Prop_fdre_C_Q)         0.141    -0.483 r  alu_result1_s_reg[21]/Q
                         net (fo=1, routed)           0.102    -0.381    alu_result1_s[21]
    SLICE_X46Y66         FDRE                                         r  alu_result3_s_reg[21]/D
  -------------------------------------------------------------------    -------------------

                         (clock clk_out1_clk_wiz_0_1 rise edge)
                                                      0.000     0.000 r  
    W5                                                0.000     0.000 r  clk_in (IN)
                         net (fo=0)                   0.000     0.000    your_instance_name/inst/clk_in1
    W5                   IBUF (Prop_ibuf_I_O)         0.414     0.414 r  your_instance_name/inst/clkin1_ibufg/O
                         net (fo=1, routed)           0.480     0.894    your_instance_name/inst/clk_in1_clk_wiz_0
    MMCME2_ADV_X1Y0      MMCME2_ADV (Prop_mmcme2_adv_CLKIN1_CLKOUT0)
                                                     -3.142    -2.248 r  your_instance_name/inst/mmcm_adv_inst/CLKOUT0
                         net (fo=1, routed)           0.530    -1.718    your_instance_name/inst/clk_out1_clk_wiz_0
    BUFGCTRL_X0Y1        BUFG (Prop_bufg_I_O)         0.029    -1.689 r  your_instance_name/inst/clkout1_buf/O
                         net (fo=318, routed)         0.825    -0.865    clk
    SLICE_X46Y66         FDRE                                         r  alu_result3_s_reg[21]/C
                         clock pessimism              0.255    -0.610    
    SLICE_X46Y66         FDRE (Hold_fdre_C_D)         0.052    -0.558    alu_result3_s_reg[21]
  -------------------------------------------------------------------
                         required time                          0.558    
                         arrival time                          -0.381    
  -------------------------------------------------------------------
                         slack                                  0.177    





Pulse Width Checks
--------------------------------------------------------------------------------------
Clock Name:         clk_out1_clk_wiz_0_1
Waveform(ns):       { 0.000 50.000 }
Period(ns):         100.000
Sources:            { your_instance_name/inst/mmcm_adv_inst/CLKOUT0 }

Check Type        Corner  Lib Pin             Reference Pin  Required(ns)  Actual(ns)  Slack(ns)  Location         Pin
Min Period        n/a     RAMB18E1/CLKARDCLK  n/a            2.576         100.000     97.424     RAMB18_X1Y24     decode_inst/registerfile_inst/register_array_reg_1/CLKARDCLK
Max Period        n/a     MMCME2_ADV/CLKOUT0  n/a            213.360       100.000     113.360    MMCME2_ADV_X1Y0  your_instance_name/inst/mmcm_adv_inst/CLKOUT0
Low Pulse Width   Slow    RAMS64E/CLK         n/a            1.250         50.000      48.750     SLICE_X46Y48     mem_inst/data_mem_inst/mips_mem_reg_0_255_0_0/RAMS64E_A/CLK
High Pulse Width  Slow    RAMS64E/CLK         n/a            1.250         50.000      48.750     SLICE_X46Y48     mem_inst/data_mem_inst/mips_mem_reg_0_255_0_0/RAMS64E_A/CLK



---------------------------------------------------------------------------------------------------
From Clock:  clkfbout_clk_wiz_0_1
  To Clock:  clkfbout_clk_wiz_0_1

Setup :           NA  Failing Endpoints,  Worst Slack           NA  ,  Total Violation           NA
Hold  :           NA  Failing Endpoints,  Worst Slack           NA  ,  Total Violation           NA
PW    :            0  Failing Endpoints,  Worst Slack       17.845ns,  Total Violation        0.000ns
---------------------------------------------------------------------------------------------------


Pulse Width Checks
--------------------------------------------------------------------------------------
Clock Name:         clkfbout_clk_wiz_0_1
Waveform(ns):       { 0.000 10.000 }
Period(ns):         20.000
Sources:            { your_instance_name/inst/mmcm_adv_inst/CLKFBOUT }

Check Type  Corner  Lib Pin             Reference Pin  Required(ns)  Actual(ns)  Slack(ns)  Location         Pin
Min Period  n/a     BUFG/I              n/a            2.155         20.000      17.845     BUFGCTRL_X0Y2    your_instance_name/inst/clkf_buf/I
Max Period  n/a     MMCME2_ADV/CLKFBIN  n/a            100.000       20.000      80.000     MMCME2_ADV_X1Y0  your_instance_name/inst/mmcm_adv_inst/CLKFBIN



---------------------------------------------------------------------------------------------------
From Clock:  clk_out1_clk_wiz_0_1
  To Clock:  clk_out1_clk_wiz_0

Setup :            0  Failing Endpoints,  Worst Slack       42.729ns,  Total Violation        0.000ns
Hold  :            0  Failing Endpoints,  Worst Slack        0.028ns,  Total Violation        0.000ns
---------------------------------------------------------------------------------------------------


Max Delay Paths
--------------------------------------------------------------------------------------
Slack (MET) :             42.729ns  (required time - arrival time)
  Source:                 alu_result1_s_reg[0]_rep__0/C
                            (rising edge-triggered cell FDRE clocked by clk_out1_clk_wiz_0_1  {rise@0.000ns fall@50.000ns period=100.000ns})
  Destination:            mem_inst/data_mem_inst/d_out_reg[3]/D
                            (falling edge-triggered cell FDRE clocked by clk_out1_clk_wiz_0  {rise@0.000ns fall@50.000ns period=100.000ns})
  Path Group:             clk_out1_clk_wiz_0
  Path Type:              Setup (Max at Slow Process Corner)
  Requirement:            50.000ns  (clk_out1_clk_wiz_0 fall@50.000ns - clk_out1_clk_wiz_0_1 rise@0.000ns)
  Data Path Delay:        7.176ns  (logic 3.609ns (50.286%)  route 3.568ns (49.714%))
  Logic Levels:           5  (LUT3=1 LUT6=1 MUXF7=1 MUXF8=1 RAMS64E=1)
  Clock Path Skew:        -0.023ns (DCD - SCD + CPR)
    Destination Clock Delay (DCD):    -1.555ns = ( 48.445 - 50.000 ) 
    Source Clock Delay      (SCD):    -0.956ns
    Clock Pessimism Removal (CPR):    0.576ns
  Clock Uncertainty:      0.149ns  ((TSJ^2 + DJ^2)^1/2) / 2 + PE
    Total System Jitter     (TSJ):    0.071ns
    Discrete Jitter          (DJ):    0.290ns
    Phase Error              (PE):    0.000ns
  Clock Domain Crossing:  Inter clock paths are considered valid unless explicitly excluded by timing constraints such as set_clock_groups or set_false_path.

    Location             Delay type                Incr(ns)  Path(ns)    Netlist Resource(s)
  -------------------------------------------------------------------    -------------------
                         (clock clk_out1_clk_wiz_0_1 rise edge)
                                                      0.000     0.000 r  
    W5                                                0.000     0.000 r  clk_in (IN)
                         net (fo=0)                   0.000     0.000    your_instance_name/inst/clk_in1
    W5                   IBUF (Prop_ibuf_I_O)         1.458     1.458 r  your_instance_name/inst/clkin1_ibufg/O
                         net (fo=1, routed)           1.233     2.691    your_instance_name/inst/clk_in1_clk_wiz_0
    MMCME2_ADV_X1Y0      MMCME2_ADV (Prop_mmcme2_adv_CLKIN1_CLKOUT0)
                                                     -6.961    -4.269 r  your_instance_name/inst/mmcm_adv_inst/CLKOUT0
                         net (fo=1, routed)           1.661    -2.608    your_instance_name/inst/clk_out1_clk_wiz_0
    BUFGCTRL_X0Y1        BUFG (Prop_bufg_I_O)         0.096    -2.512 r  your_instance_name/inst/clkout1_buf/O
                         net (fo=318, routed)         1.556    -0.956    clk
    SLICE_X49Y59         FDRE                                         r  alu_result1_s_reg[0]_rep__0/C
  -------------------------------------------------------------------    -------------------
    SLICE_X49Y59         FDRE (Prop_fdre_C_Q)         0.456    -0.500 r  alu_result1_s_reg[0]_rep__0/Q
                         net (fo=128, routed)         1.865     1.366    mem_inst/data_mem_inst/mips_mem_reg_256_511_3_3/A0
    SLICE_X50Y52         RAMS64E (Prop_rams64e_ADR0_O)
                                                      2.380     3.745 r  mem_inst/data_mem_inst/mips_mem_reg_256_511_3_3/RAMS64E_A/O
                         net (fo=1, routed)           0.000     3.745    mem_inst/data_mem_inst/mips_mem_reg_256_511_3_3/OA
    SLICE_X50Y52         MUXF7 (Prop_muxf7_I1_O)      0.214     3.959 r  mem_inst/data_mem_inst/mips_mem_reg_256_511_3_3/F7.A/O
                         net (fo=1, routed)           0.000     3.959    mem_inst/data_mem_inst/mips_mem_reg_256_511_3_3/O1
    SLICE_X50Y52         MUXF8 (Prop_muxf8_I1_O)      0.088     4.047 r  mem_inst/data_mem_inst/mips_mem_reg_256_511_3_3/F8/O
                         net (fo=1, routed)           0.753     4.800    mem_inst/data_mem_inst/mips_mem_reg_256_511_3_3_n_1
    SLICE_X51Y52         LUT6 (Prop_lut6_I3_O)        0.319     5.119 r  mem_inst/data_mem_inst/d_out[3]_i_2/O
                         net (fo=1, routed)           0.949     6.068    mem_inst/data_mem_inst/d_out0[3]
    SLICE_X48Y53         LUT3 (Prop_lut3_I0_O)        0.152     6.220 r  mem_inst/data_mem_inst/d_out[3]_i_1/O
                         net (fo=1, routed)           0.000     6.220    mem_inst/data_mem_inst/d_out[3]_i_1_n_1
    SLICE_X48Y53         FDRE                                         r  mem_inst/data_mem_inst/d_out_reg[3]/D
  -------------------------------------------------------------------    -------------------

                         (clock clk_out1_clk_wiz_0 fall edge)
                                                     50.000    50.000 f  
    W5                                                0.000    50.000 f  clk_in (IN)
                         net (fo=0)                   0.000    50.000    your_instance_name/inst/clk_in1
    W5                   IBUF (Prop_ibuf_I_O)         1.388    51.388 f  your_instance_name/inst/clkin1_ibufg/O
                         net (fo=1, routed)           1.162    52.550    your_instance_name/inst/clk_in1_clk_wiz_0
    MMCME2_ADV_X1Y0      MMCME2_ADV (Prop_mmcme2_adv_CLKIN1_CLKOUT0)
                                                     -7.217    45.332 f  your_instance_name/inst/mmcm_adv_inst/CLKOUT0
                         net (fo=1, routed)           1.581    46.914    your_instance_name/inst/clk_out1_clk_wiz_0
    BUFGCTRL_X0Y1        BUFG (Prop_bufg_I_O)         0.091    47.005 f  your_instance_name/inst/clkout1_buf/O
                         net (fo=318, routed)         1.441    48.445    mem_inst/data_mem_inst/clk_out1
    SLICE_X48Y53         FDRE                                         r  mem_inst/data_mem_inst/d_out_reg[3]/C  (IS_INVERTED)
                         clock pessimism              0.576    49.021    
                         clock uncertainty           -0.149    48.872    
    SLICE_X48Y53         FDRE (Setup_fdre_C_D)        0.078    48.950    mem_inst/data_mem_inst/d_out_reg[3]
  -------------------------------------------------------------------
                         required time                         48.950    
                         arrival time                          -6.220    
  -------------------------------------------------------------------
                         slack                                 42.729    





Min Delay Paths
--------------------------------------------------------------------------------------
Slack (MET) :             0.028ns  (arrival time - required time)
  Source:                 alu_result1_s_reg[21]/C
                            (rising edge-triggered cell FDRE clocked by clk_out1_clk_wiz_0_1  {rise@0.000ns fall@50.000ns period=100.000ns})
  Destination:            alu_result3_s_reg[21]/D
                            (rising edge-triggered cell FDRE clocked by clk_out1_clk_wiz_0  {rise@0.000ns fall@50.000ns period=100.000ns})
  Path Group:             clk_out1_clk_wiz_0
  Path Type:              Hold (Min at Fast Process Corner)
  Requirement:            0.000ns  (clk_out1_clk_wiz_0 rise@0.000ns - clk_out1_clk_wiz_0_1 rise@0.000ns)
  Data Path Delay:        0.243ns  (logic 0.141ns (58.024%)  route 0.102ns (41.976%))
  Logic Levels:           0  
  Clock Path Skew:        0.014ns (DCD - SCD - CPR)
    Destination Clock Delay (DCD):    -0.865ns
    Source Clock Delay      (SCD):    -0.624ns
    Clock Pessimism Removal (CPR):    -0.255ns
  Clock Uncertainty:      0.149ns  ((TSJ^2 + DJ^2)^1/2) / 2 + PE
    Total System Jitter     (TSJ):    0.071ns
    Discrete Jitter          (DJ):    0.290ns
    Phase Error              (PE):    0.000ns
  Clock Domain Crossing:  Inter clock paths are considered valid unless explicitly excluded by timing constraints such as set_clock_groups or set_false_path.

    Location             Delay type                Incr(ns)  Path(ns)    Netlist Resource(s)
  -------------------------------------------------------------------    -------------------
                         (clock clk_out1_clk_wiz_0_1 rise edge)
                                                      0.000     0.000 r  
    W5                                                0.000     0.000 r  clk_in (IN)
                         net (fo=0)                   0.000     0.000    your_instance_name/inst/clk_in1
    W5                   IBUF (Prop_ibuf_I_O)         0.226     0.226 r  your_instance_name/inst/clkin1_ibufg/O
                         net (fo=1, routed)           0.440     0.667    your_instance_name/inst/clk_in1_clk_wiz_0
    MMCME2_ADV_X1Y0      MMCME2_ADV (Prop_mmcme2_adv_CLKIN1_CLKOUT0)
                                                     -2.360    -1.693 r  your_instance_name/inst/mmcm_adv_inst/CLKOUT0
                         net (fo=1, routed)           0.486    -1.207    your_instance_name/inst/clk_out1_clk_wiz_0
    BUFGCTRL_X0Y1        BUFG (Prop_bufg_I_O)         0.026    -1.181 r  your_instance_name/inst/clkout1_buf/O
                         net (fo=318, routed)         0.557    -0.624    clk
    SLICE_X45Y66         FDRE                                         r  alu_result1_s_reg[21]/C
  -------------------------------------------------------------------    -------------------
    SLICE_X45Y66         FDRE (Prop_fdre_C_Q)         0.141    -0.483 r  alu_result1_s_reg[21]/Q
                         net (fo=1, routed)           0.102    -0.381    alu_result1_s[21]
    SLICE_X46Y66         FDRE                                         r  alu_result3_s_reg[21]/D
  -------------------------------------------------------------------    -------------------

                         (clock clk_out1_clk_wiz_0 rise edge)
                                                      0.000     0.000 r  
    W5                                                0.000     0.000 r  clk_in (IN)
                         net (fo=0)                   0.000     0.000    your_instance_name/inst/clk_in1
    W5                   IBUF (Prop_ibuf_I_O)         0.414     0.414 r  your_instance_name/inst/clkin1_ibufg/O
                         net (fo=1, routed)           0.480     0.894    your_instance_name/inst/clk_in1_clk_wiz_0
    MMCME2_ADV_X1Y0      MMCME2_ADV (Prop_mmcme2_adv_CLKIN1_CLKOUT0)
                                                     -3.142    -2.248 r  your_instance_name/inst/mmcm_adv_inst/CLKOUT0
                         net (fo=1, routed)           0.530    -1.718    your_instance_name/inst/clk_out1_clk_wiz_0
    BUFGCTRL_X0Y1        BUFG (Prop_bufg_I_O)         0.029    -1.689 r  your_instance_name/inst/clkout1_buf/O
                         net (fo=318, routed)         0.825    -0.865    clk
    SLICE_X46Y66         FDRE                                         r  alu_result3_s_reg[21]/C
                         clock pessimism              0.255    -0.610    
                         clock uncertainty            0.149    -0.461    
    SLICE_X46Y66         FDRE (Hold_fdre_C_D)         0.052    -0.409    alu_result3_s_reg[21]
  -------------------------------------------------------------------
                         required time                          0.409    
                         arrival time                          -0.381    
  -------------------------------------------------------------------
                         slack                                  0.028    





---------------------------------------------------------------------------------------------------
From Clock:  clk_out1_clk_wiz_0
  To Clock:  clk_out1_clk_wiz_0_1

Setup :            0  Failing Endpoints,  Worst Slack       42.729ns,  Total Violation        0.000ns
Hold  :            0  Failing Endpoints,  Worst Slack        0.028ns,  Total Violation        0.000ns
---------------------------------------------------------------------------------------------------


Max Delay Paths
--------------------------------------------------------------------------------------
Slack (MET) :             42.729ns  (required time - arrival time)
  Source:                 alu_result1_s_reg[0]_rep__0/C
                            (rising edge-triggered cell FDRE clocked by clk_out1_clk_wiz_0  {rise@0.000ns fall@50.000ns period=100.000ns})
  Destination:            mem_inst/data_mem_inst/d_out_reg[3]/D
                            (falling edge-triggered cell FDRE clocked by clk_out1_clk_wiz_0_1  {rise@0.000ns fall@50.000ns period=100.000ns})
  Path Group:             clk_out1_clk_wiz_0_1
  Path Type:              Setup (Max at Slow Process Corner)
  Requirement:            50.000ns  (clk_out1_clk_wiz_0_1 fall@50.000ns - clk_out1_clk_wiz_0 rise@0.000ns)
  Data Path Delay:        7.176ns  (logic 3.609ns (50.286%)  route 3.568ns (49.714%))
  Logic Levels:           5  (LUT3=1 LUT6=1 MUXF7=1 MUXF8=1 RAMS64E=1)
  Clock Path Skew:        -0.023ns (DCD - SCD + CPR)
    Destination Clock Delay (DCD):    -1.555ns = ( 48.445 - 50.000 ) 
    Source Clock Delay      (SCD):    -0.956ns
    Clock Pessimism Removal (CPR):    0.576ns
  Clock Uncertainty:      0.149ns  ((TSJ^2 + DJ^2)^1/2) / 2 + PE
    Total System Jitter     (TSJ):    0.071ns
    Discrete Jitter          (DJ):    0.290ns
    Phase Error              (PE):    0.000ns
  Clock Domain Crossing:  Inter clock paths are considered valid unless explicitly excluded by timing constraints such as set_clock_groups or set_false_path.

    Location             Delay type                Incr(ns)  Path(ns)    Netlist Resource(s)
  -------------------------------------------------------------------    -------------------
                         (clock clk_out1_clk_wiz_0 rise edge)
                                                      0.000     0.000 r  
    W5                                                0.000     0.000 r  clk_in (IN)
                         net (fo=0)                   0.000     0.000    your_instance_name/inst/clk_in1
    W5                   IBUF (Prop_ibuf_I_O)         1.458     1.458 r  your_instance_name/inst/clkin1_ibufg/O
                         net (fo=1, routed)           1.233     2.691    your_instance_name/inst/clk_in1_clk_wiz_0
    MMCME2_ADV_X1Y0      MMCME2_ADV (Prop_mmcme2_adv_CLKIN1_CLKOUT0)
                                                     -6.961    -4.269 r  your_instance_name/inst/mmcm_adv_inst/CLKOUT0
                         net (fo=1, routed)           1.661    -2.608    your_instance_name/inst/clk_out1_clk_wiz_0
    BUFGCTRL_X0Y1        BUFG (Prop_bufg_I_O)         0.096    -2.512 r  your_instance_name/inst/clkout1_buf/O
                         net (fo=318, routed)         1.556    -0.956    clk
    SLICE_X49Y59         FDRE                                         r  alu_result1_s_reg[0]_rep__0/C
  -------------------------------------------------------------------    -------------------
    SLICE_X49Y59         FDRE (Prop_fdre_C_Q)         0.456    -0.500 r  alu_result1_s_reg[0]_rep__0/Q
                         net (fo=128, routed)         1.865     1.366    mem_inst/data_mem_inst/mips_mem_reg_256_511_3_3/A0
    SLICE_X50Y52         RAMS64E (Prop_rams64e_ADR0_O)
                                                      2.380     3.745 r  mem_inst/data_mem_inst/mips_mem_reg_256_511_3_3/RAMS64E_A/O
                         net (fo=1, routed)           0.000     3.745    mem_inst/data_mem_inst/mips_mem_reg_256_511_3_3/OA
    SLICE_X50Y52         MUXF7 (Prop_muxf7_I1_O)      0.214     3.959 r  mem_inst/data_mem_inst/mips_mem_reg_256_511_3_3/F7.A/O
                         net (fo=1, routed)           0.000     3.959    mem_inst/data_mem_inst/mips_mem_reg_256_511_3_3/O1
    SLICE_X50Y52         MUXF8 (Prop_muxf8_I1_O)      0.088     4.047 r  mem_inst/data_mem_inst/mips_mem_reg_256_511_3_3/F8/O
                         net (fo=1, routed)           0.753     4.800    mem_inst/data_mem_inst/mips_mem_reg_256_511_3_3_n_1
    SLICE_X51Y52         LUT6 (Prop_lut6_I3_O)        0.319     5.119 r  mem_inst/data_mem_inst/d_out[3]_i_2/O
                         net (fo=1, routed)           0.949     6.068    mem_inst/data_mem_inst/d_out0[3]
    SLICE_X48Y53         LUT3 (Prop_lut3_I0_O)        0.152     6.220 r  mem_inst/data_mem_inst/d_out[3]_i_1/O
                         net (fo=1, routed)           0.000     6.220    mem_inst/data_mem_inst/d_out[3]_i_1_n_1
    SLICE_X48Y53         FDRE                                         r  mem_inst/data_mem_inst/d_out_reg[3]/D
  -------------------------------------------------------------------    -------------------

                         (clock clk_out1_clk_wiz_0_1 fall edge)
                                                     50.000    50.000 f  
    W5                                                0.000    50.000 f  clk_in (IN)
                         net (fo=0)                   0.000    50.000    your_instance_name/inst/clk_in1
    W5                   IBUF (Prop_ibuf_I_O)         1.388    51.388 f  your_instance_name/inst/clkin1_ibufg/O
                         net (fo=1, routed)           1.162    52.550    your_instance_name/inst/clk_in1_clk_wiz_0
    MMCME2_ADV_X1Y0      MMCME2_ADV (Prop_mmcme2_adv_CLKIN1_CLKOUT0)
                                                     -7.217    45.332 f  your_instance_name/inst/mmcm_adv_inst/CLKOUT0
                         net (fo=1, routed)           1.581    46.914    your_instance_name/inst/clk_out1_clk_wiz_0
    BUFGCTRL_X0Y1        BUFG (Prop_bufg_I_O)         0.091    47.005 f  your_instance_name/inst/clkout1_buf/O
                         net (fo=318, routed)         1.441    48.445    mem_inst/data_mem_inst/clk_out1
    SLICE_X48Y53         FDRE                                         r  mem_inst/data_mem_inst/d_out_reg[3]/C  (IS_INVERTED)
                         clock pessimism              0.576    49.021    
                         clock uncertainty           -0.149    48.872    
    SLICE_X48Y53         FDRE (Setup_fdre_C_D)        0.078    48.950    mem_inst/data_mem_inst/d_out_reg[3]
  -------------------------------------------------------------------
                         required time                         48.950    
                         arrival time                          -6.220    
  -------------------------------------------------------------------
                         slack                                 42.729    





Min Delay Paths
--------------------------------------------------------------------------------------
Slack (MET) :             0.028ns  (arrival time - required time)
  Source:                 alu_result1_s_reg[21]/C
                            (rising edge-triggered cell FDRE clocked by clk_out1_clk_wiz_0  {rise@0.000ns fall@50.000ns period=100.000ns})
  Destination:            alu_result3_s_reg[21]/D
                            (rising edge-triggered cell FDRE clocked by clk_out1_clk_wiz_0_1  {rise@0.000ns fall@50.000ns period=100.000ns})
  Path Group:             clk_out1_clk_wiz_0_1
  Path Type:              Hold (Min at Fast Process Corner)
  Requirement:            0.000ns  (clk_out1_clk_wiz_0_1 rise@0.000ns - clk_out1_clk_wiz_0 rise@0.000ns)
  Data Path Delay:        0.243ns  (logic 0.141ns (58.024%)  route 0.102ns (41.976%))
  Logic Levels:           0  
  Clock Path Skew:        0.014ns (DCD - SCD - CPR)
    Destination Clock Delay (DCD):    -0.865ns
    Source Clock Delay      (SCD):    -0.624ns
    Clock Pessimism Removal (CPR):    -0.255ns
  Clock Uncertainty:      0.149ns  ((TSJ^2 + DJ^2)^1/2) / 2 + PE
    Total System Jitter     (TSJ):    0.071ns
    Discrete Jitter          (DJ):    0.290ns
    Phase Error              (PE):    0.000ns
  Clock Domain Crossing:  Inter clock paths are considered valid unless explicitly excluded by timing constraints such as set_clock_groups or set_false_path.

    Location             Delay type                Incr(ns)  Path(ns)    Netlist Resource(s)
  -------------------------------------------------------------------    -------------------
                         (clock clk_out1_clk_wiz_0 rise edge)
                                                      0.000     0.000 r  
    W5                                                0.000     0.000 r  clk_in (IN)
                         net (fo=0)                   0.000     0.000    your_instance_name/inst/clk_in1
    W5                   IBUF (Prop_ibuf_I_O)         0.226     0.226 r  your_instance_name/inst/clkin1_ibufg/O
                         net (fo=1, routed)           0.440     0.667    your_instance_name/inst/clk_in1_clk_wiz_0
    MMCME2_ADV_X1Y0      MMCME2_ADV (Prop_mmcme2_adv_CLKIN1_CLKOUT0)
                                                     -2.360    -1.693 r  your_instance_name/inst/mmcm_adv_inst/CLKOUT0
                         net (fo=1, routed)           0.486    -1.207    your_instance_name/inst/clk_out1_clk_wiz_0
    BUFGCTRL_X0Y1        BUFG (Prop_bufg_I_O)         0.026    -1.181 r  your_instance_name/inst/clkout1_buf/O
                         net (fo=318, routed)         0.557    -0.624    clk
    SLICE_X45Y66         FDRE                                         r  alu_result1_s_reg[21]/C
  -------------------------------------------------------------------    -------------------
    SLICE_X45Y66         FDRE (Prop_fdre_C_Q)         0.141    -0.483 r  alu_result1_s_reg[21]/Q
                         net (fo=1, routed)           0.102    -0.381    alu_result1_s[21]
    SLICE_X46Y66         FDRE                                         r  alu_result3_s_reg[21]/D
  -------------------------------------------------------------------    -------------------

                         (clock clk_out1_clk_wiz_0_1 rise edge)
                                                      0.000     0.000 r  
    W5                                                0.000     0.000 r  clk_in (IN)
                         net (fo=0)                   0.000     0.000    your_instance_name/inst/clk_in1
    W5                   IBUF (Prop_ibuf_I_O)         0.414     0.414 r  your_instance_name/inst/clkin1_ibufg/O
                         net (fo=1, routed)           0.480     0.894    your_instance_name/inst/clk_in1_clk_wiz_0
    MMCME2_ADV_X1Y0      MMCME2_ADV (Prop_mmcme2_adv_CLKIN1_CLKOUT0)
                                                     -3.142    -2.248 r  your_instance_name/inst/mmcm_adv_inst/CLKOUT0
                         net (fo=1, routed)           0.530    -1.718    your_instance_name/inst/clk_out1_clk_wiz_0
    BUFGCTRL_X0Y1        BUFG (Prop_bufg_I_O)         0.029    -1.689 r  your_instance_name/inst/clkout1_buf/O
                         net (fo=318, routed)         0.825    -0.865    clk
    SLICE_X46Y66         FDRE                                         r  alu_result3_s_reg[21]/C
                         clock pessimism              0.255    -0.610    
                         clock uncertainty            0.149    -0.461    
    SLICE_X46Y66         FDRE (Hold_fdre_C_D)         0.052    -0.409    alu_result3_s_reg[21]
  -------------------------------------------------------------------
                         required time                          0.409    
                         arrival time                          -0.381    
  -------------------------------------------------------------------
                         slack                                  0.028    





