Copyright 1986-2022 Xilinx, Inc. All Rights Reserved. Copyright 2022-2025 Advanced Micro Devices, Inc. All Rights Reserved.
---------------------------------------------------------------------------------------------------------------------------------------------
| Tool Version : Vivado v.2025.2 (lin64) Build 6299465 Fri Nov 14 12:34:56 MST 2025
| Date         : Thu Apr 23 19:29:37 2026
| Host         : infinity running 64-bit Arch Linux
| Command      : report_timing_summary -file timing_70MHz.rpt
| Design       : proc
| Device       : 7a35t-cpg236
| Speed File   : -1  PRODUCTION 1.23 2018-06-13
| Design State : Routed
---------------------------------------------------------------------------------------------------------------------------------------------

Timing Summary Report

------------------------------------------------------------------------------------------------
| Timer Settings
| --------------
------------------------------------------------------------------------------------------------

  Enable Multi Corner Analysis               :  Yes
  Enable Pessimism Removal                   :  Yes
  Pessimism Removal Resolution               :  Nearest Common Node
  Enable Input Delay Default Clock           :  No
  Enable Preset / Clear Arcs                 :  No
  Disable Flight Delays                      :  No
  Ignore I/O Paths                           :  No
  Timing Early Launch at Borrowing Latches   :  No
  Borrow Time for Max Delay Exceptions       :  Yes
  Merge Timing Exceptions                    :  Yes
  Inter-SLR Compensation                     :  Conservative

  Corner  Analyze    Analyze    
  Name    Max Paths  Min Paths  
  ------  ---------  ---------  
  Slow    Yes        Yes        
  Fast    Yes        Yes        


------------------------------------------------------------------------------------------------
| Report Methodology
| ------------------
------------------------------------------------------------------------------------------------

Rule       Severity          Description                                                       Violations  
---------  ----------------  ----------------------------------------------------------------  ----------  
TIMING-6   Critical Warning  No common primary clock between related clocks                    2           
TIMING-14  Critical Warning  LUT on the clock tree                                             1           
SYNTH-5    Warning           Mapped onto distributed RAM because of timing constraints         128         
TIMING-56  Warning           Missing logically or physically excluded clock groups constraint  2           

Note: This report is based on the most recent report_methodology run and may not be up-to-date. Run report_methodology on the current design for the latest report.



check_timing report

Table of Contents
-----------------
1. checking no_clock (0)
2. checking constant_clock (0)
3. checking pulse_width_clock (0)
4. checking unconstrained_internal_endpoints (0)
5. checking no_input_delay (17)
6. checking no_output_delay (11)
7. checking multiple_clock (979)
8. checking generated_clocks (0)
9. checking loops (0)
10. checking partial_input_delay (0)
11. checking partial_output_delay (0)
12. checking latch_loops (0)

1. checking no_clock (0)
------------------------
 There are 0 register/latch pins with no clock.


2. checking constant_clock (0)
------------------------------
 There are 0 register/latch pins with constant_clock.


3. checking pulse_width_clock (0)
---------------------------------
 There are 0 register/latch pins which need pulse_width check


4. checking unconstrained_internal_endpoints (0)
------------------------------------------------
 There are 0 pins that are not constrained for maximum delay.

 There are 0 pins that are not constrained for maximum delay due to constant clock.


5. checking no_input_delay (17)
-------------------------------
 There are 17 input ports with no input delay specified. (HIGH)

 There are 0 input ports with no input delay but user has a false path constraint.


6. checking no_output_delay (11)
--------------------------------
 There are 11 ports with no output delay specified. (HIGH)

 There are 0 ports with no output delay but user has a false path constraint

 There are 0 ports with no output delay but with a timing clock defined on it or propagating through it


7. checking multiple_clock (979)
--------------------------------
 There are 979 register/latch pins with multiple clocks. (HIGH)


8. checking generated_clocks (0)
--------------------------------
 There are 0 generated clocks that are not connected to a clock source.


9. checking loops (0)
---------------------
 There are 0 combinational loops in the design.


10. checking partial_input_delay (0)
------------------------------------
 There are 0 input ports with partial input delay specified.


11. checking partial_output_delay (0)
-------------------------------------
 There are 0 ports with partial output delay specified.


12. checking latch_loops (0)
----------------------------
 There are 0 combinational latch loops in the design through latch input



------------------------------------------------------------------------------------------------
| Design Timing Summary
| ---------------------
------------------------------------------------------------------------------------------------

    WNS(ns)      TNS(ns)  TNS Failing Endpoints  TNS Total Endpoints      WHS(ns)      THS(ns)  THS Failing Endpoints  THS Total Endpoints     WPWS(ns)     TPWS(ns)  TPWS Failing Endpoints  TPWS Total Endpoints  
    -------      -------  ---------------------  -------------------      -------      -------  ---------------------  -------------------     --------     --------  ----------------------  --------------------  
      0.279        0.000                      0                 6032        0.036        0.000                      0                 6032        3.000        0.000                       0                   986  


All user specified timing constraints are met.


------------------------------------------------------------------------------------------------
| Clock Summary
| -------------
------------------------------------------------------------------------------------------------

Clock                   Waveform(ns)       Period(ns)      Frequency(MHz)
-----                   ------------       ----------      --------------
clk_in                  {0.000 5.000}      10.000          100.000         
  clk_out1_clk_wiz_0    {0.000 7.143}      14.286          70.000          
  clkfbout_clk_wiz_0    {0.000 25.000}     50.000          20.000          
sys_clk_pin             {0.000 5.000}      10.000          100.000         
  clk_out1_clk_wiz_0_1  {0.000 7.143}      14.286          70.000          
  clkfbout_clk_wiz_0_1  {0.000 25.000}     50.000          20.000          


------------------------------------------------------------------------------------------------
| Intra Clock Table
| -----------------
------------------------------------------------------------------------------------------------

Clock                       WNS(ns)      TNS(ns)  TNS Failing Endpoints  TNS Total Endpoints      WHS(ns)      THS(ns)  THS Failing Endpoints  THS Total Endpoints     WPWS(ns)     TPWS(ns)  TPWS Failing Endpoints  TPWS Total Endpoints  
-----                       -------      -------  ---------------------  -------------------      -------      -------  ---------------------  -------------------     --------     --------  ----------------------  --------------------  
clk_in                                                                                                                                                                    3.000        0.000                       0                     1  
  clk_out1_clk_wiz_0          0.279        0.000                      0                 6032        0.168        0.000                      0                 6032        5.893        0.000                       0                   982  
  clkfbout_clk_wiz_0                                                                                                                                                     47.845        0.000                       0                     3  
sys_clk_pin                                                                                                                                                               3.000        0.000                       0                     1  
  clk_out1_clk_wiz_0_1        0.281        0.000                      0                 6032        0.168        0.000                      0                 6032        5.893        0.000                       0                   982  
  clkfbout_clk_wiz_0_1                                                                                                                                                   47.845        0.000                       0                     3  


------------------------------------------------------------------------------------------------
| Inter Clock Table
| -----------------
------------------------------------------------------------------------------------------------

From Clock            To Clock                  WNS(ns)      TNS(ns)  TNS Failing Endpoints  TNS Total Endpoints      WHS(ns)      THS(ns)  THS Failing Endpoints  THS Total Endpoints  
----------            --------                  -------      -------  ---------------------  -------------------      -------      -------  ---------------------  -------------------  
clk_out1_clk_wiz_0_1  clk_out1_clk_wiz_0          0.279        0.000                      0                 6032        0.036        0.000                      0                 6032  
clk_out1_clk_wiz_0    clk_out1_clk_wiz_0_1        0.279        0.000                      0                 6032        0.036        0.000                      0                 6032  


------------------------------------------------------------------------------------------------
| Other Path Groups Table
| -----------------------
------------------------------------------------------------------------------------------------

Path Group    From Clock    To Clock          WNS(ns)      TNS(ns)  TNS Failing Endpoints  TNS Total Endpoints      WHS(ns)      THS(ns)  THS Failing Endpoints  THS Total Endpoints  
----------    ----------    --------          -------      -------  ---------------------  -------------------      -------      -------  ---------------------  -------------------  


------------------------------------------------------------------------------------------------
| Timing Details
| --------------
------------------------------------------------------------------------------------------------


---------------------------------------------------------------------------------------------------
From Clock:  clk_in
  To Clock:  clk_in

Setup :           NA  Failing Endpoints,  Worst Slack           NA  ,  Total Violation           NA
Hold  :           NA  Failing Endpoints,  Worst Slack           NA  ,  Total Violation           NA
PW    :            0  Failing Endpoints,  Worst Slack        3.000ns,  Total Violation        0.000ns
---------------------------------------------------------------------------------------------------


Pulse Width Checks
--------------------------------------------------------------------------------------
Clock Name:         clk_in
Waveform(ns):       { 0.000 5.000 }
Period(ns):         10.000
Sources:            { clk_in }

Check Type        Corner  Lib Pin            Reference Pin  Required(ns)  Actual(ns)  Slack(ns)  Location         Pin
Min Period        n/a     MMCME2_ADV/CLKIN1  n/a            1.249         10.000      8.751      MMCME2_ADV_X1Y0  your_instance_name/inst/mmcm_adv_inst/CLKIN1
Max Period        n/a     MMCME2_ADV/CLKIN1  n/a            100.000       10.000      90.000     MMCME2_ADV_X1Y0  your_instance_name/inst/mmcm_adv_inst/CLKIN1
Low Pulse Width   Slow    MMCME2_ADV/CLKIN1  n/a            2.000         5.000       3.000      MMCME2_ADV_X1Y0  your_instance_name/inst/mmcm_adv_inst/CLKIN1
High Pulse Width  Slow    MMCME2_ADV/CLKIN1  n/a            2.000         5.000       3.000      MMCME2_ADV_X1Y0  your_instance_name/inst/mmcm_adv_inst/CLKIN1



---------------------------------------------------------------------------------------------------
From Clock:  clk_out1_clk_wiz_0
  To Clock:  clk_out1_clk_wiz_0

Setup :            0  Failing Endpoints,  Worst Slack        0.279ns,  Total Violation        0.000ns
Hold  :            0  Failing Endpoints,  Worst Slack        0.168ns,  Total Violation        0.000ns
PW    :            0  Failing Endpoints,  Worst Slack        5.893ns,  Total Violation        0.000ns
---------------------------------------------------------------------------------------------------


Max Delay Paths
--------------------------------------------------------------------------------------
Slack (MET) :             0.279ns  (required time - arrival time)
  Source:                 immd1_s_reg[4]/C
                            (rising edge-triggered cell FDRE clocked by clk_out1_clk_wiz_0  {rise@0.000ns fall@7.143ns period=14.286ns})
  Destination:            alu_result1_s_reg[27]/D
                            (rising edge-triggered cell FDRE clocked by clk_out1_clk_wiz_0  {rise@0.000ns fall@7.143ns period=14.286ns})
  Path Group:             clk_out1_clk_wiz_0
  Path Type:              Setup (Max at Slow Process Corner)
  Requirement:            14.286ns  (clk_out1_clk_wiz_0 rise@14.286ns - clk_out1_clk_wiz_0 rise@0.000ns)
  Data Path Delay:        13.870ns  (logic 2.980ns (21.485%)  route 10.890ns (78.515%))
  Logic Levels:           18  (LUT3=3 LUT5=4 LUT6=11)
  Clock Path Skew:        -0.034ns (DCD - SCD + CPR)
    Destination Clock Delay (DCD):    -1.560ns = ( 12.726 - 14.286 ) 
    Source Clock Delay      (SCD):    -0.964ns
    Clock Pessimism Removal (CPR):    0.562ns
  Clock Uncertainty:      0.132ns  ((TSJ^2 + DJ^2)^1/2) / 2 + PE
    Total System Jitter     (TSJ):    0.071ns
    Discrete Jitter          (DJ):    0.253ns
    Phase Error              (PE):    0.000ns

    Location             Delay type                Incr(ns)  Path(ns)    Netlist Resource(s)
  -------------------------------------------------------------------    -------------------
                         (clock clk_out1_clk_wiz_0 rise edge)
                                                      0.000     0.000 r  
    W5                                                0.000     0.000 r  clk_in (IN)
                         net (fo=0)                   0.000     0.000    your_instance_name/inst/clk_in1
    W5                   IBUF (Prop_ibuf_I_O)         1.458     1.458 r  your_instance_name/inst/clkin1_ibufg/O
                         net (fo=1, routed)           1.233     2.691    your_instance_name/inst/clk_in1_clk_wiz_0
    MMCME2_ADV_X1Y0      MMCME2_ADV (Prop_mmcme2_adv_CLKIN1_CLKOUT0)
                                                     -6.961    -4.269 r  your_instance_name/inst/mmcm_adv_inst/CLKOUT0
                         net (fo=1, routed)           1.661    -2.608    your_instance_name/inst/clk_out1_clk_wiz_0
    BUFGCTRL_X0Y1        BUFG (Prop_bufg_I_O)         0.096    -2.512 r  your_instance_name/inst/clkout1_buf/O
                         net (fo=380, routed)         1.548    -0.964    clk
    SLICE_X38Y86         FDRE                                         r  immd1_s_reg[4]/C
  -------------------------------------------------------------------    -------------------
    SLICE_X38Y86         FDRE (Prop_fdre_C_Q)         0.518    -0.446 r  immd1_s_reg[4]/Q
                         net (fo=18, routed)          0.716     0.270    execute_inst/immd1_s[2]
    SLICE_X38Y86         LUT3 (Prop_lut3_I0_O)        0.124     0.394 r  execute_inst/alu_result1_s[1]_i_4/O
                         net (fo=47, routed)          0.901     1.295    execute_inst/b_s[1]
    SLICE_X36Y85         LUT6 (Prop_lut6_I1_O)        0.124     1.419 r  execute_inst/alu_result1_s[3]_i_11/O
                         net (fo=2, routed)           0.667     2.086    execute_inst/mul_comp/prod_inst/gen_reduce_slv_l.wrapper_left_inst/gen_reduce_slv_l.wrapper_left_inst/gen_reduce_slv_l.add_inst/c_s_1
    SLICE_X37Y85         LUT6 (Prop_lut6_I5_O)        0.124     2.210 r  execute_inst/alu_result1_s[7]_i_29/O
                         net (fo=4, routed)           0.624     2.834    execute_inst/mul_comp/prod_inst/gen_reduce_slv_l.wrapper_left_inst/gen_reduce_slv_l.wrapper_left_inst/gen_reduce_slv_l.add_inst/c_s_2
    SLICE_X38Y84         LUT5 (Prop_lut5_I0_O)        0.150     2.984 r  execute_inst/alu_result1_s[7]_i_15/O
                         net (fo=3, routed)           0.496     3.480    execute_inst/mul_comp/prod_inst/gen_reduce_slv_l.wrapper_left_inst/gen_reduce_slv_l.add_inst/c_s_1
    SLICE_X38Y84         LUT6 (Prop_lut6_I5_O)        0.328     3.808 r  execute_inst/alu_result1_s[7]_i_5/O
                         net (fo=3, routed)           0.756     4.564    execute_inst/mul_comp/prod_inst/gen_reduce_slv_l.wrapper_left_inst/gen_reduce_slv_l.add_inst/c_s_3
    SLICE_X38Y87         LUT6 (Prop_lut6_I5_O)        0.124     4.688 r  execute_inst/alu_result1_s[10]_i_20/O
                         net (fo=3, routed)           0.666     5.354    execute_inst/mul_comp/prod_inst/gen_reduce_slv_l.wrapper_left_inst/gen_reduce_slv_l.add_inst/c_s_5
    SLICE_X39Y87         LUT6 (Prop_lut6_I5_O)        0.124     5.478 r  execute_inst/alu_result1_s[14]_i_63/O
                         net (fo=4, routed)           0.536     6.013    execute_inst/mul_comp/prod_inst/gen_reduce_slv_l.wrapper_left_inst/gen_reduce_slv_l.add_inst/c_s_7
    SLICE_X40Y88         LUT6 (Prop_lut6_I5_O)        0.124     6.137 r  execute_inst/alu_result1_s[14]_i_26/O
                         net (fo=4, routed)           0.449     6.586    execute_inst/mul_comp/prod_inst/gen_reduce_slv_l.wrapper_left_inst/gen_reduce_slv_l.add_inst/c_s_9
    SLICE_X41Y89         LUT6 (Prop_lut6_I5_O)        0.124     6.710 r  execute_inst/alu_result1_s[17]_i_24/O
                         net (fo=4, routed)           0.593     7.304    execute_inst/mul_comp/prod_inst/gen_reduce_slv_l.wrapper_left_inst/gen_reduce_slv_l.add_inst/c_s_11
    SLICE_X44Y90         LUT6 (Prop_lut6_I5_O)        0.124     7.428 r  execute_inst/alu_result1_s[18]_i_10/O
                         net (fo=4, routed)           0.600     8.028    execute_inst/mul_comp/prod_inst/gen_reduce_slv_l.wrapper_left_inst/gen_reduce_slv_l.add_inst/c_s_13
    SLICE_X47Y89         LUT6 (Prop_lut6_I2_O)        0.124     8.152 f  execute_inst/alu_result1_s[18]_i_4/O
                         net (fo=3, routed)           0.614     8.766    execute_inst/mul_comp/prod_inst/gen_reduce_slv_l.add_inst/c_s_10
    SLICE_X47Y88         LUT6 (Prop_lut6_I5_O)        0.124     8.890 f  execute_inst/alu_result1_s[20]_i_4/O
                         net (fo=3, routed)           0.633     9.523    execute_inst/mul_comp/prod_inst/gen_reduce_slv_l.add_inst/c_s_12
    SLICE_X47Y87         LUT5 (Prop_lut5_I4_O)        0.124     9.647 f  execute_inst/alu_result1_s[25]_i_10/O
                         net (fo=4, routed)           0.529    10.176    execute_inst/mul_comp/prod_inst/gen_reduce_slv_l.add_inst/c_s_14
    SLICE_X46Y87         LUT6 (Prop_lut6_I1_O)        0.124    10.300 r  execute_inst/alu_result1_s[25]_i_3/O
                         net (fo=5, routed)           0.596    10.896    execute_inst/alu_result1_s[25]_i_3_n_1
    SLICE_X47Y86         LUT3 (Prop_lut3_I1_O)        0.124    11.020 r  execute_inst/alu_result1_s[27]_i_13/O
                         net (fo=1, routed)           0.606    11.626    execute_inst/alu_result1_s[27]_i_13_n_1
    SLICE_X48Y86         LUT5 (Prop_lut5_I1_O)        0.124    11.750 r  execute_inst/alu_result1_s[27]_i_7/O
                         net (fo=1, routed)           0.416    12.165    execute_inst/alu32_inst/sra_comp/alu_result1_s_reg[27]
    SLICE_X48Y85         LUT5 (Prop_lut5_I0_O)        0.124    12.289 r  execute_inst/alu32_inst/sra_comp/alu_result1_s[27]_i_4/O
                         net (fo=1, routed)           0.493    12.782    execute_inst/alu32_inst/sll_comp/alu_result1_s_reg[27]_0
    SLICE_X48Y85         LUT3 (Prop_lut3_I2_O)        0.124    12.906 r  execute_inst/alu32_inst/sll_comp/alu_result1_s[27]_i_1/O
                         net (fo=1, routed)           0.000    12.906    alu_result0_s[27]
    SLICE_X48Y85         FDRE                                         r  alu_result1_s_reg[27]/D
  -------------------------------------------------------------------    -------------------

                         (clock clk_out1_clk_wiz_0 rise edge)
                                                     14.286    14.286 r  
    W5                                                0.000    14.286 r  clk_in (IN)
                         net (fo=0)                   0.000    14.286    your_instance_name/inst/clk_in1
    W5                   IBUF (Prop_ibuf_I_O)         1.388    15.674 r  your_instance_name/inst/clkin1_ibufg/O
                         net (fo=1, routed)           1.162    16.836    your_instance_name/inst/clk_in1_clk_wiz_0
    MMCME2_ADV_X1Y0      MMCME2_ADV (Prop_mmcme2_adv_CLKIN1_CLKOUT0)
                                                     -7.217     9.618 r  your_instance_name/inst/mmcm_adv_inst/CLKOUT0
                         net (fo=1, routed)           1.581    11.199    your_instance_name/inst/clk_out1_clk_wiz_0
    BUFGCTRL_X0Y1        BUFG (Prop_bufg_I_O)         0.091    11.290 r  your_instance_name/inst/clkout1_buf/O
                         net (fo=380, routed)         1.436    12.726    clk
    SLICE_X48Y85         FDRE                                         r  alu_result1_s_reg[27]/C
                         clock pessimism              0.562    13.288    
                         clock uncertainty           -0.132    13.156    
    SLICE_X48Y85         FDRE (Setup_fdre_C_D)        0.029    13.185    alu_result1_s_reg[27]
  -------------------------------------------------------------------
                         required time                         13.185    
                         arrival time                         -12.906    
  -------------------------------------------------------------------
                         slack                                  0.279    





Min Delay Paths
--------------------------------------------------------------------------------------
Slack (MET) :             0.168ns  (arrival time - required time)
  Source:                 alu_result1_s_reg[20]/C
                            (rising edge-triggered cell FDRE clocked by clk_out1_clk_wiz_0  {rise@0.000ns fall@7.143ns period=14.286ns})
  Destination:            alu_result3_s_reg[20]/D
                            (rising edge-triggered cell FDRE clocked by clk_out1_clk_wiz_0  {rise@0.000ns fall@7.143ns period=14.286ns})
  Path Group:             clk_out1_clk_wiz_0
  Path Type:              Hold (Min at Fast Process Corner)
  Requirement:            0.000ns  (clk_out1_clk_wiz_0 rise@0.000ns - clk_out1_clk_wiz_0 rise@0.000ns)
  Data Path Delay:        0.251ns  (logic 0.141ns (56.174%)  route 0.110ns (43.826%))
  Logic Levels:           0  
  Clock Path Skew:        0.013ns (DCD - SCD - CPR)
    Destination Clock Delay (DCD):    -0.869ns
    Source Clock Delay      (SCD):    -0.627ns
    Clock Pessimism Removal (CPR):    -0.255ns

    Location             Delay type                Incr(ns)  Path(ns)    Netlist Resource(s)
  -------------------------------------------------------------------    -------------------
                         (clock clk_out1_clk_wiz_0 rise edge)
                                                      0.000     0.000 r  
    W5                                                0.000     0.000 r  clk_in (IN)
                         net (fo=0)                   0.000     0.000    your_instance_name/inst/clk_in1
    W5                   IBUF (Prop_ibuf_I_O)         0.226     0.226 r  your_instance_name/inst/clkin1_ibufg/O
                         net (fo=1, routed)           0.440     0.667    your_instance_name/inst/clk_in1_clk_wiz_0
    MMCME2_ADV_X1Y0      MMCME2_ADV (Prop_mmcme2_adv_CLKIN1_CLKOUT0)
                                                     -2.360    -1.693 r  your_instance_name/inst/mmcm_adv_inst/CLKOUT0
                         net (fo=1, routed)           0.486    -1.207    your_instance_name/inst/clk_out1_clk_wiz_0
    BUFGCTRL_X0Y1        BUFG (Prop_bufg_I_O)         0.026    -1.181 r  your_instance_name/inst/clkout1_buf/O
                         net (fo=380, routed)         0.554    -0.627    clk
    SLICE_X49Y78         FDRE                                         r  alu_result1_s_reg[20]/C
  -------------------------------------------------------------------    -------------------
    SLICE_X49Y78         FDRE (Prop_fdre_C_Q)         0.141    -0.486 r  alu_result1_s_reg[20]/Q
                         net (fo=1, routed)           0.110    -0.376    alu_result1_s[20]
    SLICE_X49Y77         FDRE                                         r  alu_result3_s_reg[20]/D
  -------------------------------------------------------------------    -------------------

                         (clock clk_out1_clk_wiz_0 rise edge)
                                                      0.000     0.000 r  
    W5                                                0.000     0.000 r  clk_in (IN)
                         net (fo=0)                   0.000     0.000    your_instance_name/inst/clk_in1
    W5                   IBUF (Prop_ibuf_I_O)         0.414     0.414 r  your_instance_name/inst/clkin1_ibufg/O
                         net (fo=1, routed)           0.480     0.894    your_instance_name/inst/clk_in1_clk_wiz_0
    MMCME2_ADV_X1Y0      MMCME2_ADV (Prop_mmcme2_adv_CLKIN1_CLKOUT0)
                                                     -3.142    -2.248 r  your_instance_name/inst/mmcm_adv_inst/CLKOUT0
                         net (fo=1, routed)           0.530    -1.718    your_instance_name/inst/clk_out1_clk_wiz_0
    BUFGCTRL_X0Y1        BUFG (Prop_bufg_I_O)         0.029    -1.689 r  your_instance_name/inst/clkout1_buf/O
                         net (fo=380, routed)         0.820    -0.869    clk
    SLICE_X49Y77         FDRE                                         r  alu_result3_s_reg[20]/C
                         clock pessimism              0.255    -0.614    
    SLICE_X49Y77         FDRE (Hold_fdre_C_D)         0.070    -0.544    alu_result3_s_reg[20]
  -------------------------------------------------------------------
                         required time                          0.544    
                         arrival time                          -0.376    
  -------------------------------------------------------------------
                         slack                                  0.168    





Pulse Width Checks
--------------------------------------------------------------------------------------
Clock Name:         clk_out1_clk_wiz_0
Waveform(ns):       { 0.000 7.143 }
Period(ns):         14.286
Sources:            { your_instance_name/inst/mmcm_adv_inst/CLKOUT0 }

Check Type        Corner  Lib Pin             Reference Pin  Required(ns)  Actual(ns)  Slack(ns)  Location         Pin
Min Period        n/a     BUFG/I              n/a            2.155         14.286      12.131     BUFGCTRL_X0Y0    n_0_788_BUFG_inst/I
Max Period        n/a     MMCME2_ADV/CLKOUT0  n/a            213.360       14.286      199.074    MMCME2_ADV_X1Y0  your_instance_name/inst/mmcm_adv_inst/CLKOUT0
Low Pulse Width   Slow    RAMD32/CLK          n/a            1.250         7.143       5.893      SLICE_X52Y86     decode_inst/registerfile_inst/register_array_reg_r1_0_31_0_5/RAMA/CLK
High Pulse Width  Slow    RAMD32/CLK          n/a            1.250         7.143       5.893      SLICE_X52Y86     decode_inst/registerfile_inst/register_array_reg_r1_0_31_0_5/RAMA/CLK



---------------------------------------------------------------------------------------------------
From Clock:  clkfbout_clk_wiz_0
  To Clock:  clkfbout_clk_wiz_0

Setup :           NA  Failing Endpoints,  Worst Slack           NA  ,  Total Violation           NA
Hold  :           NA  Failing Endpoints,  Worst Slack           NA  ,  Total Violation           NA
PW    :            0  Failing Endpoints,  Worst Slack       47.845ns,  Total Violation        0.000ns
---------------------------------------------------------------------------------------------------


Pulse Width Checks
--------------------------------------------------------------------------------------
Clock Name:         clkfbout_clk_wiz_0
Waveform(ns):       { 0.000 25.000 }
Period(ns):         50.000
Sources:            { your_instance_name/inst/mmcm_adv_inst/CLKFBOUT }

Check Type  Corner  Lib Pin             Reference Pin  Required(ns)  Actual(ns)  Slack(ns)  Location         Pin
Min Period  n/a     BUFG/I              n/a            2.155         50.000      47.845     BUFGCTRL_X0Y2    your_instance_name/inst/clkf_buf/I
Max Period  n/a     MMCME2_ADV/CLKFBIN  n/a            100.000       50.000      50.000     MMCME2_ADV_X1Y0  your_instance_name/inst/mmcm_adv_inst/CLKFBIN



---------------------------------------------------------------------------------------------------
From Clock:  sys_clk_pin
  To Clock:  sys_clk_pin

Setup :           NA  Failing Endpoints,  Worst Slack           NA  ,  Total Violation           NA
Hold  :           NA  Failing Endpoints,  Worst Slack           NA  ,  Total Violation           NA
PW    :            0  Failing Endpoints,  Worst Slack        3.000ns,  Total Violation        0.000ns
---------------------------------------------------------------------------------------------------


Pulse Width Checks
--------------------------------------------------------------------------------------
Clock Name:         sys_clk_pin
Waveform(ns):       { 0.000 5.000 }
Period(ns):         10.000
Sources:            { clk_in }

Check Type        Corner  Lib Pin            Reference Pin  Required(ns)  Actual(ns)  Slack(ns)  Location         Pin
Min Period        n/a     MMCME2_ADV/CLKIN1  n/a            1.249         10.000      8.751      MMCME2_ADV_X1Y0  your_instance_name/inst/mmcm_adv_inst/CLKIN1
Max Period        n/a     MMCME2_ADV/CLKIN1  n/a            100.000       10.000      90.000     MMCME2_ADV_X1Y0  your_instance_name/inst/mmcm_adv_inst/CLKIN1
Low Pulse Width   Slow    MMCME2_ADV/CLKIN1  n/a            2.000         5.000       3.000      MMCME2_ADV_X1Y0  your_instance_name/inst/mmcm_adv_inst/CLKIN1
High Pulse Width  Slow    MMCME2_ADV/CLKIN1  n/a            2.000         5.000       3.000      MMCME2_ADV_X1Y0  your_instance_name/inst/mmcm_adv_inst/CLKIN1



---------------------------------------------------------------------------------------------------
From Clock:  clk_out1_clk_wiz_0_1
  To Clock:  clk_out1_clk_wiz_0_1

Setup :            0  Failing Endpoints,  Worst Slack        0.281ns,  Total Violation        0.000ns
Hold  :            0  Failing Endpoints,  Worst Slack        0.168ns,  Total Violation        0.000ns
PW    :            0  Failing Endpoints,  Worst Slack        5.893ns,  Total Violation        0.000ns
---------------------------------------------------------------------------------------------------


Max Delay Paths
--------------------------------------------------------------------------------------
Slack (MET) :             0.281ns  (required time - arrival time)
  Source:                 immd1_s_reg[4]/C
                            (rising edge-triggered cell FDRE clocked by clk_out1_clk_wiz_0_1  {rise@0.000ns fall@7.143ns period=14.286ns})
  Destination:            alu_result1_s_reg[27]/D
                            (rising edge-triggered cell FDRE clocked by clk_out1_clk_wiz_0_1  {rise@0.000ns fall@7.143ns period=14.286ns})
  Path Group:             clk_out1_clk_wiz_0_1
  Path Type:              Setup (Max at Slow Process Corner)
  Requirement:            14.286ns  (clk_out1_clk_wiz_0_1 rise@14.286ns - clk_out1_clk_wiz_0_1 rise@0.000ns)
  Data Path Delay:        13.870ns  (logic 2.980ns (21.485%)  route 10.890ns (78.515%))
  Logic Levels:           18  (LUT3=3 LUT5=4 LUT6=11)
  Clock Path Skew:        -0.034ns (DCD - SCD + CPR)
    Destination Clock Delay (DCD):    -1.560ns = ( 12.726 - 14.286 ) 
    Source Clock Delay      (SCD):    -0.964ns
    Clock Pessimism Removal (CPR):    0.562ns
  Clock Uncertainty:      0.130ns  ((TSJ^2 + DJ^2)^1/2) / 2 + PE
    Total System Jitter     (TSJ):    0.071ns
    Discrete Jitter          (DJ):    0.250ns
    Phase Error              (PE):    0.000ns

    Location             Delay type                Incr(ns)  Path(ns)    Netlist Resource(s)
  -------------------------------------------------------------------    -------------------
                         (clock clk_out1_clk_wiz_0_1 rise edge)
                                                      0.000     0.000 r  
    W5                                                0.000     0.000 r  clk_in (IN)
                         net (fo=0)                   0.000     0.000    your_instance_name/inst/clk_in1
    W5                   IBUF (Prop_ibuf_I_O)         1.458     1.458 r  your_instance_name/inst/clkin1_ibufg/O
                         net (fo=1, routed)           1.233     2.691    your_instance_name/inst/clk_in1_clk_wiz_0
    MMCME2_ADV_X1Y0      MMCME2_ADV (Prop_mmcme2_adv_CLKIN1_CLKOUT0)
                                                     -6.961    -4.269 r  your_instance_name/inst/mmcm_adv_inst/CLKOUT0
                         net (fo=1, routed)           1.661    -2.608    your_instance_name/inst/clk_out1_clk_wiz_0
    BUFGCTRL_X0Y1        BUFG (Prop_bufg_I_O)         0.096    -2.512 r  your_instance_name/inst/clkout1_buf/O
                         net (fo=380, routed)         1.548    -0.964    clk
    SLICE_X38Y86         FDRE                                         r  immd1_s_reg[4]/C
  -------------------------------------------------------------------    -------------------
    SLICE_X38Y86         FDRE (Prop_fdre_C_Q)         0.518    -0.446 r  immd1_s_reg[4]/Q
                         net (fo=18, routed)          0.716     0.270    execute_inst/immd1_s[2]
    SLICE_X38Y86         LUT3 (Prop_lut3_I0_O)        0.124     0.394 r  execute_inst/alu_result1_s[1]_i_4/O
                         net (fo=47, routed)          0.901     1.295    execute_inst/b_s[1]
    SLICE_X36Y85         LUT6 (Prop_lut6_I1_O)        0.124     1.419 r  execute_inst/alu_result1_s[3]_i_11/O
                         net (fo=2, routed)           0.667     2.086    execute_inst/mul_comp/prod_inst/gen_reduce_slv_l.wrapper_left_inst/gen_reduce_slv_l.wrapper_left_inst/gen_reduce_slv_l.add_inst/c_s_1
    SLICE_X37Y85         LUT6 (Prop_lut6_I5_O)        0.124     2.210 r  execute_inst/alu_result1_s[7]_i_29/O
                         net (fo=4, routed)           0.624     2.834    execute_inst/mul_comp/prod_inst/gen_reduce_slv_l.wrapper_left_inst/gen_reduce_slv_l.wrapper_left_inst/gen_reduce_slv_l.add_inst/c_s_2
    SLICE_X38Y84         LUT5 (Prop_lut5_I0_O)        0.150     2.984 r  execute_inst/alu_result1_s[7]_i_15/O
                         net (fo=3, routed)           0.496     3.480    execute_inst/mul_comp/prod_inst/gen_reduce_slv_l.wrapper_left_inst/gen_reduce_slv_l.add_inst/c_s_1
    SLICE_X38Y84         LUT6 (Prop_lut6_I5_O)        0.328     3.808 r  execute_inst/alu_result1_s[7]_i_5/O
                         net (fo=3, routed)           0.756     4.564    execute_inst/mul_comp/prod_inst/gen_reduce_slv_l.wrapper_left_inst/gen_reduce_slv_l.add_inst/c_s_3
    SLICE_X38Y87         LUT6 (Prop_lut6_I5_O)        0.124     4.688 r  execute_inst/alu_result1_s[10]_i_20/O
                         net (fo=3, routed)           0.666     5.354    execute_inst/mul_comp/prod_inst/gen_reduce_slv_l.wrapper_left_inst/gen_reduce_slv_l.add_inst/c_s_5
    SLICE_X39Y87         LUT6 (Prop_lut6_I5_O)        0.124     5.478 r  execute_inst/alu_result1_s[14]_i_63/O
                         net (fo=4, routed)           0.536     6.013    execute_inst/mul_comp/prod_inst/gen_reduce_slv_l.wrapper_left_inst/gen_reduce_slv_l.add_inst/c_s_7
    SLICE_X40Y88         LUT6 (Prop_lut6_I5_O)        0.124     6.137 r  execute_inst/alu_result1_s[14]_i_26/O
                         net (fo=4, routed)           0.449     6.586    execute_inst/mul_comp/prod_inst/gen_reduce_slv_l.wrapper_left_inst/gen_reduce_slv_l.add_inst/c_s_9
    SLICE_X41Y89         LUT6 (Prop_lut6_I5_O)        0.124     6.710 r  execute_inst/alu_result1_s[17]_i_24/O
                         net (fo=4, routed)           0.593     7.304    execute_inst/mul_comp/prod_inst/gen_reduce_slv_l.wrapper_left_inst/gen_reduce_slv_l.add_inst/c_s_11
    SLICE_X44Y90         LUT6 (Prop_lut6_I5_O)        0.124     7.428 r  execute_inst/alu_result1_s[18]_i_10/O
                         net (fo=4, routed)           0.600     8.028    execute_inst/mul_comp/prod_inst/gen_reduce_slv_l.wrapper_left_inst/gen_reduce_slv_l.add_inst/c_s_13
    SLICE_X47Y89         LUT6 (Prop_lut6_I2_O)        0.124     8.152 f  execute_inst/alu_result1_s[18]_i_4/O
                         net (fo=3, routed)           0.614     8.766    execute_inst/mul_comp/prod_inst/gen_reduce_slv_l.add_inst/c_s_10
    SLICE_X47Y88         LUT6 (Prop_lut6_I5_O)        0.124     8.890 f  execute_inst/alu_result1_s[20]_i_4/O
                         net (fo=3, routed)           0.633     9.523    execute_inst/mul_comp/prod_inst/gen_reduce_slv_l.add_inst/c_s_12
    SLICE_X47Y87         LUT5 (Prop_lut5_I4_O)        0.124     9.647 f  execute_inst/alu_result1_s[25]_i_10/O
                         net (fo=4, routed)           0.529    10.176    execute_inst/mul_comp/prod_inst/gen_reduce_slv_l.add_inst/c_s_14
    SLICE_X46Y87         LUT6 (Prop_lut6_I1_O)        0.124    10.300 r  execute_inst/alu_result1_s[25]_i_3/O
                         net (fo=5, routed)           0.596    10.896    execute_inst/alu_result1_s[25]_i_3_n_1
    SLICE_X47Y86         LUT3 (Prop_lut3_I1_O)        0.124    11.020 r  execute_inst/alu_result1_s[27]_i_13/O
                         net (fo=1, routed)           0.606    11.626    execute_inst/alu_result1_s[27]_i_13_n_1
    SLICE_X48Y86         LUT5 (Prop_lut5_I1_O)        0.124    11.750 r  execute_inst/alu_result1_s[27]_i_7/O
                         net (fo=1, routed)           0.416    12.165    execute_inst/alu32_inst/sra_comp/alu_result1_s_reg[27]
    SLICE_X48Y85         LUT5 (Prop_lut5_I0_O)        0.124    12.289 r  execute_inst/alu32_inst/sra_comp/alu_result1_s[27]_i_4/O
                         net (fo=1, routed)           0.493    12.782    execute_inst/alu32_inst/sll_comp/alu_result1_s_reg[27]_0
    SLICE_X48Y85         LUT3 (Prop_lut3_I2_O)        0.124    12.906 r  execute_inst/alu32_inst/sll_comp/alu_result1_s[27]_i_1/O
                         net (fo=1, routed)           0.000    12.906    alu_result0_s[27]
    SLICE_X48Y85         FDRE                                         r  alu_result1_s_reg[27]/D
  -------------------------------------------------------------------    -------------------

                         (clock clk_out1_clk_wiz_0_1 rise edge)
                                                     14.286    14.286 r  
    W5                                                0.000    14.286 r  clk_in (IN)
                         net (fo=0)                   0.000    14.286    your_instance_name/inst/clk_in1
    W5                   IBUF (Prop_ibuf_I_O)         1.388    15.674 r  your_instance_name/inst/clkin1_ibufg/O
                         net (fo=1, routed)           1.162    16.836    your_instance_name/inst/clk_in1_clk_wiz_0
    MMCME2_ADV_X1Y0      MMCME2_ADV (Prop_mmcme2_adv_CLKIN1_CLKOUT0)
                                                     -7.217     9.618 r  your_instance_name/inst/mmcm_adv_inst/CLKOUT0
                         net (fo=1, routed)           1.581    11.199    your_instance_name/inst/clk_out1_clk_wiz_0
    BUFGCTRL_X0Y1        BUFG (Prop_bufg_I_O)         0.091    11.290 r  your_instance_name/inst/clkout1_buf/O
                         net (fo=380, routed)         1.436    12.726    clk
    SLICE_X48Y85         FDRE                                         r  alu_result1_s_reg[27]/C
                         clock pessimism              0.562    13.288    
                         clock uncertainty           -0.130    13.158    
    SLICE_X48Y85         FDRE (Setup_fdre_C_D)        0.029    13.187    alu_result1_s_reg[27]
  -------------------------------------------------------------------
                         required time                         13.187    
                         arrival time                         -12.906    
  -------------------------------------------------------------------
                         slack                                  0.281    





Min Delay Paths
--------------------------------------------------------------------------------------
Slack (MET) :             0.168ns  (arrival time - required time)
  Source:                 alu_result1_s_reg[20]/C
                            (rising edge-triggered cell FDRE clocked by clk_out1_clk_wiz_0_1  {rise@0.000ns fall@7.143ns period=14.286ns})
  Destination:            alu_result3_s_reg[20]/D
                            (rising edge-triggered cell FDRE clocked by clk_out1_clk_wiz_0_1  {rise@0.000ns fall@7.143ns period=14.286ns})
  Path Group:             clk_out1_clk_wiz_0_1
  Path Type:              Hold (Min at Fast Process Corner)
  Requirement:            0.000ns  (clk_out1_clk_wiz_0_1 rise@0.000ns - clk_out1_clk_wiz_0_1 rise@0.000ns)
  Data Path Delay:        0.251ns  (logic 0.141ns (56.174%)  route 0.110ns (43.826%))
  Logic Levels:           0  
  Clock Path Skew:        0.013ns (DCD - SCD - CPR)
    Destination Clock Delay (DCD):    -0.869ns
    Source Clock Delay      (SCD):    -0.627ns
    Clock Pessimism Removal (CPR):    -0.255ns

    Location             Delay type                Incr(ns)  Path(ns)    Netlist Resource(s)
  -------------------------------------------------------------------    -------------------
                         (clock clk_out1_clk_wiz_0_1 rise edge)
                                                      0.000     0.000 r  
    W5                                                0.000     0.000 r  clk_in (IN)
                         net (fo=0)                   0.000     0.000    your_instance_name/inst/clk_in1
    W5                   IBUF (Prop_ibuf_I_O)         0.226     0.226 r  your_instance_name/inst/clkin1_ibufg/O
                         net (fo=1, routed)           0.440     0.667    your_instance_name/inst/clk_in1_clk_wiz_0
    MMCME2_ADV_X1Y0      MMCME2_ADV (Prop_mmcme2_adv_CLKIN1_CLKOUT0)
                                                     -2.360    -1.693 r  your_instance_name/inst/mmcm_adv_inst/CLKOUT0
                         net (fo=1, routed)           0.486    -1.207    your_instance_name/inst/clk_out1_clk_wiz_0
    BUFGCTRL_X0Y1        BUFG (Prop_bufg_I_O)         0.026    -1.181 r  your_instance_name/inst/clkout1_buf/O
                         net (fo=380, routed)         0.554    -0.627    clk
    SLICE_X49Y78         FDRE                                         r  alu_result1_s_reg[20]/C
  -------------------------------------------------------------------    -------------------
    SLICE_X49Y78         FDRE (Prop_fdre_C_Q)         0.141    -0.486 r  alu_result1_s_reg[20]/Q
                         net (fo=1, routed)           0.110    -0.376    alu_result1_s[20]
    SLICE_X49Y77         FDRE                                         r  alu_result3_s_reg[20]/D
  -------------------------------------------------------------------    -------------------

                         (clock clk_out1_clk_wiz_0_1 rise edge)
                                                      0.000     0.000 r  
    W5                                                0.000     0.000 r  clk_in (IN)
                         net (fo=0)                   0.000     0.000    your_instance_name/inst/clk_in1
    W5                   IBUF (Prop_ibuf_I_O)         0.414     0.414 r  your_instance_name/inst/clkin1_ibufg/O
                         net (fo=1, routed)           0.480     0.894    your_instance_name/inst/clk_in1_clk_wiz_0
    MMCME2_ADV_X1Y0      MMCME2_ADV (Prop_mmcme2_adv_CLKIN1_CLKOUT0)
                                                     -3.142    -2.248 r  your_instance_name/inst/mmcm_adv_inst/CLKOUT0
                         net (fo=1, routed)           0.530    -1.718    your_instance_name/inst/clk_out1_clk_wiz_0
    BUFGCTRL_X0Y1        BUFG (Prop_bufg_I_O)         0.029    -1.689 r  your_instance_name/inst/clkout1_buf/O
                         net (fo=380, routed)         0.820    -0.869    clk
    SLICE_X49Y77         FDRE                                         r  alu_result3_s_reg[20]/C
                         clock pessimism              0.255    -0.614    
    SLICE_X49Y77         FDRE (Hold_fdre_C_D)         0.070    -0.544    alu_result3_s_reg[20]
  -------------------------------------------------------------------
                         required time                          0.544    
                         arrival time                          -0.376    
  -------------------------------------------------------------------
                         slack                                  0.168    





Pulse Width Checks
--------------------------------------------------------------------------------------
Clock Name:         clk_out1_clk_wiz_0_1
Waveform(ns):       { 0.000 7.143 }
Period(ns):         14.286
Sources:            { your_instance_name/inst/mmcm_adv_inst/CLKOUT0 }

Check Type        Corner  Lib Pin             Reference Pin  Required(ns)  Actual(ns)  Slack(ns)  Location         Pin
Min Period        n/a     BUFG/I              n/a            2.155         14.286      12.131     BUFGCTRL_X0Y0    n_0_788_BUFG_inst/I
Max Period        n/a     MMCME2_ADV/CLKOUT0  n/a            213.360       14.286      199.074    MMCME2_ADV_X1Y0  your_instance_name/inst/mmcm_adv_inst/CLKOUT0
Low Pulse Width   Slow    RAMD32/CLK          n/a            1.250         7.143       5.893      SLICE_X52Y86     decode_inst/registerfile_inst/register_array_reg_r1_0_31_0_5/RAMA/CLK
High Pulse Width  Slow    RAMD32/CLK          n/a            1.250         7.143       5.893      SLICE_X52Y86     decode_inst/registerfile_inst/register_array_reg_r1_0_31_0_5/RAMA/CLK



---------------------------------------------------------------------------------------------------
From Clock:  clkfbout_clk_wiz_0_1
  To Clock:  clkfbout_clk_wiz_0_1

Setup :           NA  Failing Endpoints,  Worst Slack           NA  ,  Total Violation           NA
Hold  :           NA  Failing Endpoints,  Worst Slack           NA  ,  Total Violation           NA
PW    :            0  Failing Endpoints,  Worst Slack       47.845ns,  Total Violation        0.000ns
---------------------------------------------------------------------------------------------------


Pulse Width Checks
--------------------------------------------------------------------------------------
Clock Name:         clkfbout_clk_wiz_0_1
Waveform(ns):       { 0.000 25.000 }
Period(ns):         50.000
Sources:            { your_instance_name/inst/mmcm_adv_inst/CLKFBOUT }

Check Type  Corner  Lib Pin             Reference Pin  Required(ns)  Actual(ns)  Slack(ns)  Location         Pin
Min Period  n/a     BUFG/I              n/a            2.155         50.000      47.845     BUFGCTRL_X0Y2    your_instance_name/inst/clkf_buf/I
Max Period  n/a     MMCME2_ADV/CLKFBIN  n/a            100.000       50.000      50.000     MMCME2_ADV_X1Y0  your_instance_name/inst/mmcm_adv_inst/CLKFBIN



---------------------------------------------------------------------------------------------------
From Clock:  clk_out1_clk_wiz_0_1
  To Clock:  clk_out1_clk_wiz_0

Setup :            0  Failing Endpoints,  Worst Slack        0.279ns,  Total Violation        0.000ns
Hold  :            0  Failing Endpoints,  Worst Slack        0.036ns,  Total Violation        0.000ns
---------------------------------------------------------------------------------------------------


Max Delay Paths
--------------------------------------------------------------------------------------
Slack (MET) :             0.279ns  (required time - arrival time)
  Source:                 immd1_s_reg[4]/C
                            (rising edge-triggered cell FDRE clocked by clk_out1_clk_wiz_0_1  {rise@0.000ns fall@7.143ns period=14.286ns})
  Destination:            alu_result1_s_reg[27]/D
                            (rising edge-triggered cell FDRE clocked by clk_out1_clk_wiz_0  {rise@0.000ns fall@7.143ns period=14.286ns})
  Path Group:             clk_out1_clk_wiz_0
  Path Type:              Setup (Max at Slow Process Corner)
  Requirement:            14.286ns  (clk_out1_clk_wiz_0 rise@14.286ns - clk_out1_clk_wiz_0_1 rise@0.000ns)
  Data Path Delay:        13.870ns  (logic 2.980ns (21.485%)  route 10.890ns (78.515%))
  Logic Levels:           18  (LUT3=3 LUT5=4 LUT6=11)
  Clock Path Skew:        -0.034ns (DCD - SCD + CPR)
    Destination Clock Delay (DCD):    -1.560ns = ( 12.726 - 14.286 ) 
    Source Clock Delay      (SCD):    -0.964ns
    Clock Pessimism Removal (CPR):    0.562ns
  Clock Uncertainty:      0.132ns  ((TSJ^2 + DJ^2)^1/2) / 2 + PE
    Total System Jitter     (TSJ):    0.071ns
    Discrete Jitter          (DJ):    0.253ns
    Phase Error              (PE):    0.000ns
  Clock Domain Crossing:  Inter clock paths are considered valid unless explicitly excluded by timing constraints such as set_clock_groups or set_false_path.

    Location             Delay type                Incr(ns)  Path(ns)    Netlist Resource(s)
  -------------------------------------------------------------------    -------------------
                         (clock clk_out1_clk_wiz_0_1 rise edge)
                                                      0.000     0.000 r  
    W5                                                0.000     0.000 r  clk_in (IN)
                         net (fo=0)                   0.000     0.000    your_instance_name/inst/clk_in1
    W5                   IBUF (Prop_ibuf_I_O)         1.458     1.458 r  your_instance_name/inst/clkin1_ibufg/O
                         net (fo=1, routed)           1.233     2.691    your_instance_name/inst/clk_in1_clk_wiz_0
    MMCME2_ADV_X1Y0      MMCME2_ADV (Prop_mmcme2_adv_CLKIN1_CLKOUT0)
                                                     -6.961    -4.269 r  your_instance_name/inst/mmcm_adv_inst/CLKOUT0
                         net (fo=1, routed)           1.661    -2.608    your_instance_name/inst/clk_out1_clk_wiz_0
    BUFGCTRL_X0Y1        BUFG (Prop_bufg_I_O)         0.096    -2.512 r  your_instance_name/inst/clkout1_buf/O
                         net (fo=380, routed)         1.548    -0.964    clk
    SLICE_X38Y86         FDRE                                         r  immd1_s_reg[4]/C
  -------------------------------------------------------------------    -------------------
    SLICE_X38Y86         FDRE (Prop_fdre_C_Q)         0.518    -0.446 r  immd1_s_reg[4]/Q
                         net (fo=18, routed)          0.716     0.270    execute_inst/immd1_s[2]
    SLICE_X38Y86         LUT3 (Prop_lut3_I0_O)        0.124     0.394 r  execute_inst/alu_result1_s[1]_i_4/O
                         net (fo=47, routed)          0.901     1.295    execute_inst/b_s[1]
    SLICE_X36Y85         LUT6 (Prop_lut6_I1_O)        0.124     1.419 r  execute_inst/alu_result1_s[3]_i_11/O
                         net (fo=2, routed)           0.667     2.086    execute_inst/mul_comp/prod_inst/gen_reduce_slv_l.wrapper_left_inst/gen_reduce_slv_l.wrapper_left_inst/gen_reduce_slv_l.add_inst/c_s_1
    SLICE_X37Y85         LUT6 (Prop_lut6_I5_O)        0.124     2.210 r  execute_inst/alu_result1_s[7]_i_29/O
                         net (fo=4, routed)           0.624     2.834    execute_inst/mul_comp/prod_inst/gen_reduce_slv_l.wrapper_left_inst/gen_reduce_slv_l.wrapper_left_inst/gen_reduce_slv_l.add_inst/c_s_2
    SLICE_X38Y84         LUT5 (Prop_lut5_I0_O)        0.150     2.984 r  execute_inst/alu_result1_s[7]_i_15/O
                         net (fo=3, routed)           0.496     3.480    execute_inst/mul_comp/prod_inst/gen_reduce_slv_l.wrapper_left_inst/gen_reduce_slv_l.add_inst/c_s_1
    SLICE_X38Y84         LUT6 (Prop_lut6_I5_O)        0.328     3.808 r  execute_inst/alu_result1_s[7]_i_5/O
                         net (fo=3, routed)           0.756     4.564    execute_inst/mul_comp/prod_inst/gen_reduce_slv_l.wrapper_left_inst/gen_reduce_slv_l.add_inst/c_s_3
    SLICE_X38Y87         LUT6 (Prop_lut6_I5_O)        0.124     4.688 r  execute_inst/alu_result1_s[10]_i_20/O
                         net (fo=3, routed)           0.666     5.354    execute_inst/mul_comp/prod_inst/gen_reduce_slv_l.wrapper_left_inst/gen_reduce_slv_l.add_inst/c_s_5
    SLICE_X39Y87         LUT6 (Prop_lut6_I5_O)        0.124     5.478 r  execute_inst/alu_result1_s[14]_i_63/O
                         net (fo=4, routed)           0.536     6.013    execute_inst/mul_comp/prod_inst/gen_reduce_slv_l.wrapper_left_inst/gen_reduce_slv_l.add_inst/c_s_7
    SLICE_X40Y88         LUT6 (Prop_lut6_I5_O)        0.124     6.137 r  execute_inst/alu_result1_s[14]_i_26/O
                         net (fo=4, routed)           0.449     6.586    execute_inst/mul_comp/prod_inst/gen_reduce_slv_l.wrapper_left_inst/gen_reduce_slv_l.add_inst/c_s_9
    SLICE_X41Y89         LUT6 (Prop_lut6_I5_O)        0.124     6.710 r  execute_inst/alu_result1_s[17]_i_24/O
                         net (fo=4, routed)           0.593     7.304    execute_inst/mul_comp/prod_inst/gen_reduce_slv_l.wrapper_left_inst/gen_reduce_slv_l.add_inst/c_s_11
    SLICE_X44Y90         LUT6 (Prop_lut6_I5_O)        0.124     7.428 r  execute_inst/alu_result1_s[18]_i_10/O
                         net (fo=4, routed)           0.600     8.028    execute_inst/mul_comp/prod_inst/gen_reduce_slv_l.wrapper_left_inst/gen_reduce_slv_l.add_inst/c_s_13
    SLICE_X47Y89         LUT6 (Prop_lut6_I2_O)        0.124     8.152 f  execute_inst/alu_result1_s[18]_i_4/O
                         net (fo=3, routed)           0.614     8.766    execute_inst/mul_comp/prod_inst/gen_reduce_slv_l.add_inst/c_s_10
    SLICE_X47Y88         LUT6 (Prop_lut6_I5_O)        0.124     8.890 f  execute_inst/alu_result1_s[20]_i_4/O
                         net (fo=3, routed)           0.633     9.523    execute_inst/mul_comp/prod_inst/gen_reduce_slv_l.add_inst/c_s_12
    SLICE_X47Y87         LUT5 (Prop_lut5_I4_O)        0.124     9.647 f  execute_inst/alu_result1_s[25]_i_10/O
                         net (fo=4, routed)           0.529    10.176    execute_inst/mul_comp/prod_inst/gen_reduce_slv_l.add_inst/c_s_14
    SLICE_X46Y87         LUT6 (Prop_lut6_I1_O)        0.124    10.300 r  execute_inst/alu_result1_s[25]_i_3/O
                         net (fo=5, routed)           0.596    10.896    execute_inst/alu_result1_s[25]_i_3_n_1
    SLICE_X47Y86         LUT3 (Prop_lut3_I1_O)        0.124    11.020 r  execute_inst/alu_result1_s[27]_i_13/O
                         net (fo=1, routed)           0.606    11.626    execute_inst/alu_result1_s[27]_i_13_n_1
    SLICE_X48Y86         LUT5 (Prop_lut5_I1_O)        0.124    11.750 r  execute_inst/alu_result1_s[27]_i_7/O
                         net (fo=1, routed)           0.416    12.165    execute_inst/alu32_inst/sra_comp/alu_result1_s_reg[27]
    SLICE_X48Y85         LUT5 (Prop_lut5_I0_O)        0.124    12.289 r  execute_inst/alu32_inst/sra_comp/alu_result1_s[27]_i_4/O
                         net (fo=1, routed)           0.493    12.782    execute_inst/alu32_inst/sll_comp/alu_result1_s_reg[27]_0
    SLICE_X48Y85         LUT3 (Prop_lut3_I2_O)        0.124    12.906 r  execute_inst/alu32_inst/sll_comp/alu_result1_s[27]_i_1/O
                         net (fo=1, routed)           0.000    12.906    alu_result0_s[27]
    SLICE_X48Y85         FDRE                                         r  alu_result1_s_reg[27]/D
  -------------------------------------------------------------------    -------------------

                         (clock clk_out1_clk_wiz_0 rise edge)
                                                     14.286    14.286 r  
    W5                                                0.000    14.286 r  clk_in (IN)
                         net (fo=0)                   0.000    14.286    your_instance_name/inst/clk_in1
    W5                   IBUF (Prop_ibuf_I_O)         1.388    15.674 r  your_instance_name/inst/clkin1_ibufg/O
                         net (fo=1, routed)           1.162    16.836    your_instance_name/inst/clk_in1_clk_wiz_0
    MMCME2_ADV_X1Y0      MMCME2_ADV (Prop_mmcme2_adv_CLKIN1_CLKOUT0)
                                                     -7.217     9.618 r  your_instance_name/inst/mmcm_adv_inst/CLKOUT0
                         net (fo=1, routed)           1.581    11.199    your_instance_name/inst/clk_out1_clk_wiz_0
    BUFGCTRL_X0Y1        BUFG (Prop_bufg_I_O)         0.091    11.290 r  your_instance_name/inst/clkout1_buf/O
                         net (fo=380, routed)         1.436    12.726    clk
    SLICE_X48Y85         FDRE                                         r  alu_result1_s_reg[27]/C
                         clock pessimism              0.562    13.288    
                         clock uncertainty           -0.132    13.156    
    SLICE_X48Y85         FDRE (Setup_fdre_C_D)        0.029    13.185    alu_result1_s_reg[27]
  -------------------------------------------------------------------
                         required time                         13.185    
                         arrival time                         -12.906    
  -------------------------------------------------------------------
                         slack                                  0.279    





Min Delay Paths
--------------------------------------------------------------------------------------
Slack (MET) :             0.036ns  (arrival time - required time)
  Source:                 alu_result1_s_reg[20]/C
                            (rising edge-triggered cell FDRE clocked by clk_out1_clk_wiz_0_1  {rise@0.000ns fall@7.143ns period=14.286ns})
  Destination:            alu_result3_s_reg[20]/D
                            (rising edge-triggered cell FDRE clocked by clk_out1_clk_wiz_0  {rise@0.000ns fall@7.143ns period=14.286ns})
  Path Group:             clk_out1_clk_wiz_0
  Path Type:              Hold (Min at Fast Process Corner)
  Requirement:            0.000ns  (clk_out1_clk_wiz_0 rise@0.000ns - clk_out1_clk_wiz_0_1 rise@0.000ns)
  Data Path Delay:        0.251ns  (logic 0.141ns (56.174%)  route 0.110ns (43.826%))
  Logic Levels:           0  
  Clock Path Skew:        0.013ns (DCD - SCD - CPR)
    Destination Clock Delay (DCD):    -0.869ns
    Source Clock Delay      (SCD):    -0.627ns
    Clock Pessimism Removal (CPR):    -0.255ns
  Clock Uncertainty:      0.132ns  ((TSJ^2 + DJ^2)^1/2) / 2 + PE
    Total System Jitter     (TSJ):    0.071ns
    Discrete Jitter          (DJ):    0.253ns
    Phase Error              (PE):    0.000ns
  Clock Domain Crossing:  Inter clock paths are considered valid unless explicitly excluded by timing constraints such as set_clock_groups or set_false_path.

    Location             Delay type                Incr(ns)  Path(ns)    Netlist Resource(s)
  -------------------------------------------------------------------    -------------------
                         (clock clk_out1_clk_wiz_0_1 rise edge)
                                                      0.000     0.000 r  
    W5                                                0.000     0.000 r  clk_in (IN)
                         net (fo=0)                   0.000     0.000    your_instance_name/inst/clk_in1
    W5                   IBUF (Prop_ibuf_I_O)         0.226     0.226 r  your_instance_name/inst/clkin1_ibufg/O
                         net (fo=1, routed)           0.440     0.667    your_instance_name/inst/clk_in1_clk_wiz_0
    MMCME2_ADV_X1Y0      MMCME2_ADV (Prop_mmcme2_adv_CLKIN1_CLKOUT0)
                                                     -2.360    -1.693 r  your_instance_name/inst/mmcm_adv_inst/CLKOUT0
                         net (fo=1, routed)           0.486    -1.207    your_instance_name/inst/clk_out1_clk_wiz_0
    BUFGCTRL_X0Y1        BUFG (Prop_bufg_I_O)         0.026    -1.181 r  your_instance_name/inst/clkout1_buf/O
                         net (fo=380, routed)         0.554    -0.627    clk
    SLICE_X49Y78         FDRE                                         r  alu_result1_s_reg[20]/C
  -------------------------------------------------------------------    -------------------
    SLICE_X49Y78         FDRE (Prop_fdre_C_Q)         0.141    -0.486 r  alu_result1_s_reg[20]/Q
                         net (fo=1, routed)           0.110    -0.376    alu_result1_s[20]
    SLICE_X49Y77         FDRE                                         r  alu_result3_s_reg[20]/D
  -------------------------------------------------------------------    -------------------

                         (clock clk_out1_clk_wiz_0 rise edge)
                                                      0.000     0.000 r  
    W5                                                0.000     0.000 r  clk_in (IN)
                         net (fo=0)                   0.000     0.000    your_instance_name/inst/clk_in1
    W5                   IBUF (Prop_ibuf_I_O)         0.414     0.414 r  your_instance_name/inst/clkin1_ibufg/O
                         net (fo=1, routed)           0.480     0.894    your_instance_name/inst/clk_in1_clk_wiz_0
    MMCME2_ADV_X1Y0      MMCME2_ADV (Prop_mmcme2_adv_CLKIN1_CLKOUT0)
                                                     -3.142    -2.248 r  your_instance_name/inst/mmcm_adv_inst/CLKOUT0
                         net (fo=1, routed)           0.530    -1.718    your_instance_name/inst/clk_out1_clk_wiz_0
    BUFGCTRL_X0Y1        BUFG (Prop_bufg_I_O)         0.029    -1.689 r  your_instance_name/inst/clkout1_buf/O
                         net (fo=380, routed)         0.820    -0.869    clk
    SLICE_X49Y77         FDRE                                         r  alu_result3_s_reg[20]/C
                         clock pessimism              0.255    -0.614    
                         clock uncertainty            0.132    -0.483    
    SLICE_X49Y77         FDRE (Hold_fdre_C_D)         0.070    -0.413    alu_result3_s_reg[20]
  -------------------------------------------------------------------
                         required time                          0.413    
                         arrival time                          -0.376    
  -------------------------------------------------------------------
                         slack                                  0.036    





---------------------------------------------------------------------------------------------------
From Clock:  clk_out1_clk_wiz_0
  To Clock:  clk_out1_clk_wiz_0_1

Setup :            0  Failing Endpoints,  Worst Slack        0.279ns,  Total Violation        0.000ns
Hold  :            0  Failing Endpoints,  Worst Slack        0.036ns,  Total Violation        0.000ns
---------------------------------------------------------------------------------------------------


Max Delay Paths
--------------------------------------------------------------------------------------
Slack (MET) :             0.279ns  (required time - arrival time)
  Source:                 immd1_s_reg[4]/C
                            (rising edge-triggered cell FDRE clocked by clk_out1_clk_wiz_0  {rise@0.000ns fall@7.143ns period=14.286ns})
  Destination:            alu_result1_s_reg[27]/D
                            (rising edge-triggered cell FDRE clocked by clk_out1_clk_wiz_0_1  {rise@0.000ns fall@7.143ns period=14.286ns})
  Path Group:             clk_out1_clk_wiz_0_1
  Path Type:              Setup (Max at Slow Process Corner)
  Requirement:            14.286ns  (clk_out1_clk_wiz_0_1 rise@14.286ns - clk_out1_clk_wiz_0 rise@0.000ns)
  Data Path Delay:        13.870ns  (logic 2.980ns (21.485%)  route 10.890ns (78.515%))
  Logic Levels:           18  (LUT3=3 LUT5=4 LUT6=11)
  Clock Path Skew:        -0.034ns (DCD - SCD + CPR)
    Destination Clock Delay (DCD):    -1.560ns = ( 12.726 - 14.286 ) 
    Source Clock Delay      (SCD):    -0.964ns
    Clock Pessimism Removal (CPR):    0.562ns
  Clock Uncertainty:      0.132ns  ((TSJ^2 + DJ^2)^1/2) / 2 + PE
    Total System Jitter     (TSJ):    0.071ns
    Discrete Jitter          (DJ):    0.253ns
    Phase Error              (PE):    0.000ns
  Clock Domain Crossing:  Inter clock paths are considered valid unless explicitly excluded by timing constraints such as set_clock_groups or set_false_path.

    Location             Delay type                Incr(ns)  Path(ns)    Netlist Resource(s)
  -------------------------------------------------------------------    -------------------
                         (clock clk_out1_clk_wiz_0 rise edge)
                                                      0.000     0.000 r  
    W5                                                0.000     0.000 r  clk_in (IN)
                         net (fo=0)                   0.000     0.000    your_instance_name/inst/clk_in1
    W5                   IBUF (Prop_ibuf_I_O)         1.458     1.458 r  your_instance_name/inst/clkin1_ibufg/O
                         net (fo=1, routed)           1.233     2.691    your_instance_name/inst/clk_in1_clk_wiz_0
    MMCME2_ADV_X1Y0      MMCME2_ADV (Prop_mmcme2_adv_CLKIN1_CLKOUT0)
                                                     -6.961    -4.269 r  your_instance_name/inst/mmcm_adv_inst/CLKOUT0
                         net (fo=1, routed)           1.661    -2.608    your_instance_name/inst/clk_out1_clk_wiz_0
    BUFGCTRL_X0Y1        BUFG (Prop_bufg_I_O)         0.096    -2.512 r  your_instance_name/inst/clkout1_buf/O
                         net (fo=380, routed)         1.548    -0.964    clk
    SLICE_X38Y86         FDRE                                         r  immd1_s_reg[4]/C
  -------------------------------------------------------------------    -------------------
    SLICE_X38Y86         FDRE (Prop_fdre_C_Q)         0.518    -0.446 r  immd1_s_reg[4]/Q
                         net (fo=18, routed)          0.716     0.270    execute_inst/immd1_s[2]
    SLICE_X38Y86         LUT3 (Prop_lut3_I0_O)        0.124     0.394 r  execute_inst/alu_result1_s[1]_i_4/O
                         net (fo=47, routed)          0.901     1.295    execute_inst/b_s[1]
    SLICE_X36Y85         LUT6 (Prop_lut6_I1_O)        0.124     1.419 r  execute_inst/alu_result1_s[3]_i_11/O
                         net (fo=2, routed)           0.667     2.086    execute_inst/mul_comp/prod_inst/gen_reduce_slv_l.wrapper_left_inst/gen_reduce_slv_l.wrapper_left_inst/gen_reduce_slv_l.add_inst/c_s_1
    SLICE_X37Y85         LUT6 (Prop_lut6_I5_O)        0.124     2.210 r  execute_inst/alu_result1_s[7]_i_29/O
                         net (fo=4, routed)           0.624     2.834    execute_inst/mul_comp/prod_inst/gen_reduce_slv_l.wrapper_left_inst/gen_reduce_slv_l.wrapper_left_inst/gen_reduce_slv_l.add_inst/c_s_2
    SLICE_X38Y84         LUT5 (Prop_lut5_I0_O)        0.150     2.984 r  execute_inst/alu_result1_s[7]_i_15/O
                         net (fo=3, routed)           0.496     3.480    execute_inst/mul_comp/prod_inst/gen_reduce_slv_l.wrapper_left_inst/gen_reduce_slv_l.add_inst/c_s_1
    SLICE_X38Y84         LUT6 (Prop_lut6_I5_O)        0.328     3.808 r  execute_inst/alu_result1_s[7]_i_5/O
                         net (fo=3, routed)           0.756     4.564    execute_inst/mul_comp/prod_inst/gen_reduce_slv_l.wrapper_left_inst/gen_reduce_slv_l.add_inst/c_s_3
    SLICE_X38Y87         LUT6 (Prop_lut6_I5_O)        0.124     4.688 r  execute_inst/alu_result1_s[10]_i_20/O
                         net (fo=3, routed)           0.666     5.354    execute_inst/mul_comp/prod_inst/gen_reduce_slv_l.wrapper_left_inst/gen_reduce_slv_l.add_inst/c_s_5
    SLICE_X39Y87         LUT6 (Prop_lut6_I5_O)        0.124     5.478 r  execute_inst/alu_result1_s[14]_i_63/O
                         net (fo=4, routed)           0.536     6.013    execute_inst/mul_comp/prod_inst/gen_reduce_slv_l.wrapper_left_inst/gen_reduce_slv_l.add_inst/c_s_7
    SLICE_X40Y88         LUT6 (Prop_lut6_I5_O)        0.124     6.137 r  execute_inst/alu_result1_s[14]_i_26/O
                         net (fo=4, routed)           0.449     6.586    execute_inst/mul_comp/prod_inst/gen_reduce_slv_l.wrapper_left_inst/gen_reduce_slv_l.add_inst/c_s_9
    SLICE_X41Y89         LUT6 (Prop_lut6_I5_O)        0.124     6.710 r  execute_inst/alu_result1_s[17]_i_24/O
                         net (fo=4, routed)           0.593     7.304    execute_inst/mul_comp/prod_inst/gen_reduce_slv_l.wrapper_left_inst/gen_reduce_slv_l.add_inst/c_s_11
    SLICE_X44Y90         LUT6 (Prop_lut6_I5_O)        0.124     7.428 r  execute_inst/alu_result1_s[18]_i_10/O
                         net (fo=4, routed)           0.600     8.028    execute_inst/mul_comp/prod_inst/gen_reduce_slv_l.wrapper_left_inst/gen_reduce_slv_l.add_inst/c_s_13
    SLICE_X47Y89         LUT6 (Prop_lut6_I2_O)        0.124     8.152 f  execute_inst/alu_result1_s[18]_i_4/O
                         net (fo=3, routed)           0.614     8.766    execute_inst/mul_comp/prod_inst/gen_reduce_slv_l.add_inst/c_s_10
    SLICE_X47Y88         LUT6 (Prop_lut6_I5_O)        0.124     8.890 f  execute_inst/alu_result1_s[20]_i_4/O
                         net (fo=3, routed)           0.633     9.523    execute_inst/mul_comp/prod_inst/gen_reduce_slv_l.add_inst/c_s_12
    SLICE_X47Y87         LUT5 (Prop_lut5_I4_O)        0.124     9.647 f  execute_inst/alu_result1_s[25]_i_10/O
                         net (fo=4, routed)           0.529    10.176    execute_inst/mul_comp/prod_inst/gen_reduce_slv_l.add_inst/c_s_14
    SLICE_X46Y87         LUT6 (Prop_lut6_I1_O)        0.124    10.300 r  execute_inst/alu_result1_s[25]_i_3/O
                         net (fo=5, routed)           0.596    10.896    execute_inst/alu_result1_s[25]_i_3_n_1
    SLICE_X47Y86         LUT3 (Prop_lut3_I1_O)        0.124    11.020 r  execute_inst/alu_result1_s[27]_i_13/O
                         net (fo=1, routed)           0.606    11.626    execute_inst/alu_result1_s[27]_i_13_n_1
    SLICE_X48Y86         LUT5 (Prop_lut5_I1_O)        0.124    11.750 r  execute_inst/alu_result1_s[27]_i_7/O
                         net (fo=1, routed)           0.416    12.165    execute_inst/alu32_inst/sra_comp/alu_result1_s_reg[27]
    SLICE_X48Y85         LUT5 (Prop_lut5_I0_O)        0.124    12.289 r  execute_inst/alu32_inst/sra_comp/alu_result1_s[27]_i_4/O
                         net (fo=1, routed)           0.493    12.782    execute_inst/alu32_inst/sll_comp/alu_result1_s_reg[27]_0
    SLICE_X48Y85         LUT3 (Prop_lut3_I2_O)        0.124    12.906 r  execute_inst/alu32_inst/sll_comp/alu_result1_s[27]_i_1/O
                         net (fo=1, routed)           0.000    12.906    alu_result0_s[27]
    SLICE_X48Y85         FDRE                                         r  alu_result1_s_reg[27]/D
  -------------------------------------------------------------------    -------------------

                         (clock clk_out1_clk_wiz_0_1 rise edge)
                                                     14.286    14.286 r  
    W5                                                0.000    14.286 r  clk_in (IN)
                         net (fo=0)                   0.000    14.286    your_instance_name/inst/clk_in1
    W5                   IBUF (Prop_ibuf_I_O)         1.388    15.674 r  your_instance_name/inst/clkin1_ibufg/O
                         net (fo=1, routed)           1.162    16.836    your_instance_name/inst/clk_in1_clk_wiz_0
    MMCME2_ADV_X1Y0      MMCME2_ADV (Prop_mmcme2_adv_CLKIN1_CLKOUT0)
                                                     -7.217     9.618 r  your_instance_name/inst/mmcm_adv_inst/CLKOUT0
                         net (fo=1, routed)           1.581    11.199    your_instance_name/inst/clk_out1_clk_wiz_0
    BUFGCTRL_X0Y1        BUFG (Prop_bufg_I_O)         0.091    11.290 r  your_instance_name/inst/clkout1_buf/O
                         net (fo=380, routed)         1.436    12.726    clk
    SLICE_X48Y85         FDRE                                         r  alu_result1_s_reg[27]/C
                         clock pessimism              0.562    13.288    
                         clock uncertainty           -0.132    13.156    
    SLICE_X48Y85         FDRE (Setup_fdre_C_D)        0.029    13.185    alu_result1_s_reg[27]
  -------------------------------------------------------------------
                         required time                         13.185    
                         arrival time                         -12.906    
  -------------------------------------------------------------------
                         slack                                  0.279    





Min Delay Paths
--------------------------------------------------------------------------------------
Slack (MET) :             0.036ns  (arrival time - required time)
  Source:                 alu_result1_s_reg[20]/C
                            (rising edge-triggered cell FDRE clocked by clk_out1_clk_wiz_0  {rise@0.000ns fall@7.143ns period=14.286ns})
  Destination:            alu_result3_s_reg[20]/D
                            (rising edge-triggered cell FDRE clocked by clk_out1_clk_wiz_0_1  {rise@0.000ns fall@7.143ns period=14.286ns})
  Path Group:             clk_out1_clk_wiz_0_1
  Path Type:              Hold (Min at Fast Process Corner)
  Requirement:            0.000ns  (clk_out1_clk_wiz_0_1 rise@0.000ns - clk_out1_clk_wiz_0 rise@0.000ns)
  Data Path Delay:        0.251ns  (logic 0.141ns (56.174%)  route 0.110ns (43.826%))
  Logic Levels:           0  
  Clock Path Skew:        0.013ns (DCD - SCD - CPR)
    Destination Clock Delay (DCD):    -0.869ns
    Source Clock Delay      (SCD):    -0.627ns
    Clock Pessimism Removal (CPR):    -0.255ns
  Clock Uncertainty:      0.132ns  ((TSJ^2 + DJ^2)^1/2) / 2 + PE
    Total System Jitter     (TSJ):    0.071ns
    Discrete Jitter          (DJ):    0.253ns
    Phase Error              (PE):    0.000ns
  Clock Domain Crossing:  Inter clock paths are considered valid unless explicitly excluded by timing constraints such as set_clock_groups or set_false_path.

    Location             Delay type                Incr(ns)  Path(ns)    Netlist Resource(s)
  -------------------------------------------------------------------    -------------------
                         (clock clk_out1_clk_wiz_0 rise edge)
                                                      0.000     0.000 r  
    W5                                                0.000     0.000 r  clk_in (IN)
                         net (fo=0)                   0.000     0.000    your_instance_name/inst/clk_in1
    W5                   IBUF (Prop_ibuf_I_O)         0.226     0.226 r  your_instance_name/inst/clkin1_ibufg/O
                         net (fo=1, routed)           0.440     0.667    your_instance_name/inst/clk_in1_clk_wiz_0
    MMCME2_ADV_X1Y0      MMCME2_ADV (Prop_mmcme2_adv_CLKIN1_CLKOUT0)
                                                     -2.360    -1.693 r  your_instance_name/inst/mmcm_adv_inst/CLKOUT0
                         net (fo=1, routed)           0.486    -1.207    your_instance_name/inst/clk_out1_clk_wiz_0
    BUFGCTRL_X0Y1        BUFG (Prop_bufg_I_O)         0.026    -1.181 r  your_instance_name/inst/clkout1_buf/O
                         net (fo=380, routed)         0.554    -0.627    clk
    SLICE_X49Y78         FDRE                                         r  alu_result1_s_reg[20]/C
  -------------------------------------------------------------------    -------------------
    SLICE_X49Y78         FDRE (Prop_fdre_C_Q)         0.141    -0.486 r  alu_result1_s_reg[20]/Q
                         net (fo=1, routed)           0.110    -0.376    alu_result1_s[20]
    SLICE_X49Y77         FDRE                                         r  alu_result3_s_reg[20]/D
  -------------------------------------------------------------------    -------------------

                         (clock clk_out1_clk_wiz_0_1 rise edge)
                                                      0.000     0.000 r  
    W5                                                0.000     0.000 r  clk_in (IN)
                         net (fo=0)                   0.000     0.000    your_instance_name/inst/clk_in1
    W5                   IBUF (Prop_ibuf_I_O)         0.414     0.414 r  your_instance_name/inst/clkin1_ibufg/O
                         net (fo=1, routed)           0.480     0.894    your_instance_name/inst/clk_in1_clk_wiz_0
    MMCME2_ADV_X1Y0      MMCME2_ADV (Prop_mmcme2_adv_CLKIN1_CLKOUT0)
                                                     -3.142    -2.248 r  your_instance_name/inst/mmcm_adv_inst/CLKOUT0
                         net (fo=1, routed)           0.530    -1.718    your_instance_name/inst/clk_out1_clk_wiz_0
    BUFGCTRL_X0Y1        BUFG (Prop_bufg_I_O)         0.029    -1.689 r  your_instance_name/inst/clkout1_buf/O
                         net (fo=380, routed)         0.820    -0.869    clk
    SLICE_X49Y77         FDRE                                         r  alu_result3_s_reg[20]/C
                         clock pessimism              0.255    -0.614    
                         clock uncertainty            0.132    -0.483    
    SLICE_X49Y77         FDRE (Hold_fdre_C_D)         0.070    -0.413    alu_result3_s_reg[20]
  -------------------------------------------------------------------
                         required time                          0.413    
                         arrival time                          -0.376    
  -------------------------------------------------------------------
                         slack                                  0.036    





