Copyright 1986-2022 Xilinx, Inc. All Rights Reserved. Copyright 2022-2025 Advanced Micro Devices, Inc. All Rights Reserved.
---------------------------------------------------------------------------------------------------------------------------------------------
| Tool Version : Vivado v.2025.2 (lin64) Build 6299465 Fri Nov 14 12:34:56 MST 2025
| Date         : Thu Apr 23 19:22:08 2026
| Host         : infinity running 64-bit Arch Linux
| Command      : report_timing_summary -file timing_55MHz.rpt
| Design       : proc
| Device       : 7a35t-cpg236
| Speed File   : -1  PRODUCTION 1.23 2018-06-13
| Design State : Routed
---------------------------------------------------------------------------------------------------------------------------------------------

Timing Summary Report

------------------------------------------------------------------------------------------------
| Timer Settings
| --------------
------------------------------------------------------------------------------------------------

  Enable Multi Corner Analysis               :  Yes
  Enable Pessimism Removal                   :  Yes
  Pessimism Removal Resolution               :  Nearest Common Node
  Enable Input Delay Default Clock           :  No
  Enable Preset / Clear Arcs                 :  No
  Disable Flight Delays                      :  No
  Ignore I/O Paths                           :  No
  Timing Early Launch at Borrowing Latches   :  No
  Borrow Time for Max Delay Exceptions       :  Yes
  Merge Timing Exceptions                    :  Yes
  Inter-SLR Compensation                     :  Conservative

  Corner  Analyze    Analyze    
  Name    Max Paths  Min Paths  
  ------  ---------  ---------  
  Slow    Yes        Yes        
  Fast    Yes        Yes        


------------------------------------------------------------------------------------------------
| Report Methodology
| ------------------
------------------------------------------------------------------------------------------------

Rule       Severity          Description                                                       Violations  
---------  ----------------  ----------------------------------------------------------------  ----------  
TIMING-6   Critical Warning  No common primary clock between related clocks                    2           
TIMING-14  Critical Warning  LUT on the clock tree                                             1           
SYNTH-5    Warning           Mapped onto distributed RAM because of timing constraints         128         
SYNTH-6    Warning           Timing of a RAM block might be sub-optimal                        2           
TIMING-56  Warning           Missing logically or physically excluded clock groups constraint  2           
TIMING-6   Critical Warning  No common primary clock between related clocks                    2           
TIMING-14  Critical Warning  LUT on the clock tree                                             1           
SYNTH-5    Warning           Mapped onto distributed RAM because of timing constraints         128         
SYNTH-6    Warning           Timing of a RAM block might be sub-optimal                        2           
TIMING-56  Warning           Missing logically or physically excluded clock groups constraint  2           

Note: This report is based on the most recent report_methodology run and may not be up-to-date. Run report_methodology on the current design for the latest report.



check_timing report

Table of Contents
-----------------
1. checking no_clock (0)
2. checking constant_clock (0)
3. checking pulse_width_clock (0)
4. checking unconstrained_internal_endpoints (0)
5. checking no_input_delay (17)
6. checking no_output_delay (11)
7. checking multiple_clock (831)
8. checking generated_clocks (0)
9. checking loops (0)
10. checking partial_input_delay (0)
11. checking partial_output_delay (0)
12. checking latch_loops (0)

1. checking no_clock (0)
------------------------
 There are 0 register/latch pins with no clock.


2. checking constant_clock (0)
------------------------------
 There are 0 register/latch pins with constant_clock.


3. checking pulse_width_clock (0)
---------------------------------
 There are 0 register/latch pins which need pulse_width check


4. checking unconstrained_internal_endpoints (0)
------------------------------------------------
 There are 0 pins that are not constrained for maximum delay.

 There are 0 pins that are not constrained for maximum delay due to constant clock.


5. checking no_input_delay (17)
-------------------------------
 There are 17 input ports with no input delay specified. (HIGH)

 There are 0 input ports with no input delay but user has a false path constraint.


6. checking no_output_delay (11)
--------------------------------
 There are 11 ports with no output delay specified. (HIGH)

 There are 0 ports with no output delay but user has a false path constraint

 There are 0 ports with no output delay but with a timing clock defined on it or propagating through it


7. checking multiple_clock (831)
--------------------------------
 There are 831 register/latch pins with multiple clocks. (HIGH)


8. checking generated_clocks (0)
--------------------------------
 There are 0 generated clocks that are not connected to a clock source.


9. checking loops (0)
---------------------
 There are 0 combinational loops in the design.


10. checking partial_input_delay (0)
------------------------------------
 There are 0 input ports with partial input delay specified.


11. checking partial_output_delay (0)
-------------------------------------
 There are 0 ports with partial output delay specified.


12. checking latch_loops (0)
----------------------------
 There are 0 combinational latch loops in the design through latch input



------------------------------------------------------------------------------------------------
| Design Timing Summary
| ---------------------
------------------------------------------------------------------------------------------------

    WNS(ns)      TNS(ns)  TNS Failing Endpoints  TNS Total Endpoints      WHS(ns)      THS(ns)  THS Failing Endpoints  THS Total Endpoints     WPWS(ns)     TPWS(ns)  TPWS Failing Endpoints  TPWS Total Endpoints  
    -------      -------  ---------------------  -------------------      -------      -------  ---------------------  -------------------     --------     --------  ----------------------  --------------------  
      1.041        0.000                      0                 5551        0.032        0.000                      0                 5551        3.000        0.000                       0                   838  


All user specified timing constraints are met.


------------------------------------------------------------------------------------------------
| Clock Summary
| -------------
------------------------------------------------------------------------------------------------

Clock                   Waveform(ns)       Period(ns)      Frequency(MHz)
-----                   ------------       ----------      --------------
clk_in                  {0.000 5.000}      10.000          100.000         
  clk_out1_clk_wiz_0    {0.000 9.091}      18.182          55.000          
  clkfbout_clk_wiz_0    {0.000 20.000}     40.000          25.000          
sys_clk_pin             {0.000 5.000}      10.000          100.000         
  clk_out1_clk_wiz_0_1  {0.000 9.091}      18.182          55.000          
  clkfbout_clk_wiz_0_1  {0.000 20.000}     40.000          25.000          


------------------------------------------------------------------------------------------------
| Intra Clock Table
| -----------------
------------------------------------------------------------------------------------------------

Clock                       WNS(ns)      TNS(ns)  TNS Failing Endpoints  TNS Total Endpoints      WHS(ns)      THS(ns)  THS Failing Endpoints  THS Total Endpoints     WPWS(ns)     TPWS(ns)  TPWS Failing Endpoints  TPWS Total Endpoints  
-----                       -------      -------  ---------------------  -------------------      -------      -------  ---------------------  -------------------     --------     --------  ----------------------  --------------------  
clk_in                                                                                                                                                                    3.000        0.000                       0                     1  
  clk_out1_clk_wiz_0          1.041        0.000                      0                 5551        0.156        0.000                      0                 5551        7.841        0.000                       0                   834  
  clkfbout_clk_wiz_0                                                                                                                                                     37.845        0.000                       0                     3  
sys_clk_pin                                                                                                                                                               3.000        0.000                       0                     1  
  clk_out1_clk_wiz_0_1        1.045        0.000                      0                 5551        0.156        0.000                      0                 5551        7.841        0.000                       0                   834  
  clkfbout_clk_wiz_0_1                                                                                                                                                   37.845        0.000                       0                     3  


------------------------------------------------------------------------------------------------
| Inter Clock Table
| -----------------
------------------------------------------------------------------------------------------------

From Clock            To Clock                  WNS(ns)      TNS(ns)  TNS Failing Endpoints  TNS Total Endpoints      WHS(ns)      THS(ns)  THS Failing Endpoints  THS Total Endpoints  
----------            --------                  -------      -------  ---------------------  -------------------      -------      -------  ---------------------  -------------------  
clk_out1_clk_wiz_0_1  clk_out1_clk_wiz_0          1.041        0.000                      0                 5551        0.032        0.000                      0                 5551  
clk_out1_clk_wiz_0    clk_out1_clk_wiz_0_1        1.041        0.000                      0                 5551        0.032        0.000                      0                 5551  


------------------------------------------------------------------------------------------------
| Other Path Groups Table
| -----------------------
------------------------------------------------------------------------------------------------

Path Group    From Clock    To Clock          WNS(ns)      TNS(ns)  TNS Failing Endpoints  TNS Total Endpoints      WHS(ns)      THS(ns)  THS Failing Endpoints  THS Total Endpoints  
----------    ----------    --------          -------      -------  ---------------------  -------------------      -------      -------  ---------------------  -------------------  


------------------------------------------------------------------------------------------------
| Timing Details
| --------------
------------------------------------------------------------------------------------------------


---------------------------------------------------------------------------------------------------
From Clock:  clk_in
  To Clock:  clk_in

Setup :           NA  Failing Endpoints,  Worst Slack           NA  ,  Total Violation           NA
Hold  :           NA  Failing Endpoints,  Worst Slack           NA  ,  Total Violation           NA
PW    :            0  Failing Endpoints,  Worst Slack        3.000ns,  Total Violation        0.000ns
---------------------------------------------------------------------------------------------------


Pulse Width Checks
--------------------------------------------------------------------------------------
Clock Name:         clk_in
Waveform(ns):       { 0.000 5.000 }
Period(ns):         10.000
Sources:            { clk_in }

Check Type        Corner  Lib Pin            Reference Pin  Required(ns)  Actual(ns)  Slack(ns)  Location         Pin
Min Period        n/a     MMCME2_ADV/CLKIN1  n/a            1.249         10.000      8.751      MMCME2_ADV_X1Y0  your_instance_name/inst/mmcm_adv_inst/CLKIN1
Max Period        n/a     MMCME2_ADV/CLKIN1  n/a            100.000       10.000      90.000     MMCME2_ADV_X1Y0  your_instance_name/inst/mmcm_adv_inst/CLKIN1
Low Pulse Width   Slow    MMCME2_ADV/CLKIN1  n/a            2.000         5.000       3.000      MMCME2_ADV_X1Y0  your_instance_name/inst/mmcm_adv_inst/CLKIN1
High Pulse Width  Slow    MMCME2_ADV/CLKIN1  n/a            2.000         5.000       3.000      MMCME2_ADV_X1Y0  your_instance_name/inst/mmcm_adv_inst/CLKIN1



---------------------------------------------------------------------------------------------------
From Clock:  clk_out1_clk_wiz_0
  To Clock:  clk_out1_clk_wiz_0

Setup :            0  Failing Endpoints,  Worst Slack        1.041ns,  Total Violation        0.000ns
Hold  :            0  Failing Endpoints,  Worst Slack        0.156ns,  Total Violation        0.000ns
PW    :            0  Failing Endpoints,  Worst Slack        7.841ns,  Total Violation        0.000ns
---------------------------------------------------------------------------------------------------


Max Delay Paths
--------------------------------------------------------------------------------------
Slack (MET) :             1.041ns  (required time - arrival time)
  Source:                 decode_inst/registerfile_inst/register_array_reg_2/CLKARDCLK
                            (rising edge-triggered cell RAMB18E1 clocked by clk_out1_clk_wiz_0  {rise@0.000ns fall@9.091ns period=18.182ns})
  Destination:            alu_result1_s_reg[27]/D
                            (rising edge-triggered cell FDRE clocked by clk_out1_clk_wiz_0  {rise@0.000ns fall@9.091ns period=18.182ns})
  Path Group:             clk_out1_clk_wiz_0
  Path Type:              Setup (Max at Slow Process Corner)
  Requirement:            18.182ns  (clk_out1_clk_wiz_0 rise@18.182ns - clk_out1_clk_wiz_0 rise@0.000ns)
  Data Path Delay:        16.961ns  (logic 5.916ns (34.881%)  route 11.045ns (65.119%))
  Logic Levels:           17  (LUT3=3 LUT4=1 LUT5=10 LUT6=3)
  Clock Path Skew:        -0.084ns (DCD - SCD + CPR)
    Destination Clock Delay (DCD):    -1.548ns = ( 16.634 - 18.182 ) 
    Source Clock Delay      (SCD):    -0.900ns
    Clock Pessimism Removal (CPR):    0.564ns
  Clock Uncertainty:      0.124ns  ((TSJ^2 + DJ^2)^1/2) / 2 + PE
    Total System Jitter     (TSJ):    0.071ns
    Discrete Jitter          (DJ):    0.239ns
    Phase Error              (PE):    0.000ns

    Location             Delay type                Incr(ns)  Path(ns)    Netlist Resource(s)
  -------------------------------------------------------------------    -------------------
                         (clock clk_out1_clk_wiz_0 rise edge)
                                                      0.000     0.000 r  
    W5                                                0.000     0.000 r  clk_in (IN)
                         net (fo=0)                   0.000     0.000    your_instance_name/inst/clk_in1
    W5                   IBUF (Prop_ibuf_I_O)         1.458     1.458 r  your_instance_name/inst/clkin1_ibufg/O
                         net (fo=1, routed)           1.233     2.691    your_instance_name/inst/clk_in1_clk_wiz_0
    MMCME2_ADV_X1Y0      MMCME2_ADV (Prop_mmcme2_adv_CLKIN1_CLKOUT0)
                                                     -6.961    -4.269 r  your_instance_name/inst/mmcm_adv_inst/CLKOUT0
                         net (fo=1, routed)           1.661    -2.608    your_instance_name/inst/clk_out1_clk_wiz_0
    BUFGCTRL_X0Y1        BUFG (Prop_bufg_I_O)         0.096    -2.512 r  your_instance_name/inst/clkout1_buf/O
                         net (fo=318, routed)         1.612    -0.900    decode_inst/registerfile_inst/clk_out1
    RAMB18_X1Y3          RAMB18E1                                     r  decode_inst/registerfile_inst/register_array_reg_2/CLKARDCLK
  -------------------------------------------------------------------    -------------------
    RAMB18_X1Y3          RAMB18E1 (Prop_ramb18e1_CLKARDCLK_DOADO[2])
                                                      2.454     1.554 r  decode_inst/registerfile_inst/register_array_reg_2/DOADO[2]
                         net (fo=4, routed)           1.045     2.599    execute_inst/regb1_s[2]
    SLICE_X49Y7          LUT3 (Prop_lut3_I2_O)        0.152     2.751 r  execute_inst/alu_result1_s[3]_i_8/O
                         net (fo=36, routed)          0.820     3.571    decode_inst/registerfile_inst/b_s[2]
    SLICE_X47Y4          LUT5 (Prop_lut5_I2_O)        0.332     3.903 r  decode_inst/registerfile_inst/alu_result1_s[7]_i_27/O
                         net (fo=4, routed)           0.820     4.722    decode_inst/registerfile_inst/execute_inst/alu32_inst/mul_comp/prod_inst/gen_reduce_slv_l.wrapper_left_inst/gen_reduce_slv_l.wrapper_left_inst/gen_reduce_slv_l.wrapper_right_inst/gen_two_slv_l.add_inst/p_3_in
    SLICE_X48Y5          LUT5 (Prop_lut5_I2_O)        0.124     4.846 r  decode_inst/registerfile_inst/alu_result1_s[7]_i_12/O
                         net (fo=4, routed)           0.944     5.791    decode_inst/registerfile_inst/execute_inst/alu32_inst/mul_comp/prod_inst/gen_reduce_slv_l.wrapper_left_inst/gen_reduce_slv_l.wrapper_left_inst/gen_reduce_slv_l.add_inst/c_s_4
    SLICE_X47Y2          LUT5 (Prop_lut5_I4_O)        0.150     5.941 r  decode_inst/registerfile_inst/alu_result1_s[8]_i_21/O
                         net (fo=5, routed)           0.756     6.696    decode_inst/registerfile_inst/execute_inst/alu32_inst/mul_comp/prod_inst/gen_reduce_slv_l.wrapper_left_inst/gen_reduce_slv_l.wrapper_left_inst/gen_reduce_slv_l.add_inst/c_s_6
    SLICE_X44Y1          LUT5 (Prop_lut5_I4_O)        0.352     7.048 r  decode_inst/registerfile_inst/alu_result1_s[10]_i_19/O
                         net (fo=5, routed)           0.339     7.387    decode_inst/registerfile_inst/execute_inst/alu32_inst/mul_comp/prod_inst/gen_reduce_slv_l.wrapper_left_inst/gen_reduce_slv_l.wrapper_left_inst/gen_reduce_slv_l.add_inst/c_s_8
    SLICE_X47Y1          LUT5 (Prop_lut5_I4_O)        0.326     7.713 r  decode_inst/registerfile_inst/alu_result1_s[14]_i_56/O
                         net (fo=5, routed)           0.574     8.287    decode_inst/registerfile_inst/execute_inst/alu32_inst/mul_comp/prod_inst/gen_reduce_slv_l.wrapper_left_inst/gen_reduce_slv_l.wrapper_left_inst/gen_reduce_slv_l.add_inst/c_s_10
    SLICE_X40Y2          LUT5 (Prop_lut5_I4_O)        0.118     8.405 r  decode_inst/registerfile_inst/alu_result1_s[14]_i_34/O
                         net (fo=5, routed)           0.651     9.056    decode_inst/registerfile_inst/execute_inst/alu32_inst/mul_comp/prod_inst/gen_reduce_slv_l.wrapper_left_inst/gen_reduce_slv_l.wrapper_left_inst/gen_reduce_slv_l.add_inst/c_s_12
    SLICE_X39Y2          LUT5 (Prop_lut5_I4_O)        0.326     9.382 r  decode_inst/registerfile_inst/alu_result1_s[17]_i_23/O
                         net (fo=6, routed)           0.466     9.847    decode_inst/registerfile_inst/execute_inst/alu32_inst/mul_comp/prod_inst/gen_reduce_slv_l.wrapper_left_inst/gen_reduce_slv_l.wrapper_left_inst/gen_reduce_slv_l.add_inst/c_s_14
    SLICE_X38Y3          LUT6 (Prop_lut6_I5_O)        0.124     9.971 r  decode_inst/registerfile_inst/alu_result1_s[21]_i_22/O
                         net (fo=2, routed)           0.305    10.276    decode_inst/registerfile_inst/execute_inst/alu32_inst/mul_comp/prod_inst/gen_reduce_slv_l.wrapper_left_inst/gen_reduce_slv_l.wrapper_left_inst/gen_reduce_slv_l.add_inst/c_s_16
    SLICE_X36Y3          LUT6 (Prop_lut6_I0_O)        0.124    10.400 r  decode_inst/registerfile_inst/alu_result1_s[21]_i_11/O
                         net (fo=4, routed)           0.816    11.217    decode_inst/registerfile_inst/execute_inst/alu32_inst/mul_comp/prod_inst/gen_reduce_slv_l.wrapper_left_inst/res_left_s[19]
    SLICE_X37Y3          LUT4 (Prop_lut4_I1_O)        0.152    11.369 f  decode_inst/registerfile_inst/alu_result1_s[20]_i_5/O
                         net (fo=3, routed)           0.966    12.335    decode_inst/registerfile_inst/execute_inst/alu32_inst/mul_comp/prod_inst/res_left_s[20]
    SLICE_X39Y5          LUT5 (Prop_lut5_I3_O)        0.360    12.695 f  decode_inst/registerfile_inst/alu_result1_s[25]_i_10/O
                         net (fo=4, routed)           0.593    13.287    decode_inst/registerfile_inst/execute_inst/alu32_inst/mul_comp/prod_inst/gen_reduce_slv_l.add_inst/c_s_14
    SLICE_X39Y7          LUT6 (Prop_lut6_I1_O)        0.326    13.613 r  decode_inst/registerfile_inst/alu_result1_s[25]_i_3/O
                         net (fo=5, routed)           0.627    14.240    decode_inst/registerfile_inst/alu_result1_s[25]_i_3_n_1
    SLICE_X40Y7          LUT3 (Prop_lut3_I1_O)        0.124    14.364 r  decode_inst/registerfile_inst/alu_result1_s[27]_i_13/O
                         net (fo=1, routed)           0.416    14.780    decode_inst/registerfile_inst/alu_result1_s[27]_i_13_n_1
    SLICE_X40Y6          LUT5 (Prop_lut5_I1_O)        0.124    14.904 r  decode_inst/registerfile_inst/alu_result1_s[27]_i_7/O
                         net (fo=1, routed)           0.491    15.395    decode_inst/registerfile_inst/alu_result1_s[27]_i_7_n_1
    SLICE_X40Y6          LUT5 (Prop_lut5_I0_O)        0.124    15.519 r  decode_inst/registerfile_inst/alu_result1_s[27]_i_4/O
                         net (fo=1, routed)           0.417    15.936    decode_inst/registerfile_inst/alu_result1_s[27]_i_4_n_1
    SLICE_X40Y5          LUT3 (Prop_lut3_I2_O)        0.124    16.060 r  decode_inst/registerfile_inst/alu_result1_s[27]_i_1/O
                         net (fo=1, routed)           0.000    16.060    alu_result0_s[27]
    SLICE_X40Y5          FDRE                                         r  alu_result1_s_reg[27]/D
  -------------------------------------------------------------------    -------------------

                         (clock clk_out1_clk_wiz_0 rise edge)
                                                     18.182    18.182 r  
    W5                                                0.000    18.182 r  clk_in (IN)
                         net (fo=0)                   0.000    18.182    your_instance_name/inst/clk_in1
    W5                   IBUF (Prop_ibuf_I_O)         1.388    19.570 r  your_instance_name/inst/clkin1_ibufg/O
                         net (fo=1, routed)           1.162    20.732    your_instance_name/inst/clk_in1_clk_wiz_0
    MMCME2_ADV_X1Y0      MMCME2_ADV (Prop_mmcme2_adv_CLKIN1_CLKOUT0)
                                                     -7.217    13.514 r  your_instance_name/inst/mmcm_adv_inst/CLKOUT0
                         net (fo=1, routed)           1.581    15.095    your_instance_name/inst/clk_out1_clk_wiz_0
    BUFGCTRL_X0Y1        BUFG (Prop_bufg_I_O)         0.091    15.186 r  your_instance_name/inst/clkout1_buf/O
                         net (fo=318, routed)         1.447    16.634    clk
    SLICE_X40Y5          FDRE                                         r  alu_result1_s_reg[27]/C
                         clock pessimism              0.564    17.197    
                         clock uncertainty           -0.124    17.073    
    SLICE_X40Y5          FDRE (Setup_fdre_C_D)        0.029    17.102    alu_result1_s_reg[27]
  -------------------------------------------------------------------
                         required time                         17.102    
                         arrival time                         -16.060    
  -------------------------------------------------------------------
                         slack                                  1.041    





Min Delay Paths
--------------------------------------------------------------------------------------
Slack (MET) :             0.156ns  (arrival time - required time)
  Source:                 instr1_s_reg_rep_bsel[21]/C
                            (rising edge-triggered cell FDRE clocked by clk_out1_clk_wiz_0  {rise@0.000ns fall@9.091ns period=18.182ns})
  Destination:            decode_inst/registerfile_inst/register_array_reg_1/ADDRARDADDR[5]
                            (rising edge-triggered cell RAMB18E1 clocked by clk_out1_clk_wiz_0  {rise@0.000ns fall@9.091ns period=18.182ns})
  Path Group:             clk_out1_clk_wiz_0
  Path Type:              Hold (Min at Fast Process Corner)
  Requirement:            0.000ns  (clk_out1_clk_wiz_0 rise@0.000ns - clk_out1_clk_wiz_0 rise@0.000ns)
  Data Path Delay:        0.395ns  (logic 0.141ns (35.653%)  route 0.254ns (64.347%))
  Logic Levels:           0  
  Clock Path Skew:        0.056ns (DCD - SCD - CPR)
    Destination Clock Delay (DCD):    -0.812ns
    Source Clock Delay      (SCD):    -0.614ns
    Clock Pessimism Removal (CPR):    -0.254ns

    Location             Delay type                Incr(ns)  Path(ns)    Netlist Resource(s)
  -------------------------------------------------------------------    -------------------
                         (clock clk_out1_clk_wiz_0 rise edge)
                                                      0.000     0.000 r  
    W5                                                0.000     0.000 r  clk_in (IN)
                         net (fo=0)                   0.000     0.000    your_instance_name/inst/clk_in1
    W5                   IBUF (Prop_ibuf_I_O)         0.226     0.226 r  your_instance_name/inst/clkin1_ibufg/O
                         net (fo=1, routed)           0.440     0.667    your_instance_name/inst/clk_in1_clk_wiz_0
    MMCME2_ADV_X1Y0      MMCME2_ADV (Prop_mmcme2_adv_CLKIN1_CLKOUT0)
                                                     -2.360    -1.693 r  your_instance_name/inst/mmcm_adv_inst/CLKOUT0
                         net (fo=1, routed)           0.486    -1.207    your_instance_name/inst/clk_out1_clk_wiz_0
    BUFGCTRL_X0Y1        BUFG (Prop_bufg_I_O)         0.026    -1.181 r  your_instance_name/inst/clkout1_buf/O
                         net (fo=318, routed)         0.567    -0.614    clk
    SLICE_X49Y2          FDRE                                         r  instr1_s_reg_rep_bsel[21]/C
  -------------------------------------------------------------------    -------------------
    SLICE_X49Y2          FDRE (Prop_fdre_C_Q)         0.141    -0.473 r  instr1_s_reg_rep_bsel[21]/Q
                         net (fo=1, routed)           0.254    -0.219    decode_inst/registerfile_inst/instr1_s0_in[0]
    RAMB18_X1Y2          RAMB18E1                                     r  decode_inst/registerfile_inst/register_array_reg_1/ADDRARDADDR[5]
  -------------------------------------------------------------------    -------------------

                         (clock clk_out1_clk_wiz_0 rise edge)
                                                      0.000     0.000 r  
    W5                                                0.000     0.000 r  clk_in (IN)
                         net (fo=0)                   0.000     0.000    your_instance_name/inst/clk_in1
    W5                   IBUF (Prop_ibuf_I_O)         0.414     0.414 r  your_instance_name/inst/clkin1_ibufg/O
                         net (fo=1, routed)           0.480     0.894    your_instance_name/inst/clk_in1_clk_wiz_0
    MMCME2_ADV_X1Y0      MMCME2_ADV (Prop_mmcme2_adv_CLKIN1_CLKOUT0)
                                                     -3.142    -2.248 r  your_instance_name/inst/mmcm_adv_inst/CLKOUT0
                         net (fo=1, routed)           0.530    -1.718    your_instance_name/inst/clk_out1_clk_wiz_0
    BUFGCTRL_X0Y1        BUFG (Prop_bufg_I_O)         0.029    -1.689 r  your_instance_name/inst/clkout1_buf/O
                         net (fo=318, routed)         0.877    -0.812    decode_inst/registerfile_inst/clk_out1
    RAMB18_X1Y2          RAMB18E1                                     r  decode_inst/registerfile_inst/register_array_reg_1/CLKARDCLK
                         clock pessimism              0.254    -0.558    
    RAMB18_X1Y2          RAMB18E1 (Hold_ramb18e1_CLKARDCLK_ADDRARDADDR[5])
                                                      0.183    -0.375    decode_inst/registerfile_inst/register_array_reg_1
  -------------------------------------------------------------------
                         required time                          0.375    
                         arrival time                          -0.219    
  -------------------------------------------------------------------
                         slack                                  0.156    





Pulse Width Checks
--------------------------------------------------------------------------------------
Clock Name:         clk_out1_clk_wiz_0
Waveform(ns):       { 0.000 9.091 }
Period(ns):         18.182
Sources:            { your_instance_name/inst/mmcm_adv_inst/CLKOUT0 }

Check Type        Corner  Lib Pin             Reference Pin  Required(ns)  Actual(ns)  Slack(ns)  Location         Pin
Min Period        n/a     RAMB18E1/CLKARDCLK  n/a            2.576         18.182      15.606     RAMB18_X1Y2      decode_inst/registerfile_inst/register_array_reg_1/CLKARDCLK
Max Period        n/a     MMCME2_ADV/CLKOUT0  n/a            213.360       18.182      195.178    MMCME2_ADV_X1Y0  your_instance_name/inst/mmcm_adv_inst/CLKOUT0
Low Pulse Width   Slow    RAMS64E/CLK         n/a            1.250         9.091       7.841      SLICE_X52Y23     mem_inst/data_mem_inst/mips_mem_reg_0_255_0_0/RAMS64E_A/CLK
High Pulse Width  Slow    RAMS64E/CLK         n/a            1.250         9.091       7.841      SLICE_X52Y23     mem_inst/data_mem_inst/mips_mem_reg_0_255_0_0/RAMS64E_A/CLK



---------------------------------------------------------------------------------------------------
From Clock:  clkfbout_clk_wiz_0
  To Clock:  clkfbout_clk_wiz_0

Setup :           NA  Failing Endpoints,  Worst Slack           NA  ,  Total Violation           NA
Hold  :           NA  Failing Endpoints,  Worst Slack           NA  ,  Total Violation           NA
PW    :            0  Failing Endpoints,  Worst Slack       37.845ns,  Total Violation        0.000ns
---------------------------------------------------------------------------------------------------


Pulse Width Checks
--------------------------------------------------------------------------------------
Clock Name:         clkfbout_clk_wiz_0
Waveform(ns):       { 0.000 20.000 }
Period(ns):         40.000
Sources:            { your_instance_name/inst/mmcm_adv_inst/CLKFBOUT }

Check Type  Corner  Lib Pin             Reference Pin  Required(ns)  Actual(ns)  Slack(ns)  Location         Pin
Min Period  n/a     BUFG/I              n/a            2.155         40.000      37.845     BUFGCTRL_X0Y2    your_instance_name/inst/clkf_buf/I
Max Period  n/a     MMCME2_ADV/CLKFBIN  n/a            100.000       40.000      60.000     MMCME2_ADV_X1Y0  your_instance_name/inst/mmcm_adv_inst/CLKFBIN



---------------------------------------------------------------------------------------------------
From Clock:  sys_clk_pin
  To Clock:  sys_clk_pin

Setup :           NA  Failing Endpoints,  Worst Slack           NA  ,  Total Violation           NA
Hold  :           NA  Failing Endpoints,  Worst Slack           NA  ,  Total Violation           NA
PW    :            0  Failing Endpoints,  Worst Slack        3.000ns,  Total Violation        0.000ns
---------------------------------------------------------------------------------------------------


Pulse Width Checks
--------------------------------------------------------------------------------------
Clock Name:         sys_clk_pin
Waveform(ns):       { 0.000 5.000 }
Period(ns):         10.000
Sources:            { clk_in }

Check Type        Corner  Lib Pin            Reference Pin  Required(ns)  Actual(ns)  Slack(ns)  Location         Pin
Min Period        n/a     MMCME2_ADV/CLKIN1  n/a            1.249         10.000      8.751      MMCME2_ADV_X1Y0  your_instance_name/inst/mmcm_adv_inst/CLKIN1
Max Period        n/a     MMCME2_ADV/CLKIN1  n/a            100.000       10.000      90.000     MMCME2_ADV_X1Y0  your_instance_name/inst/mmcm_adv_inst/CLKIN1
Low Pulse Width   Slow    MMCME2_ADV/CLKIN1  n/a            2.000         5.000       3.000      MMCME2_ADV_X1Y0  your_instance_name/inst/mmcm_adv_inst/CLKIN1
High Pulse Width  Slow    MMCME2_ADV/CLKIN1  n/a            2.000         5.000       3.000      MMCME2_ADV_X1Y0  your_instance_name/inst/mmcm_adv_inst/CLKIN1



---------------------------------------------------------------------------------------------------
From Clock:  clk_out1_clk_wiz_0_1
  To Clock:  clk_out1_clk_wiz_0_1

Setup :            0  Failing Endpoints,  Worst Slack        1.045ns,  Total Violation        0.000ns
Hold  :            0  Failing Endpoints,  Worst Slack        0.156ns,  Total Violation        0.000ns
PW    :            0  Failing Endpoints,  Worst Slack        7.841ns,  Total Violation        0.000ns
---------------------------------------------------------------------------------------------------


Max Delay Paths
--------------------------------------------------------------------------------------
Slack (MET) :             1.045ns  (required time - arrival time)
  Source:                 decode_inst/registerfile_inst/register_array_reg_2/CLKARDCLK
                            (rising edge-triggered cell RAMB18E1 clocked by clk_out1_clk_wiz_0_1  {rise@0.000ns fall@9.091ns period=18.182ns})
  Destination:            alu_result1_s_reg[27]/D
                            (rising edge-triggered cell FDRE clocked by clk_out1_clk_wiz_0_1  {rise@0.000ns fall@9.091ns period=18.182ns})
  Path Group:             clk_out1_clk_wiz_0_1
  Path Type:              Setup (Max at Slow Process Corner)
  Requirement:            18.182ns  (clk_out1_clk_wiz_0_1 rise@18.182ns - clk_out1_clk_wiz_0_1 rise@0.000ns)
  Data Path Delay:        16.961ns  (logic 5.916ns (34.881%)  route 11.045ns (65.119%))
  Logic Levels:           17  (LUT3=3 LUT4=1 LUT5=10 LUT6=3)
  Clock Path Skew:        -0.084ns (DCD - SCD + CPR)
    Destination Clock Delay (DCD):    -1.548ns = ( 16.634 - 18.182 ) 
    Source Clock Delay      (SCD):    -0.900ns
    Clock Pessimism Removal (CPR):    0.564ns
  Clock Uncertainty:      0.121ns  ((TSJ^2 + DJ^2)^1/2) / 2 + PE
    Total System Jitter     (TSJ):    0.071ns
    Discrete Jitter          (DJ):    0.231ns
    Phase Error              (PE):    0.000ns

    Location             Delay type                Incr(ns)  Path(ns)    Netlist Resource(s)
  -------------------------------------------------------------------    -------------------
                         (clock clk_out1_clk_wiz_0_1 rise edge)
                                                      0.000     0.000 r  
    W5                                                0.000     0.000 r  clk_in (IN)
                         net (fo=0)                   0.000     0.000    your_instance_name/inst/clk_in1
    W5                   IBUF (Prop_ibuf_I_O)         1.458     1.458 r  your_instance_name/inst/clkin1_ibufg/O
                         net (fo=1, routed)           1.233     2.691    your_instance_name/inst/clk_in1_clk_wiz_0
    MMCME2_ADV_X1Y0      MMCME2_ADV (Prop_mmcme2_adv_CLKIN1_CLKOUT0)
                                                     -6.961    -4.269 r  your_instance_name/inst/mmcm_adv_inst/CLKOUT0
                         net (fo=1, routed)           1.661    -2.608    your_instance_name/inst/clk_out1_clk_wiz_0
    BUFGCTRL_X0Y1        BUFG (Prop_bufg_I_O)         0.096    -2.512 r  your_instance_name/inst/clkout1_buf/O
                         net (fo=318, routed)         1.612    -0.900    decode_inst/registerfile_inst/clk_out1
    RAMB18_X1Y3          RAMB18E1                                     r  decode_inst/registerfile_inst/register_array_reg_2/CLKARDCLK
  -------------------------------------------------------------------    -------------------
    RAMB18_X1Y3          RAMB18E1 (Prop_ramb18e1_CLKARDCLK_DOADO[2])
                                                      2.454     1.554 r  decode_inst/registerfile_inst/register_array_reg_2/DOADO[2]
                         net (fo=4, routed)           1.045     2.599    execute_inst/regb1_s[2]
    SLICE_X49Y7          LUT3 (Prop_lut3_I2_O)        0.152     2.751 r  execute_inst/alu_result1_s[3]_i_8/O
                         net (fo=36, routed)          0.820     3.571    decode_inst/registerfile_inst/b_s[2]
    SLICE_X47Y4          LUT5 (Prop_lut5_I2_O)        0.332     3.903 r  decode_inst/registerfile_inst/alu_result1_s[7]_i_27/O
                         net (fo=4, routed)           0.820     4.722    decode_inst/registerfile_inst/execute_inst/alu32_inst/mul_comp/prod_inst/gen_reduce_slv_l.wrapper_left_inst/gen_reduce_slv_l.wrapper_left_inst/gen_reduce_slv_l.wrapper_right_inst/gen_two_slv_l.add_inst/p_3_in
    SLICE_X48Y5          LUT5 (Prop_lut5_I2_O)        0.124     4.846 r  decode_inst/registerfile_inst/alu_result1_s[7]_i_12/O
                         net (fo=4, routed)           0.944     5.791    decode_inst/registerfile_inst/execute_inst/alu32_inst/mul_comp/prod_inst/gen_reduce_slv_l.wrapper_left_inst/gen_reduce_slv_l.wrapper_left_inst/gen_reduce_slv_l.add_inst/c_s_4
    SLICE_X47Y2          LUT5 (Prop_lut5_I4_O)        0.150     5.941 r  decode_inst/registerfile_inst/alu_result1_s[8]_i_21/O
                         net (fo=5, routed)           0.756     6.696    decode_inst/registerfile_inst/execute_inst/alu32_inst/mul_comp/prod_inst/gen_reduce_slv_l.wrapper_left_inst/gen_reduce_slv_l.wrapper_left_inst/gen_reduce_slv_l.add_inst/c_s_6
    SLICE_X44Y1          LUT5 (Prop_lut5_I4_O)        0.352     7.048 r  decode_inst/registerfile_inst/alu_result1_s[10]_i_19/O
                         net (fo=5, routed)           0.339     7.387    decode_inst/registerfile_inst/execute_inst/alu32_inst/mul_comp/prod_inst/gen_reduce_slv_l.wrapper_left_inst/gen_reduce_slv_l.wrapper_left_inst/gen_reduce_slv_l.add_inst/c_s_8
    SLICE_X47Y1          LUT5 (Prop_lut5_I4_O)        0.326     7.713 r  decode_inst/registerfile_inst/alu_result1_s[14]_i_56/O
                         net (fo=5, routed)           0.574     8.287    decode_inst/registerfile_inst/execute_inst/alu32_inst/mul_comp/prod_inst/gen_reduce_slv_l.wrapper_left_inst/gen_reduce_slv_l.wrapper_left_inst/gen_reduce_slv_l.add_inst/c_s_10
    SLICE_X40Y2          LUT5 (Prop_lut5_I4_O)        0.118     8.405 r  decode_inst/registerfile_inst/alu_result1_s[14]_i_34/O
                         net (fo=5, routed)           0.651     9.056    decode_inst/registerfile_inst/execute_inst/alu32_inst/mul_comp/prod_inst/gen_reduce_slv_l.wrapper_left_inst/gen_reduce_slv_l.wrapper_left_inst/gen_reduce_slv_l.add_inst/c_s_12
    SLICE_X39Y2          LUT5 (Prop_lut5_I4_O)        0.326     9.382 r  decode_inst/registerfile_inst/alu_result1_s[17]_i_23/O
                         net (fo=6, routed)           0.466     9.847    decode_inst/registerfile_inst/execute_inst/alu32_inst/mul_comp/prod_inst/gen_reduce_slv_l.wrapper_left_inst/gen_reduce_slv_l.wrapper_left_inst/gen_reduce_slv_l.add_inst/c_s_14
    SLICE_X38Y3          LUT6 (Prop_lut6_I5_O)        0.124     9.971 r  decode_inst/registerfile_inst/alu_result1_s[21]_i_22/O
                         net (fo=2, routed)           0.305    10.276    decode_inst/registerfile_inst/execute_inst/alu32_inst/mul_comp/prod_inst/gen_reduce_slv_l.wrapper_left_inst/gen_reduce_slv_l.wrapper_left_inst/gen_reduce_slv_l.add_inst/c_s_16
    SLICE_X36Y3          LUT6 (Prop_lut6_I0_O)        0.124    10.400 r  decode_inst/registerfile_inst/alu_result1_s[21]_i_11/O
                         net (fo=4, routed)           0.816    11.217    decode_inst/registerfile_inst/execute_inst/alu32_inst/mul_comp/prod_inst/gen_reduce_slv_l.wrapper_left_inst/res_left_s[19]
    SLICE_X37Y3          LUT4 (Prop_lut4_I1_O)        0.152    11.369 f  decode_inst/registerfile_inst/alu_result1_s[20]_i_5/O
                         net (fo=3, routed)           0.966    12.335    decode_inst/registerfile_inst/execute_inst/alu32_inst/mul_comp/prod_inst/res_left_s[20]
    SLICE_X39Y5          LUT5 (Prop_lut5_I3_O)        0.360    12.695 f  decode_inst/registerfile_inst/alu_result1_s[25]_i_10/O
                         net (fo=4, routed)           0.593    13.287    decode_inst/registerfile_inst/execute_inst/alu32_inst/mul_comp/prod_inst/gen_reduce_slv_l.add_inst/c_s_14
    SLICE_X39Y7          LUT6 (Prop_lut6_I1_O)        0.326    13.613 r  decode_inst/registerfile_inst/alu_result1_s[25]_i_3/O
                         net (fo=5, routed)           0.627    14.240    decode_inst/registerfile_inst/alu_result1_s[25]_i_3_n_1
    SLICE_X40Y7          LUT3 (Prop_lut3_I1_O)        0.124    14.364 r  decode_inst/registerfile_inst/alu_result1_s[27]_i_13/O
                         net (fo=1, routed)           0.416    14.780    decode_inst/registerfile_inst/alu_result1_s[27]_i_13_n_1
    SLICE_X40Y6          LUT5 (Prop_lut5_I1_O)        0.124    14.904 r  decode_inst/registerfile_inst/alu_result1_s[27]_i_7/O
                         net (fo=1, routed)           0.491    15.395    decode_inst/registerfile_inst/alu_result1_s[27]_i_7_n_1
    SLICE_X40Y6          LUT5 (Prop_lut5_I0_O)        0.124    15.519 r  decode_inst/registerfile_inst/alu_result1_s[27]_i_4/O
                         net (fo=1, routed)           0.417    15.936    decode_inst/registerfile_inst/alu_result1_s[27]_i_4_n_1
    SLICE_X40Y5          LUT3 (Prop_lut3_I2_O)        0.124    16.060 r  decode_inst/registerfile_inst/alu_result1_s[27]_i_1/O
                         net (fo=1, routed)           0.000    16.060    alu_result0_s[27]
    SLICE_X40Y5          FDRE                                         r  alu_result1_s_reg[27]/D
  -------------------------------------------------------------------    -------------------

                         (clock clk_out1_clk_wiz_0_1 rise edge)
                                                     18.182    18.182 r  
    W5                                                0.000    18.182 r  clk_in (IN)
                         net (fo=0)                   0.000    18.182    your_instance_name/inst/clk_in1
    W5                   IBUF (Prop_ibuf_I_O)         1.388    19.570 r  your_instance_name/inst/clkin1_ibufg/O
                         net (fo=1, routed)           1.162    20.732    your_instance_name/inst/clk_in1_clk_wiz_0
    MMCME2_ADV_X1Y0      MMCME2_ADV (Prop_mmcme2_adv_CLKIN1_CLKOUT0)
                                                     -7.217    13.514 r  your_instance_name/inst/mmcm_adv_inst/CLKOUT0
                         net (fo=1, routed)           1.581    15.095    your_instance_name/inst/clk_out1_clk_wiz_0
    BUFGCTRL_X0Y1        BUFG (Prop_bufg_I_O)         0.091    15.186 r  your_instance_name/inst/clkout1_buf/O
                         net (fo=318, routed)         1.447    16.634    clk
    SLICE_X40Y5          FDRE                                         r  alu_result1_s_reg[27]/C
                         clock pessimism              0.564    17.197    
                         clock uncertainty           -0.121    17.077    
    SLICE_X40Y5          FDRE (Setup_fdre_C_D)        0.029    17.106    alu_result1_s_reg[27]
  -------------------------------------------------------------------
                         required time                         17.106    
                         arrival time                         -16.060    
  -------------------------------------------------------------------
                         slack                                  1.045    





Min Delay Paths
--------------------------------------------------------------------------------------
Slack (MET) :             0.156ns  (arrival time - required time)
  Source:                 instr1_s_reg_rep_bsel[21]/C
                            (rising edge-triggered cell FDRE clocked by clk_out1_clk_wiz_0_1  {rise@0.000ns fall@9.091ns period=18.182ns})
  Destination:            decode_inst/registerfile_inst/register_array_reg_1/ADDRARDADDR[5]
                            (rising edge-triggered cell RAMB18E1 clocked by clk_out1_clk_wiz_0_1  {rise@0.000ns fall@9.091ns period=18.182ns})
  Path Group:             clk_out1_clk_wiz_0_1
  Path Type:              Hold (Min at Fast Process Corner)
  Requirement:            0.000ns  (clk_out1_clk_wiz_0_1 rise@0.000ns - clk_out1_clk_wiz_0_1 rise@0.000ns)
  Data Path Delay:        0.395ns  (logic 0.141ns (35.653%)  route 0.254ns (64.347%))
  Logic Levels:           0  
  Clock Path Skew:        0.056ns (DCD - SCD - CPR)
    Destination Clock Delay (DCD):    -0.812ns
    Source Clock Delay      (SCD):    -0.614ns
    Clock Pessimism Removal (CPR):    -0.254ns

    Location             Delay type                Incr(ns)  Path(ns)    Netlist Resource(s)
  -------------------------------------------------------------------    -------------------
                         (clock clk_out1_clk_wiz_0_1 rise edge)
                                                      0.000     0.000 r  
    W5                                                0.000     0.000 r  clk_in (IN)
                         net (fo=0)                   0.000     0.000    your_instance_name/inst/clk_in1
    W5                   IBUF (Prop_ibuf_I_O)         0.226     0.226 r  your_instance_name/inst/clkin1_ibufg/O
                         net (fo=1, routed)           0.440     0.667    your_instance_name/inst/clk_in1_clk_wiz_0
    MMCME2_ADV_X1Y0      MMCME2_ADV (Prop_mmcme2_adv_CLKIN1_CLKOUT0)
                                                     -2.360    -1.693 r  your_instance_name/inst/mmcm_adv_inst/CLKOUT0
                         net (fo=1, routed)           0.486    -1.207    your_instance_name/inst/clk_out1_clk_wiz_0
    BUFGCTRL_X0Y1        BUFG (Prop_bufg_I_O)         0.026    -1.181 r  your_instance_name/inst/clkout1_buf/O
                         net (fo=318, routed)         0.567    -0.614    clk
    SLICE_X49Y2          FDRE                                         r  instr1_s_reg_rep_bsel[21]/C
  -------------------------------------------------------------------    -------------------
    SLICE_X49Y2          FDRE (Prop_fdre_C_Q)         0.141    -0.473 r  instr1_s_reg_rep_bsel[21]/Q
                         net (fo=1, routed)           0.254    -0.219    decode_inst/registerfile_inst/instr1_s0_in[0]
    RAMB18_X1Y2          RAMB18E1                                     r  decode_inst/registerfile_inst/register_array_reg_1/ADDRARDADDR[5]
  -------------------------------------------------------------------    -------------------

                         (clock clk_out1_clk_wiz_0_1 rise edge)
                                                      0.000     0.000 r  
    W5                                                0.000     0.000 r  clk_in (IN)
                         net (fo=0)                   0.000     0.000    your_instance_name/inst/clk_in1
    W5                   IBUF (Prop_ibuf_I_O)         0.414     0.414 r  your_instance_name/inst/clkin1_ibufg/O
                         net (fo=1, routed)           0.480     0.894    your_instance_name/inst/clk_in1_clk_wiz_0
    MMCME2_ADV_X1Y0      MMCME2_ADV (Prop_mmcme2_adv_CLKIN1_CLKOUT0)
                                                     -3.142    -2.248 r  your_instance_name/inst/mmcm_adv_inst/CLKOUT0
                         net (fo=1, routed)           0.530    -1.718    your_instance_name/inst/clk_out1_clk_wiz_0
    BUFGCTRL_X0Y1        BUFG (Prop_bufg_I_O)         0.029    -1.689 r  your_instance_name/inst/clkout1_buf/O
                         net (fo=318, routed)         0.877    -0.812    decode_inst/registerfile_inst/clk_out1
    RAMB18_X1Y2          RAMB18E1                                     r  decode_inst/registerfile_inst/register_array_reg_1/CLKARDCLK
                         clock pessimism              0.254    -0.558    
    RAMB18_X1Y2          RAMB18E1 (Hold_ramb18e1_CLKARDCLK_ADDRARDADDR[5])
                                                      0.183    -0.375    decode_inst/registerfile_inst/register_array_reg_1
  -------------------------------------------------------------------
                         required time                          0.375    
                         arrival time                          -0.219    
  -------------------------------------------------------------------
                         slack                                  0.156    





Pulse Width Checks
--------------------------------------------------------------------------------------
Clock Name:         clk_out1_clk_wiz_0_1
Waveform(ns):       { 0.000 9.091 }
Period(ns):         18.182
Sources:            { your_instance_name/inst/mmcm_adv_inst/CLKOUT0 }

Check Type        Corner  Lib Pin             Reference Pin  Required(ns)  Actual(ns)  Slack(ns)  Location         Pin
Min Period        n/a     RAMB18E1/CLKARDCLK  n/a            2.576         18.182      15.606     RAMB18_X1Y2      decode_inst/registerfile_inst/register_array_reg_1/CLKARDCLK
Max Period        n/a     MMCME2_ADV/CLKOUT0  n/a            213.360       18.182      195.178    MMCME2_ADV_X1Y0  your_instance_name/inst/mmcm_adv_inst/CLKOUT0
Low Pulse Width   Slow    RAMS64E/CLK         n/a            1.250         9.091       7.841      SLICE_X52Y23     mem_inst/data_mem_inst/mips_mem_reg_0_255_0_0/RAMS64E_A/CLK
High Pulse Width  Slow    RAMS64E/CLK         n/a            1.250         9.091       7.841      SLICE_X52Y23     mem_inst/data_mem_inst/mips_mem_reg_0_255_0_0/RAMS64E_A/CLK



---------------------------------------------------------------------------------------------------
From Clock:  clkfbout_clk_wiz_0_1
  To Clock:  clkfbout_clk_wiz_0_1

Setup :           NA  Failing Endpoints,  Worst Slack           NA  ,  Total Violation           NA
Hold  :           NA  Failing Endpoints,  Worst Slack           NA  ,  Total Violation           NA
PW    :            0  Failing Endpoints,  Worst Slack       37.845ns,  Total Violation        0.000ns
---------------------------------------------------------------------------------------------------


Pulse Width Checks
--------------------------------------------------------------------------------------
Clock Name:         clkfbout_clk_wiz_0_1
Waveform(ns):       { 0.000 20.000 }
Period(ns):         40.000
Sources:            { your_instance_name/inst/mmcm_adv_inst/CLKFBOUT }

Check Type  Corner  Lib Pin             Reference Pin  Required(ns)  Actual(ns)  Slack(ns)  Location         Pin
Min Period  n/a     BUFG/I              n/a            2.155         40.000      37.845     BUFGCTRL_X0Y2    your_instance_name/inst/clkf_buf/I
Max Period  n/a     MMCME2_ADV/CLKFBIN  n/a            100.000       40.000      60.000     MMCME2_ADV_X1Y0  your_instance_name/inst/mmcm_adv_inst/CLKFBIN



---------------------------------------------------------------------------------------------------
From Clock:  clk_out1_clk_wiz_0_1
  To Clock:  clk_out1_clk_wiz_0

Setup :            0  Failing Endpoints,  Worst Slack        1.041ns,  Total Violation        0.000ns
Hold  :            0  Failing Endpoints,  Worst Slack        0.032ns,  Total Violation        0.000ns
---------------------------------------------------------------------------------------------------


Max Delay Paths
--------------------------------------------------------------------------------------
Slack (MET) :             1.041ns  (required time - arrival time)
  Source:                 decode_inst/registerfile_inst/register_array_reg_2/CLKARDCLK
                            (rising edge-triggered cell RAMB18E1 clocked by clk_out1_clk_wiz_0_1  {rise@0.000ns fall@9.091ns period=18.182ns})
  Destination:            alu_result1_s_reg[27]/D
                            (rising edge-triggered cell FDRE clocked by clk_out1_clk_wiz_0  {rise@0.000ns fall@9.091ns period=18.182ns})
  Path Group:             clk_out1_clk_wiz_0
  Path Type:              Setup (Max at Slow Process Corner)
  Requirement:            18.182ns  (clk_out1_clk_wiz_0 rise@18.182ns - clk_out1_clk_wiz_0_1 rise@0.000ns)
  Data Path Delay:        16.961ns  (logic 5.916ns (34.881%)  route 11.045ns (65.119%))
  Logic Levels:           17  (LUT3=3 LUT4=1 LUT5=10 LUT6=3)
  Clock Path Skew:        -0.084ns (DCD - SCD + CPR)
    Destination Clock Delay (DCD):    -1.548ns = ( 16.634 - 18.182 ) 
    Source Clock Delay      (SCD):    -0.900ns
    Clock Pessimism Removal (CPR):    0.564ns
  Clock Uncertainty:      0.124ns  ((TSJ^2 + DJ^2)^1/2) / 2 + PE
    Total System Jitter     (TSJ):    0.071ns
    Discrete Jitter          (DJ):    0.239ns
    Phase Error              (PE):    0.000ns
  Clock Domain Crossing:  Inter clock paths are considered valid unless explicitly excluded by timing constraints such as set_clock_groups or set_false_path.

    Location             Delay type                Incr(ns)  Path(ns)    Netlist Resource(s)
  -------------------------------------------------------------------    -------------------
                         (clock clk_out1_clk_wiz_0_1 rise edge)
                                                      0.000     0.000 r  
    W5                                                0.000     0.000 r  clk_in (IN)
                         net (fo=0)                   0.000     0.000    your_instance_name/inst/clk_in1
    W5                   IBUF (Prop_ibuf_I_O)         1.458     1.458 r  your_instance_name/inst/clkin1_ibufg/O
                         net (fo=1, routed)           1.233     2.691    your_instance_name/inst/clk_in1_clk_wiz_0
    MMCME2_ADV_X1Y0      MMCME2_ADV (Prop_mmcme2_adv_CLKIN1_CLKOUT0)
                                                     -6.961    -4.269 r  your_instance_name/inst/mmcm_adv_inst/CLKOUT0
                         net (fo=1, routed)           1.661    -2.608    your_instance_name/inst/clk_out1_clk_wiz_0
    BUFGCTRL_X0Y1        BUFG (Prop_bufg_I_O)         0.096    -2.512 r  your_instance_name/inst/clkout1_buf/O
                         net (fo=318, routed)         1.612    -0.900    decode_inst/registerfile_inst/clk_out1
    RAMB18_X1Y3          RAMB18E1                                     r  decode_inst/registerfile_inst/register_array_reg_2/CLKARDCLK
  -------------------------------------------------------------------    -------------------
    RAMB18_X1Y3          RAMB18E1 (Prop_ramb18e1_CLKARDCLK_DOADO[2])
                                                      2.454     1.554 r  decode_inst/registerfile_inst/register_array_reg_2/DOADO[2]
                         net (fo=4, routed)           1.045     2.599    execute_inst/regb1_s[2]
    SLICE_X49Y7          LUT3 (Prop_lut3_I2_O)        0.152     2.751 r  execute_inst/alu_result1_s[3]_i_8/O
                         net (fo=36, routed)          0.820     3.571    decode_inst/registerfile_inst/b_s[2]
    SLICE_X47Y4          LUT5 (Prop_lut5_I2_O)        0.332     3.903 r  decode_inst/registerfile_inst/alu_result1_s[7]_i_27/O
                         net (fo=4, routed)           0.820     4.722    decode_inst/registerfile_inst/execute_inst/alu32_inst/mul_comp/prod_inst/gen_reduce_slv_l.wrapper_left_inst/gen_reduce_slv_l.wrapper_left_inst/gen_reduce_slv_l.wrapper_right_inst/gen_two_slv_l.add_inst/p_3_in
    SLICE_X48Y5          LUT5 (Prop_lut5_I2_O)        0.124     4.846 r  decode_inst/registerfile_inst/alu_result1_s[7]_i_12/O
                         net (fo=4, routed)           0.944     5.791    decode_inst/registerfile_inst/execute_inst/alu32_inst/mul_comp/prod_inst/gen_reduce_slv_l.wrapper_left_inst/gen_reduce_slv_l.wrapper_left_inst/gen_reduce_slv_l.add_inst/c_s_4
    SLICE_X47Y2          LUT5 (Prop_lut5_I4_O)        0.150     5.941 r  decode_inst/registerfile_inst/alu_result1_s[8]_i_21/O
                         net (fo=5, routed)           0.756     6.696    decode_inst/registerfile_inst/execute_inst/alu32_inst/mul_comp/prod_inst/gen_reduce_slv_l.wrapper_left_inst/gen_reduce_slv_l.wrapper_left_inst/gen_reduce_slv_l.add_inst/c_s_6
    SLICE_X44Y1          LUT5 (Prop_lut5_I4_O)        0.352     7.048 r  decode_inst/registerfile_inst/alu_result1_s[10]_i_19/O
                         net (fo=5, routed)           0.339     7.387    decode_inst/registerfile_inst/execute_inst/alu32_inst/mul_comp/prod_inst/gen_reduce_slv_l.wrapper_left_inst/gen_reduce_slv_l.wrapper_left_inst/gen_reduce_slv_l.add_inst/c_s_8
    SLICE_X47Y1          LUT5 (Prop_lut5_I4_O)        0.326     7.713 r  decode_inst/registerfile_inst/alu_result1_s[14]_i_56/O
                         net (fo=5, routed)           0.574     8.287    decode_inst/registerfile_inst/execute_inst/alu32_inst/mul_comp/prod_inst/gen_reduce_slv_l.wrapper_left_inst/gen_reduce_slv_l.wrapper_left_inst/gen_reduce_slv_l.add_inst/c_s_10
    SLICE_X40Y2          LUT5 (Prop_lut5_I4_O)        0.118     8.405 r  decode_inst/registerfile_inst/alu_result1_s[14]_i_34/O
                         net (fo=5, routed)           0.651     9.056    decode_inst/registerfile_inst/execute_inst/alu32_inst/mul_comp/prod_inst/gen_reduce_slv_l.wrapper_left_inst/gen_reduce_slv_l.wrapper_left_inst/gen_reduce_slv_l.add_inst/c_s_12
    SLICE_X39Y2          LUT5 (Prop_lut5_I4_O)        0.326     9.382 r  decode_inst/registerfile_inst/alu_result1_s[17]_i_23/O
                         net (fo=6, routed)           0.466     9.847    decode_inst/registerfile_inst/execute_inst/alu32_inst/mul_comp/prod_inst/gen_reduce_slv_l.wrapper_left_inst/gen_reduce_slv_l.wrapper_left_inst/gen_reduce_slv_l.add_inst/c_s_14
    SLICE_X38Y3          LUT6 (Prop_lut6_I5_O)        0.124     9.971 r  decode_inst/registerfile_inst/alu_result1_s[21]_i_22/O
                         net (fo=2, routed)           0.305    10.276    decode_inst/registerfile_inst/execute_inst/alu32_inst/mul_comp/prod_inst/gen_reduce_slv_l.wrapper_left_inst/gen_reduce_slv_l.wrapper_left_inst/gen_reduce_slv_l.add_inst/c_s_16
    SLICE_X36Y3          LUT6 (Prop_lut6_I0_O)        0.124    10.400 r  decode_inst/registerfile_inst/alu_result1_s[21]_i_11/O
                         net (fo=4, routed)           0.816    11.217    decode_inst/registerfile_inst/execute_inst/alu32_inst/mul_comp/prod_inst/gen_reduce_slv_l.wrapper_left_inst/res_left_s[19]
    SLICE_X37Y3          LUT4 (Prop_lut4_I1_O)        0.152    11.369 f  decode_inst/registerfile_inst/alu_result1_s[20]_i_5/O
                         net (fo=3, routed)           0.966    12.335    decode_inst/registerfile_inst/execute_inst/alu32_inst/mul_comp/prod_inst/res_left_s[20]
    SLICE_X39Y5          LUT5 (Prop_lut5_I3_O)        0.360    12.695 f  decode_inst/registerfile_inst/alu_result1_s[25]_i_10/O
                         net (fo=4, routed)           0.593    13.287    decode_inst/registerfile_inst/execute_inst/alu32_inst/mul_comp/prod_inst/gen_reduce_slv_l.add_inst/c_s_14
    SLICE_X39Y7          LUT6 (Prop_lut6_I1_O)        0.326    13.613 r  decode_inst/registerfile_inst/alu_result1_s[25]_i_3/O
                         net (fo=5, routed)           0.627    14.240    decode_inst/registerfile_inst/alu_result1_s[25]_i_3_n_1
    SLICE_X40Y7          LUT3 (Prop_lut3_I1_O)        0.124    14.364 r  decode_inst/registerfile_inst/alu_result1_s[27]_i_13/O
                         net (fo=1, routed)           0.416    14.780    decode_inst/registerfile_inst/alu_result1_s[27]_i_13_n_1
    SLICE_X40Y6          LUT5 (Prop_lut5_I1_O)        0.124    14.904 r  decode_inst/registerfile_inst/alu_result1_s[27]_i_7/O
                         net (fo=1, routed)           0.491    15.395    decode_inst/registerfile_inst/alu_result1_s[27]_i_7_n_1
    SLICE_X40Y6          LUT5 (Prop_lut5_I0_O)        0.124    15.519 r  decode_inst/registerfile_inst/alu_result1_s[27]_i_4/O
                         net (fo=1, routed)           0.417    15.936    decode_inst/registerfile_inst/alu_result1_s[27]_i_4_n_1
    SLICE_X40Y5          LUT3 (Prop_lut3_I2_O)        0.124    16.060 r  decode_inst/registerfile_inst/alu_result1_s[27]_i_1/O
                         net (fo=1, routed)           0.000    16.060    alu_result0_s[27]
    SLICE_X40Y5          FDRE                                         r  alu_result1_s_reg[27]/D
  -------------------------------------------------------------------    -------------------

                         (clock clk_out1_clk_wiz_0 rise edge)
                                                     18.182    18.182 r  
    W5                                                0.000    18.182 r  clk_in (IN)
                         net (fo=0)                   0.000    18.182    your_instance_name/inst/clk_in1
    W5                   IBUF (Prop_ibuf_I_O)         1.388    19.570 r  your_instance_name/inst/clkin1_ibufg/O
                         net (fo=1, routed)           1.162    20.732    your_instance_name/inst/clk_in1_clk_wiz_0
    MMCME2_ADV_X1Y0      MMCME2_ADV (Prop_mmcme2_adv_CLKIN1_CLKOUT0)
                                                     -7.217    13.514 r  your_instance_name/inst/mmcm_adv_inst/CLKOUT0
                         net (fo=1, routed)           1.581    15.095    your_instance_name/inst/clk_out1_clk_wiz_0
    BUFGCTRL_X0Y1        BUFG (Prop_bufg_I_O)         0.091    15.186 r  your_instance_name/inst/clkout1_buf/O
                         net (fo=318, routed)         1.447    16.634    clk
    SLICE_X40Y5          FDRE                                         r  alu_result1_s_reg[27]/C
                         clock pessimism              0.564    17.197    
                         clock uncertainty           -0.124    17.073    
    SLICE_X40Y5          FDRE (Setup_fdre_C_D)        0.029    17.102    alu_result1_s_reg[27]
  -------------------------------------------------------------------
                         required time                         17.102    
                         arrival time                         -16.060    
  -------------------------------------------------------------------
                         slack                                  1.041    





Min Delay Paths
--------------------------------------------------------------------------------------
Slack (MET) :             0.032ns  (arrival time - required time)
  Source:                 instr1_s_reg_rep_bsel[21]/C
                            (rising edge-triggered cell FDRE clocked by clk_out1_clk_wiz_0_1  {rise@0.000ns fall@9.091ns period=18.182ns})
  Destination:            decode_inst/registerfile_inst/register_array_reg_1/ADDRARDADDR[5]
                            (rising edge-triggered cell RAMB18E1 clocked by clk_out1_clk_wiz_0  {rise@0.000ns fall@9.091ns period=18.182ns})
  Path Group:             clk_out1_clk_wiz_0
  Path Type:              Hold (Min at Fast Process Corner)
  Requirement:            0.000ns  (clk_out1_clk_wiz_0 rise@0.000ns - clk_out1_clk_wiz_0_1 rise@0.000ns)
  Data Path Delay:        0.395ns  (logic 0.141ns (35.653%)  route 0.254ns (64.347%))
  Logic Levels:           0  
  Clock Path Skew:        0.056ns (DCD - SCD - CPR)
    Destination Clock Delay (DCD):    -0.812ns
    Source Clock Delay      (SCD):    -0.614ns
    Clock Pessimism Removal (CPR):    -0.254ns
  Clock Uncertainty:      0.124ns  ((TSJ^2 + DJ^2)^1/2) / 2 + PE
    Total System Jitter     (TSJ):    0.071ns
    Discrete Jitter          (DJ):    0.239ns
    Phase Error              (PE):    0.000ns
  Clock Domain Crossing:  Inter clock paths are considered valid unless explicitly excluded by timing constraints such as set_clock_groups or set_false_path.

    Location             Delay type                Incr(ns)  Path(ns)    Netlist Resource(s)
  -------------------------------------------------------------------    -------------------
                         (clock clk_out1_clk_wiz_0_1 rise edge)
                                                      0.000     0.000 r  
    W5                                                0.000     0.000 r  clk_in (IN)
                         net (fo=0)                   0.000     0.000    your_instance_name/inst/clk_in1
    W5                   IBUF (Prop_ibuf_I_O)         0.226     0.226 r  your_instance_name/inst/clkin1_ibufg/O
                         net (fo=1, routed)           0.440     0.667    your_instance_name/inst/clk_in1_clk_wiz_0
    MMCME2_ADV_X1Y0      MMCME2_ADV (Prop_mmcme2_adv_CLKIN1_CLKOUT0)
                                                     -2.360    -1.693 r  your_instance_name/inst/mmcm_adv_inst/CLKOUT0
                         net (fo=1, routed)           0.486    -1.207    your_instance_name/inst/clk_out1_clk_wiz_0
    BUFGCTRL_X0Y1        BUFG (Prop_bufg_I_O)         0.026    -1.181 r  your_instance_name/inst/clkout1_buf/O
                         net (fo=318, routed)         0.567    -0.614    clk
    SLICE_X49Y2          FDRE                                         r  instr1_s_reg_rep_bsel[21]/C
  -------------------------------------------------------------------    -------------------
    SLICE_X49Y2          FDRE (Prop_fdre_C_Q)         0.141    -0.473 r  instr1_s_reg_rep_bsel[21]/Q
                         net (fo=1, routed)           0.254    -0.219    decode_inst/registerfile_inst/instr1_s0_in[0]
    RAMB18_X1Y2          RAMB18E1                                     r  decode_inst/registerfile_inst/register_array_reg_1/ADDRARDADDR[5]
  -------------------------------------------------------------------    -------------------

                         (clock clk_out1_clk_wiz_0 rise edge)
                                                      0.000     0.000 r  
    W5                                                0.000     0.000 r  clk_in (IN)
                         net (fo=0)                   0.000     0.000    your_instance_name/inst/clk_in1
    W5                   IBUF (Prop_ibuf_I_O)         0.414     0.414 r  your_instance_name/inst/clkin1_ibufg/O
                         net (fo=1, routed)           0.480     0.894    your_instance_name/inst/clk_in1_clk_wiz_0
    MMCME2_ADV_X1Y0      MMCME2_ADV (Prop_mmcme2_adv_CLKIN1_CLKOUT0)
                                                     -3.142    -2.248 r  your_instance_name/inst/mmcm_adv_inst/CLKOUT0
                         net (fo=1, routed)           0.530    -1.718    your_instance_name/inst/clk_out1_clk_wiz_0
    BUFGCTRL_X0Y1        BUFG (Prop_bufg_I_O)         0.029    -1.689 r  your_instance_name/inst/clkout1_buf/O
                         net (fo=318, routed)         0.877    -0.812    decode_inst/registerfile_inst/clk_out1
    RAMB18_X1Y2          RAMB18E1                                     r  decode_inst/registerfile_inst/register_array_reg_1/CLKARDCLK
                         clock pessimism              0.254    -0.558    
                         clock uncertainty            0.124    -0.434    
    RAMB18_X1Y2          RAMB18E1 (Hold_ramb18e1_CLKARDCLK_ADDRARDADDR[5])
                                                      0.183    -0.251    decode_inst/registerfile_inst/register_array_reg_1
  -------------------------------------------------------------------
                         required time                          0.251    
                         arrival time                          -0.219    
  -------------------------------------------------------------------
                         slack                                  0.032    





---------------------------------------------------------------------------------------------------
From Clock:  clk_out1_clk_wiz_0
  To Clock:  clk_out1_clk_wiz_0_1

Setup :            0  Failing Endpoints,  Worst Slack        1.041ns,  Total Violation        0.000ns
Hold  :            0  Failing Endpoints,  Worst Slack        0.032ns,  Total Violation        0.000ns
---------------------------------------------------------------------------------------------------


Max Delay Paths
--------------------------------------------------------------------------------------
Slack (MET) :             1.041ns  (required time - arrival time)
  Source:                 decode_inst/registerfile_inst/register_array_reg_2/CLKARDCLK
                            (rising edge-triggered cell RAMB18E1 clocked by clk_out1_clk_wiz_0  {rise@0.000ns fall@9.091ns period=18.182ns})
  Destination:            alu_result1_s_reg[27]/D
                            (rising edge-triggered cell FDRE clocked by clk_out1_clk_wiz_0_1  {rise@0.000ns fall@9.091ns period=18.182ns})
  Path Group:             clk_out1_clk_wiz_0_1
  Path Type:              Setup (Max at Slow Process Corner)
  Requirement:            18.182ns  (clk_out1_clk_wiz_0_1 rise@18.182ns - clk_out1_clk_wiz_0 rise@0.000ns)
  Data Path Delay:        16.961ns  (logic 5.916ns (34.881%)  route 11.045ns (65.119%))
  Logic Levels:           17  (LUT3=3 LUT4=1 LUT5=10 LUT6=3)
  Clock Path Skew:        -0.084ns (DCD - SCD + CPR)
    Destination Clock Delay (DCD):    -1.548ns = ( 16.634 - 18.182 ) 
    Source Clock Delay      (SCD):    -0.900ns
    Clock Pessimism Removal (CPR):    0.564ns
  Clock Uncertainty:      0.124ns  ((TSJ^2 + DJ^2)^1/2) / 2 + PE
    Total System Jitter     (TSJ):    0.071ns
    Discrete Jitter          (DJ):    0.239ns
    Phase Error              (PE):    0.000ns
  Clock Domain Crossing:  Inter clock paths are considered valid unless explicitly excluded by timing constraints such as set_clock_groups or set_false_path.

    Location             Delay type                Incr(ns)  Path(ns)    Netlist Resource(s)
  -------------------------------------------------------------------    -------------------
                         (clock clk_out1_clk_wiz_0 rise edge)
                                                      0.000     0.000 r  
    W5                                                0.000     0.000 r  clk_in (IN)
                         net (fo=0)                   0.000     0.000    your_instance_name/inst/clk_in1
    W5                   IBUF (Prop_ibuf_I_O)         1.458     1.458 r  your_instance_name/inst/clkin1_ibufg/O
                         net (fo=1, routed)           1.233     2.691    your_instance_name/inst/clk_in1_clk_wiz_0
    MMCME2_ADV_X1Y0      MMCME2_ADV (Prop_mmcme2_adv_CLKIN1_CLKOUT0)
                                                     -6.961    -4.269 r  your_instance_name/inst/mmcm_adv_inst/CLKOUT0
                         net (fo=1, routed)           1.661    -2.608    your_instance_name/inst/clk_out1_clk_wiz_0
    BUFGCTRL_X0Y1        BUFG (Prop_bufg_I_O)         0.096    -2.512 r  your_instance_name/inst/clkout1_buf/O
                         net (fo=318, routed)         1.612    -0.900    decode_inst/registerfile_inst/clk_out1
    RAMB18_X1Y3          RAMB18E1                                     r  decode_inst/registerfile_inst/register_array_reg_2/CLKARDCLK
  -------------------------------------------------------------------    -------------------
    RAMB18_X1Y3          RAMB18E1 (Prop_ramb18e1_CLKARDCLK_DOADO[2])
                                                      2.454     1.554 r  decode_inst/registerfile_inst/register_array_reg_2/DOADO[2]
                         net (fo=4, routed)           1.045     2.599    execute_inst/regb1_s[2]
    SLICE_X49Y7          LUT3 (Prop_lut3_I2_O)        0.152     2.751 r  execute_inst/alu_result1_s[3]_i_8/O
                         net (fo=36, routed)          0.820     3.571    decode_inst/registerfile_inst/b_s[2]
    SLICE_X47Y4          LUT5 (Prop_lut5_I2_O)        0.332     3.903 r  decode_inst/registerfile_inst/alu_result1_s[7]_i_27/O
                         net (fo=4, routed)           0.820     4.722    decode_inst/registerfile_inst/execute_inst/alu32_inst/mul_comp/prod_inst/gen_reduce_slv_l.wrapper_left_inst/gen_reduce_slv_l.wrapper_left_inst/gen_reduce_slv_l.wrapper_right_inst/gen_two_slv_l.add_inst/p_3_in
    SLICE_X48Y5          LUT5 (Prop_lut5_I2_O)        0.124     4.846 r  decode_inst/registerfile_inst/alu_result1_s[7]_i_12/O
                         net (fo=4, routed)           0.944     5.791    decode_inst/registerfile_inst/execute_inst/alu32_inst/mul_comp/prod_inst/gen_reduce_slv_l.wrapper_left_inst/gen_reduce_slv_l.wrapper_left_inst/gen_reduce_slv_l.add_inst/c_s_4
    SLICE_X47Y2          LUT5 (Prop_lut5_I4_O)        0.150     5.941 r  decode_inst/registerfile_inst/alu_result1_s[8]_i_21/O
                         net (fo=5, routed)           0.756     6.696    decode_inst/registerfile_inst/execute_inst/alu32_inst/mul_comp/prod_inst/gen_reduce_slv_l.wrapper_left_inst/gen_reduce_slv_l.wrapper_left_inst/gen_reduce_slv_l.add_inst/c_s_6
    SLICE_X44Y1          LUT5 (Prop_lut5_I4_O)        0.352     7.048 r  decode_inst/registerfile_inst/alu_result1_s[10]_i_19/O
                         net (fo=5, routed)           0.339     7.387    decode_inst/registerfile_inst/execute_inst/alu32_inst/mul_comp/prod_inst/gen_reduce_slv_l.wrapper_left_inst/gen_reduce_slv_l.wrapper_left_inst/gen_reduce_slv_l.add_inst/c_s_8
    SLICE_X47Y1          LUT5 (Prop_lut5_I4_O)        0.326     7.713 r  decode_inst/registerfile_inst/alu_result1_s[14]_i_56/O
                         net (fo=5, routed)           0.574     8.287    decode_inst/registerfile_inst/execute_inst/alu32_inst/mul_comp/prod_inst/gen_reduce_slv_l.wrapper_left_inst/gen_reduce_slv_l.wrapper_left_inst/gen_reduce_slv_l.add_inst/c_s_10
    SLICE_X40Y2          LUT5 (Prop_lut5_I4_O)        0.118     8.405 r  decode_inst/registerfile_inst/alu_result1_s[14]_i_34/O
                         net (fo=5, routed)           0.651     9.056    decode_inst/registerfile_inst/execute_inst/alu32_inst/mul_comp/prod_inst/gen_reduce_slv_l.wrapper_left_inst/gen_reduce_slv_l.wrapper_left_inst/gen_reduce_slv_l.add_inst/c_s_12
    SLICE_X39Y2          LUT5 (Prop_lut5_I4_O)        0.326     9.382 r  decode_inst/registerfile_inst/alu_result1_s[17]_i_23/O
                         net (fo=6, routed)           0.466     9.847    decode_inst/registerfile_inst/execute_inst/alu32_inst/mul_comp/prod_inst/gen_reduce_slv_l.wrapper_left_inst/gen_reduce_slv_l.wrapper_left_inst/gen_reduce_slv_l.add_inst/c_s_14
    SLICE_X38Y3          LUT6 (Prop_lut6_I5_O)        0.124     9.971 r  decode_inst/registerfile_inst/alu_result1_s[21]_i_22/O
                         net (fo=2, routed)           0.305    10.276    decode_inst/registerfile_inst/execute_inst/alu32_inst/mul_comp/prod_inst/gen_reduce_slv_l.wrapper_left_inst/gen_reduce_slv_l.wrapper_left_inst/gen_reduce_slv_l.add_inst/c_s_16
    SLICE_X36Y3          LUT6 (Prop_lut6_I0_O)        0.124    10.400 r  decode_inst/registerfile_inst/alu_result1_s[21]_i_11/O
                         net (fo=4, routed)           0.816    11.217    decode_inst/registerfile_inst/execute_inst/alu32_inst/mul_comp/prod_inst/gen_reduce_slv_l.wrapper_left_inst/res_left_s[19]
    SLICE_X37Y3          LUT4 (Prop_lut4_I1_O)        0.152    11.369 f  decode_inst/registerfile_inst/alu_result1_s[20]_i_5/O
                         net (fo=3, routed)           0.966    12.335    decode_inst/registerfile_inst/execute_inst/alu32_inst/mul_comp/prod_inst/res_left_s[20]
    SLICE_X39Y5          LUT5 (Prop_lut5_I3_O)        0.360    12.695 f  decode_inst/registerfile_inst/alu_result1_s[25]_i_10/O
                         net (fo=4, routed)           0.593    13.287    decode_inst/registerfile_inst/execute_inst/alu32_inst/mul_comp/prod_inst/gen_reduce_slv_l.add_inst/c_s_14
    SLICE_X39Y7          LUT6 (Prop_lut6_I1_O)        0.326    13.613 r  decode_inst/registerfile_inst/alu_result1_s[25]_i_3/O
                         net (fo=5, routed)           0.627    14.240    decode_inst/registerfile_inst/alu_result1_s[25]_i_3_n_1
    SLICE_X40Y7          LUT3 (Prop_lut3_I1_O)        0.124    14.364 r  decode_inst/registerfile_inst/alu_result1_s[27]_i_13/O
                         net (fo=1, routed)           0.416    14.780    decode_inst/registerfile_inst/alu_result1_s[27]_i_13_n_1
    SLICE_X40Y6          LUT5 (Prop_lut5_I1_O)        0.124    14.904 r  decode_inst/registerfile_inst/alu_result1_s[27]_i_7/O
                         net (fo=1, routed)           0.491    15.395    decode_inst/registerfile_inst/alu_result1_s[27]_i_7_n_1
    SLICE_X40Y6          LUT5 (Prop_lut5_I0_O)        0.124    15.519 r  decode_inst/registerfile_inst/alu_result1_s[27]_i_4/O
                         net (fo=1, routed)           0.417    15.936    decode_inst/registerfile_inst/alu_result1_s[27]_i_4_n_1
    SLICE_X40Y5          LUT3 (Prop_lut3_I2_O)        0.124    16.060 r  decode_inst/registerfile_inst/alu_result1_s[27]_i_1/O
                         net (fo=1, routed)           0.000    16.060    alu_result0_s[27]
    SLICE_X40Y5          FDRE                                         r  alu_result1_s_reg[27]/D
  -------------------------------------------------------------------    -------------------

                         (clock clk_out1_clk_wiz_0_1 rise edge)
                                                     18.182    18.182 r  
    W5                                                0.000    18.182 r  clk_in (IN)
                         net (fo=0)                   0.000    18.182    your_instance_name/inst/clk_in1
    W5                   IBUF (Prop_ibuf_I_O)         1.388    19.570 r  your_instance_name/inst/clkin1_ibufg/O
                         net (fo=1, routed)           1.162    20.732    your_instance_name/inst/clk_in1_clk_wiz_0
    MMCME2_ADV_X1Y0      MMCME2_ADV (Prop_mmcme2_adv_CLKIN1_CLKOUT0)
                                                     -7.217    13.514 r  your_instance_name/inst/mmcm_adv_inst/CLKOUT0
                         net (fo=1, routed)           1.581    15.095    your_instance_name/inst/clk_out1_clk_wiz_0
    BUFGCTRL_X0Y1        BUFG (Prop_bufg_I_O)         0.091    15.186 r  your_instance_name/inst/clkout1_buf/O
                         net (fo=318, routed)         1.447    16.634    clk
    SLICE_X40Y5          FDRE                                         r  alu_result1_s_reg[27]/C
                         clock pessimism              0.564    17.197    
                         clock uncertainty           -0.124    17.073    
    SLICE_X40Y5          FDRE (Setup_fdre_C_D)        0.029    17.102    alu_result1_s_reg[27]
  -------------------------------------------------------------------
                         required time                         17.102    
                         arrival time                         -16.060    
  -------------------------------------------------------------------
                         slack                                  1.041    





Min Delay Paths
--------------------------------------------------------------------------------------
Slack (MET) :             0.032ns  (arrival time - required time)
  Source:                 instr1_s_reg_rep_bsel[21]/C
                            (rising edge-triggered cell FDRE clocked by clk_out1_clk_wiz_0  {rise@0.000ns fall@9.091ns period=18.182ns})
  Destination:            decode_inst/registerfile_inst/register_array_reg_1/ADDRARDADDR[5]
                            (rising edge-triggered cell RAMB18E1 clocked by clk_out1_clk_wiz_0_1  {rise@0.000ns fall@9.091ns period=18.182ns})
  Path Group:             clk_out1_clk_wiz_0_1
  Path Type:              Hold (Min at Fast Process Corner)
  Requirement:            0.000ns  (clk_out1_clk_wiz_0_1 rise@0.000ns - clk_out1_clk_wiz_0 rise@0.000ns)
  Data Path Delay:        0.395ns  (logic 0.141ns (35.653%)  route 0.254ns (64.347%))
  Logic Levels:           0  
  Clock Path Skew:        0.056ns (DCD - SCD - CPR)
    Destination Clock Delay (DCD):    -0.812ns
    Source Clock Delay      (SCD):    -0.614ns
    Clock Pessimism Removal (CPR):    -0.254ns
  Clock Uncertainty:      0.124ns  ((TSJ^2 + DJ^2)^1/2) / 2 + PE
    Total System Jitter     (TSJ):    0.071ns
    Discrete Jitter          (DJ):    0.239ns
    Phase Error              (PE):    0.000ns
  Clock Domain Crossing:  Inter clock paths are considered valid unless explicitly excluded by timing constraints such as set_clock_groups or set_false_path.

    Location             Delay type                Incr(ns)  Path(ns)    Netlist Resource(s)
  -------------------------------------------------------------------    -------------------
                         (clock clk_out1_clk_wiz_0 rise edge)
                                                      0.000     0.000 r  
    W5                                                0.000     0.000 r  clk_in (IN)
                         net (fo=0)                   0.000     0.000    your_instance_name/inst/clk_in1
    W5                   IBUF (Prop_ibuf_I_O)         0.226     0.226 r  your_instance_name/inst/clkin1_ibufg/O
                         net (fo=1, routed)           0.440     0.667    your_instance_name/inst/clk_in1_clk_wiz_0
    MMCME2_ADV_X1Y0      MMCME2_ADV (Prop_mmcme2_adv_CLKIN1_CLKOUT0)
                                                     -2.360    -1.693 r  your_instance_name/inst/mmcm_adv_inst/CLKOUT0
                         net (fo=1, routed)           0.486    -1.207    your_instance_name/inst/clk_out1_clk_wiz_0
    BUFGCTRL_X0Y1        BUFG (Prop_bufg_I_O)         0.026    -1.181 r  your_instance_name/inst/clkout1_buf/O
                         net (fo=318, routed)         0.567    -0.614    clk
    SLICE_X49Y2          FDRE                                         r  instr1_s_reg_rep_bsel[21]/C
  -------------------------------------------------------------------    -------------------
    SLICE_X49Y2          FDRE (Prop_fdre_C_Q)         0.141    -0.473 r  instr1_s_reg_rep_bsel[21]/Q
                         net (fo=1, routed)           0.254    -0.219    decode_inst/registerfile_inst/instr1_s0_in[0]
    RAMB18_X1Y2          RAMB18E1                                     r  decode_inst/registerfile_inst/register_array_reg_1/ADDRARDADDR[5]
  -------------------------------------------------------------------    -------------------

                         (clock clk_out1_clk_wiz_0_1 rise edge)
                                                      0.000     0.000 r  
    W5                                                0.000     0.000 r  clk_in (IN)
                         net (fo=0)                   0.000     0.000    your_instance_name/inst/clk_in1
    W5                   IBUF (Prop_ibuf_I_O)         0.414     0.414 r  your_instance_name/inst/clkin1_ibufg/O
                         net (fo=1, routed)           0.480     0.894    your_instance_name/inst/clk_in1_clk_wiz_0
    MMCME2_ADV_X1Y0      MMCME2_ADV (Prop_mmcme2_adv_CLKIN1_CLKOUT0)
                                                     -3.142    -2.248 r  your_instance_name/inst/mmcm_adv_inst/CLKOUT0
                         net (fo=1, routed)           0.530    -1.718    your_instance_name/inst/clk_out1_clk_wiz_0
    BUFGCTRL_X0Y1        BUFG (Prop_bufg_I_O)         0.029    -1.689 r  your_instance_name/inst/clkout1_buf/O
                         net (fo=318, routed)         0.877    -0.812    decode_inst/registerfile_inst/clk_out1
    RAMB18_X1Y2          RAMB18E1                                     r  decode_inst/registerfile_inst/register_array_reg_1/CLKARDCLK
                         clock pessimism              0.254    -0.558    
                         clock uncertainty            0.124    -0.434    
    RAMB18_X1Y2          RAMB18E1 (Hold_ramb18e1_CLKARDCLK_ADDRARDADDR[5])
                                                      0.183    -0.251    decode_inst/registerfile_inst/register_array_reg_1
  -------------------------------------------------------------------
                         required time                          0.251    
                         arrival time                          -0.219    
  -------------------------------------------------------------------
                         slack                                  0.032    





