Copyright 1986-2022 Xilinx, Inc. All Rights Reserved. Copyright 2022-2025 Advanced Micro Devices, Inc. All Rights Reserved.
---------------------------------------------------------------------------------------------------------------------------------------------
| Tool Version : Vivado v.2025.2 (lin64) Build 6299465 Fri Nov 14 12:34:56 MST 2025
| Date         : Thu Apr 23 19:19:34 2026
| Host         : infinity running 64-bit Arch Linux
| Command      : report_timing_summary -file timing_50MHz.rpt
| Design       : proc
| Device       : 7a35t-cpg236
| Speed File   : -1  PRODUCTION 1.23 2018-06-13
| Design State : Routed
---------------------------------------------------------------------------------------------------------------------------------------------

Timing Summary Report

------------------------------------------------------------------------------------------------
| Timer Settings
| --------------
------------------------------------------------------------------------------------------------

  Enable Multi Corner Analysis               :  Yes
  Enable Pessimism Removal                   :  Yes
  Pessimism Removal Resolution               :  Nearest Common Node
  Enable Input Delay Default Clock           :  No
  Enable Preset / Clear Arcs                 :  No
  Disable Flight Delays                      :  No
  Ignore I/O Paths                           :  No
  Timing Early Launch at Borrowing Latches   :  No
  Borrow Time for Max Delay Exceptions       :  Yes
  Merge Timing Exceptions                    :  Yes
  Inter-SLR Compensation                     :  Conservative

  Corner  Analyze    Analyze    
  Name    Max Paths  Min Paths  
  ------  ---------  ---------  
  Slow    Yes        Yes        
  Fast    Yes        Yes        


------------------------------------------------------------------------------------------------
| Report Methodology
| ------------------
------------------------------------------------------------------------------------------------

Rule       Severity          Description                                                       Violations  
---------  ----------------  ----------------------------------------------------------------  ----------  
TIMING-6   Critical Warning  No common primary clock between related clocks                    2           
TIMING-14  Critical Warning  LUT on the clock tree                                             1           
SYNTH-5    Warning           Mapped onto distributed RAM because of timing constraints         128         
SYNTH-6    Warning           Timing of a RAM block might be sub-optimal                        2           
TIMING-56  Warning           Missing logically or physically excluded clock groups constraint  2           

Note: This report is based on the most recent report_methodology run and may not be up-to-date. Run report_methodology on the current design for the latest report.



check_timing report

Table of Contents
-----------------
1. checking no_clock (0)
2. checking constant_clock (0)
3. checking pulse_width_clock (0)
4. checking unconstrained_internal_endpoints (0)
5. checking no_input_delay (17)
6. checking no_output_delay (11)
7. checking multiple_clock (831)
8. checking generated_clocks (0)
9. checking loops (0)
10. checking partial_input_delay (0)
11. checking partial_output_delay (0)
12. checking latch_loops (0)

1. checking no_clock (0)
------------------------
 There are 0 register/latch pins with no clock.


2. checking constant_clock (0)
------------------------------
 There are 0 register/latch pins with constant_clock.


3. checking pulse_width_clock (0)
---------------------------------
 There are 0 register/latch pins which need pulse_width check


4. checking unconstrained_internal_endpoints (0)
------------------------------------------------
 There are 0 pins that are not constrained for maximum delay.

 There are 0 pins that are not constrained for maximum delay due to constant clock.


5. checking no_input_delay (17)
-------------------------------
 There are 17 input ports with no input delay specified. (HIGH)

 There are 0 input ports with no input delay but user has a false path constraint.


6. checking no_output_delay (11)
--------------------------------
 There are 11 ports with no output delay specified. (HIGH)

 There are 0 ports with no output delay but user has a false path constraint

 There are 0 ports with no output delay but with a timing clock defined on it or propagating through it


7. checking multiple_clock (831)
--------------------------------
 There are 831 register/latch pins with multiple clocks. (HIGH)


8. checking generated_clocks (0)
--------------------------------
 There are 0 generated clocks that are not connected to a clock source.


9. checking loops (0)
---------------------
 There are 0 combinational loops in the design.


10. checking partial_input_delay (0)
------------------------------------
 There are 0 input ports with partial input delay specified.


11. checking partial_output_delay (0)
-------------------------------------
 There are 0 ports with partial output delay specified.


12. checking latch_loops (0)
----------------------------
 There are 0 combinational latch loops in the design through latch input



------------------------------------------------------------------------------------------------
| Design Timing Summary
| ---------------------
------------------------------------------------------------------------------------------------

    WNS(ns)      TNS(ns)  TNS Failing Endpoints  TNS Total Endpoints      WHS(ns)      THS(ns)  THS Failing Endpoints  THS Total Endpoints     WPWS(ns)     TPWS(ns)  TPWS Failing Endpoints  TPWS Total Endpoints  
    -------      -------  ---------------------  -------------------      -------      -------  ---------------------  -------------------     --------     --------  ----------------------  --------------------  
      1.252        0.000                      0                 5551        0.038        0.000                      0                 5551        3.000        0.000                       0                   838  


All user specified timing constraints are met.


------------------------------------------------------------------------------------------------
| Clock Summary
| -------------
------------------------------------------------------------------------------------------------

Clock                   Waveform(ns)       Period(ns)      Frequency(MHz)
-----                   ------------       ----------      --------------
clk_in                  {0.000 5.000}      10.000          100.000         
  clk_out1_clk_wiz_0    {0.000 10.000}     20.000          50.000          
  clkfbout_clk_wiz_0    {0.000 5.000}      10.000          100.000         
sys_clk_pin             {0.000 5.000}      10.000          100.000         
  clk_out1_clk_wiz_0_1  {0.000 10.000}     20.000          50.000          
  clkfbout_clk_wiz_0_1  {0.000 5.000}      10.000          100.000         


------------------------------------------------------------------------------------------------
| Intra Clock Table
| -----------------
------------------------------------------------------------------------------------------------

Clock                       WNS(ns)      TNS(ns)  TNS Failing Endpoints  TNS Total Endpoints      WHS(ns)      THS(ns)  THS Failing Endpoints  THS Total Endpoints     WPWS(ns)     TPWS(ns)  TPWS Failing Endpoints  TPWS Total Endpoints  
-----                       -------      -------  ---------------------  -------------------      -------      -------  ---------------------  -------------------     --------     --------  ----------------------  --------------------  
clk_in                                                                                                                                                                    3.000        0.000                       0                     1  
  clk_out1_clk_wiz_0          1.252        0.000                      0                 5551        0.122        0.000                      0                 5551        8.750        0.000                       0                   834  
  clkfbout_clk_wiz_0                                                                                                                                                      7.845        0.000                       0                     3  
sys_clk_pin                                                                                                                                                               3.000        0.000                       0                     1  
  clk_out1_clk_wiz_0_1        1.254        0.000                      0                 5551        0.122        0.000                      0                 5551        8.750        0.000                       0                   834  
  clkfbout_clk_wiz_0_1                                                                                                                                                    7.845        0.000                       0                     3  


------------------------------------------------------------------------------------------------
| Inter Clock Table
| -----------------
------------------------------------------------------------------------------------------------

From Clock            To Clock                  WNS(ns)      TNS(ns)  TNS Failing Endpoints  TNS Total Endpoints      WHS(ns)      THS(ns)  THS Failing Endpoints  THS Total Endpoints  
----------            --------                  -------      -------  ---------------------  -------------------      -------      -------  ---------------------  -------------------  
clk_out1_clk_wiz_0_1  clk_out1_clk_wiz_0          1.252        0.000                      0                 5551        0.038        0.000                      0                 5551  
clk_out1_clk_wiz_0    clk_out1_clk_wiz_0_1        1.252        0.000                      0                 5551        0.038        0.000                      0                 5551  


------------------------------------------------------------------------------------------------
| Other Path Groups Table
| -----------------------
------------------------------------------------------------------------------------------------

Path Group    From Clock    To Clock          WNS(ns)      TNS(ns)  TNS Failing Endpoints  TNS Total Endpoints      WHS(ns)      THS(ns)  THS Failing Endpoints  THS Total Endpoints  
----------    ----------    --------          -------      -------  ---------------------  -------------------      -------      -------  ---------------------  -------------------  


------------------------------------------------------------------------------------------------
| Timing Details
| --------------
------------------------------------------------------------------------------------------------


---------------------------------------------------------------------------------------------------
From Clock:  clk_in
  To Clock:  clk_in

Setup :           NA  Failing Endpoints,  Worst Slack           NA  ,  Total Violation           NA
Hold  :           NA  Failing Endpoints,  Worst Slack           NA  ,  Total Violation           NA
PW    :            0  Failing Endpoints,  Worst Slack        3.000ns,  Total Violation        0.000ns
---------------------------------------------------------------------------------------------------


Pulse Width Checks
--------------------------------------------------------------------------------------
Clock Name:         clk_in
Waveform(ns):       { 0.000 5.000 }
Period(ns):         10.000
Sources:            { clk_in }

Check Type        Corner  Lib Pin            Reference Pin  Required(ns)  Actual(ns)  Slack(ns)  Location         Pin
Min Period        n/a     MMCME2_ADV/CLKIN1  n/a            1.249         10.000      8.751      MMCME2_ADV_X1Y0  your_instance_name/inst/mmcm_adv_inst/CLKIN1
Max Period        n/a     MMCME2_ADV/CLKIN1  n/a            100.000       10.000      90.000     MMCME2_ADV_X1Y0  your_instance_name/inst/mmcm_adv_inst/CLKIN1
Low Pulse Width   Slow    MMCME2_ADV/CLKIN1  n/a            2.000         5.000       3.000      MMCME2_ADV_X1Y0  your_instance_name/inst/mmcm_adv_inst/CLKIN1
High Pulse Width  Slow    MMCME2_ADV/CLKIN1  n/a            2.000         5.000       3.000      MMCME2_ADV_X1Y0  your_instance_name/inst/mmcm_adv_inst/CLKIN1



---------------------------------------------------------------------------------------------------
From Clock:  clk_out1_clk_wiz_0
  To Clock:  clk_out1_clk_wiz_0

Setup :            0  Failing Endpoints,  Worst Slack        1.252ns,  Total Violation        0.000ns
Hold  :            0  Failing Endpoints,  Worst Slack        0.122ns,  Total Violation        0.000ns
PW    :            0  Failing Endpoints,  Worst Slack        8.750ns,  Total Violation        0.000ns
---------------------------------------------------------------------------------------------------


Max Delay Paths
--------------------------------------------------------------------------------------
Slack (MET) :             1.252ns  (required time - arrival time)
  Source:                 decode_inst/registerfile_inst/register_array_reg_2/CLKARDCLK
                            (rising edge-triggered cell RAMB18E1 clocked by clk_out1_clk_wiz_0  {rise@0.000ns fall@10.000ns period=20.000ns})
  Destination:            alu_result1_s_reg[31]/D
                            (rising edge-triggered cell FDRE clocked by clk_out1_clk_wiz_0  {rise@0.000ns fall@10.000ns period=20.000ns})
  Path Group:             clk_out1_clk_wiz_0
  Path Type:              Setup (Max at Slow Process Corner)
  Requirement:            20.000ns  (clk_out1_clk_wiz_0 rise@20.000ns - clk_out1_clk_wiz_0 rise@0.000ns)
  Data Path Delay:        18.609ns  (logic 6.030ns (32.404%)  route 12.579ns (67.596%))
  Logic Levels:           18  (LUT3=1 LUT5=10 LUT6=7)
  Clock Path Skew:        -0.086ns (DCD - SCD + CPR)
    Destination Clock Delay (DCD):    -1.550ns = ( 18.450 - 20.000 ) 
    Source Clock Delay      (SCD):    -0.900ns
    Clock Pessimism Removal (CPR):    0.564ns
  Clock Uncertainty:      0.084ns  ((TSJ^2 + DJ^2)^1/2) / 2 + PE
    Total System Jitter     (TSJ):    0.071ns
    Discrete Jitter          (DJ):    0.152ns
    Phase Error              (PE):    0.000ns

    Location             Delay type                Incr(ns)  Path(ns)    Netlist Resource(s)
  -------------------------------------------------------------------    -------------------
                         (clock clk_out1_clk_wiz_0 rise edge)
                                                      0.000     0.000 r  
    W5                                                0.000     0.000 r  clk_in (IN)
                         net (fo=0)                   0.000     0.000    your_instance_name/inst/clk_in1
    W5                   IBUF (Prop_ibuf_I_O)         1.458     1.458 r  your_instance_name/inst/clkin1_ibufg/O
                         net (fo=1, routed)           1.233     2.691    your_instance_name/inst/clk_in1_clk_wiz_0
    MMCME2_ADV_X1Y0      MMCME2_ADV (Prop_mmcme2_adv_CLKIN1_CLKOUT0)
                                                     -6.961    -4.269 r  your_instance_name/inst/mmcm_adv_inst/CLKOUT0
                         net (fo=1, routed)           1.661    -2.608    your_instance_name/inst/clk_out1_clk_wiz_0
    BUFGCTRL_X0Y1        BUFG (Prop_bufg_I_O)         0.096    -2.512 r  your_instance_name/inst/clkout1_buf/O
                         net (fo=318, routed)         1.612    -0.900    decode_inst/registerfile_inst/clk_out1
    RAMB18_X1Y3          RAMB18E1                                     r  decode_inst/registerfile_inst/register_array_reg_2/CLKARDCLK
  -------------------------------------------------------------------    -------------------
    RAMB18_X1Y3          RAMB18E1 (Prop_ramb18e1_CLKARDCLK_DOADO[2])
                                                      2.454     1.554 r  decode_inst/registerfile_inst/register_array_reg_2/DOADO[2]
                         net (fo=4, routed)           1.039     2.593    execute_inst/regb1_s[2]
    SLICE_X49Y7          LUT3 (Prop_lut3_I2_O)        0.152     2.745 r  execute_inst/alu_result1_s[3]_i_8/O
                         net (fo=36, routed)          1.232     3.977    decode_inst/registerfile_inst/b_s[2]
    SLICE_X36Y9          LUT6 (Prop_lut6_I5_O)        0.326     4.303 r  decode_inst/registerfile_inst/alu_result1_s[3]_i_11/O
                         net (fo=2, routed)           0.172     4.476    decode_inst/registerfile_inst/execute_inst/alu32_inst/mul_comp/prod_inst/gen_reduce_slv_l.wrapper_left_inst/gen_reduce_slv_l.wrapper_left_inst/gen_reduce_slv_l.add_inst/c_s_1
    SLICE_X36Y9          LUT6 (Prop_lut6_I5_O)        0.124     4.600 r  decode_inst/registerfile_inst/alu_result1_s[7]_i_29/O
                         net (fo=4, routed)           0.762     5.361    decode_inst/registerfile_inst/execute_inst/alu32_inst/mul_comp/prod_inst/gen_reduce_slv_l.wrapper_left_inst/gen_reduce_slv_l.wrapper_left_inst/gen_reduce_slv_l.add_inst/c_s_2
    SLICE_X37Y2          LUT5 (Prop_lut5_I4_O)        0.124     5.485 r  decode_inst/registerfile_inst/alu_result1_s[7]_i_12/O
                         net (fo=4, routed)           0.967     6.452    decode_inst/registerfile_inst/execute_inst/alu32_inst/mul_comp/prod_inst/gen_reduce_slv_l.wrapper_left_inst/gen_reduce_slv_l.wrapper_left_inst/gen_reduce_slv_l.add_inst/c_s_4
    SLICE_X40Y1          LUT5 (Prop_lut5_I4_O)        0.152     6.604 r  decode_inst/registerfile_inst/alu_result1_s[8]_i_21/O
                         net (fo=5, routed)           0.865     7.469    decode_inst/registerfile_inst/execute_inst/alu32_inst/mul_comp/prod_inst/gen_reduce_slv_l.wrapper_left_inst/gen_reduce_slv_l.wrapper_left_inst/gen_reduce_slv_l.add_inst/c_s_6
    SLICE_X39Y1          LUT5 (Prop_lut5_I4_O)        0.354     7.823 r  decode_inst/registerfile_inst/alu_result1_s[10]_i_19/O
                         net (fo=5, routed)           0.585     8.408    decode_inst/registerfile_inst/execute_inst/alu32_inst/mul_comp/prod_inst/gen_reduce_slv_l.wrapper_left_inst/gen_reduce_slv_l.wrapper_left_inst/gen_reduce_slv_l.add_inst/c_s_8
    SLICE_X37Y1          LUT5 (Prop_lut5_I4_O)        0.326     8.734 r  decode_inst/registerfile_inst/alu_result1_s[14]_i_56/O
                         net (fo=5, routed)           0.760     9.494    decode_inst/registerfile_inst/execute_inst/alu32_inst/mul_comp/prod_inst/gen_reduce_slv_l.wrapper_left_inst/gen_reduce_slv_l.wrapper_left_inst/gen_reduce_slv_l.add_inst/c_s_10
    SLICE_X34Y1          LUT5 (Prop_lut5_I4_O)        0.150     9.644 r  decode_inst/registerfile_inst/alu_result1_s[14]_i_34/O
                         net (fo=5, routed)           0.588    10.231    decode_inst/registerfile_inst/execute_inst/alu32_inst/mul_comp/prod_inst/gen_reduce_slv_l.wrapper_left_inst/gen_reduce_slv_l.wrapper_left_inst/gen_reduce_slv_l.add_inst/c_s_12
    SLICE_X33Y2          LUT5 (Prop_lut5_I4_O)        0.328    10.559 r  decode_inst/registerfile_inst/alu_result1_s[17]_i_23/O
                         net (fo=6, routed)           0.847    11.406    decode_inst/registerfile_inst/execute_inst/alu32_inst/mul_comp/prod_inst/gen_reduce_slv_l.wrapper_left_inst/gen_reduce_slv_l.wrapper_left_inst/gen_reduce_slv_l.add_inst/c_s_14
    SLICE_X32Y2          LUT6 (Prop_lut6_I2_O)        0.124    11.530 r  decode_inst/registerfile_inst/alu_result1_s[18]_i_10/O
                         net (fo=4, routed)           0.570    12.100    decode_inst/registerfile_inst/execute_inst/alu32_inst/mul_comp/prod_inst/gen_reduce_slv_l.wrapper_left_inst/gen_reduce_slv_l.add_inst/c_s_13
    SLICE_X31Y4          LUT5 (Prop_lut5_I4_O)        0.118    12.218 r  decode_inst/registerfile_inst/alu_result1_s[21]_i_12/O
                         net (fo=5, routed)           0.830    13.048    decode_inst/registerfile_inst/execute_inst/alu32_inst/mul_comp/prod_inst/gen_reduce_slv_l.wrapper_left_inst/gen_reduce_slv_l.add_inst/c_s_15
    SLICE_X32Y4          LUT6 (Prop_lut6_I2_O)        0.326    13.374 f  decode_inst/registerfile_inst/alu_result1_s[20]_i_4/O
                         net (fo=3, routed)           0.728    14.101    decode_inst/registerfile_inst/execute_inst/alu32_inst/mul_comp/prod_inst/gen_reduce_slv_l.add_inst/c_s_12
    SLICE_X33Y6          LUT5 (Prop_lut5_I4_O)        0.150    14.251 f  decode_inst/registerfile_inst/alu_result1_s[25]_i_10/O
                         net (fo=4, routed)           0.789    15.041    decode_inst/registerfile_inst/execute_inst/alu32_inst/mul_comp/prod_inst/gen_reduce_slv_l.add_inst/c_s_14
    SLICE_X34Y8          LUT6 (Prop_lut6_I1_O)        0.326    15.367 r  decode_inst/registerfile_inst/alu_result1_s[25]_i_3/O
                         net (fo=5, routed)           0.706    16.073    decode_inst/registerfile_inst/alu_result1_s[25]_i_3_n_1
    SLICE_X39Y9          LUT5 (Prop_lut5_I2_O)        0.124    16.197 r  decode_inst/registerfile_inst/alu_result1_s[29]_i_11/O
                         net (fo=2, routed)           0.414    16.610    decode_inst/registerfile_inst/alu_result1_s[29]_i_11_n_1
    SLICE_X39Y10         LUT6 (Prop_lut6_I0_O)        0.124    16.734 r  decode_inst/registerfile_inst/alu_result1_s[31]_i_7/O
                         net (fo=1, routed)           0.575    17.310    decode_inst/registerfile_inst/execute_inst/alu32_inst/mul_result[31]
    SLICE_X39Y6          LUT6 (Prop_lut6_I1_O)        0.124    17.434 r  decode_inst/registerfile_inst/alu_result1_s[31]_i_4/O
                         net (fo=1, routed)           0.151    17.585    decode_inst/registerfile_inst/alu_result1_s[31]_i_4_n_1
    SLICE_X39Y6          LUT5 (Prop_lut5_I3_O)        0.124    17.709 r  decode_inst/registerfile_inst/alu_result1_s[31]_i_1/O
                         net (fo=1, routed)           0.000    17.709    alu_result0_s[31]
    SLICE_X39Y6          FDRE                                         r  alu_result1_s_reg[31]/D
  -------------------------------------------------------------------    -------------------

                         (clock clk_out1_clk_wiz_0 rise edge)
                                                     20.000    20.000 r  
    W5                                                0.000    20.000 r  clk_in (IN)
                         net (fo=0)                   0.000    20.000    your_instance_name/inst/clk_in1
    W5                   IBUF (Prop_ibuf_I_O)         1.388    21.388 r  your_instance_name/inst/clkin1_ibufg/O
                         net (fo=1, routed)           1.162    22.550    your_instance_name/inst/clk_in1_clk_wiz_0
    MMCME2_ADV_X1Y0      MMCME2_ADV (Prop_mmcme2_adv_CLKIN1_CLKOUT0)
                                                     -7.217    15.332 r  your_instance_name/inst/mmcm_adv_inst/CLKOUT0
                         net (fo=1, routed)           1.581    16.914    your_instance_name/inst/clk_out1_clk_wiz_0
    BUFGCTRL_X0Y1        BUFG (Prop_bufg_I_O)         0.091    17.005 r  your_instance_name/inst/clkout1_buf/O
                         net (fo=318, routed)         1.445    18.450    clk
    SLICE_X39Y6          FDRE                                         r  alu_result1_s_reg[31]/C
                         clock pessimism              0.564    19.013    
                         clock uncertainty           -0.084    18.930    
    SLICE_X39Y6          FDRE (Setup_fdre_C_D)        0.031    18.961    alu_result1_s_reg[31]
  -------------------------------------------------------------------
                         required time                         18.961    
                         arrival time                         -17.709    
  -------------------------------------------------------------------
                         slack                                  1.252    





Min Delay Paths
--------------------------------------------------------------------------------------
Slack (MET) :             0.122ns  (arrival time - required time)
  Source:                 alu_result1_s_reg[23]/C
                            (rising edge-triggered cell FDRE clocked by clk_out1_clk_wiz_0  {rise@0.000ns fall@10.000ns period=20.000ns})
  Destination:            alu_result3_s_reg[23]/D
                            (rising edge-triggered cell FDRE clocked by clk_out1_clk_wiz_0  {rise@0.000ns fall@10.000ns period=20.000ns})
  Path Group:             clk_out1_clk_wiz_0
  Path Type:              Hold (Min at Fast Process Corner)
  Requirement:            0.000ns  (clk_out1_clk_wiz_0 rise@0.000ns - clk_out1_clk_wiz_0 rise@0.000ns)
  Data Path Delay:        0.197ns  (logic 0.141ns (71.611%)  route 0.056ns (28.389%))
  Logic Levels:           0  
  Clock Path Skew:        0.000ns (DCD - SCD - CPR)
    Destination Clock Delay (DCD):    -0.857ns
    Source Clock Delay      (SCD):    -0.618ns
    Clock Pessimism Removal (CPR):    -0.238ns

    Location             Delay type                Incr(ns)  Path(ns)    Netlist Resource(s)
  -------------------------------------------------------------------    -------------------
                         (clock clk_out1_clk_wiz_0 rise edge)
                                                      0.000     0.000 r  
    W5                                                0.000     0.000 r  clk_in (IN)
                         net (fo=0)                   0.000     0.000    your_instance_name/inst/clk_in1
    W5                   IBUF (Prop_ibuf_I_O)         0.226     0.226 r  your_instance_name/inst/clkin1_ibufg/O
                         net (fo=1, routed)           0.440     0.667    your_instance_name/inst/clk_in1_clk_wiz_0
    MMCME2_ADV_X1Y0      MMCME2_ADV (Prop_mmcme2_adv_CLKIN1_CLKOUT0)
                                                     -2.360    -1.693 r  your_instance_name/inst/mmcm_adv_inst/CLKOUT0
                         net (fo=1, routed)           0.486    -1.207    your_instance_name/inst/clk_out1_clk_wiz_0
    BUFGCTRL_X0Y1        BUFG (Prop_bufg_I_O)         0.026    -1.181 r  your_instance_name/inst/clkout1_buf/O
                         net (fo=318, routed)         0.563    -0.618    clk
    SLICE_X47Y8          FDRE                                         r  alu_result1_s_reg[23]/C
  -------------------------------------------------------------------    -------------------
    SLICE_X47Y8          FDRE (Prop_fdre_C_Q)         0.141    -0.477 r  alu_result1_s_reg[23]/Q
                         net (fo=1, routed)           0.056    -0.421    alu_result1_s[23]
    SLICE_X47Y8          FDRE                                         r  alu_result3_s_reg[23]/D
  -------------------------------------------------------------------    -------------------

                         (clock clk_out1_clk_wiz_0 rise edge)
                                                      0.000     0.000 r  
    W5                                                0.000     0.000 r  clk_in (IN)
                         net (fo=0)                   0.000     0.000    your_instance_name/inst/clk_in1
    W5                   IBUF (Prop_ibuf_I_O)         0.414     0.414 r  your_instance_name/inst/clkin1_ibufg/O
                         net (fo=1, routed)           0.480     0.894    your_instance_name/inst/clk_in1_clk_wiz_0
    MMCME2_ADV_X1Y0      MMCME2_ADV (Prop_mmcme2_adv_CLKIN1_CLKOUT0)
                                                     -3.142    -2.248 r  your_instance_name/inst/mmcm_adv_inst/CLKOUT0
                         net (fo=1, routed)           0.530    -1.718    your_instance_name/inst/clk_out1_clk_wiz_0
    BUFGCTRL_X0Y1        BUFG (Prop_bufg_I_O)         0.029    -1.689 r  your_instance_name/inst/clkout1_buf/O
                         net (fo=318, routed)         0.833    -0.857    clk
    SLICE_X47Y8          FDRE                                         r  alu_result3_s_reg[23]/C
                         clock pessimism              0.238    -0.618    
    SLICE_X47Y8          FDRE (Hold_fdre_C_D)         0.075    -0.543    alu_result3_s_reg[23]
  -------------------------------------------------------------------
                         required time                          0.543    
                         arrival time                          -0.421    
  -------------------------------------------------------------------
                         slack                                  0.122    





Pulse Width Checks
--------------------------------------------------------------------------------------
Clock Name:         clk_out1_clk_wiz_0
Waveform(ns):       { 0.000 10.000 }
Period(ns):         20.000
Sources:            { your_instance_name/inst/mmcm_adv_inst/CLKOUT0 }

Check Type        Corner  Lib Pin             Reference Pin  Required(ns)  Actual(ns)  Slack(ns)  Location         Pin
Min Period        n/a     RAMB18E1/CLKARDCLK  n/a            2.576         20.000      17.424     RAMB18_X1Y2      decode_inst/registerfile_inst/register_array_reg_1/CLKARDCLK
Max Period        n/a     MMCME2_ADV/CLKOUT0  n/a            213.360       20.000      193.360    MMCME2_ADV_X1Y0  your_instance_name/inst/mmcm_adv_inst/CLKOUT0
Low Pulse Width   Slow    RAMS64E/CLK         n/a            1.250         10.000      8.750      SLICE_X52Y21     mem_inst/data_mem_inst/mips_mem_reg_0_255_0_0/RAMS64E_A/CLK
High Pulse Width  Slow    RAMS64E/CLK         n/a            1.250         10.000      8.750      SLICE_X52Y21     mem_inst/data_mem_inst/mips_mem_reg_0_255_0_0/RAMS64E_A/CLK



---------------------------------------------------------------------------------------------------
From Clock:  clkfbout_clk_wiz_0
  To Clock:  clkfbout_clk_wiz_0

Setup :           NA  Failing Endpoints,  Worst Slack           NA  ,  Total Violation           NA
Hold  :           NA  Failing Endpoints,  Worst Slack           NA  ,  Total Violation           NA
PW    :            0  Failing Endpoints,  Worst Slack        7.845ns,  Total Violation        0.000ns
---------------------------------------------------------------------------------------------------


Pulse Width Checks
--------------------------------------------------------------------------------------
Clock Name:         clkfbout_clk_wiz_0
Waveform(ns):       { 0.000 5.000 }
Period(ns):         10.000
Sources:            { your_instance_name/inst/mmcm_adv_inst/CLKFBOUT }

Check Type  Corner  Lib Pin             Reference Pin  Required(ns)  Actual(ns)  Slack(ns)  Location         Pin
Min Period  n/a     BUFG/I              n/a            2.155         10.000      7.845      BUFGCTRL_X0Y2    your_instance_name/inst/clkf_buf/I
Max Period  n/a     MMCME2_ADV/CLKFBIN  n/a            100.000       10.000      90.000     MMCME2_ADV_X1Y0  your_instance_name/inst/mmcm_adv_inst/CLKFBIN



---------------------------------------------------------------------------------------------------
From Clock:  sys_clk_pin
  To Clock:  sys_clk_pin

Setup :           NA  Failing Endpoints,  Worst Slack           NA  ,  Total Violation           NA
Hold  :           NA  Failing Endpoints,  Worst Slack           NA  ,  Total Violation           NA
PW    :            0  Failing Endpoints,  Worst Slack        3.000ns,  Total Violation        0.000ns
---------------------------------------------------------------------------------------------------


Pulse Width Checks
--------------------------------------------------------------------------------------
Clock Name:         sys_clk_pin
Waveform(ns):       { 0.000 5.000 }
Period(ns):         10.000
Sources:            { clk_in }

Check Type        Corner  Lib Pin            Reference Pin  Required(ns)  Actual(ns)  Slack(ns)  Location         Pin
Min Period        n/a     MMCME2_ADV/CLKIN1  n/a            1.249         10.000      8.751      MMCME2_ADV_X1Y0  your_instance_name/inst/mmcm_adv_inst/CLKIN1
Max Period        n/a     MMCME2_ADV/CLKIN1  n/a            100.000       10.000      90.000     MMCME2_ADV_X1Y0  your_instance_name/inst/mmcm_adv_inst/CLKIN1
Low Pulse Width   Slow    MMCME2_ADV/CLKIN1  n/a            2.000         5.000       3.000      MMCME2_ADV_X1Y0  your_instance_name/inst/mmcm_adv_inst/CLKIN1
High Pulse Width  Slow    MMCME2_ADV/CLKIN1  n/a            2.000         5.000       3.000      MMCME2_ADV_X1Y0  your_instance_name/inst/mmcm_adv_inst/CLKIN1



---------------------------------------------------------------------------------------------------
From Clock:  clk_out1_clk_wiz_0_1
  To Clock:  clk_out1_clk_wiz_0_1

Setup :            0  Failing Endpoints,  Worst Slack        1.254ns,  Total Violation        0.000ns
Hold  :            0  Failing Endpoints,  Worst Slack        0.122ns,  Total Violation        0.000ns
PW    :            0  Failing Endpoints,  Worst Slack        8.750ns,  Total Violation        0.000ns
---------------------------------------------------------------------------------------------------


Max Delay Paths
--------------------------------------------------------------------------------------
Slack (MET) :             1.254ns  (required time - arrival time)
  Source:                 decode_inst/registerfile_inst/register_array_reg_2/CLKARDCLK
                            (rising edge-triggered cell RAMB18E1 clocked by clk_out1_clk_wiz_0_1  {rise@0.000ns fall@10.000ns period=20.000ns})
  Destination:            alu_result1_s_reg[31]/D
                            (rising edge-triggered cell FDRE clocked by clk_out1_clk_wiz_0_1  {rise@0.000ns fall@10.000ns period=20.000ns})
  Path Group:             clk_out1_clk_wiz_0_1
  Path Type:              Setup (Max at Slow Process Corner)
  Requirement:            20.000ns  (clk_out1_clk_wiz_0_1 rise@20.000ns - clk_out1_clk_wiz_0_1 rise@0.000ns)
  Data Path Delay:        18.609ns  (logic 6.030ns (32.404%)  route 12.579ns (67.596%))
  Logic Levels:           18  (LUT3=1 LUT5=10 LUT6=7)
  Clock Path Skew:        -0.086ns (DCD - SCD + CPR)
    Destination Clock Delay (DCD):    -1.550ns = ( 18.450 - 20.000 ) 
    Source Clock Delay      (SCD):    -0.900ns
    Clock Pessimism Removal (CPR):    0.564ns
  Clock Uncertainty:      0.082ns  ((TSJ^2 + DJ^2)^1/2) / 2 + PE
    Total System Jitter     (TSJ):    0.071ns
    Discrete Jitter          (DJ):    0.147ns
    Phase Error              (PE):    0.000ns

    Location             Delay type                Incr(ns)  Path(ns)    Netlist Resource(s)
  -------------------------------------------------------------------    -------------------
                         (clock clk_out1_clk_wiz_0_1 rise edge)
                                                      0.000     0.000 r  
    W5                                                0.000     0.000 r  clk_in (IN)
                         net (fo=0)                   0.000     0.000    your_instance_name/inst/clk_in1
    W5                   IBUF (Prop_ibuf_I_O)         1.458     1.458 r  your_instance_name/inst/clkin1_ibufg/O
                         net (fo=1, routed)           1.233     2.691    your_instance_name/inst/clk_in1_clk_wiz_0
    MMCME2_ADV_X1Y0      MMCME2_ADV (Prop_mmcme2_adv_CLKIN1_CLKOUT0)
                                                     -6.961    -4.269 r  your_instance_name/inst/mmcm_adv_inst/CLKOUT0
                         net (fo=1, routed)           1.661    -2.608    your_instance_name/inst/clk_out1_clk_wiz_0
    BUFGCTRL_X0Y1        BUFG (Prop_bufg_I_O)         0.096    -2.512 r  your_instance_name/inst/clkout1_buf/O
                         net (fo=318, routed)         1.612    -0.900    decode_inst/registerfile_inst/clk_out1
    RAMB18_X1Y3          RAMB18E1                                     r  decode_inst/registerfile_inst/register_array_reg_2/CLKARDCLK
  -------------------------------------------------------------------    -------------------
    RAMB18_X1Y3          RAMB18E1 (Prop_ramb18e1_CLKARDCLK_DOADO[2])
                                                      2.454     1.554 r  decode_inst/registerfile_inst/register_array_reg_2/DOADO[2]
                         net (fo=4, routed)           1.039     2.593    execute_inst/regb1_s[2]
    SLICE_X49Y7          LUT3 (Prop_lut3_I2_O)        0.152     2.745 r  execute_inst/alu_result1_s[3]_i_8/O
                         net (fo=36, routed)          1.232     3.977    decode_inst/registerfile_inst/b_s[2]
    SLICE_X36Y9          LUT6 (Prop_lut6_I5_O)        0.326     4.303 r  decode_inst/registerfile_inst/alu_result1_s[3]_i_11/O
                         net (fo=2, routed)           0.172     4.476    decode_inst/registerfile_inst/execute_inst/alu32_inst/mul_comp/prod_inst/gen_reduce_slv_l.wrapper_left_inst/gen_reduce_slv_l.wrapper_left_inst/gen_reduce_slv_l.add_inst/c_s_1
    SLICE_X36Y9          LUT6 (Prop_lut6_I5_O)        0.124     4.600 r  decode_inst/registerfile_inst/alu_result1_s[7]_i_29/O
                         net (fo=4, routed)           0.762     5.361    decode_inst/registerfile_inst/execute_inst/alu32_inst/mul_comp/prod_inst/gen_reduce_slv_l.wrapper_left_inst/gen_reduce_slv_l.wrapper_left_inst/gen_reduce_slv_l.add_inst/c_s_2
    SLICE_X37Y2          LUT5 (Prop_lut5_I4_O)        0.124     5.485 r  decode_inst/registerfile_inst/alu_result1_s[7]_i_12/O
                         net (fo=4, routed)           0.967     6.452    decode_inst/registerfile_inst/execute_inst/alu32_inst/mul_comp/prod_inst/gen_reduce_slv_l.wrapper_left_inst/gen_reduce_slv_l.wrapper_left_inst/gen_reduce_slv_l.add_inst/c_s_4
    SLICE_X40Y1          LUT5 (Prop_lut5_I4_O)        0.152     6.604 r  decode_inst/registerfile_inst/alu_result1_s[8]_i_21/O
                         net (fo=5, routed)           0.865     7.469    decode_inst/registerfile_inst/execute_inst/alu32_inst/mul_comp/prod_inst/gen_reduce_slv_l.wrapper_left_inst/gen_reduce_slv_l.wrapper_left_inst/gen_reduce_slv_l.add_inst/c_s_6
    SLICE_X39Y1          LUT5 (Prop_lut5_I4_O)        0.354     7.823 r  decode_inst/registerfile_inst/alu_result1_s[10]_i_19/O
                         net (fo=5, routed)           0.585     8.408    decode_inst/registerfile_inst/execute_inst/alu32_inst/mul_comp/prod_inst/gen_reduce_slv_l.wrapper_left_inst/gen_reduce_slv_l.wrapper_left_inst/gen_reduce_slv_l.add_inst/c_s_8
    SLICE_X37Y1          LUT5 (Prop_lut5_I4_O)        0.326     8.734 r  decode_inst/registerfile_inst/alu_result1_s[14]_i_56/O
                         net (fo=5, routed)           0.760     9.494    decode_inst/registerfile_inst/execute_inst/alu32_inst/mul_comp/prod_inst/gen_reduce_slv_l.wrapper_left_inst/gen_reduce_slv_l.wrapper_left_inst/gen_reduce_slv_l.add_inst/c_s_10
    SLICE_X34Y1          LUT5 (Prop_lut5_I4_O)        0.150     9.644 r  decode_inst/registerfile_inst/alu_result1_s[14]_i_34/O
                         net (fo=5, routed)           0.588    10.231    decode_inst/registerfile_inst/execute_inst/alu32_inst/mul_comp/prod_inst/gen_reduce_slv_l.wrapper_left_inst/gen_reduce_slv_l.wrapper_left_inst/gen_reduce_slv_l.add_inst/c_s_12
    SLICE_X33Y2          LUT5 (Prop_lut5_I4_O)        0.328    10.559 r  decode_inst/registerfile_inst/alu_result1_s[17]_i_23/O
                         net (fo=6, routed)           0.847    11.406    decode_inst/registerfile_inst/execute_inst/alu32_inst/mul_comp/prod_inst/gen_reduce_slv_l.wrapper_left_inst/gen_reduce_slv_l.wrapper_left_inst/gen_reduce_slv_l.add_inst/c_s_14
    SLICE_X32Y2          LUT6 (Prop_lut6_I2_O)        0.124    11.530 r  decode_inst/registerfile_inst/alu_result1_s[18]_i_10/O
                         net (fo=4, routed)           0.570    12.100    decode_inst/registerfile_inst/execute_inst/alu32_inst/mul_comp/prod_inst/gen_reduce_slv_l.wrapper_left_inst/gen_reduce_slv_l.add_inst/c_s_13
    SLICE_X31Y4          LUT5 (Prop_lut5_I4_O)        0.118    12.218 r  decode_inst/registerfile_inst/alu_result1_s[21]_i_12/O
                         net (fo=5, routed)           0.830    13.048    decode_inst/registerfile_inst/execute_inst/alu32_inst/mul_comp/prod_inst/gen_reduce_slv_l.wrapper_left_inst/gen_reduce_slv_l.add_inst/c_s_15
    SLICE_X32Y4          LUT6 (Prop_lut6_I2_O)        0.326    13.374 f  decode_inst/registerfile_inst/alu_result1_s[20]_i_4/O
                         net (fo=3, routed)           0.728    14.101    decode_inst/registerfile_inst/execute_inst/alu32_inst/mul_comp/prod_inst/gen_reduce_slv_l.add_inst/c_s_12
    SLICE_X33Y6          LUT5 (Prop_lut5_I4_O)        0.150    14.251 f  decode_inst/registerfile_inst/alu_result1_s[25]_i_10/O
                         net (fo=4, routed)           0.789    15.041    decode_inst/registerfile_inst/execute_inst/alu32_inst/mul_comp/prod_inst/gen_reduce_slv_l.add_inst/c_s_14
    SLICE_X34Y8          LUT6 (Prop_lut6_I1_O)        0.326    15.367 r  decode_inst/registerfile_inst/alu_result1_s[25]_i_3/O
                         net (fo=5, routed)           0.706    16.073    decode_inst/registerfile_inst/alu_result1_s[25]_i_3_n_1
    SLICE_X39Y9          LUT5 (Prop_lut5_I2_O)        0.124    16.197 r  decode_inst/registerfile_inst/alu_result1_s[29]_i_11/O
                         net (fo=2, routed)           0.414    16.610    decode_inst/registerfile_inst/alu_result1_s[29]_i_11_n_1
    SLICE_X39Y10         LUT6 (Prop_lut6_I0_O)        0.124    16.734 r  decode_inst/registerfile_inst/alu_result1_s[31]_i_7/O
                         net (fo=1, routed)           0.575    17.310    decode_inst/registerfile_inst/execute_inst/alu32_inst/mul_result[31]
    SLICE_X39Y6          LUT6 (Prop_lut6_I1_O)        0.124    17.434 r  decode_inst/registerfile_inst/alu_result1_s[31]_i_4/O
                         net (fo=1, routed)           0.151    17.585    decode_inst/registerfile_inst/alu_result1_s[31]_i_4_n_1
    SLICE_X39Y6          LUT5 (Prop_lut5_I3_O)        0.124    17.709 r  decode_inst/registerfile_inst/alu_result1_s[31]_i_1/O
                         net (fo=1, routed)           0.000    17.709    alu_result0_s[31]
    SLICE_X39Y6          FDRE                                         r  alu_result1_s_reg[31]/D
  -------------------------------------------------------------------    -------------------

                         (clock clk_out1_clk_wiz_0_1 rise edge)
                                                     20.000    20.000 r  
    W5                                                0.000    20.000 r  clk_in (IN)
                         net (fo=0)                   0.000    20.000    your_instance_name/inst/clk_in1
    W5                   IBUF (Prop_ibuf_I_O)         1.388    21.388 r  your_instance_name/inst/clkin1_ibufg/O
                         net (fo=1, routed)           1.162    22.550    your_instance_name/inst/clk_in1_clk_wiz_0
    MMCME2_ADV_X1Y0      MMCME2_ADV (Prop_mmcme2_adv_CLKIN1_CLKOUT0)
                                                     -7.217    15.332 r  your_instance_name/inst/mmcm_adv_inst/CLKOUT0
                         net (fo=1, routed)           1.581    16.914    your_instance_name/inst/clk_out1_clk_wiz_0
    BUFGCTRL_X0Y1        BUFG (Prop_bufg_I_O)         0.091    17.005 r  your_instance_name/inst/clkout1_buf/O
                         net (fo=318, routed)         1.445    18.450    clk
    SLICE_X39Y6          FDRE                                         r  alu_result1_s_reg[31]/C
                         clock pessimism              0.564    19.013    
                         clock uncertainty           -0.082    18.932    
    SLICE_X39Y6          FDRE (Setup_fdre_C_D)        0.031    18.963    alu_result1_s_reg[31]
  -------------------------------------------------------------------
                         required time                         18.963    
                         arrival time                         -17.709    
  -------------------------------------------------------------------
                         slack                                  1.254    





Min Delay Paths
--------------------------------------------------------------------------------------
Slack (MET) :             0.122ns  (arrival time - required time)
  Source:                 alu_result1_s_reg[23]/C
                            (rising edge-triggered cell FDRE clocked by clk_out1_clk_wiz_0_1  {rise@0.000ns fall@10.000ns period=20.000ns})
  Destination:            alu_result3_s_reg[23]/D
                            (rising edge-triggered cell FDRE clocked by clk_out1_clk_wiz_0_1  {rise@0.000ns fall@10.000ns period=20.000ns})
  Path Group:             clk_out1_clk_wiz_0_1
  Path Type:              Hold (Min at Fast Process Corner)
  Requirement:            0.000ns  (clk_out1_clk_wiz_0_1 rise@0.000ns - clk_out1_clk_wiz_0_1 rise@0.000ns)
  Data Path Delay:        0.197ns  (logic 0.141ns (71.611%)  route 0.056ns (28.389%))
  Logic Levels:           0  
  Clock Path Skew:        0.000ns (DCD - SCD - CPR)
    Destination Clock Delay (DCD):    -0.857ns
    Source Clock Delay      (SCD):    -0.618ns
    Clock Pessimism Removal (CPR):    -0.238ns

    Location             Delay type                Incr(ns)  Path(ns)    Netlist Resource(s)
  -------------------------------------------------------------------    -------------------
                         (clock clk_out1_clk_wiz_0_1 rise edge)
                                                      0.000     0.000 r  
    W5                                                0.000     0.000 r  clk_in (IN)
                         net (fo=0)                   0.000     0.000    your_instance_name/inst/clk_in1
    W5                   IBUF (Prop_ibuf_I_O)         0.226     0.226 r  your_instance_name/inst/clkin1_ibufg/O
                         net (fo=1, routed)           0.440     0.667    your_instance_name/inst/clk_in1_clk_wiz_0
    MMCME2_ADV_X1Y0      MMCME2_ADV (Prop_mmcme2_adv_CLKIN1_CLKOUT0)
                                                     -2.360    -1.693 r  your_instance_name/inst/mmcm_adv_inst/CLKOUT0
                         net (fo=1, routed)           0.486    -1.207    your_instance_name/inst/clk_out1_clk_wiz_0
    BUFGCTRL_X0Y1        BUFG (Prop_bufg_I_O)         0.026    -1.181 r  your_instance_name/inst/clkout1_buf/O
                         net (fo=318, routed)         0.563    -0.618    clk
    SLICE_X47Y8          FDRE                                         r  alu_result1_s_reg[23]/C
  -------------------------------------------------------------------    -------------------
    SLICE_X47Y8          FDRE (Prop_fdre_C_Q)         0.141    -0.477 r  alu_result1_s_reg[23]/Q
                         net (fo=1, routed)           0.056    -0.421    alu_result1_s[23]
    SLICE_X47Y8          FDRE                                         r  alu_result3_s_reg[23]/D
  -------------------------------------------------------------------    -------------------

                         (clock clk_out1_clk_wiz_0_1 rise edge)
                                                      0.000     0.000 r  
    W5                                                0.000     0.000 r  clk_in (IN)
                         net (fo=0)                   0.000     0.000    your_instance_name/inst/clk_in1
    W5                   IBUF (Prop_ibuf_I_O)         0.414     0.414 r  your_instance_name/inst/clkin1_ibufg/O
                         net (fo=1, routed)           0.480     0.894    your_instance_name/inst/clk_in1_clk_wiz_0
    MMCME2_ADV_X1Y0      MMCME2_ADV (Prop_mmcme2_adv_CLKIN1_CLKOUT0)
                                                     -3.142    -2.248 r  your_instance_name/inst/mmcm_adv_inst/CLKOUT0
                         net (fo=1, routed)           0.530    -1.718    your_instance_name/inst/clk_out1_clk_wiz_0
    BUFGCTRL_X0Y1        BUFG (Prop_bufg_I_O)         0.029    -1.689 r  your_instance_name/inst/clkout1_buf/O
                         net (fo=318, routed)         0.833    -0.857    clk
    SLICE_X47Y8          FDRE                                         r  alu_result3_s_reg[23]/C
                         clock pessimism              0.238    -0.618    
    SLICE_X47Y8          FDRE (Hold_fdre_C_D)         0.075    -0.543    alu_result3_s_reg[23]
  -------------------------------------------------------------------
                         required time                          0.543    
                         arrival time                          -0.421    
  -------------------------------------------------------------------
                         slack                                  0.122    





Pulse Width Checks
--------------------------------------------------------------------------------------
Clock Name:         clk_out1_clk_wiz_0_1
Waveform(ns):       { 0.000 10.000 }
Period(ns):         20.000
Sources:            { your_instance_name/inst/mmcm_adv_inst/CLKOUT0 }

Check Type        Corner  Lib Pin             Reference Pin  Required(ns)  Actual(ns)  Slack(ns)  Location         Pin
Min Period        n/a     RAMB18E1/CLKARDCLK  n/a            2.576         20.000      17.424     RAMB18_X1Y2      decode_inst/registerfile_inst/register_array_reg_1/CLKARDCLK
Max Period        n/a     MMCME2_ADV/CLKOUT0  n/a            213.360       20.000      193.360    MMCME2_ADV_X1Y0  your_instance_name/inst/mmcm_adv_inst/CLKOUT0
Low Pulse Width   Slow    RAMS64E/CLK         n/a            1.250         10.000      8.750      SLICE_X52Y21     mem_inst/data_mem_inst/mips_mem_reg_0_255_0_0/RAMS64E_A/CLK
High Pulse Width  Slow    RAMS64E/CLK         n/a            1.250         10.000      8.750      SLICE_X52Y21     mem_inst/data_mem_inst/mips_mem_reg_0_255_0_0/RAMS64E_A/CLK



---------------------------------------------------------------------------------------------------
From Clock:  clkfbout_clk_wiz_0_1
  To Clock:  clkfbout_clk_wiz_0_1

Setup :           NA  Failing Endpoints,  Worst Slack           NA  ,  Total Violation           NA
Hold  :           NA  Failing Endpoints,  Worst Slack           NA  ,  Total Violation           NA
PW    :            0  Failing Endpoints,  Worst Slack        7.845ns,  Total Violation        0.000ns
---------------------------------------------------------------------------------------------------


Pulse Width Checks
--------------------------------------------------------------------------------------
Clock Name:         clkfbout_clk_wiz_0_1
Waveform(ns):       { 0.000 5.000 }
Period(ns):         10.000
Sources:            { your_instance_name/inst/mmcm_adv_inst/CLKFBOUT }

Check Type  Corner  Lib Pin             Reference Pin  Required(ns)  Actual(ns)  Slack(ns)  Location         Pin
Min Period  n/a     BUFG/I              n/a            2.155         10.000      7.845      BUFGCTRL_X0Y2    your_instance_name/inst/clkf_buf/I
Max Period  n/a     MMCME2_ADV/CLKFBIN  n/a            100.000       10.000      90.000     MMCME2_ADV_X1Y0  your_instance_name/inst/mmcm_adv_inst/CLKFBIN



---------------------------------------------------------------------------------------------------
From Clock:  clk_out1_clk_wiz_0_1
  To Clock:  clk_out1_clk_wiz_0

Setup :            0  Failing Endpoints,  Worst Slack        1.252ns,  Total Violation        0.000ns
Hold  :            0  Failing Endpoints,  Worst Slack        0.038ns,  Total Violation        0.000ns
---------------------------------------------------------------------------------------------------


Max Delay Paths
--------------------------------------------------------------------------------------
Slack (MET) :             1.252ns  (required time - arrival time)
  Source:                 decode_inst/registerfile_inst/register_array_reg_2/CLKARDCLK
                            (rising edge-triggered cell RAMB18E1 clocked by clk_out1_clk_wiz_0_1  {rise@0.000ns fall@10.000ns period=20.000ns})
  Destination:            alu_result1_s_reg[31]/D
                            (rising edge-triggered cell FDRE clocked by clk_out1_clk_wiz_0  {rise@0.000ns fall@10.000ns period=20.000ns})
  Path Group:             clk_out1_clk_wiz_0
  Path Type:              Setup (Max at Slow Process Corner)
  Requirement:            20.000ns  (clk_out1_clk_wiz_0 rise@20.000ns - clk_out1_clk_wiz_0_1 rise@0.000ns)
  Data Path Delay:        18.609ns  (logic 6.030ns (32.404%)  route 12.579ns (67.596%))
  Logic Levels:           18  (LUT3=1 LUT5=10 LUT6=7)
  Clock Path Skew:        -0.086ns (DCD - SCD + CPR)
    Destination Clock Delay (DCD):    -1.550ns = ( 18.450 - 20.000 ) 
    Source Clock Delay      (SCD):    -0.900ns
    Clock Pessimism Removal (CPR):    0.564ns
  Clock Uncertainty:      0.084ns  ((TSJ^2 + DJ^2)^1/2) / 2 + PE
    Total System Jitter     (TSJ):    0.071ns
    Discrete Jitter          (DJ):    0.152ns
    Phase Error              (PE):    0.000ns
  Clock Domain Crossing:  Inter clock paths are considered valid unless explicitly excluded by timing constraints such as set_clock_groups or set_false_path.

    Location             Delay type                Incr(ns)  Path(ns)    Netlist Resource(s)
  -------------------------------------------------------------------    -------------------
                         (clock clk_out1_clk_wiz_0_1 rise edge)
                                                      0.000     0.000 r  
    W5                                                0.000     0.000 r  clk_in (IN)
                         net (fo=0)                   0.000     0.000    your_instance_name/inst/clk_in1
    W5                   IBUF (Prop_ibuf_I_O)         1.458     1.458 r  your_instance_name/inst/clkin1_ibufg/O
                         net (fo=1, routed)           1.233     2.691    your_instance_name/inst/clk_in1_clk_wiz_0
    MMCME2_ADV_X1Y0      MMCME2_ADV (Prop_mmcme2_adv_CLKIN1_CLKOUT0)
                                                     -6.961    -4.269 r  your_instance_name/inst/mmcm_adv_inst/CLKOUT0
                         net (fo=1, routed)           1.661    -2.608    your_instance_name/inst/clk_out1_clk_wiz_0
    BUFGCTRL_X0Y1        BUFG (Prop_bufg_I_O)         0.096    -2.512 r  your_instance_name/inst/clkout1_buf/O
                         net (fo=318, routed)         1.612    -0.900    decode_inst/registerfile_inst/clk_out1
    RAMB18_X1Y3          RAMB18E1                                     r  decode_inst/registerfile_inst/register_array_reg_2/CLKARDCLK
  -------------------------------------------------------------------    -------------------
    RAMB18_X1Y3          RAMB18E1 (Prop_ramb18e1_CLKARDCLK_DOADO[2])
                                                      2.454     1.554 r  decode_inst/registerfile_inst/register_array_reg_2/DOADO[2]
                         net (fo=4, routed)           1.039     2.593    execute_inst/regb1_s[2]
    SLICE_X49Y7          LUT3 (Prop_lut3_I2_O)        0.152     2.745 r  execute_inst/alu_result1_s[3]_i_8/O
                         net (fo=36, routed)          1.232     3.977    decode_inst/registerfile_inst/b_s[2]
    SLICE_X36Y9          LUT6 (Prop_lut6_I5_O)        0.326     4.303 r  decode_inst/registerfile_inst/alu_result1_s[3]_i_11/O
                         net (fo=2, routed)           0.172     4.476    decode_inst/registerfile_inst/execute_inst/alu32_inst/mul_comp/prod_inst/gen_reduce_slv_l.wrapper_left_inst/gen_reduce_slv_l.wrapper_left_inst/gen_reduce_slv_l.add_inst/c_s_1
    SLICE_X36Y9          LUT6 (Prop_lut6_I5_O)        0.124     4.600 r  decode_inst/registerfile_inst/alu_result1_s[7]_i_29/O
                         net (fo=4, routed)           0.762     5.361    decode_inst/registerfile_inst/execute_inst/alu32_inst/mul_comp/prod_inst/gen_reduce_slv_l.wrapper_left_inst/gen_reduce_slv_l.wrapper_left_inst/gen_reduce_slv_l.add_inst/c_s_2
    SLICE_X37Y2          LUT5 (Prop_lut5_I4_O)        0.124     5.485 r  decode_inst/registerfile_inst/alu_result1_s[7]_i_12/O
                         net (fo=4, routed)           0.967     6.452    decode_inst/registerfile_inst/execute_inst/alu32_inst/mul_comp/prod_inst/gen_reduce_slv_l.wrapper_left_inst/gen_reduce_slv_l.wrapper_left_inst/gen_reduce_slv_l.add_inst/c_s_4
    SLICE_X40Y1          LUT5 (Prop_lut5_I4_O)        0.152     6.604 r  decode_inst/registerfile_inst/alu_result1_s[8]_i_21/O
                         net (fo=5, routed)           0.865     7.469    decode_inst/registerfile_inst/execute_inst/alu32_inst/mul_comp/prod_inst/gen_reduce_slv_l.wrapper_left_inst/gen_reduce_slv_l.wrapper_left_inst/gen_reduce_slv_l.add_inst/c_s_6
    SLICE_X39Y1          LUT5 (Prop_lut5_I4_O)        0.354     7.823 r  decode_inst/registerfile_inst/alu_result1_s[10]_i_19/O
                         net (fo=5, routed)           0.585     8.408    decode_inst/registerfile_inst/execute_inst/alu32_inst/mul_comp/prod_inst/gen_reduce_slv_l.wrapper_left_inst/gen_reduce_slv_l.wrapper_left_inst/gen_reduce_slv_l.add_inst/c_s_8
    SLICE_X37Y1          LUT5 (Prop_lut5_I4_O)        0.326     8.734 r  decode_inst/registerfile_inst/alu_result1_s[14]_i_56/O
                         net (fo=5, routed)           0.760     9.494    decode_inst/registerfile_inst/execute_inst/alu32_inst/mul_comp/prod_inst/gen_reduce_slv_l.wrapper_left_inst/gen_reduce_slv_l.wrapper_left_inst/gen_reduce_slv_l.add_inst/c_s_10
    SLICE_X34Y1          LUT5 (Prop_lut5_I4_O)        0.150     9.644 r  decode_inst/registerfile_inst/alu_result1_s[14]_i_34/O
                         net (fo=5, routed)           0.588    10.231    decode_inst/registerfile_inst/execute_inst/alu32_inst/mul_comp/prod_inst/gen_reduce_slv_l.wrapper_left_inst/gen_reduce_slv_l.wrapper_left_inst/gen_reduce_slv_l.add_inst/c_s_12
    SLICE_X33Y2          LUT5 (Prop_lut5_I4_O)        0.328    10.559 r  decode_inst/registerfile_inst/alu_result1_s[17]_i_23/O
                         net (fo=6, routed)           0.847    11.406    decode_inst/registerfile_inst/execute_inst/alu32_inst/mul_comp/prod_inst/gen_reduce_slv_l.wrapper_left_inst/gen_reduce_slv_l.wrapper_left_inst/gen_reduce_slv_l.add_inst/c_s_14
    SLICE_X32Y2          LUT6 (Prop_lut6_I2_O)        0.124    11.530 r  decode_inst/registerfile_inst/alu_result1_s[18]_i_10/O
                         net (fo=4, routed)           0.570    12.100    decode_inst/registerfile_inst/execute_inst/alu32_inst/mul_comp/prod_inst/gen_reduce_slv_l.wrapper_left_inst/gen_reduce_slv_l.add_inst/c_s_13
    SLICE_X31Y4          LUT5 (Prop_lut5_I4_O)        0.118    12.218 r  decode_inst/registerfile_inst/alu_result1_s[21]_i_12/O
                         net (fo=5, routed)           0.830    13.048    decode_inst/registerfile_inst/execute_inst/alu32_inst/mul_comp/prod_inst/gen_reduce_slv_l.wrapper_left_inst/gen_reduce_slv_l.add_inst/c_s_15
    SLICE_X32Y4          LUT6 (Prop_lut6_I2_O)        0.326    13.374 f  decode_inst/registerfile_inst/alu_result1_s[20]_i_4/O
                         net (fo=3, routed)           0.728    14.101    decode_inst/registerfile_inst/execute_inst/alu32_inst/mul_comp/prod_inst/gen_reduce_slv_l.add_inst/c_s_12
    SLICE_X33Y6          LUT5 (Prop_lut5_I4_O)        0.150    14.251 f  decode_inst/registerfile_inst/alu_result1_s[25]_i_10/O
                         net (fo=4, routed)           0.789    15.041    decode_inst/registerfile_inst/execute_inst/alu32_inst/mul_comp/prod_inst/gen_reduce_slv_l.add_inst/c_s_14
    SLICE_X34Y8          LUT6 (Prop_lut6_I1_O)        0.326    15.367 r  decode_inst/registerfile_inst/alu_result1_s[25]_i_3/O
                         net (fo=5, routed)           0.706    16.073    decode_inst/registerfile_inst/alu_result1_s[25]_i_3_n_1
    SLICE_X39Y9          LUT5 (Prop_lut5_I2_O)        0.124    16.197 r  decode_inst/registerfile_inst/alu_result1_s[29]_i_11/O
                         net (fo=2, routed)           0.414    16.610    decode_inst/registerfile_inst/alu_result1_s[29]_i_11_n_1
    SLICE_X39Y10         LUT6 (Prop_lut6_I0_O)        0.124    16.734 r  decode_inst/registerfile_inst/alu_result1_s[31]_i_7/O
                         net (fo=1, routed)           0.575    17.310    decode_inst/registerfile_inst/execute_inst/alu32_inst/mul_result[31]
    SLICE_X39Y6          LUT6 (Prop_lut6_I1_O)        0.124    17.434 r  decode_inst/registerfile_inst/alu_result1_s[31]_i_4/O
                         net (fo=1, routed)           0.151    17.585    decode_inst/registerfile_inst/alu_result1_s[31]_i_4_n_1
    SLICE_X39Y6          LUT5 (Prop_lut5_I3_O)        0.124    17.709 r  decode_inst/registerfile_inst/alu_result1_s[31]_i_1/O
                         net (fo=1, routed)           0.000    17.709    alu_result0_s[31]
    SLICE_X39Y6          FDRE                                         r  alu_result1_s_reg[31]/D
  -------------------------------------------------------------------    -------------------

                         (clock clk_out1_clk_wiz_0 rise edge)
                                                     20.000    20.000 r  
    W5                                                0.000    20.000 r  clk_in (IN)
                         net (fo=0)                   0.000    20.000    your_instance_name/inst/clk_in1
    W5                   IBUF (Prop_ibuf_I_O)         1.388    21.388 r  your_instance_name/inst/clkin1_ibufg/O
                         net (fo=1, routed)           1.162    22.550    your_instance_name/inst/clk_in1_clk_wiz_0
    MMCME2_ADV_X1Y0      MMCME2_ADV (Prop_mmcme2_adv_CLKIN1_CLKOUT0)
                                                     -7.217    15.332 r  your_instance_name/inst/mmcm_adv_inst/CLKOUT0
                         net (fo=1, routed)           1.581    16.914    your_instance_name/inst/clk_out1_clk_wiz_0
    BUFGCTRL_X0Y1        BUFG (Prop_bufg_I_O)         0.091    17.005 r  your_instance_name/inst/clkout1_buf/O
                         net (fo=318, routed)         1.445    18.450    clk
    SLICE_X39Y6          FDRE                                         r  alu_result1_s_reg[31]/C
                         clock pessimism              0.564    19.013    
                         clock uncertainty           -0.084    18.930    
    SLICE_X39Y6          FDRE (Setup_fdre_C_D)        0.031    18.961    alu_result1_s_reg[31]
  -------------------------------------------------------------------
                         required time                         18.961    
                         arrival time                         -17.709    
  -------------------------------------------------------------------
                         slack                                  1.252    





Min Delay Paths
--------------------------------------------------------------------------------------
Slack (MET) :             0.038ns  (arrival time - required time)
  Source:                 alu_result1_s_reg[23]/C
                            (rising edge-triggered cell FDRE clocked by clk_out1_clk_wiz_0_1  {rise@0.000ns fall@10.000ns period=20.000ns})
  Destination:            alu_result3_s_reg[23]/D
                            (rising edge-triggered cell FDRE clocked by clk_out1_clk_wiz_0  {rise@0.000ns fall@10.000ns period=20.000ns})
  Path Group:             clk_out1_clk_wiz_0
  Path Type:              Hold (Min at Fast Process Corner)
  Requirement:            0.000ns  (clk_out1_clk_wiz_0 rise@0.000ns - clk_out1_clk_wiz_0_1 rise@0.000ns)
  Data Path Delay:        0.197ns  (logic 0.141ns (71.611%)  route 0.056ns (28.389%))
  Logic Levels:           0  
  Clock Path Skew:        0.000ns (DCD - SCD - CPR)
    Destination Clock Delay (DCD):    -0.857ns
    Source Clock Delay      (SCD):    -0.618ns
    Clock Pessimism Removal (CPR):    -0.238ns
  Clock Uncertainty:      0.084ns  ((TSJ^2 + DJ^2)^1/2) / 2 + PE
    Total System Jitter     (TSJ):    0.071ns
    Discrete Jitter          (DJ):    0.152ns
    Phase Error              (PE):    0.000ns
  Clock Domain Crossing:  Inter clock paths are considered valid unless explicitly excluded by timing constraints such as set_clock_groups or set_false_path.

    Location             Delay type                Incr(ns)  Path(ns)    Netlist Resource(s)
  -------------------------------------------------------------------    -------------------
                         (clock clk_out1_clk_wiz_0_1 rise edge)
                                                      0.000     0.000 r  
    W5                                                0.000     0.000 r  clk_in (IN)
                         net (fo=0)                   0.000     0.000    your_instance_name/inst/clk_in1
    W5                   IBUF (Prop_ibuf_I_O)         0.226     0.226 r  your_instance_name/inst/clkin1_ibufg/O
                         net (fo=1, routed)           0.440     0.667    your_instance_name/inst/clk_in1_clk_wiz_0
    MMCME2_ADV_X1Y0      MMCME2_ADV (Prop_mmcme2_adv_CLKIN1_CLKOUT0)
                                                     -2.360    -1.693 r  your_instance_name/inst/mmcm_adv_inst/CLKOUT0
                         net (fo=1, routed)           0.486    -1.207    your_instance_name/inst/clk_out1_clk_wiz_0
    BUFGCTRL_X0Y1        BUFG (Prop_bufg_I_O)         0.026    -1.181 r  your_instance_name/inst/clkout1_buf/O
                         net (fo=318, routed)         0.563    -0.618    clk
    SLICE_X47Y8          FDRE                                         r  alu_result1_s_reg[23]/C
  -------------------------------------------------------------------    -------------------
    SLICE_X47Y8          FDRE (Prop_fdre_C_Q)         0.141    -0.477 r  alu_result1_s_reg[23]/Q
                         net (fo=1, routed)           0.056    -0.421    alu_result1_s[23]
    SLICE_X47Y8          FDRE                                         r  alu_result3_s_reg[23]/D
  -------------------------------------------------------------------    -------------------

                         (clock clk_out1_clk_wiz_0 rise edge)
                                                      0.000     0.000 r  
    W5                                                0.000     0.000 r  clk_in (IN)
                         net (fo=0)                   0.000     0.000    your_instance_name/inst/clk_in1
    W5                   IBUF (Prop_ibuf_I_O)         0.414     0.414 r  your_instance_name/inst/clkin1_ibufg/O
                         net (fo=1, routed)           0.480     0.894    your_instance_name/inst/clk_in1_clk_wiz_0
    MMCME2_ADV_X1Y0      MMCME2_ADV (Prop_mmcme2_adv_CLKIN1_CLKOUT0)
                                                     -3.142    -2.248 r  your_instance_name/inst/mmcm_adv_inst/CLKOUT0
                         net (fo=1, routed)           0.530    -1.718    your_instance_name/inst/clk_out1_clk_wiz_0
    BUFGCTRL_X0Y1        BUFG (Prop_bufg_I_O)         0.029    -1.689 r  your_instance_name/inst/clkout1_buf/O
                         net (fo=318, routed)         0.833    -0.857    clk
    SLICE_X47Y8          FDRE                                         r  alu_result3_s_reg[23]/C
                         clock pessimism              0.238    -0.618    
                         clock uncertainty            0.084    -0.535    
    SLICE_X47Y8          FDRE (Hold_fdre_C_D)         0.075    -0.460    alu_result3_s_reg[23]
  -------------------------------------------------------------------
                         required time                          0.460    
                         arrival time                          -0.421    
  -------------------------------------------------------------------
                         slack                                  0.038    





---------------------------------------------------------------------------------------------------
From Clock:  clk_out1_clk_wiz_0
  To Clock:  clk_out1_clk_wiz_0_1

Setup :            0  Failing Endpoints,  Worst Slack        1.252ns,  Total Violation        0.000ns
Hold  :            0  Failing Endpoints,  Worst Slack        0.038ns,  Total Violation        0.000ns
---------------------------------------------------------------------------------------------------


Max Delay Paths
--------------------------------------------------------------------------------------
Slack (MET) :             1.252ns  (required time - arrival time)
  Source:                 decode_inst/registerfile_inst/register_array_reg_2/CLKARDCLK
                            (rising edge-triggered cell RAMB18E1 clocked by clk_out1_clk_wiz_0  {rise@0.000ns fall@10.000ns period=20.000ns})
  Destination:            alu_result1_s_reg[31]/D
                            (rising edge-triggered cell FDRE clocked by clk_out1_clk_wiz_0_1  {rise@0.000ns fall@10.000ns period=20.000ns})
  Path Group:             clk_out1_clk_wiz_0_1
  Path Type:              Setup (Max at Slow Process Corner)
  Requirement:            20.000ns  (clk_out1_clk_wiz_0_1 rise@20.000ns - clk_out1_clk_wiz_0 rise@0.000ns)
  Data Path Delay:        18.609ns  (logic 6.030ns (32.404%)  route 12.579ns (67.596%))
  Logic Levels:           18  (LUT3=1 LUT5=10 LUT6=7)
  Clock Path Skew:        -0.086ns (DCD - SCD + CPR)
    Destination Clock Delay (DCD):    -1.550ns = ( 18.450 - 20.000 ) 
    Source Clock Delay      (SCD):    -0.900ns
    Clock Pessimism Removal (CPR):    0.564ns
  Clock Uncertainty:      0.084ns  ((TSJ^2 + DJ^2)^1/2) / 2 + PE
    Total System Jitter     (TSJ):    0.071ns
    Discrete Jitter          (DJ):    0.152ns
    Phase Error              (PE):    0.000ns
  Clock Domain Crossing:  Inter clock paths are considered valid unless explicitly excluded by timing constraints such as set_clock_groups or set_false_path.

    Location             Delay type                Incr(ns)  Path(ns)    Netlist Resource(s)
  -------------------------------------------------------------------    -------------------
                         (clock clk_out1_clk_wiz_0 rise edge)
                                                      0.000     0.000 r  
    W5                                                0.000     0.000 r  clk_in (IN)
                         net (fo=0)                   0.000     0.000    your_instance_name/inst/clk_in1
    W5                   IBUF (Prop_ibuf_I_O)         1.458     1.458 r  your_instance_name/inst/clkin1_ibufg/O
                         net (fo=1, routed)           1.233     2.691    your_instance_name/inst/clk_in1_clk_wiz_0
    MMCME2_ADV_X1Y0      MMCME2_ADV (Prop_mmcme2_adv_CLKIN1_CLKOUT0)
                                                     -6.961    -4.269 r  your_instance_name/inst/mmcm_adv_inst/CLKOUT0
                         net (fo=1, routed)           1.661    -2.608    your_instance_name/inst/clk_out1_clk_wiz_0
    BUFGCTRL_X0Y1        BUFG (Prop_bufg_I_O)         0.096    -2.512 r  your_instance_name/inst/clkout1_buf/O
                         net (fo=318, routed)         1.612    -0.900    decode_inst/registerfile_inst/clk_out1
    RAMB18_X1Y3          RAMB18E1                                     r  decode_inst/registerfile_inst/register_array_reg_2/CLKARDCLK
  -------------------------------------------------------------------    -------------------
    RAMB18_X1Y3          RAMB18E1 (Prop_ramb18e1_CLKARDCLK_DOADO[2])
                                                      2.454     1.554 r  decode_inst/registerfile_inst/register_array_reg_2/DOADO[2]
                         net (fo=4, routed)           1.039     2.593    execute_inst/regb1_s[2]
    SLICE_X49Y7          LUT3 (Prop_lut3_I2_O)        0.152     2.745 r  execute_inst/alu_result1_s[3]_i_8/O
                         net (fo=36, routed)          1.232     3.977    decode_inst/registerfile_inst/b_s[2]
    SLICE_X36Y9          LUT6 (Prop_lut6_I5_O)        0.326     4.303 r  decode_inst/registerfile_inst/alu_result1_s[3]_i_11/O
                         net (fo=2, routed)           0.172     4.476    decode_inst/registerfile_inst/execute_inst/alu32_inst/mul_comp/prod_inst/gen_reduce_slv_l.wrapper_left_inst/gen_reduce_slv_l.wrapper_left_inst/gen_reduce_slv_l.add_inst/c_s_1
    SLICE_X36Y9          LUT6 (Prop_lut6_I5_O)        0.124     4.600 r  decode_inst/registerfile_inst/alu_result1_s[7]_i_29/O
                         net (fo=4, routed)           0.762     5.361    decode_inst/registerfile_inst/execute_inst/alu32_inst/mul_comp/prod_inst/gen_reduce_slv_l.wrapper_left_inst/gen_reduce_slv_l.wrapper_left_inst/gen_reduce_slv_l.add_inst/c_s_2
    SLICE_X37Y2          LUT5 (Prop_lut5_I4_O)        0.124     5.485 r  decode_inst/registerfile_inst/alu_result1_s[7]_i_12/O
                         net (fo=4, routed)           0.967     6.452    decode_inst/registerfile_inst/execute_inst/alu32_inst/mul_comp/prod_inst/gen_reduce_slv_l.wrapper_left_inst/gen_reduce_slv_l.wrapper_left_inst/gen_reduce_slv_l.add_inst/c_s_4
    SLICE_X40Y1          LUT5 (Prop_lut5_I4_O)        0.152     6.604 r  decode_inst/registerfile_inst/alu_result1_s[8]_i_21/O
                         net (fo=5, routed)           0.865     7.469    decode_inst/registerfile_inst/execute_inst/alu32_inst/mul_comp/prod_inst/gen_reduce_slv_l.wrapper_left_inst/gen_reduce_slv_l.wrapper_left_inst/gen_reduce_slv_l.add_inst/c_s_6
    SLICE_X39Y1          LUT5 (Prop_lut5_I4_O)        0.354     7.823 r  decode_inst/registerfile_inst/alu_result1_s[10]_i_19/O
                         net (fo=5, routed)           0.585     8.408    decode_inst/registerfile_inst/execute_inst/alu32_inst/mul_comp/prod_inst/gen_reduce_slv_l.wrapper_left_inst/gen_reduce_slv_l.wrapper_left_inst/gen_reduce_slv_l.add_inst/c_s_8
    SLICE_X37Y1          LUT5 (Prop_lut5_I4_O)        0.326     8.734 r  decode_inst/registerfile_inst/alu_result1_s[14]_i_56/O
                         net (fo=5, routed)           0.760     9.494    decode_inst/registerfile_inst/execute_inst/alu32_inst/mul_comp/prod_inst/gen_reduce_slv_l.wrapper_left_inst/gen_reduce_slv_l.wrapper_left_inst/gen_reduce_slv_l.add_inst/c_s_10
    SLICE_X34Y1          LUT5 (Prop_lut5_I4_O)        0.150     9.644 r  decode_inst/registerfile_inst/alu_result1_s[14]_i_34/O
                         net (fo=5, routed)           0.588    10.231    decode_inst/registerfile_inst/execute_inst/alu32_inst/mul_comp/prod_inst/gen_reduce_slv_l.wrapper_left_inst/gen_reduce_slv_l.wrapper_left_inst/gen_reduce_slv_l.add_inst/c_s_12
    SLICE_X33Y2          LUT5 (Prop_lut5_I4_O)        0.328    10.559 r  decode_inst/registerfile_inst/alu_result1_s[17]_i_23/O
                         net (fo=6, routed)           0.847    11.406    decode_inst/registerfile_inst/execute_inst/alu32_inst/mul_comp/prod_inst/gen_reduce_slv_l.wrapper_left_inst/gen_reduce_slv_l.wrapper_left_inst/gen_reduce_slv_l.add_inst/c_s_14
    SLICE_X32Y2          LUT6 (Prop_lut6_I2_O)        0.124    11.530 r  decode_inst/registerfile_inst/alu_result1_s[18]_i_10/O
                         net (fo=4, routed)           0.570    12.100    decode_inst/registerfile_inst/execute_inst/alu32_inst/mul_comp/prod_inst/gen_reduce_slv_l.wrapper_left_inst/gen_reduce_slv_l.add_inst/c_s_13
    SLICE_X31Y4          LUT5 (Prop_lut5_I4_O)        0.118    12.218 r  decode_inst/registerfile_inst/alu_result1_s[21]_i_12/O
                         net (fo=5, routed)           0.830    13.048    decode_inst/registerfile_inst/execute_inst/alu32_inst/mul_comp/prod_inst/gen_reduce_slv_l.wrapper_left_inst/gen_reduce_slv_l.add_inst/c_s_15
    SLICE_X32Y4          LUT6 (Prop_lut6_I2_O)        0.326    13.374 f  decode_inst/registerfile_inst/alu_result1_s[20]_i_4/O
                         net (fo=3, routed)           0.728    14.101    decode_inst/registerfile_inst/execute_inst/alu32_inst/mul_comp/prod_inst/gen_reduce_slv_l.add_inst/c_s_12
    SLICE_X33Y6          LUT5 (Prop_lut5_I4_O)        0.150    14.251 f  decode_inst/registerfile_inst/alu_result1_s[25]_i_10/O
                         net (fo=4, routed)           0.789    15.041    decode_inst/registerfile_inst/execute_inst/alu32_inst/mul_comp/prod_inst/gen_reduce_slv_l.add_inst/c_s_14
    SLICE_X34Y8          LUT6 (Prop_lut6_I1_O)        0.326    15.367 r  decode_inst/registerfile_inst/alu_result1_s[25]_i_3/O
                         net (fo=5, routed)           0.706    16.073    decode_inst/registerfile_inst/alu_result1_s[25]_i_3_n_1
    SLICE_X39Y9          LUT5 (Prop_lut5_I2_O)        0.124    16.197 r  decode_inst/registerfile_inst/alu_result1_s[29]_i_11/O
                         net (fo=2, routed)           0.414    16.610    decode_inst/registerfile_inst/alu_result1_s[29]_i_11_n_1
    SLICE_X39Y10         LUT6 (Prop_lut6_I0_O)        0.124    16.734 r  decode_inst/registerfile_inst/alu_result1_s[31]_i_7/O
                         net (fo=1, routed)           0.575    17.310    decode_inst/registerfile_inst/execute_inst/alu32_inst/mul_result[31]
    SLICE_X39Y6          LUT6 (Prop_lut6_I1_O)        0.124    17.434 r  decode_inst/registerfile_inst/alu_result1_s[31]_i_4/O
                         net (fo=1, routed)           0.151    17.585    decode_inst/registerfile_inst/alu_result1_s[31]_i_4_n_1
    SLICE_X39Y6          LUT5 (Prop_lut5_I3_O)        0.124    17.709 r  decode_inst/registerfile_inst/alu_result1_s[31]_i_1/O
                         net (fo=1, routed)           0.000    17.709    alu_result0_s[31]
    SLICE_X39Y6          FDRE                                         r  alu_result1_s_reg[31]/D
  -------------------------------------------------------------------    -------------------

                         (clock clk_out1_clk_wiz_0_1 rise edge)
                                                     20.000    20.000 r  
    W5                                                0.000    20.000 r  clk_in (IN)
                         net (fo=0)                   0.000    20.000    your_instance_name/inst/clk_in1
    W5                   IBUF (Prop_ibuf_I_O)         1.388    21.388 r  your_instance_name/inst/clkin1_ibufg/O
                         net (fo=1, routed)           1.162    22.550    your_instance_name/inst/clk_in1_clk_wiz_0
    MMCME2_ADV_X1Y0      MMCME2_ADV (Prop_mmcme2_adv_CLKIN1_CLKOUT0)
                                                     -7.217    15.332 r  your_instance_name/inst/mmcm_adv_inst/CLKOUT0
                         net (fo=1, routed)           1.581    16.914    your_instance_name/inst/clk_out1_clk_wiz_0
    BUFGCTRL_X0Y1        BUFG (Prop_bufg_I_O)         0.091    17.005 r  your_instance_name/inst/clkout1_buf/O
                         net (fo=318, routed)         1.445    18.450    clk
    SLICE_X39Y6          FDRE                                         r  alu_result1_s_reg[31]/C
                         clock pessimism              0.564    19.013    
                         clock uncertainty           -0.084    18.930    
    SLICE_X39Y6          FDRE (Setup_fdre_C_D)        0.031    18.961    alu_result1_s_reg[31]
  -------------------------------------------------------------------
                         required time                         18.961    
                         arrival time                         -17.709    
  -------------------------------------------------------------------
                         slack                                  1.252    





Min Delay Paths
--------------------------------------------------------------------------------------
Slack (MET) :             0.038ns  (arrival time - required time)
  Source:                 alu_result1_s_reg[23]/C
                            (rising edge-triggered cell FDRE clocked by clk_out1_clk_wiz_0  {rise@0.000ns fall@10.000ns period=20.000ns})
  Destination:            alu_result3_s_reg[23]/D
                            (rising edge-triggered cell FDRE clocked by clk_out1_clk_wiz_0_1  {rise@0.000ns fall@10.000ns period=20.000ns})
  Path Group:             clk_out1_clk_wiz_0_1
  Path Type:              Hold (Min at Fast Process Corner)
  Requirement:            0.000ns  (clk_out1_clk_wiz_0_1 rise@0.000ns - clk_out1_clk_wiz_0 rise@0.000ns)
  Data Path Delay:        0.197ns  (logic 0.141ns (71.611%)  route 0.056ns (28.389%))
  Logic Levels:           0  
  Clock Path Skew:        0.000ns (DCD - SCD - CPR)
    Destination Clock Delay (DCD):    -0.857ns
    Source Clock Delay      (SCD):    -0.618ns
    Clock Pessimism Removal (CPR):    -0.238ns
  Clock Uncertainty:      0.084ns  ((TSJ^2 + DJ^2)^1/2) / 2 + PE
    Total System Jitter     (TSJ):    0.071ns
    Discrete Jitter          (DJ):    0.152ns
    Phase Error              (PE):    0.000ns
  Clock Domain Crossing:  Inter clock paths are considered valid unless explicitly excluded by timing constraints such as set_clock_groups or set_false_path.

    Location             Delay type                Incr(ns)  Path(ns)    Netlist Resource(s)
  -------------------------------------------------------------------    -------------------
                         (clock clk_out1_clk_wiz_0 rise edge)
                                                      0.000     0.000 r  
    W5                                                0.000     0.000 r  clk_in (IN)
                         net (fo=0)                   0.000     0.000    your_instance_name/inst/clk_in1
    W5                   IBUF (Prop_ibuf_I_O)         0.226     0.226 r  your_instance_name/inst/clkin1_ibufg/O
                         net (fo=1, routed)           0.440     0.667    your_instance_name/inst/clk_in1_clk_wiz_0
    MMCME2_ADV_X1Y0      MMCME2_ADV (Prop_mmcme2_adv_CLKIN1_CLKOUT0)
                                                     -2.360    -1.693 r  your_instance_name/inst/mmcm_adv_inst/CLKOUT0
                         net (fo=1, routed)           0.486    -1.207    your_instance_name/inst/clk_out1_clk_wiz_0
    BUFGCTRL_X0Y1        BUFG (Prop_bufg_I_O)         0.026    -1.181 r  your_instance_name/inst/clkout1_buf/O
                         net (fo=318, routed)         0.563    -0.618    clk
    SLICE_X47Y8          FDRE                                         r  alu_result1_s_reg[23]/C
  -------------------------------------------------------------------    -------------------
    SLICE_X47Y8          FDRE (Prop_fdre_C_Q)         0.141    -0.477 r  alu_result1_s_reg[23]/Q
                         net (fo=1, routed)           0.056    -0.421    alu_result1_s[23]
    SLICE_X47Y8          FDRE                                         r  alu_result3_s_reg[23]/D
  -------------------------------------------------------------------    -------------------

                         (clock clk_out1_clk_wiz_0_1 rise edge)
                                                      0.000     0.000 r  
    W5                                                0.000     0.000 r  clk_in (IN)
                         net (fo=0)                   0.000     0.000    your_instance_name/inst/clk_in1
    W5                   IBUF (Prop_ibuf_I_O)         0.414     0.414 r  your_instance_name/inst/clkin1_ibufg/O
                         net (fo=1, routed)           0.480     0.894    your_instance_name/inst/clk_in1_clk_wiz_0
    MMCME2_ADV_X1Y0      MMCME2_ADV (Prop_mmcme2_adv_CLKIN1_CLKOUT0)
                                                     -3.142    -2.248 r  your_instance_name/inst/mmcm_adv_inst/CLKOUT0
                         net (fo=1, routed)           0.530    -1.718    your_instance_name/inst/clk_out1_clk_wiz_0
    BUFGCTRL_X0Y1        BUFG (Prop_bufg_I_O)         0.029    -1.689 r  your_instance_name/inst/clkout1_buf/O
                         net (fo=318, routed)         0.833    -0.857    clk
    SLICE_X47Y8          FDRE                                         r  alu_result3_s_reg[23]/C
                         clock pessimism              0.238    -0.618    
                         clock uncertainty            0.084    -0.535    
    SLICE_X47Y8          FDRE (Hold_fdre_C_D)         0.075    -0.460    alu_result3_s_reg[23]
  -------------------------------------------------------------------
                         required time                          0.460    
                         arrival time                          -0.421    
  -------------------------------------------------------------------
                         slack                                  0.038    





