Copyright 1986-2022 Xilinx, Inc. All Rights Reserved. Copyright 2022-2025 Advanced Micro Devices, Inc. All Rights Reserved.
---------------------------------------------------------------------------------------------------------------------------------------------
| Tool Version : Vivado v.2025.2 (lin64) Build 6299465 Fri Nov 14 12:34:56 MST 2025
| Date         : Thu Apr 23 19:09:52 2026
| Host         : infinity running 64-bit Arch Linux
| Command      : report_timing_summary -file timing_30MHz.rpt
| Design       : proc
| Device       : 7a35t-cpg236
| Speed File   : -1  PRODUCTION 1.23 2018-06-13
| Design State : Routed
---------------------------------------------------------------------------------------------------------------------------------------------

Timing Summary Report

------------------------------------------------------------------------------------------------
| Timer Settings
| --------------
------------------------------------------------------------------------------------------------

  Enable Multi Corner Analysis               :  Yes
  Enable Pessimism Removal                   :  Yes
  Pessimism Removal Resolution               :  Nearest Common Node
  Enable Input Delay Default Clock           :  No
  Enable Preset / Clear Arcs                 :  No
  Disable Flight Delays                      :  No
  Ignore I/O Paths                           :  No
  Timing Early Launch at Borrowing Latches   :  No
  Borrow Time for Max Delay Exceptions       :  Yes
  Merge Timing Exceptions                    :  Yes
  Inter-SLR Compensation                     :  Conservative

  Corner  Analyze    Analyze    
  Name    Max Paths  Min Paths  
  ------  ---------  ---------  
  Slow    Yes        Yes        
  Fast    Yes        Yes        


------------------------------------------------------------------------------------------------
| Report Methodology
| ------------------
------------------------------------------------------------------------------------------------

Rule       Severity          Description                                                       Violations  
---------  ----------------  ----------------------------------------------------------------  ----------  
TIMING-6   Critical Warning  No common primary clock between related clocks                    2           
TIMING-14  Critical Warning  LUT on the clock tree                                             1           
SYNTH-5    Warning           Mapped onto distributed RAM because of timing constraints         128         
SYNTH-6    Warning           Timing of a RAM block might be sub-optimal                        2           
TIMING-56  Warning           Missing logically or physically excluded clock groups constraint  2           

Note: This report is based on the most recent report_methodology run and may not be up-to-date. Run report_methodology on the current design for the latest report.



check_timing report

Table of Contents
-----------------
1. checking no_clock (0)
2. checking constant_clock (0)
3. checking pulse_width_clock (0)
4. checking unconstrained_internal_endpoints (0)
5. checking no_input_delay (17)
6. checking no_output_delay (11)
7. checking multiple_clock (831)
8. checking generated_clocks (0)
9. checking loops (0)
10. checking partial_input_delay (0)
11. checking partial_output_delay (0)
12. checking latch_loops (0)

1. checking no_clock (0)
------------------------
 There are 0 register/latch pins with no clock.


2. checking constant_clock (0)
------------------------------
 There are 0 register/latch pins with constant_clock.


3. checking pulse_width_clock (0)
---------------------------------
 There are 0 register/latch pins which need pulse_width check


4. checking unconstrained_internal_endpoints (0)
------------------------------------------------
 There are 0 pins that are not constrained for maximum delay.

 There are 0 pins that are not constrained for maximum delay due to constant clock.


5. checking no_input_delay (17)
-------------------------------
 There are 17 input ports with no input delay specified. (HIGH)

 There are 0 input ports with no input delay but user has a false path constraint.


6. checking no_output_delay (11)
--------------------------------
 There are 11 ports with no output delay specified. (HIGH)

 There are 0 ports with no output delay but user has a false path constraint

 There are 0 ports with no output delay but with a timing clock defined on it or propagating through it


7. checking multiple_clock (831)
--------------------------------
 There are 831 register/latch pins with multiple clocks. (HIGH)


8. checking generated_clocks (0)
--------------------------------
 There are 0 generated clocks that are not connected to a clock source.


9. checking loops (0)
---------------------
 There are 0 combinational loops in the design.


10. checking partial_input_delay (0)
------------------------------------
 There are 0 input ports with partial input delay specified.


11. checking partial_output_delay (0)
-------------------------------------
 There are 0 ports with partial output delay specified.


12. checking latch_loops (0)
----------------------------
 There are 0 combinational latch loops in the design through latch input



------------------------------------------------------------------------------------------------
| Design Timing Summary
| ---------------------
------------------------------------------------------------------------------------------------

    WNS(ns)      TNS(ns)  TNS Failing Endpoints  TNS Total Endpoints      WHS(ns)      THS(ns)  THS Failing Endpoints  THS Total Endpoints     WPWS(ns)     TPWS(ns)  TPWS Failing Endpoints  TPWS Total Endpoints  
    -------      -------  ---------------------  -------------------      -------      -------  ---------------------  -------------------     --------     --------  ----------------------  --------------------  
      8.921        0.000                      0                 5551        0.016        0.000                      0                 5551        3.000        0.000                       0                   838  


All user specified timing constraints are met.


------------------------------------------------------------------------------------------------
| Clock Summary
| -------------
------------------------------------------------------------------------------------------------

Clock                   Waveform(ns)       Period(ns)      Frequency(MHz)
-----                   ------------       ----------      --------------
clk_in                  {0.000 5.000}      10.000          100.000         
  clk_out1_clk_wiz_0    {0.000 16.667}     33.333          30.000          
  clkfbout_clk_wiz_0    {0.000 25.000}     50.000          20.000          
sys_clk_pin             {0.000 5.000}      10.000          100.000         
  clk_out1_clk_wiz_0_1  {0.000 16.667}     33.333          30.000          
  clkfbout_clk_wiz_0_1  {0.000 25.000}     50.000          20.000          


------------------------------------------------------------------------------------------------
| Intra Clock Table
| -----------------
------------------------------------------------------------------------------------------------

Clock                       WNS(ns)      TNS(ns)  TNS Failing Endpoints  TNS Total Endpoints      WHS(ns)      THS(ns)  THS Failing Endpoints  THS Total Endpoints     WPWS(ns)     TPWS(ns)  TPWS Failing Endpoints  TPWS Total Endpoints  
-----                       -------      -------  ---------------------  -------------------      -------      -------  ---------------------  -------------------     --------     --------  ----------------------  --------------------  
clk_in                                                                                                                                                                    3.000        0.000                       0                     1  
  clk_out1_clk_wiz_0          8.921        0.000                      0                 5551        0.168        0.000                      0                 5551       15.417        0.000                       0                   834  
  clkfbout_clk_wiz_0                                                                                                                                                     47.845        0.000                       0                     3  
sys_clk_pin                                                                                                                                                               3.000        0.000                       0                     1  
  clk_out1_clk_wiz_0_1        8.927        0.000                      0                 5551        0.168        0.000                      0                 5551       15.417        0.000                       0                   834  
  clkfbout_clk_wiz_0_1                                                                                                                                                   47.845        0.000                       0                     3  


------------------------------------------------------------------------------------------------
| Inter Clock Table
| -----------------
------------------------------------------------------------------------------------------------

From Clock            To Clock                  WNS(ns)      TNS(ns)  TNS Failing Endpoints  TNS Total Endpoints      WHS(ns)      THS(ns)  THS Failing Endpoints  THS Total Endpoints  
----------            --------                  -------      -------  ---------------------  -------------------      -------      -------  ---------------------  -------------------  
clk_out1_clk_wiz_0_1  clk_out1_clk_wiz_0          8.921        0.000                      0                 5551        0.016        0.000                      0                 5551  
clk_out1_clk_wiz_0    clk_out1_clk_wiz_0_1        8.921        0.000                      0                 5551        0.016        0.000                      0                 5551  


------------------------------------------------------------------------------------------------
| Other Path Groups Table
| -----------------------
------------------------------------------------------------------------------------------------

Path Group    From Clock    To Clock          WNS(ns)      TNS(ns)  TNS Failing Endpoints  TNS Total Endpoints      WHS(ns)      THS(ns)  THS Failing Endpoints  THS Total Endpoints  
----------    ----------    --------          -------      -------  ---------------------  -------------------      -------      -------  ---------------------  -------------------  


------------------------------------------------------------------------------------------------
| Timing Details
| --------------
------------------------------------------------------------------------------------------------


---------------------------------------------------------------------------------------------------
From Clock:  clk_in
  To Clock:  clk_in

Setup :           NA  Failing Endpoints,  Worst Slack           NA  ,  Total Violation           NA
Hold  :           NA  Failing Endpoints,  Worst Slack           NA  ,  Total Violation           NA
PW    :            0  Failing Endpoints,  Worst Slack        3.000ns,  Total Violation        0.000ns
---------------------------------------------------------------------------------------------------


Pulse Width Checks
--------------------------------------------------------------------------------------
Clock Name:         clk_in
Waveform(ns):       { 0.000 5.000 }
Period(ns):         10.000
Sources:            { clk_in }

Check Type        Corner  Lib Pin            Reference Pin  Required(ns)  Actual(ns)  Slack(ns)  Location         Pin
Min Period        n/a     MMCME2_ADV/CLKIN1  n/a            1.249         10.000      8.751      MMCME2_ADV_X1Y0  your_instance_name/inst/mmcm_adv_inst/CLKIN1
Max Period        n/a     MMCME2_ADV/CLKIN1  n/a            100.000       10.000      90.000     MMCME2_ADV_X1Y0  your_instance_name/inst/mmcm_adv_inst/CLKIN1
Low Pulse Width   Slow    MMCME2_ADV/CLKIN1  n/a            2.000         5.000       3.000      MMCME2_ADV_X1Y0  your_instance_name/inst/mmcm_adv_inst/CLKIN1
High Pulse Width  Slow    MMCME2_ADV/CLKIN1  n/a            2.000         5.000       3.000      MMCME2_ADV_X1Y0  your_instance_name/inst/mmcm_adv_inst/CLKIN1



---------------------------------------------------------------------------------------------------
From Clock:  clk_out1_clk_wiz_0
  To Clock:  clk_out1_clk_wiz_0

Setup :            0  Failing Endpoints,  Worst Slack        8.921ns,  Total Violation        0.000ns
Hold  :            0  Failing Endpoints,  Worst Slack        0.168ns,  Total Violation        0.000ns
PW    :            0  Failing Endpoints,  Worst Slack       15.417ns,  Total Violation        0.000ns
---------------------------------------------------------------------------------------------------


Max Delay Paths
--------------------------------------------------------------------------------------
Slack (MET) :             8.921ns  (required time - arrival time)
  Source:                 alu_result1_s_reg[9]/C
                            (rising edge-triggered cell FDRE clocked by clk_out1_clk_wiz_0  {rise@0.000ns fall@16.667ns period=33.333ns})
  Destination:            mem_inst/data_mem_inst/d_out_reg[24]/R
                            (falling edge-triggered cell FDRE clocked by clk_out1_clk_wiz_0  {rise@0.000ns fall@16.667ns period=33.333ns})
  Path Group:             clk_out1_clk_wiz_0
  Path Type:              Setup (Max at Slow Process Corner)
  Requirement:            16.667ns  (clk_out1_clk_wiz_0 fall@16.667ns - clk_out1_clk_wiz_0 rise@0.000ns)
  Data Path Delay:        7.057ns  (logic 0.704ns (9.975%)  route 6.353ns (90.025%))
  Logic Levels:           2  (LUT2=1 LUT6=1)
  Clock Path Skew:        -0.110ns (DCD - SCD + CPR)
    Destination Clock Delay (DCD):    -1.563ns = ( 15.104 - 16.667 ) 
    Source Clock Delay      (SCD):    -0.962ns
    Clock Pessimism Removal (CPR):    0.491ns
  Clock Uncertainty:      0.152ns  ((TSJ^2 + DJ^2)^1/2) / 2 + PE
    Total System Jitter     (TSJ):    0.071ns
    Discrete Jitter          (DJ):    0.296ns
    Phase Error              (PE):    0.000ns

    Location             Delay type                Incr(ns)  Path(ns)    Netlist Resource(s)
  -------------------------------------------------------------------    -------------------
                         (clock clk_out1_clk_wiz_0 rise edge)
                                                      0.000     0.000 r  
    W5                                                0.000     0.000 r  clk_in (IN)
                         net (fo=0)                   0.000     0.000    your_instance_name/inst/clk_in1
    W5                   IBUF (Prop_ibuf_I_O)         1.458     1.458 r  your_instance_name/inst/clkin1_ibufg/O
                         net (fo=1, routed)           1.233     2.691    your_instance_name/inst/clk_in1_clk_wiz_0
    MMCME2_ADV_X1Y0      MMCME2_ADV (Prop_mmcme2_adv_CLKIN1_CLKOUT0)
                                                     -6.961    -4.269 r  your_instance_name/inst/mmcm_adv_inst/CLKOUT0
                         net (fo=1, routed)           1.661    -2.608    your_instance_name/inst/clk_out1_clk_wiz_0
    BUFGCTRL_X0Y1        BUFG (Prop_bufg_I_O)         0.096    -2.512 r  your_instance_name/inst/clkout1_buf/O
                         net (fo=318, routed)         1.550    -0.962    clk
    SLICE_X33Y61         FDRE                                         r  alu_result1_s_reg[9]/C
  -------------------------------------------------------------------    -------------------
    SLICE_X33Y61         FDRE (Prop_fdre_C_Q)         0.456    -0.506 r  alu_result1_s_reg[9]/Q
                         net (fo=39, routed)          3.639     3.133    mem_inst/data_mem_inst/seven_seg_digit_reg[0]_0[9]
    SLICE_X49Y63         LUT2 (Prop_lut2_I1_O)        0.124     3.257 f  mem_inst/data_mem_inst/d_out[15]_i_4/O
                         net (fo=1, routed)           0.264     3.522    mem_inst/data_mem_inst/d_out[15]_i_4_n_1
    SLICE_X49Y63         LUT6 (Prop_lut6_I0_O)        0.124     3.646 r  mem_inst/data_mem_inst/d_out[15]_i_3/O
                         net (fo=32, routed)          2.450     6.095    mem_inst/data_mem_inst/d_out[31]_i_1_n_1
    SLICE_X43Y62         FDRE                                         r  mem_inst/data_mem_inst/d_out_reg[24]/R
  -------------------------------------------------------------------    -------------------

                         (clock clk_out1_clk_wiz_0 fall edge)
                                                     16.667    16.667 f  
    W5                                                0.000    16.667 f  clk_in (IN)
                         net (fo=0)                   0.000    16.667    your_instance_name/inst/clk_in1
    W5                   IBUF (Prop_ibuf_I_O)         1.388    18.055 f  your_instance_name/inst/clkin1_ibufg/O
                         net (fo=1, routed)           1.162    19.217    your_instance_name/inst/clk_in1_clk_wiz_0
    MMCME2_ADV_X1Y0      MMCME2_ADV (Prop_mmcme2_adv_CLKIN1_CLKOUT0)
                                                     -7.217    11.999 f  your_instance_name/inst/mmcm_adv_inst/CLKOUT0
                         net (fo=1, routed)           1.581    13.580    your_instance_name/inst/clk_out1_clk_wiz_0
    BUFGCTRL_X0Y1        BUFG (Prop_bufg_I_O)         0.091    13.671 f  your_instance_name/inst/clkout1_buf/O
                         net (fo=318, routed)         1.433    15.104    mem_inst/data_mem_inst/clk_out1
    SLICE_X43Y62         FDRE                                         r  mem_inst/data_mem_inst/d_out_reg[24]/C  (IS_INVERTED)
                         clock pessimism              0.491    15.594    
                         clock uncertainty           -0.152    15.442    
    SLICE_X43Y62         FDRE (Setup_fdre_C_R)       -0.426    15.016    mem_inst/data_mem_inst/d_out_reg[24]
  -------------------------------------------------------------------
                         required time                         15.016    
                         arrival time                          -6.095    
  -------------------------------------------------------------------
                         slack                                  8.921    





Min Delay Paths
--------------------------------------------------------------------------------------
Slack (MET) :             0.168ns  (arrival time - required time)
  Source:                 mem_inst/seven_seg_inst/refresh_counter_reg[0]/C
                            (rising edge-triggered cell FDCE clocked by clk_out1_clk_wiz_0  {rise@0.000ns fall@16.667ns period=33.333ns})
  Destination:            mem_inst/seven_seg_inst/refresh_counter_reg[4]/D
                            (rising edge-triggered cell FDCE clocked by clk_out1_clk_wiz_0  {rise@0.000ns fall@16.667ns period=33.333ns})
  Path Group:             clk_out1_clk_wiz_0
  Path Type:              Hold (Min at Fast Process Corner)
  Requirement:            0.000ns  (clk_out1_clk_wiz_0 rise@0.000ns - clk_out1_clk_wiz_0 rise@0.000ns)
  Data Path Delay:        0.571ns  (logic 0.407ns (71.304%)  route 0.164ns (28.696%))
  Logic Levels:           3  (CARRY4=2 LUT1=1)
  Clock Path Skew:        0.269ns (DCD - SCD - CPR)
    Destination Clock Delay (DCD):    -0.854ns
    Source Clock Delay      (SCD):    -0.614ns
    Clock Pessimism Removal (CPR):    -0.508ns

    Location             Delay type                Incr(ns)  Path(ns)    Netlist Resource(s)
  -------------------------------------------------------------------    -------------------
                         (clock clk_out1_clk_wiz_0 rise edge)
                                                      0.000     0.000 r  
    W5                                                0.000     0.000 r  clk_in (IN)
                         net (fo=0)                   0.000     0.000    your_instance_name/inst/clk_in1
    W5                   IBUF (Prop_ibuf_I_O)         0.226     0.226 r  your_instance_name/inst/clkin1_ibufg/O
                         net (fo=1, routed)           0.440     0.667    your_instance_name/inst/clk_in1_clk_wiz_0
    MMCME2_ADV_X1Y0      MMCME2_ADV (Prop_mmcme2_adv_CLKIN1_CLKOUT0)
                                                     -2.360    -1.693 r  your_instance_name/inst/mmcm_adv_inst/CLKOUT0
                         net (fo=1, routed)           0.486    -1.207    your_instance_name/inst/clk_out1_clk_wiz_0
    BUFGCTRL_X0Y1        BUFG (Prop_bufg_I_O)         0.026    -1.181 r  your_instance_name/inst/clkout1_buf/O
                         net (fo=318, routed)         0.567    -0.614    mem_inst/seven_seg_inst/clk_out1
    SLICE_X50Y49         FDCE                                         r  mem_inst/seven_seg_inst/refresh_counter_reg[0]/C
  -------------------------------------------------------------------    -------------------
    SLICE_X50Y49         FDCE (Prop_fdce_C_Q)         0.164    -0.450 f  mem_inst/seven_seg_inst/refresh_counter_reg[0]/Q
                         net (fo=1, routed)           0.163    -0.287    mem_inst/seven_seg_inst/refresh_counter_reg_n_1_[0]
    SLICE_X50Y49         LUT1 (Prop_lut1_I0_O)        0.045    -0.242 r  mem_inst/seven_seg_inst/refresh_counter[0]_i_2/O
                         net (fo=1, routed)           0.000    -0.242    mem_inst/seven_seg_inst/refresh_counter[0]_i_2_n_1
    SLICE_X50Y49         CARRY4 (Prop_carry4_S[0]_CO[3])
                                                      0.145    -0.097 r  mem_inst/seven_seg_inst/refresh_counter_reg[0]_i_1/CO[3]
                         net (fo=1, routed)           0.001    -0.097    mem_inst/seven_seg_inst/refresh_counter_reg[0]_i_1_n_1
    SLICE_X50Y50         CARRY4 (Prop_carry4_CI_O[0])
                                                      0.053    -0.044 r  mem_inst/seven_seg_inst/refresh_counter_reg[4]_i_1/O[0]
                         net (fo=1, routed)           0.000    -0.044    mem_inst/seven_seg_inst/refresh_counter_reg[4]_i_1_n_8
    SLICE_X50Y50         FDCE                                         r  mem_inst/seven_seg_inst/refresh_counter_reg[4]/D
  -------------------------------------------------------------------    -------------------

                         (clock clk_out1_clk_wiz_0 rise edge)
                                                      0.000     0.000 r  
    W5                                                0.000     0.000 r  clk_in (IN)
                         net (fo=0)                   0.000     0.000    your_instance_name/inst/clk_in1
    W5                   IBUF (Prop_ibuf_I_O)         0.414     0.414 r  your_instance_name/inst/clkin1_ibufg/O
                         net (fo=1, routed)           0.480     0.894    your_instance_name/inst/clk_in1_clk_wiz_0
    MMCME2_ADV_X1Y0      MMCME2_ADV (Prop_mmcme2_adv_CLKIN1_CLKOUT0)
                                                     -3.142    -2.248 r  your_instance_name/inst/mmcm_adv_inst/CLKOUT0
                         net (fo=1, routed)           0.530    -1.718    your_instance_name/inst/clk_out1_clk_wiz_0
    BUFGCTRL_X0Y1        BUFG (Prop_bufg_I_O)         0.029    -1.689 r  your_instance_name/inst/clkout1_buf/O
                         net (fo=318, routed)         0.835    -0.854    mem_inst/seven_seg_inst/clk_out1
    SLICE_X50Y50         FDCE                                         r  mem_inst/seven_seg_inst/refresh_counter_reg[4]/C
                         clock pessimism              0.508    -0.345    
    SLICE_X50Y50         FDCE (Hold_fdce_C_D)         0.134    -0.211    mem_inst/seven_seg_inst/refresh_counter_reg[4]
  -------------------------------------------------------------------
                         required time                          0.211    
                         arrival time                          -0.044    
  -------------------------------------------------------------------
                         slack                                  0.168    





Pulse Width Checks
--------------------------------------------------------------------------------------
Clock Name:         clk_out1_clk_wiz_0
Waveform(ns):       { 0.000 16.667 }
Period(ns):         33.333
Sources:            { your_instance_name/inst/mmcm_adv_inst/CLKOUT0 }

Check Type        Corner  Lib Pin             Reference Pin  Required(ns)  Actual(ns)  Slack(ns)  Location         Pin
Min Period        n/a     RAMB18E1/CLKARDCLK  n/a            2.576         33.333      30.757     RAMB18_X1Y24     decode_inst/registerfile_inst/register_array_reg_1/CLKARDCLK
Max Period        n/a     MMCME2_ADV/CLKOUT0  n/a            213.360       33.333      180.027    MMCME2_ADV_X1Y0  your_instance_name/inst/mmcm_adv_inst/CLKOUT0
Low Pulse Width   Slow    RAMS64E/CLK         n/a            1.250         16.667      15.417     SLICE_X56Y54     mem_inst/data_mem_inst/mips_mem_reg_0_255_0_0/RAMS64E_A/CLK
High Pulse Width  Slow    RAMS64E/CLK         n/a            1.250         16.667      15.417     SLICE_X56Y54     mem_inst/data_mem_inst/mips_mem_reg_0_255_0_0/RAMS64E_A/CLK



---------------------------------------------------------------------------------------------------
From Clock:  clkfbout_clk_wiz_0
  To Clock:  clkfbout_clk_wiz_0

Setup :           NA  Failing Endpoints,  Worst Slack           NA  ,  Total Violation           NA
Hold  :           NA  Failing Endpoints,  Worst Slack           NA  ,  Total Violation           NA
PW    :            0  Failing Endpoints,  Worst Slack       47.845ns,  Total Violation        0.000ns
---------------------------------------------------------------------------------------------------


Pulse Width Checks
--------------------------------------------------------------------------------------
Clock Name:         clkfbout_clk_wiz_0
Waveform(ns):       { 0.000 25.000 }
Period(ns):         50.000
Sources:            { your_instance_name/inst/mmcm_adv_inst/CLKFBOUT }

Check Type  Corner  Lib Pin             Reference Pin  Required(ns)  Actual(ns)  Slack(ns)  Location         Pin
Min Period  n/a     BUFG/I              n/a            2.155         50.000      47.845     BUFGCTRL_X0Y2    your_instance_name/inst/clkf_buf/I
Max Period  n/a     MMCME2_ADV/CLKFBIN  n/a            100.000       50.000      50.000     MMCME2_ADV_X1Y0  your_instance_name/inst/mmcm_adv_inst/CLKFBIN



---------------------------------------------------------------------------------------------------
From Clock:  sys_clk_pin
  To Clock:  sys_clk_pin

Setup :           NA  Failing Endpoints,  Worst Slack           NA  ,  Total Violation           NA
Hold  :           NA  Failing Endpoints,  Worst Slack           NA  ,  Total Violation           NA
PW    :            0  Failing Endpoints,  Worst Slack        3.000ns,  Total Violation        0.000ns
---------------------------------------------------------------------------------------------------


Pulse Width Checks
--------------------------------------------------------------------------------------
Clock Name:         sys_clk_pin
Waveform(ns):       { 0.000 5.000 }
Period(ns):         10.000
Sources:            { clk_in }

Check Type        Corner  Lib Pin            Reference Pin  Required(ns)  Actual(ns)  Slack(ns)  Location         Pin
Min Period        n/a     MMCME2_ADV/CLKIN1  n/a            1.249         10.000      8.751      MMCME2_ADV_X1Y0  your_instance_name/inst/mmcm_adv_inst/CLKIN1
Max Period        n/a     MMCME2_ADV/CLKIN1  n/a            100.000       10.000      90.000     MMCME2_ADV_X1Y0  your_instance_name/inst/mmcm_adv_inst/CLKIN1
Low Pulse Width   Slow    MMCME2_ADV/CLKIN1  n/a            2.000         5.000       3.000      MMCME2_ADV_X1Y0  your_instance_name/inst/mmcm_adv_inst/CLKIN1
High Pulse Width  Slow    MMCME2_ADV/CLKIN1  n/a            2.000         5.000       3.000      MMCME2_ADV_X1Y0  your_instance_name/inst/mmcm_adv_inst/CLKIN1



---------------------------------------------------------------------------------------------------
From Clock:  clk_out1_clk_wiz_0_1
  To Clock:  clk_out1_clk_wiz_0_1

Setup :            0  Failing Endpoints,  Worst Slack        8.927ns,  Total Violation        0.000ns
Hold  :            0  Failing Endpoints,  Worst Slack        0.168ns,  Total Violation        0.000ns
PW    :            0  Failing Endpoints,  Worst Slack       15.417ns,  Total Violation        0.000ns
---------------------------------------------------------------------------------------------------


Max Delay Paths
--------------------------------------------------------------------------------------
Slack (MET) :             8.927ns  (required time - arrival time)
  Source:                 alu_result1_s_reg[9]/C
                            (rising edge-triggered cell FDRE clocked by clk_out1_clk_wiz_0_1  {rise@0.000ns fall@16.667ns period=33.333ns})
  Destination:            mem_inst/data_mem_inst/d_out_reg[24]/R
                            (falling edge-triggered cell FDRE clocked by clk_out1_clk_wiz_0_1  {rise@0.000ns fall@16.667ns period=33.333ns})
  Path Group:             clk_out1_clk_wiz_0_1
  Path Type:              Setup (Max at Slow Process Corner)
  Requirement:            16.667ns  (clk_out1_clk_wiz_0_1 fall@16.667ns - clk_out1_clk_wiz_0_1 rise@0.000ns)
  Data Path Delay:        7.057ns  (logic 0.704ns (9.975%)  route 6.353ns (90.025%))
  Logic Levels:           2  (LUT2=1 LUT6=1)
  Clock Path Skew:        -0.110ns (DCD - SCD + CPR)
    Destination Clock Delay (DCD):    -1.563ns = ( 15.104 - 16.667 ) 
    Source Clock Delay      (SCD):    -0.962ns
    Clock Pessimism Removal (CPR):    0.491ns
  Clock Uncertainty:      0.146ns  ((TSJ^2 + DJ^2)^1/2) / 2 + PE
    Total System Jitter     (TSJ):    0.071ns
    Discrete Jitter          (DJ):    0.283ns
    Phase Error              (PE):    0.000ns

    Location             Delay type                Incr(ns)  Path(ns)    Netlist Resource(s)
  -------------------------------------------------------------------    -------------------
                         (clock clk_out1_clk_wiz_0_1 rise edge)
                                                      0.000     0.000 r  
    W5                                                0.000     0.000 r  clk_in (IN)
                         net (fo=0)                   0.000     0.000    your_instance_name/inst/clk_in1
    W5                   IBUF (Prop_ibuf_I_O)         1.458     1.458 r  your_instance_name/inst/clkin1_ibufg/O
                         net (fo=1, routed)           1.233     2.691    your_instance_name/inst/clk_in1_clk_wiz_0
    MMCME2_ADV_X1Y0      MMCME2_ADV (Prop_mmcme2_adv_CLKIN1_CLKOUT0)
                                                     -6.961    -4.269 r  your_instance_name/inst/mmcm_adv_inst/CLKOUT0
                         net (fo=1, routed)           1.661    -2.608    your_instance_name/inst/clk_out1_clk_wiz_0
    BUFGCTRL_X0Y1        BUFG (Prop_bufg_I_O)         0.096    -2.512 r  your_instance_name/inst/clkout1_buf/O
                         net (fo=318, routed)         1.550    -0.962    clk
    SLICE_X33Y61         FDRE                                         r  alu_result1_s_reg[9]/C
  -------------------------------------------------------------------    -------------------
    SLICE_X33Y61         FDRE (Prop_fdre_C_Q)         0.456    -0.506 r  alu_result1_s_reg[9]/Q
                         net (fo=39, routed)          3.639     3.133    mem_inst/data_mem_inst/seven_seg_digit_reg[0]_0[9]
    SLICE_X49Y63         LUT2 (Prop_lut2_I1_O)        0.124     3.257 f  mem_inst/data_mem_inst/d_out[15]_i_4/O
                         net (fo=1, routed)           0.264     3.522    mem_inst/data_mem_inst/d_out[15]_i_4_n_1
    SLICE_X49Y63         LUT6 (Prop_lut6_I0_O)        0.124     3.646 r  mem_inst/data_mem_inst/d_out[15]_i_3/O
                         net (fo=32, routed)          2.450     6.095    mem_inst/data_mem_inst/d_out[31]_i_1_n_1
    SLICE_X43Y62         FDRE                                         r  mem_inst/data_mem_inst/d_out_reg[24]/R
  -------------------------------------------------------------------    -------------------

                         (clock clk_out1_clk_wiz_0_1 fall edge)
                                                     16.667    16.667 f  
    W5                                                0.000    16.667 f  clk_in (IN)
                         net (fo=0)                   0.000    16.667    your_instance_name/inst/clk_in1
    W5                   IBUF (Prop_ibuf_I_O)         1.388    18.055 f  your_instance_name/inst/clkin1_ibufg/O
                         net (fo=1, routed)           1.162    19.217    your_instance_name/inst/clk_in1_clk_wiz_0
    MMCME2_ADV_X1Y0      MMCME2_ADV (Prop_mmcme2_adv_CLKIN1_CLKOUT0)
                                                     -7.217    11.999 f  your_instance_name/inst/mmcm_adv_inst/CLKOUT0
                         net (fo=1, routed)           1.581    13.580    your_instance_name/inst/clk_out1_clk_wiz_0
    BUFGCTRL_X0Y1        BUFG (Prop_bufg_I_O)         0.091    13.671 f  your_instance_name/inst/clkout1_buf/O
                         net (fo=318, routed)         1.433    15.104    mem_inst/data_mem_inst/clk_out1
    SLICE_X43Y62         FDRE                                         r  mem_inst/data_mem_inst/d_out_reg[24]/C  (IS_INVERTED)
                         clock pessimism              0.491    15.594    
                         clock uncertainty           -0.146    15.449    
    SLICE_X43Y62         FDRE (Setup_fdre_C_R)       -0.426    15.023    mem_inst/data_mem_inst/d_out_reg[24]
  -------------------------------------------------------------------
                         required time                         15.023    
                         arrival time                          -6.095    
  -------------------------------------------------------------------
                         slack                                  8.927    





Min Delay Paths
--------------------------------------------------------------------------------------
Slack (MET) :             0.168ns  (arrival time - required time)
  Source:                 mem_inst/seven_seg_inst/refresh_counter_reg[0]/C
                            (rising edge-triggered cell FDCE clocked by clk_out1_clk_wiz_0_1  {rise@0.000ns fall@16.667ns period=33.333ns})
  Destination:            mem_inst/seven_seg_inst/refresh_counter_reg[4]/D
                            (rising edge-triggered cell FDCE clocked by clk_out1_clk_wiz_0_1  {rise@0.000ns fall@16.667ns period=33.333ns})
  Path Group:             clk_out1_clk_wiz_0_1
  Path Type:              Hold (Min at Fast Process Corner)
  Requirement:            0.000ns  (clk_out1_clk_wiz_0_1 rise@0.000ns - clk_out1_clk_wiz_0_1 rise@0.000ns)
  Data Path Delay:        0.571ns  (logic 0.407ns (71.304%)  route 0.164ns (28.696%))
  Logic Levels:           3  (CARRY4=2 LUT1=1)
  Clock Path Skew:        0.269ns (DCD - SCD - CPR)
    Destination Clock Delay (DCD):    -0.854ns
    Source Clock Delay      (SCD):    -0.614ns
    Clock Pessimism Removal (CPR):    -0.508ns

    Location             Delay type                Incr(ns)  Path(ns)    Netlist Resource(s)
  -------------------------------------------------------------------    -------------------
                         (clock clk_out1_clk_wiz_0_1 rise edge)
                                                      0.000     0.000 r  
    W5                                                0.000     0.000 r  clk_in (IN)
                         net (fo=0)                   0.000     0.000    your_instance_name/inst/clk_in1
    W5                   IBUF (Prop_ibuf_I_O)         0.226     0.226 r  your_instance_name/inst/clkin1_ibufg/O
                         net (fo=1, routed)           0.440     0.667    your_instance_name/inst/clk_in1_clk_wiz_0
    MMCME2_ADV_X1Y0      MMCME2_ADV (Prop_mmcme2_adv_CLKIN1_CLKOUT0)
                                                     -2.360    -1.693 r  your_instance_name/inst/mmcm_adv_inst/CLKOUT0
                         net (fo=1, routed)           0.486    -1.207    your_instance_name/inst/clk_out1_clk_wiz_0
    BUFGCTRL_X0Y1        BUFG (Prop_bufg_I_O)         0.026    -1.181 r  your_instance_name/inst/clkout1_buf/O
                         net (fo=318, routed)         0.567    -0.614    mem_inst/seven_seg_inst/clk_out1
    SLICE_X50Y49         FDCE                                         r  mem_inst/seven_seg_inst/refresh_counter_reg[0]/C
  -------------------------------------------------------------------    -------------------
    SLICE_X50Y49         FDCE (Prop_fdce_C_Q)         0.164    -0.450 f  mem_inst/seven_seg_inst/refresh_counter_reg[0]/Q
                         net (fo=1, routed)           0.163    -0.287    mem_inst/seven_seg_inst/refresh_counter_reg_n_1_[0]
    SLICE_X50Y49         LUT1 (Prop_lut1_I0_O)        0.045    -0.242 r  mem_inst/seven_seg_inst/refresh_counter[0]_i_2/O
                         net (fo=1, routed)           0.000    -0.242    mem_inst/seven_seg_inst/refresh_counter[0]_i_2_n_1
    SLICE_X50Y49         CARRY4 (Prop_carry4_S[0]_CO[3])
                                                      0.145    -0.097 r  mem_inst/seven_seg_inst/refresh_counter_reg[0]_i_1/CO[3]
                         net (fo=1, routed)           0.001    -0.097    mem_inst/seven_seg_inst/refresh_counter_reg[0]_i_1_n_1
    SLICE_X50Y50         CARRY4 (Prop_carry4_CI_O[0])
                                                      0.053    -0.044 r  mem_inst/seven_seg_inst/refresh_counter_reg[4]_i_1/O[0]
                         net (fo=1, routed)           0.000    -0.044    mem_inst/seven_seg_inst/refresh_counter_reg[4]_i_1_n_8
    SLICE_X50Y50         FDCE                                         r  mem_inst/seven_seg_inst/refresh_counter_reg[4]/D
  -------------------------------------------------------------------    -------------------

                         (clock clk_out1_clk_wiz_0_1 rise edge)
                                                      0.000     0.000 r  
    W5                                                0.000     0.000 r  clk_in (IN)
                         net (fo=0)                   0.000     0.000    your_instance_name/inst/clk_in1
    W5                   IBUF (Prop_ibuf_I_O)         0.414     0.414 r  your_instance_name/inst/clkin1_ibufg/O
                         net (fo=1, routed)           0.480     0.894    your_instance_name/inst/clk_in1_clk_wiz_0
    MMCME2_ADV_X1Y0      MMCME2_ADV (Prop_mmcme2_adv_CLKIN1_CLKOUT0)
                                                     -3.142    -2.248 r  your_instance_name/inst/mmcm_adv_inst/CLKOUT0
                         net (fo=1, routed)           0.530    -1.718    your_instance_name/inst/clk_out1_clk_wiz_0
    BUFGCTRL_X0Y1        BUFG (Prop_bufg_I_O)         0.029    -1.689 r  your_instance_name/inst/clkout1_buf/O
                         net (fo=318, routed)         0.835    -0.854    mem_inst/seven_seg_inst/clk_out1
    SLICE_X50Y50         FDCE                                         r  mem_inst/seven_seg_inst/refresh_counter_reg[4]/C
                         clock pessimism              0.508    -0.345    
    SLICE_X50Y50         FDCE (Hold_fdce_C_D)         0.134    -0.211    mem_inst/seven_seg_inst/refresh_counter_reg[4]
  -------------------------------------------------------------------
                         required time                          0.211    
                         arrival time                          -0.044    
  -------------------------------------------------------------------
                         slack                                  0.168    





Pulse Width Checks
--------------------------------------------------------------------------------------
Clock Name:         clk_out1_clk_wiz_0_1
Waveform(ns):       { 0.000 16.667 }
Period(ns):         33.333
Sources:            { your_instance_name/inst/mmcm_adv_inst/CLKOUT0 }

Check Type        Corner  Lib Pin             Reference Pin  Required(ns)  Actual(ns)  Slack(ns)  Location         Pin
Min Period        n/a     RAMB18E1/CLKARDCLK  n/a            2.576         33.333      30.757     RAMB18_X1Y24     decode_inst/registerfile_inst/register_array_reg_1/CLKARDCLK
Max Period        n/a     MMCME2_ADV/CLKOUT0  n/a            213.360       33.333      180.027    MMCME2_ADV_X1Y0  your_instance_name/inst/mmcm_adv_inst/CLKOUT0
Low Pulse Width   Slow    RAMS64E/CLK         n/a            1.250         16.667      15.417     SLICE_X56Y54     mem_inst/data_mem_inst/mips_mem_reg_0_255_0_0/RAMS64E_A/CLK
High Pulse Width  Slow    RAMS64E/CLK         n/a            1.250         16.667      15.417     SLICE_X56Y54     mem_inst/data_mem_inst/mips_mem_reg_0_255_0_0/RAMS64E_A/CLK



---------------------------------------------------------------------------------------------------
From Clock:  clkfbout_clk_wiz_0_1
  To Clock:  clkfbout_clk_wiz_0_1

Setup :           NA  Failing Endpoints,  Worst Slack           NA  ,  Total Violation           NA
Hold  :           NA  Failing Endpoints,  Worst Slack           NA  ,  Total Violation           NA
PW    :            0  Failing Endpoints,  Worst Slack       47.845ns,  Total Violation        0.000ns
---------------------------------------------------------------------------------------------------


Pulse Width Checks
--------------------------------------------------------------------------------------
Clock Name:         clkfbout_clk_wiz_0_1
Waveform(ns):       { 0.000 25.000 }
Period(ns):         50.000
Sources:            { your_instance_name/inst/mmcm_adv_inst/CLKFBOUT }

Check Type  Corner  Lib Pin             Reference Pin  Required(ns)  Actual(ns)  Slack(ns)  Location         Pin
Min Period  n/a     BUFG/I              n/a            2.155         50.000      47.845     BUFGCTRL_X0Y2    your_instance_name/inst/clkf_buf/I
Max Period  n/a     MMCME2_ADV/CLKFBIN  n/a            100.000       50.000      50.000     MMCME2_ADV_X1Y0  your_instance_name/inst/mmcm_adv_inst/CLKFBIN



---------------------------------------------------------------------------------------------------
From Clock:  clk_out1_clk_wiz_0_1
  To Clock:  clk_out1_clk_wiz_0

Setup :            0  Failing Endpoints,  Worst Slack        8.921ns,  Total Violation        0.000ns
Hold  :            0  Failing Endpoints,  Worst Slack        0.016ns,  Total Violation        0.000ns
---------------------------------------------------------------------------------------------------


Max Delay Paths
--------------------------------------------------------------------------------------
Slack (MET) :             8.921ns  (required time - arrival time)
  Source:                 alu_result1_s_reg[9]/C
                            (rising edge-triggered cell FDRE clocked by clk_out1_clk_wiz_0_1  {rise@0.000ns fall@16.667ns period=33.333ns})
  Destination:            mem_inst/data_mem_inst/d_out_reg[24]/R
                            (falling edge-triggered cell FDRE clocked by clk_out1_clk_wiz_0  {rise@0.000ns fall@16.667ns period=33.333ns})
  Path Group:             clk_out1_clk_wiz_0
  Path Type:              Setup (Max at Slow Process Corner)
  Requirement:            16.667ns  (clk_out1_clk_wiz_0 fall@16.667ns - clk_out1_clk_wiz_0_1 rise@0.000ns)
  Data Path Delay:        7.057ns  (logic 0.704ns (9.975%)  route 6.353ns (90.025%))
  Logic Levels:           2  (LUT2=1 LUT6=1)
  Clock Path Skew:        -0.110ns (DCD - SCD + CPR)
    Destination Clock Delay (DCD):    -1.563ns = ( 15.104 - 16.667 ) 
    Source Clock Delay      (SCD):    -0.962ns
    Clock Pessimism Removal (CPR):    0.491ns
  Clock Uncertainty:      0.152ns  ((TSJ^2 + DJ^2)^1/2) / 2 + PE
    Total System Jitter     (TSJ):    0.071ns
    Discrete Jitter          (DJ):    0.296ns
    Phase Error              (PE):    0.000ns
  Clock Domain Crossing:  Inter clock paths are considered valid unless explicitly excluded by timing constraints such as set_clock_groups or set_false_path.

    Location             Delay type                Incr(ns)  Path(ns)    Netlist Resource(s)
  -------------------------------------------------------------------    -------------------
                         (clock clk_out1_clk_wiz_0_1 rise edge)
                                                      0.000     0.000 r  
    W5                                                0.000     0.000 r  clk_in (IN)
                         net (fo=0)                   0.000     0.000    your_instance_name/inst/clk_in1
    W5                   IBUF (Prop_ibuf_I_O)         1.458     1.458 r  your_instance_name/inst/clkin1_ibufg/O
                         net (fo=1, routed)           1.233     2.691    your_instance_name/inst/clk_in1_clk_wiz_0
    MMCME2_ADV_X1Y0      MMCME2_ADV (Prop_mmcme2_adv_CLKIN1_CLKOUT0)
                                                     -6.961    -4.269 r  your_instance_name/inst/mmcm_adv_inst/CLKOUT0
                         net (fo=1, routed)           1.661    -2.608    your_instance_name/inst/clk_out1_clk_wiz_0
    BUFGCTRL_X0Y1        BUFG (Prop_bufg_I_O)         0.096    -2.512 r  your_instance_name/inst/clkout1_buf/O
                         net (fo=318, routed)         1.550    -0.962    clk
    SLICE_X33Y61         FDRE                                         r  alu_result1_s_reg[9]/C
  -------------------------------------------------------------------    -------------------
    SLICE_X33Y61         FDRE (Prop_fdre_C_Q)         0.456    -0.506 r  alu_result1_s_reg[9]/Q
                         net (fo=39, routed)          3.639     3.133    mem_inst/data_mem_inst/seven_seg_digit_reg[0]_0[9]
    SLICE_X49Y63         LUT2 (Prop_lut2_I1_O)        0.124     3.257 f  mem_inst/data_mem_inst/d_out[15]_i_4/O
                         net (fo=1, routed)           0.264     3.522    mem_inst/data_mem_inst/d_out[15]_i_4_n_1
    SLICE_X49Y63         LUT6 (Prop_lut6_I0_O)        0.124     3.646 r  mem_inst/data_mem_inst/d_out[15]_i_3/O
                         net (fo=32, routed)          2.450     6.095    mem_inst/data_mem_inst/d_out[31]_i_1_n_1
    SLICE_X43Y62         FDRE                                         r  mem_inst/data_mem_inst/d_out_reg[24]/R
  -------------------------------------------------------------------    -------------------

                         (clock clk_out1_clk_wiz_0 fall edge)
                                                     16.667    16.667 f  
    W5                                                0.000    16.667 f  clk_in (IN)
                         net (fo=0)                   0.000    16.667    your_instance_name/inst/clk_in1
    W5                   IBUF (Prop_ibuf_I_O)         1.388    18.055 f  your_instance_name/inst/clkin1_ibufg/O
                         net (fo=1, routed)           1.162    19.217    your_instance_name/inst/clk_in1_clk_wiz_0
    MMCME2_ADV_X1Y0      MMCME2_ADV (Prop_mmcme2_adv_CLKIN1_CLKOUT0)
                                                     -7.217    11.999 f  your_instance_name/inst/mmcm_adv_inst/CLKOUT0
                         net (fo=1, routed)           1.581    13.580    your_instance_name/inst/clk_out1_clk_wiz_0
    BUFGCTRL_X0Y1        BUFG (Prop_bufg_I_O)         0.091    13.671 f  your_instance_name/inst/clkout1_buf/O
                         net (fo=318, routed)         1.433    15.104    mem_inst/data_mem_inst/clk_out1
    SLICE_X43Y62         FDRE                                         r  mem_inst/data_mem_inst/d_out_reg[24]/C  (IS_INVERTED)
                         clock pessimism              0.491    15.594    
                         clock uncertainty           -0.152    15.442    
    SLICE_X43Y62         FDRE (Setup_fdre_C_R)       -0.426    15.016    mem_inst/data_mem_inst/d_out_reg[24]
  -------------------------------------------------------------------
                         required time                         15.016    
                         arrival time                          -6.095    
  -------------------------------------------------------------------
                         slack                                  8.921    





Min Delay Paths
--------------------------------------------------------------------------------------
Slack (MET) :             0.016ns  (arrival time - required time)
  Source:                 mem_inst/seven_seg_inst/refresh_counter_reg[0]/C
                            (rising edge-triggered cell FDCE clocked by clk_out1_clk_wiz_0_1  {rise@0.000ns fall@16.667ns period=33.333ns})
  Destination:            mem_inst/seven_seg_inst/refresh_counter_reg[4]/D
                            (rising edge-triggered cell FDCE clocked by clk_out1_clk_wiz_0  {rise@0.000ns fall@16.667ns period=33.333ns})
  Path Group:             clk_out1_clk_wiz_0
  Path Type:              Hold (Min at Fast Process Corner)
  Requirement:            0.000ns  (clk_out1_clk_wiz_0 rise@0.000ns - clk_out1_clk_wiz_0_1 rise@0.000ns)
  Data Path Delay:        0.571ns  (logic 0.407ns (71.304%)  route 0.164ns (28.696%))
  Logic Levels:           3  (CARRY4=2 LUT1=1)
  Clock Path Skew:        0.269ns (DCD - SCD - CPR)
    Destination Clock Delay (DCD):    -0.854ns
    Source Clock Delay      (SCD):    -0.614ns
    Clock Pessimism Removal (CPR):    -0.508ns
  Clock Uncertainty:      0.152ns  ((TSJ^2 + DJ^2)^1/2) / 2 + PE
    Total System Jitter     (TSJ):    0.071ns
    Discrete Jitter          (DJ):    0.296ns
    Phase Error              (PE):    0.000ns
  Clock Domain Crossing:  Inter clock paths are considered valid unless explicitly excluded by timing constraints such as set_clock_groups or set_false_path.

    Location             Delay type                Incr(ns)  Path(ns)    Netlist Resource(s)
  -------------------------------------------------------------------    -------------------
                         (clock clk_out1_clk_wiz_0_1 rise edge)
                                                      0.000     0.000 r  
    W5                                                0.000     0.000 r  clk_in (IN)
                         net (fo=0)                   0.000     0.000    your_instance_name/inst/clk_in1
    W5                   IBUF (Prop_ibuf_I_O)         0.226     0.226 r  your_instance_name/inst/clkin1_ibufg/O
                         net (fo=1, routed)           0.440     0.667    your_instance_name/inst/clk_in1_clk_wiz_0
    MMCME2_ADV_X1Y0      MMCME2_ADV (Prop_mmcme2_adv_CLKIN1_CLKOUT0)
                                                     -2.360    -1.693 r  your_instance_name/inst/mmcm_adv_inst/CLKOUT0
                         net (fo=1, routed)           0.486    -1.207    your_instance_name/inst/clk_out1_clk_wiz_0
    BUFGCTRL_X0Y1        BUFG (Prop_bufg_I_O)         0.026    -1.181 r  your_instance_name/inst/clkout1_buf/O
                         net (fo=318, routed)         0.567    -0.614    mem_inst/seven_seg_inst/clk_out1
    SLICE_X50Y49         FDCE                                         r  mem_inst/seven_seg_inst/refresh_counter_reg[0]/C
  -------------------------------------------------------------------    -------------------
    SLICE_X50Y49         FDCE (Prop_fdce_C_Q)         0.164    -0.450 f  mem_inst/seven_seg_inst/refresh_counter_reg[0]/Q
                         net (fo=1, routed)           0.163    -0.287    mem_inst/seven_seg_inst/refresh_counter_reg_n_1_[0]
    SLICE_X50Y49         LUT1 (Prop_lut1_I0_O)        0.045    -0.242 r  mem_inst/seven_seg_inst/refresh_counter[0]_i_2/O
                         net (fo=1, routed)           0.000    -0.242    mem_inst/seven_seg_inst/refresh_counter[0]_i_2_n_1
    SLICE_X50Y49         CARRY4 (Prop_carry4_S[0]_CO[3])
                                                      0.145    -0.097 r  mem_inst/seven_seg_inst/refresh_counter_reg[0]_i_1/CO[3]
                         net (fo=1, routed)           0.001    -0.097    mem_inst/seven_seg_inst/refresh_counter_reg[0]_i_1_n_1
    SLICE_X50Y50         CARRY4 (Prop_carry4_CI_O[0])
                                                      0.053    -0.044 r  mem_inst/seven_seg_inst/refresh_counter_reg[4]_i_1/O[0]
                         net (fo=1, routed)           0.000    -0.044    mem_inst/seven_seg_inst/refresh_counter_reg[4]_i_1_n_8
    SLICE_X50Y50         FDCE                                         r  mem_inst/seven_seg_inst/refresh_counter_reg[4]/D
  -------------------------------------------------------------------    -------------------

                         (clock clk_out1_clk_wiz_0 rise edge)
                                                      0.000     0.000 r  
    W5                                                0.000     0.000 r  clk_in (IN)
                         net (fo=0)                   0.000     0.000    your_instance_name/inst/clk_in1
    W5                   IBUF (Prop_ibuf_I_O)         0.414     0.414 r  your_instance_name/inst/clkin1_ibufg/O
                         net (fo=1, routed)           0.480     0.894    your_instance_name/inst/clk_in1_clk_wiz_0
    MMCME2_ADV_X1Y0      MMCME2_ADV (Prop_mmcme2_adv_CLKIN1_CLKOUT0)
                                                     -3.142    -2.248 r  your_instance_name/inst/mmcm_adv_inst/CLKOUT0
                         net (fo=1, routed)           0.530    -1.718    your_instance_name/inst/clk_out1_clk_wiz_0
    BUFGCTRL_X0Y1        BUFG (Prop_bufg_I_O)         0.029    -1.689 r  your_instance_name/inst/clkout1_buf/O
                         net (fo=318, routed)         0.835    -0.854    mem_inst/seven_seg_inst/clk_out1
    SLICE_X50Y50         FDCE                                         r  mem_inst/seven_seg_inst/refresh_counter_reg[4]/C
                         clock pessimism              0.508    -0.345    
                         clock uncertainty            0.152    -0.193    
    SLICE_X50Y50         FDCE (Hold_fdce_C_D)         0.134    -0.059    mem_inst/seven_seg_inst/refresh_counter_reg[4]
  -------------------------------------------------------------------
                         required time                          0.059    
                         arrival time                          -0.044    
  -------------------------------------------------------------------
                         slack                                  0.016    





---------------------------------------------------------------------------------------------------
From Clock:  clk_out1_clk_wiz_0
  To Clock:  clk_out1_clk_wiz_0_1

Setup :            0  Failing Endpoints,  Worst Slack        8.921ns,  Total Violation        0.000ns
Hold  :            0  Failing Endpoints,  Worst Slack        0.016ns,  Total Violation        0.000ns
---------------------------------------------------------------------------------------------------


Max Delay Paths
--------------------------------------------------------------------------------------
Slack (MET) :             8.921ns  (required time - arrival time)
  Source:                 alu_result1_s_reg[9]/C
                            (rising edge-triggered cell FDRE clocked by clk_out1_clk_wiz_0  {rise@0.000ns fall@16.667ns period=33.333ns})
  Destination:            mem_inst/data_mem_inst/d_out_reg[24]/R
                            (falling edge-triggered cell FDRE clocked by clk_out1_clk_wiz_0_1  {rise@0.000ns fall@16.667ns period=33.333ns})
  Path Group:             clk_out1_clk_wiz_0_1
  Path Type:              Setup (Max at Slow Process Corner)
  Requirement:            16.667ns  (clk_out1_clk_wiz_0_1 fall@16.667ns - clk_out1_clk_wiz_0 rise@0.000ns)
  Data Path Delay:        7.057ns  (logic 0.704ns (9.975%)  route 6.353ns (90.025%))
  Logic Levels:           2  (LUT2=1 LUT6=1)
  Clock Path Skew:        -0.110ns (DCD - SCD + CPR)
    Destination Clock Delay (DCD):    -1.563ns = ( 15.104 - 16.667 ) 
    Source Clock Delay      (SCD):    -0.962ns
    Clock Pessimism Removal (CPR):    0.491ns
  Clock Uncertainty:      0.152ns  ((TSJ^2 + DJ^2)^1/2) / 2 + PE
    Total System Jitter     (TSJ):    0.071ns
    Discrete Jitter          (DJ):    0.296ns
    Phase Error              (PE):    0.000ns
  Clock Domain Crossing:  Inter clock paths are considered valid unless explicitly excluded by timing constraints such as set_clock_groups or set_false_path.

    Location             Delay type                Incr(ns)  Path(ns)    Netlist Resource(s)
  -------------------------------------------------------------------    -------------------
                         (clock clk_out1_clk_wiz_0 rise edge)
                                                      0.000     0.000 r  
    W5                                                0.000     0.000 r  clk_in (IN)
                         net (fo=0)                   0.000     0.000    your_instance_name/inst/clk_in1
    W5                   IBUF (Prop_ibuf_I_O)         1.458     1.458 r  your_instance_name/inst/clkin1_ibufg/O
                         net (fo=1, routed)           1.233     2.691    your_instance_name/inst/clk_in1_clk_wiz_0
    MMCME2_ADV_X1Y0      MMCME2_ADV (Prop_mmcme2_adv_CLKIN1_CLKOUT0)
                                                     -6.961    -4.269 r  your_instance_name/inst/mmcm_adv_inst/CLKOUT0
                         net (fo=1, routed)           1.661    -2.608    your_instance_name/inst/clk_out1_clk_wiz_0
    BUFGCTRL_X0Y1        BUFG (Prop_bufg_I_O)         0.096    -2.512 r  your_instance_name/inst/clkout1_buf/O
                         net (fo=318, routed)         1.550    -0.962    clk
    SLICE_X33Y61         FDRE                                         r  alu_result1_s_reg[9]/C
  -------------------------------------------------------------------    -------------------
    SLICE_X33Y61         FDRE (Prop_fdre_C_Q)         0.456    -0.506 r  alu_result1_s_reg[9]/Q
                         net (fo=39, routed)          3.639     3.133    mem_inst/data_mem_inst/seven_seg_digit_reg[0]_0[9]
    SLICE_X49Y63         LUT2 (Prop_lut2_I1_O)        0.124     3.257 f  mem_inst/data_mem_inst/d_out[15]_i_4/O
                         net (fo=1, routed)           0.264     3.522    mem_inst/data_mem_inst/d_out[15]_i_4_n_1
    SLICE_X49Y63         LUT6 (Prop_lut6_I0_O)        0.124     3.646 r  mem_inst/data_mem_inst/d_out[15]_i_3/O
                         net (fo=32, routed)          2.450     6.095    mem_inst/data_mem_inst/d_out[31]_i_1_n_1
    SLICE_X43Y62         FDRE                                         r  mem_inst/data_mem_inst/d_out_reg[24]/R
  -------------------------------------------------------------------    -------------------

                         (clock clk_out1_clk_wiz_0_1 fall edge)
                                                     16.667    16.667 f  
    W5                                                0.000    16.667 f  clk_in (IN)
                         net (fo=0)                   0.000    16.667    your_instance_name/inst/clk_in1
    W5                   IBUF (Prop_ibuf_I_O)         1.388    18.055 f  your_instance_name/inst/clkin1_ibufg/O
                         net (fo=1, routed)           1.162    19.217    your_instance_name/inst/clk_in1_clk_wiz_0
    MMCME2_ADV_X1Y0      MMCME2_ADV (Prop_mmcme2_adv_CLKIN1_CLKOUT0)
                                                     -7.217    11.999 f  your_instance_name/inst/mmcm_adv_inst/CLKOUT0
                         net (fo=1, routed)           1.581    13.580    your_instance_name/inst/clk_out1_clk_wiz_0
    BUFGCTRL_X0Y1        BUFG (Prop_bufg_I_O)         0.091    13.671 f  your_instance_name/inst/clkout1_buf/O
                         net (fo=318, routed)         1.433    15.104    mem_inst/data_mem_inst/clk_out1
    SLICE_X43Y62         FDRE                                         r  mem_inst/data_mem_inst/d_out_reg[24]/C  (IS_INVERTED)
                         clock pessimism              0.491    15.594    
                         clock uncertainty           -0.152    15.442    
    SLICE_X43Y62         FDRE (Setup_fdre_C_R)       -0.426    15.016    mem_inst/data_mem_inst/d_out_reg[24]
  -------------------------------------------------------------------
                         required time                         15.016    
                         arrival time                          -6.095    
  -------------------------------------------------------------------
                         slack                                  8.921    





Min Delay Paths
--------------------------------------------------------------------------------------
Slack (MET) :             0.016ns  (arrival time - required time)
  Source:                 mem_inst/seven_seg_inst/refresh_counter_reg[0]/C
                            (rising edge-triggered cell FDCE clocked by clk_out1_clk_wiz_0  {rise@0.000ns fall@16.667ns period=33.333ns})
  Destination:            mem_inst/seven_seg_inst/refresh_counter_reg[4]/D
                            (rising edge-triggered cell FDCE clocked by clk_out1_clk_wiz_0_1  {rise@0.000ns fall@16.667ns period=33.333ns})
  Path Group:             clk_out1_clk_wiz_0_1
  Path Type:              Hold (Min at Fast Process Corner)
  Requirement:            0.000ns  (clk_out1_clk_wiz_0_1 rise@0.000ns - clk_out1_clk_wiz_0 rise@0.000ns)
  Data Path Delay:        0.571ns  (logic 0.407ns (71.304%)  route 0.164ns (28.696%))
  Logic Levels:           3  (CARRY4=2 LUT1=1)
  Clock Path Skew:        0.269ns (DCD - SCD - CPR)
    Destination Clock Delay (DCD):    -0.854ns
    Source Clock Delay      (SCD):    -0.614ns
    Clock Pessimism Removal (CPR):    -0.508ns
  Clock Uncertainty:      0.152ns  ((TSJ^2 + DJ^2)^1/2) / 2 + PE
    Total System Jitter     (TSJ):    0.071ns
    Discrete Jitter          (DJ):    0.296ns
    Phase Error              (PE):    0.000ns
  Clock Domain Crossing:  Inter clock paths are considered valid unless explicitly excluded by timing constraints such as set_clock_groups or set_false_path.

    Location             Delay type                Incr(ns)  Path(ns)    Netlist Resource(s)
  -------------------------------------------------------------------    -------------------
                         (clock clk_out1_clk_wiz_0 rise edge)
                                                      0.000     0.000 r  
    W5                                                0.000     0.000 r  clk_in (IN)
                         net (fo=0)                   0.000     0.000    your_instance_name/inst/clk_in1
    W5                   IBUF (Prop_ibuf_I_O)         0.226     0.226 r  your_instance_name/inst/clkin1_ibufg/O
                         net (fo=1, routed)           0.440     0.667    your_instance_name/inst/clk_in1_clk_wiz_0
    MMCME2_ADV_X1Y0      MMCME2_ADV (Prop_mmcme2_adv_CLKIN1_CLKOUT0)
                                                     -2.360    -1.693 r  your_instance_name/inst/mmcm_adv_inst/CLKOUT0
                         net (fo=1, routed)           0.486    -1.207    your_instance_name/inst/clk_out1_clk_wiz_0
    BUFGCTRL_X0Y1        BUFG (Prop_bufg_I_O)         0.026    -1.181 r  your_instance_name/inst/clkout1_buf/O
                         net (fo=318, routed)         0.567    -0.614    mem_inst/seven_seg_inst/clk_out1
    SLICE_X50Y49         FDCE                                         r  mem_inst/seven_seg_inst/refresh_counter_reg[0]/C
  -------------------------------------------------------------------    -------------------
    SLICE_X50Y49         FDCE (Prop_fdce_C_Q)         0.164    -0.450 f  mem_inst/seven_seg_inst/refresh_counter_reg[0]/Q
                         net (fo=1, routed)           0.163    -0.287    mem_inst/seven_seg_inst/refresh_counter_reg_n_1_[0]
    SLICE_X50Y49         LUT1 (Prop_lut1_I0_O)        0.045    -0.242 r  mem_inst/seven_seg_inst/refresh_counter[0]_i_2/O
                         net (fo=1, routed)           0.000    -0.242    mem_inst/seven_seg_inst/refresh_counter[0]_i_2_n_1
    SLICE_X50Y49         CARRY4 (Prop_carry4_S[0]_CO[3])
                                                      0.145    -0.097 r  mem_inst/seven_seg_inst/refresh_counter_reg[0]_i_1/CO[3]
                         net (fo=1, routed)           0.001    -0.097    mem_inst/seven_seg_inst/refresh_counter_reg[0]_i_1_n_1
    SLICE_X50Y50         CARRY4 (Prop_carry4_CI_O[0])
                                                      0.053    -0.044 r  mem_inst/seven_seg_inst/refresh_counter_reg[4]_i_1/O[0]
                         net (fo=1, routed)           0.000    -0.044    mem_inst/seven_seg_inst/refresh_counter_reg[4]_i_1_n_8
    SLICE_X50Y50         FDCE                                         r  mem_inst/seven_seg_inst/refresh_counter_reg[4]/D
  -------------------------------------------------------------------    -------------------

                         (clock clk_out1_clk_wiz_0_1 rise edge)
                                                      0.000     0.000 r  
    W5                                                0.000     0.000 r  clk_in (IN)
                         net (fo=0)                   0.000     0.000    your_instance_name/inst/clk_in1
    W5                   IBUF (Prop_ibuf_I_O)         0.414     0.414 r  your_instance_name/inst/clkin1_ibufg/O
                         net (fo=1, routed)           0.480     0.894    your_instance_name/inst/clk_in1_clk_wiz_0
    MMCME2_ADV_X1Y0      MMCME2_ADV (Prop_mmcme2_adv_CLKIN1_CLKOUT0)
                                                     -3.142    -2.248 r  your_instance_name/inst/mmcm_adv_inst/CLKOUT0
                         net (fo=1, routed)           0.530    -1.718    your_instance_name/inst/clk_out1_clk_wiz_0
    BUFGCTRL_X0Y1        BUFG (Prop_bufg_I_O)         0.029    -1.689 r  your_instance_name/inst/clkout1_buf/O
                         net (fo=318, routed)         0.835    -0.854    mem_inst/seven_seg_inst/clk_out1
    SLICE_X50Y50         FDCE                                         r  mem_inst/seven_seg_inst/refresh_counter_reg[4]/C
                         clock pessimism              0.508    -0.345    
                         clock uncertainty            0.152    -0.193    
    SLICE_X50Y50         FDCE (Hold_fdce_C_D)         0.134    -0.059    mem_inst/seven_seg_inst/refresh_counter_reg[4]
  -------------------------------------------------------------------
                         required time                          0.059    
                         arrival time                          -0.044    
  -------------------------------------------------------------------
                         slack                                  0.016    





