Copyright 1986-2022 Xilinx, Inc. All Rights Reserved. Copyright 2022-2025 Advanced Micro Devices, Inc. All Rights Reserved.
---------------------------------------------------------------------------------------------------------------------------------------------
| Tool Version : Vivado v.2025.2 (lin64) Build 6299465 Fri Nov 14 12:34:56 MST 2025
| Date         : Thu Apr 23 19:24:39 2026
| Host         : infinity running 64-bit Arch Linux
| Command      : report_timing_summary -file timing_60MHz.rpt
| Design       : proc
| Device       : 7a35t-cpg236
| Speed File   : -1  PRODUCTION 1.23 2018-06-13
| Design State : Routed
---------------------------------------------------------------------------------------------------------------------------------------------

Timing Summary Report

------------------------------------------------------------------------------------------------
| Timer Settings
| --------------
------------------------------------------------------------------------------------------------

  Enable Multi Corner Analysis               :  Yes
  Enable Pessimism Removal                   :  Yes
  Pessimism Removal Resolution               :  Nearest Common Node
  Enable Input Delay Default Clock           :  No
  Enable Preset / Clear Arcs                 :  No
  Disable Flight Delays                      :  No
  Ignore I/O Paths                           :  No
  Timing Early Launch at Borrowing Latches   :  No
  Borrow Time for Max Delay Exceptions       :  Yes
  Merge Timing Exceptions                    :  Yes
  Inter-SLR Compensation                     :  Conservative

  Corner  Analyze    Analyze    
  Name    Max Paths  Min Paths  
  ------  ---------  ---------  
  Slow    Yes        Yes        
  Fast    Yes        Yes        


------------------------------------------------------------------------------------------------
| Report Methodology
| ------------------
------------------------------------------------------------------------------------------------

Rule       Severity          Description                                                       Violations  
---------  ----------------  ----------------------------------------------------------------  ----------  
TIMING-6   Critical Warning  No common primary clock between related clocks                    2           
TIMING-14  Critical Warning  LUT on the clock tree                                             1           
SYNTH-5    Warning           Mapped onto distributed RAM because of timing constraints         128         
SYNTH-6    Warning           Timing of a RAM block might be sub-optimal                        2           
TIMING-56  Warning           Missing logically or physically excluded clock groups constraint  2           
TIMING-6   Critical Warning  No common primary clock between related clocks                    2           
TIMING-14  Critical Warning  LUT on the clock tree                                             1           
SYNTH-5    Warning           Mapped onto distributed RAM because of timing constraints         128         
TIMING-56  Warning           Missing logically or physically excluded clock groups constraint  2           

Note: This report is based on the most recent report_methodology run and may not be up-to-date. Run report_methodology on the current design for the latest report.



check_timing report

Table of Contents
-----------------
1. checking no_clock (0)
2. checking constant_clock (0)
3. checking pulse_width_clock (0)
4. checking unconstrained_internal_endpoints (0)
5. checking no_input_delay (17)
6. checking no_output_delay (11)
7. checking multiple_clock (979)
8. checking generated_clocks (0)
9. checking loops (0)
10. checking partial_input_delay (0)
11. checking partial_output_delay (0)
12. checking latch_loops (0)

1. checking no_clock (0)
------------------------
 There are 0 register/latch pins with no clock.


2. checking constant_clock (0)
------------------------------
 There are 0 register/latch pins with constant_clock.


3. checking pulse_width_clock (0)
---------------------------------
 There are 0 register/latch pins which need pulse_width check


4. checking unconstrained_internal_endpoints (0)
------------------------------------------------
 There are 0 pins that are not constrained for maximum delay.

 There are 0 pins that are not constrained for maximum delay due to constant clock.


5. checking no_input_delay (17)
-------------------------------
 There are 17 input ports with no input delay specified. (HIGH)

 There are 0 input ports with no input delay but user has a false path constraint.


6. checking no_output_delay (11)
--------------------------------
 There are 11 ports with no output delay specified. (HIGH)

 There are 0 ports with no output delay but user has a false path constraint

 There are 0 ports with no output delay but with a timing clock defined on it or propagating through it


7. checking multiple_clock (979)
--------------------------------
 There are 979 register/latch pins with multiple clocks. (HIGH)


8. checking generated_clocks (0)
--------------------------------
 There are 0 generated clocks that are not connected to a clock source.


9. checking loops (0)
---------------------
 There are 0 combinational loops in the design.


10. checking partial_input_delay (0)
------------------------------------
 There are 0 input ports with partial input delay specified.


11. checking partial_output_delay (0)
-------------------------------------
 There are 0 ports with partial output delay specified.


12. checking latch_loops (0)
----------------------------
 There are 0 combinational latch loops in the design through latch input



------------------------------------------------------------------------------------------------
| Design Timing Summary
| ---------------------
------------------------------------------------------------------------------------------------

    WNS(ns)      TNS(ns)  TNS Failing Endpoints  TNS Total Endpoints      WHS(ns)      THS(ns)  THS Failing Endpoints  THS Total Endpoints     WPWS(ns)     TPWS(ns)  TPWS Failing Endpoints  TPWS Total Endpoints  
    -------      -------  ---------------------  -------------------      -------      -------  ---------------------  -------------------     --------     --------  ----------------------  --------------------  
      0.749        0.000                      0                 6032        0.026        0.000                      0                 6032        3.000        0.000                       0                   986  


All user specified timing constraints are met.


------------------------------------------------------------------------------------------------
| Clock Summary
| -------------
------------------------------------------------------------------------------------------------

Clock                   Waveform(ns)       Period(ns)      Frequency(MHz)
-----                   ------------       ----------      --------------
clk_in                  {0.000 5.000}      10.000          100.000         
  clk_out1_clk_wiz_0    {0.000 8.333}      16.667          60.000          
  clkfbout_clk_wiz_0    {0.000 25.000}     50.000          20.000          
sys_clk_pin             {0.000 5.000}      10.000          100.000         
  clk_out1_clk_wiz_0_1  {0.000 8.333}      16.667          60.000          
  clkfbout_clk_wiz_0_1  {0.000 25.000}     50.000          20.000          


------------------------------------------------------------------------------------------------
| Intra Clock Table
| -----------------
------------------------------------------------------------------------------------------------

Clock                       WNS(ns)      TNS(ns)  TNS Failing Endpoints  TNS Total Endpoints      WHS(ns)      THS(ns)  THS Failing Endpoints  THS Total Endpoints     WPWS(ns)     TPWS(ns)  TPWS Failing Endpoints  TPWS Total Endpoints  
-----                       -------      -------  ---------------------  -------------------      -------      -------  ---------------------  -------------------     --------     --------  ----------------------  --------------------  
clk_in                                                                                                                                                                    3.000        0.000                       0                     1  
  clk_out1_clk_wiz_0          0.749        0.000                      0                 6032        0.161        0.000                      0                 6032        7.083        0.000                       0                   982  
  clkfbout_clk_wiz_0                                                                                                                                                     47.845        0.000                       0                     3  
sys_clk_pin                                                                                                                                                               3.000        0.000                       0                     1  
  clk_out1_clk_wiz_0_1        0.751        0.000                      0                 6032        0.161        0.000                      0                 6032        7.083        0.000                       0                   982  
  clkfbout_clk_wiz_0_1                                                                                                                                                   47.845        0.000                       0                     3  


------------------------------------------------------------------------------------------------
| Inter Clock Table
| -----------------
------------------------------------------------------------------------------------------------

From Clock            To Clock                  WNS(ns)      TNS(ns)  TNS Failing Endpoints  TNS Total Endpoints      WHS(ns)      THS(ns)  THS Failing Endpoints  THS Total Endpoints  
----------            --------                  -------      -------  ---------------------  -------------------      -------      -------  ---------------------  -------------------  
clk_out1_clk_wiz_0_1  clk_out1_clk_wiz_0          0.749        0.000                      0                 6032        0.026        0.000                      0                 6032  
clk_out1_clk_wiz_0    clk_out1_clk_wiz_0_1        0.749        0.000                      0                 6032        0.026        0.000                      0                 6032  


------------------------------------------------------------------------------------------------
| Other Path Groups Table
| -----------------------
------------------------------------------------------------------------------------------------

Path Group    From Clock    To Clock          WNS(ns)      TNS(ns)  TNS Failing Endpoints  TNS Total Endpoints      WHS(ns)      THS(ns)  THS Failing Endpoints  THS Total Endpoints  
----------    ----------    --------          -------      -------  ---------------------  -------------------      -------      -------  ---------------------  -------------------  


------------------------------------------------------------------------------------------------
| Timing Details
| --------------
------------------------------------------------------------------------------------------------


---------------------------------------------------------------------------------------------------
From Clock:  clk_in
  To Clock:  clk_in

Setup :           NA  Failing Endpoints,  Worst Slack           NA  ,  Total Violation           NA
Hold  :           NA  Failing Endpoints,  Worst Slack           NA  ,  Total Violation           NA
PW    :            0  Failing Endpoints,  Worst Slack        3.000ns,  Total Violation        0.000ns
---------------------------------------------------------------------------------------------------


Pulse Width Checks
--------------------------------------------------------------------------------------
Clock Name:         clk_in
Waveform(ns):       { 0.000 5.000 }
Period(ns):         10.000
Sources:            { clk_in }

Check Type        Corner  Lib Pin            Reference Pin  Required(ns)  Actual(ns)  Slack(ns)  Location         Pin
Min Period        n/a     MMCME2_ADV/CLKIN1  n/a            1.249         10.000      8.751      MMCME2_ADV_X1Y0  your_instance_name/inst/mmcm_adv_inst/CLKIN1
Max Period        n/a     MMCME2_ADV/CLKIN1  n/a            100.000       10.000      90.000     MMCME2_ADV_X1Y0  your_instance_name/inst/mmcm_adv_inst/CLKIN1
Low Pulse Width   Slow    MMCME2_ADV/CLKIN1  n/a            2.000         5.000       3.000      MMCME2_ADV_X1Y0  your_instance_name/inst/mmcm_adv_inst/CLKIN1
High Pulse Width  Slow    MMCME2_ADV/CLKIN1  n/a            2.000         5.000       3.000      MMCME2_ADV_X1Y0  your_instance_name/inst/mmcm_adv_inst/CLKIN1



---------------------------------------------------------------------------------------------------
From Clock:  clk_out1_clk_wiz_0
  To Clock:  clk_out1_clk_wiz_0

Setup :            0  Failing Endpoints,  Worst Slack        0.749ns,  Total Violation        0.000ns
Hold  :            0  Failing Endpoints,  Worst Slack        0.161ns,  Total Violation        0.000ns
PW    :            0  Failing Endpoints,  Worst Slack        7.083ns,  Total Violation        0.000ns
---------------------------------------------------------------------------------------------------


Max Delay Paths
--------------------------------------------------------------------------------------
Slack (MET) :             0.749ns  (required time - arrival time)
  Source:                 alu_src1_s_reg/C
                            (rising edge-triggered cell FDRE clocked by clk_out1_clk_wiz_0  {rise@0.000ns fall@8.333ns period=16.667ns})
  Destination:            alu_result1_s_reg[31]/D
                            (rising edge-triggered cell FDRE clocked by clk_out1_clk_wiz_0  {rise@0.000ns fall@8.333ns period=16.667ns})
  Path Group:             clk_out1_clk_wiz_0
  Path Type:              Setup (Max at Slow Process Corner)
  Requirement:            16.667ns  (clk_out1_clk_wiz_0 rise@16.667ns - clk_out1_clk_wiz_0 rise@0.000ns)
  Data Path Delay:        15.713ns  (logic 3.786ns (24.095%)  route 11.927ns (75.905%))
  Logic Levels:           16  (LUT3=1 LUT5=9 LUT6=6)
  Clock Path Skew:        -0.099ns (DCD - SCD + CPR)
    Destination Clock Delay (DCD):    -1.561ns = ( 15.106 - 16.667 ) 
    Source Clock Delay      (SCD):    -0.900ns
    Clock Pessimism Removal (CPR):    0.562ns
  Clock Uncertainty:      0.135ns  ((TSJ^2 + DJ^2)^1/2) / 2 + PE
    Total System Jitter     (TSJ):    0.071ns
    Discrete Jitter          (DJ):    0.260ns
    Phase Error              (PE):    0.000ns

    Location             Delay type                Incr(ns)  Path(ns)    Netlist Resource(s)
  -------------------------------------------------------------------    -------------------
                         (clock clk_out1_clk_wiz_0 rise edge)
                                                      0.000     0.000 r  
    W5                                                0.000     0.000 r  clk_in (IN)
                         net (fo=0)                   0.000     0.000    your_instance_name/inst/clk_in1
    W5                   IBUF (Prop_ibuf_I_O)         1.458     1.458 r  your_instance_name/inst/clkin1_ibufg/O
                         net (fo=1, routed)           1.233     2.691    your_instance_name/inst/clk_in1_clk_wiz_0
    MMCME2_ADV_X1Y0      MMCME2_ADV (Prop_mmcme2_adv_CLKIN1_CLKOUT0)
                                                     -6.961    -4.269 r  your_instance_name/inst/mmcm_adv_inst/CLKOUT0
                         net (fo=1, routed)           1.661    -2.608    your_instance_name/inst/clk_out1_clk_wiz_0
    BUFGCTRL_X0Y1        BUFG (Prop_bufg_I_O)         0.096    -2.512 r  your_instance_name/inst/clkout1_buf/O
                         net (fo=380, routed)         1.612    -0.900    clk
    SLICE_X61Y70         FDRE                                         r  alu_src1_s_reg/C
  -------------------------------------------------------------------    -------------------
    SLICE_X61Y70         FDRE (Prop_fdre_C_Q)         0.456    -0.444 r  alu_src1_s_reg/Q
                         net (fo=188, routed)         1.119     0.675    execute_inst/alu_src1_s
    SLICE_X59Y71         LUT3 (Prop_lut3_I1_O)        0.152     0.827 r  execute_inst/alu_result1_s[9]_i_4/O
                         net (fo=38, routed)          0.805     1.632    execute_inst/b_s[9]
    SLICE_X59Y78         LUT6 (Prop_lut6_I1_O)        0.332     1.964 r  execute_inst/alu_result1_s[14]_i_64/O
                         net (fo=2, routed)           0.699     2.663    execute_inst/mul_comp/prod_inst/gen_reduce_slv_l.wrapper_right_inst/gen_reduce_slv_l.wrapper_left_inst/gen_reduce_slv_l.wrapper_left_inst/gen_two_slv_l.add_inst/p_4_in
    SLICE_X58Y78         LUT6 (Prop_lut6_I4_O)        0.124     2.787 r  execute_inst/alu_result1_s[14]_i_46/O
                         net (fo=4, routed)           0.593     3.380    execute_inst/mul_comp/prod_inst/gen_reduce_slv_l.wrapper_right_inst/gen_reduce_slv_l.wrapper_left_inst/gen_reduce_slv_l.add_inst/c_s_2
    SLICE_X59Y79         LUT5 (Prop_lut5_I2_O)        0.150     3.530 r  execute_inst/alu_result1_s[14]_i_37/O
                         net (fo=4, routed)           0.606     4.135    execute_inst/mul_comp/prod_inst/gen_reduce_slv_l.wrapper_right_inst/gen_reduce_slv_l.wrapper_left_inst/gen_reduce_slv_l.add_inst/c_s_4
    SLICE_X60Y79         LUT5 (Prop_lut5_I2_O)        0.326     4.461 r  execute_inst/alu_result1_s[17]_i_18/O
                         net (fo=4, routed)           0.659     5.121    execute_inst/mul_comp/prod_inst/gen_reduce_slv_l.wrapper_right_inst/gen_reduce_slv_l.wrapper_left_inst/gen_reduce_slv_l.add_inst/c_s_6
    SLICE_X61Y78         LUT5 (Prop_lut5_I4_O)        0.150     5.271 r  execute_inst/alu_result1_s[20]_i_24/O
                         net (fo=4, routed)           0.815     6.086    execute_inst/mul_comp/prod_inst/gen_reduce_slv_l.wrapper_right_inst/gen_reduce_slv_l.wrapper_left_inst/gen_reduce_slv_l.add_inst/c_s_8
    SLICE_X63Y77         LUT5 (Prop_lut5_I4_O)        0.352     6.438 r  execute_inst/alu_result1_s[25]_i_69/O
                         net (fo=4, routed)           0.846     7.284    execute_inst/mul_comp/prod_inst/gen_reduce_slv_l.wrapper_right_inst/gen_reduce_slv_l.wrapper_left_inst/gen_reduce_slv_l.add_inst/c_s_10
    SLICE_X64Y77         LUT5 (Prop_lut5_I4_O)        0.352     7.636 r  execute_inst/alu_result1_s[25]_i_54/O
                         net (fo=5, routed)           0.772     8.407    execute_inst/mul_comp/prod_inst/gen_reduce_slv_l.wrapper_right_inst/gen_reduce_slv_l.wrapper_left_inst/gen_reduce_slv_l.add_inst/c_s_12
    SLICE_X64Y75         LUT5 (Prop_lut5_I4_O)        0.320     8.727 r  execute_inst/alu_result1_s[25]_i_41/O
                         net (fo=4, routed)           0.872     9.600    execute_inst/mul_comp/prod_inst/gen_reduce_slv_l.wrapper_right_inst/gen_reduce_slv_l.wrapper_left_inst/gen_reduce_slv_l.add_inst/c_s_14
    SLICE_X63Y74         LUT6 (Prop_lut6_I0_O)        0.328     9.928 r  execute_inst/alu_result1_s[30]_i_37/O
                         net (fo=2, routed)           0.809    10.736    execute_inst/mul_comp/prod_inst/gen_reduce_slv_l.wrapper_right_inst/res_left_s[18]
    SLICE_X63Y72         LUT5 (Prop_lut5_I1_O)        0.124    10.860 r  execute_inst/alu_result1_s[30]_i_15/O
                         net (fo=4, routed)           0.645    11.506    execute_inst/mul_comp/prod_inst/gen_reduce_slv_l.wrapper_right_inst/gen_reduce_slv_l.add_inst/c_s_15
    SLICE_X62Y72         LUT6 (Prop_lut6_I0_O)        0.124    11.630 f  execute_inst/alu_result1_s[28]_i_7/O
                         net (fo=2, routed)           0.962    12.591    execute_inst/mul_comp/prod_inst/res_right_s[20]
    SLICE_X57Y72         LUT5 (Prop_lut5_I0_O)        0.124    12.715 r  execute_inst/alu_result1_s[29]_i_11/O
                         net (fo=2, routed)           0.844    13.559    execute_inst/alu32_inst/and_comp/alu_result1_s[31]_i_4_0
    SLICE_X60Y71         LUT6 (Prop_lut6_I0_O)        0.124    13.683 r  execute_inst/alu32_inst/and_comp/alu_result1_s[31]_i_7/O
                         net (fo=1, routed)           0.727    14.411    execute_inst/alu32_inst/and_comp/mul_result[31]
    SLICE_X57Y67         LUT6 (Prop_lut6_I1_O)        0.124    14.535 r  execute_inst/alu32_inst/and_comp/alu_result1_s[31]_i_4/O
                         net (fo=1, routed)           0.154    14.689    execute_inst/alu32_inst/xor_comp/alu_result1_s_reg[31]_2
    SLICE_X57Y67         LUT5 (Prop_lut5_I3_O)        0.124    14.813 r  execute_inst/alu32_inst/xor_comp/alu_result1_s[31]_i_1/O
                         net (fo=1, routed)           0.000    14.813    alu_result0_s[31]
    SLICE_X57Y67         FDRE                                         r  alu_result1_s_reg[31]/D
  -------------------------------------------------------------------    -------------------

                         (clock clk_out1_clk_wiz_0 rise edge)
                                                     16.667    16.667 r  
    W5                                                0.000    16.667 r  clk_in (IN)
                         net (fo=0)                   0.000    16.667    your_instance_name/inst/clk_in1
    W5                   IBUF (Prop_ibuf_I_O)         1.388    18.055 r  your_instance_name/inst/clkin1_ibufg/O
                         net (fo=1, routed)           1.162    19.217    your_instance_name/inst/clk_in1_clk_wiz_0
    MMCME2_ADV_X1Y0      MMCME2_ADV (Prop_mmcme2_adv_CLKIN1_CLKOUT0)
                                                     -7.217    11.999 r  your_instance_name/inst/mmcm_adv_inst/CLKOUT0
                         net (fo=1, routed)           1.581    13.580    your_instance_name/inst/clk_out1_clk_wiz_0
    BUFGCTRL_X0Y1        BUFG (Prop_bufg_I_O)         0.091    13.671 r  your_instance_name/inst/clkout1_buf/O
                         net (fo=380, routed)         1.435    15.106    clk
    SLICE_X57Y67         FDRE                                         r  alu_result1_s_reg[31]/C
                         clock pessimism              0.562    15.668    
                         clock uncertainty           -0.135    15.533    
    SLICE_X57Y67         FDRE (Setup_fdre_C_D)        0.029    15.562    alu_result1_s_reg[31]
  -------------------------------------------------------------------
                         required time                         15.562    
                         arrival time                         -14.813    
  -------------------------------------------------------------------
                         slack                                  0.749    





Min Delay Paths
--------------------------------------------------------------------------------------
Slack (MET) :             0.161ns  (arrival time - required time)
  Source:                 alu_result1_s_reg[14]/C
                            (rising edge-triggered cell FDRE clocked by clk_out1_clk_wiz_0  {rise@0.000ns fall@8.333ns period=16.667ns})
  Destination:            alu_result3_s_reg[14]/D
                            (rising edge-triggered cell FDRE clocked by clk_out1_clk_wiz_0  {rise@0.000ns fall@8.333ns period=16.667ns})
  Path Group:             clk_out1_clk_wiz_0
  Path Type:              Hold (Min at Fast Process Corner)
  Requirement:            0.000ns  (clk_out1_clk_wiz_0 rise@0.000ns - clk_out1_clk_wiz_0 rise@0.000ns)
  Data Path Delay:        0.251ns  (logic 0.141ns (56.174%)  route 0.110ns (43.826%))
  Logic Levels:           0  
  Clock Path Skew:        0.015ns (DCD - SCD - CPR)
    Destination Clock Delay (DCD):    -0.839ns
    Source Clock Delay      (SCD):    -0.599ns
    Clock Pessimism Removal (CPR):    -0.255ns

    Location             Delay type                Incr(ns)  Path(ns)    Netlist Resource(s)
  -------------------------------------------------------------------    -------------------
                         (clock clk_out1_clk_wiz_0 rise edge)
                                                      0.000     0.000 r  
    W5                                                0.000     0.000 r  clk_in (IN)
                         net (fo=0)                   0.000     0.000    your_instance_name/inst/clk_in1
    W5                   IBUF (Prop_ibuf_I_O)         0.226     0.226 r  your_instance_name/inst/clkin1_ibufg/O
                         net (fo=1, routed)           0.440     0.667    your_instance_name/inst/clk_in1_clk_wiz_0
    MMCME2_ADV_X1Y0      MMCME2_ADV (Prop_mmcme2_adv_CLKIN1_CLKOUT0)
                                                     -2.360    -1.693 r  your_instance_name/inst/mmcm_adv_inst/CLKOUT0
                         net (fo=1, routed)           0.486    -1.207    your_instance_name/inst/clk_out1_clk_wiz_0
    BUFGCTRL_X0Y1        BUFG (Prop_bufg_I_O)         0.026    -1.181 r  your_instance_name/inst/clkout1_buf/O
                         net (fo=380, routed)         0.582    -0.599    clk
    SLICE_X61Y71         FDRE                                         r  alu_result1_s_reg[14]/C
  -------------------------------------------------------------------    -------------------
    SLICE_X61Y71         FDRE (Prop_fdre_C_Q)         0.141    -0.458 r  alu_result1_s_reg[14]/Q
                         net (fo=1, routed)           0.110    -0.348    alu_result1_s[14]
    SLICE_X61Y70         FDRE                                         r  alu_result3_s_reg[14]/D
  -------------------------------------------------------------------    -------------------

                         (clock clk_out1_clk_wiz_0 rise edge)
                                                      0.000     0.000 r  
    W5                                                0.000     0.000 r  clk_in (IN)
                         net (fo=0)                   0.000     0.000    your_instance_name/inst/clk_in1
    W5                   IBUF (Prop_ibuf_I_O)         0.414     0.414 r  your_instance_name/inst/clkin1_ibufg/O
                         net (fo=1, routed)           0.480     0.894    your_instance_name/inst/clk_in1_clk_wiz_0
    MMCME2_ADV_X1Y0      MMCME2_ADV (Prop_mmcme2_adv_CLKIN1_CLKOUT0)
                                                     -3.142    -2.248 r  your_instance_name/inst/mmcm_adv_inst/CLKOUT0
                         net (fo=1, routed)           0.530    -1.718    your_instance_name/inst/clk_out1_clk_wiz_0
    BUFGCTRL_X0Y1        BUFG (Prop_bufg_I_O)         0.029    -1.689 r  your_instance_name/inst/clkout1_buf/O
                         net (fo=380, routed)         0.850    -0.839    clk
    SLICE_X61Y70         FDRE                                         r  alu_result3_s_reg[14]/C
                         clock pessimism              0.255    -0.584    
    SLICE_X61Y70         FDRE (Hold_fdre_C_D)         0.075    -0.509    alu_result3_s_reg[14]
  -------------------------------------------------------------------
                         required time                          0.509    
                         arrival time                          -0.348    
  -------------------------------------------------------------------
                         slack                                  0.161    





Pulse Width Checks
--------------------------------------------------------------------------------------
Clock Name:         clk_out1_clk_wiz_0
Waveform(ns):       { 0.000 8.333 }
Period(ns):         16.667
Sources:            { your_instance_name/inst/mmcm_adv_inst/CLKOUT0 }

Check Type        Corner  Lib Pin             Reference Pin  Required(ns)  Actual(ns)  Slack(ns)  Location         Pin
Min Period        n/a     BUFG/I              n/a            2.155         16.667      14.511     BUFGCTRL_X0Y0    n_0_788_BUFG_inst/I
Max Period        n/a     MMCME2_ADV/CLKOUT0  n/a            213.360       16.667      196.693    MMCME2_ADV_X1Y0  your_instance_name/inst/mmcm_adv_inst/CLKOUT0
Low Pulse Width   Slow    RAMD32/CLK          n/a            1.250         8.333       7.083      SLICE_X60Y60     decode_inst/registerfile_inst/register_array_reg_r1_0_31_0_5/RAMA/CLK
High Pulse Width  Slow    RAMD32/CLK          n/a            1.250         8.333       7.083      SLICE_X60Y60     decode_inst/registerfile_inst/register_array_reg_r1_0_31_0_5/RAMA/CLK



---------------------------------------------------------------------------------------------------
From Clock:  clkfbout_clk_wiz_0
  To Clock:  clkfbout_clk_wiz_0

Setup :           NA  Failing Endpoints,  Worst Slack           NA  ,  Total Violation           NA
Hold  :           NA  Failing Endpoints,  Worst Slack           NA  ,  Total Violation           NA
PW    :            0  Failing Endpoints,  Worst Slack       47.845ns,  Total Violation        0.000ns
---------------------------------------------------------------------------------------------------


Pulse Width Checks
--------------------------------------------------------------------------------------
Clock Name:         clkfbout_clk_wiz_0
Waveform(ns):       { 0.000 25.000 }
Period(ns):         50.000
Sources:            { your_instance_name/inst/mmcm_adv_inst/CLKFBOUT }

Check Type  Corner  Lib Pin             Reference Pin  Required(ns)  Actual(ns)  Slack(ns)  Location         Pin
Min Period  n/a     BUFG/I              n/a            2.155         50.000      47.845     BUFGCTRL_X0Y2    your_instance_name/inst/clkf_buf/I
Max Period  n/a     MMCME2_ADV/CLKFBIN  n/a            100.000       50.000      50.000     MMCME2_ADV_X1Y0  your_instance_name/inst/mmcm_adv_inst/CLKFBIN



---------------------------------------------------------------------------------------------------
From Clock:  sys_clk_pin
  To Clock:  sys_clk_pin

Setup :           NA  Failing Endpoints,  Worst Slack           NA  ,  Total Violation           NA
Hold  :           NA  Failing Endpoints,  Worst Slack           NA  ,  Total Violation           NA
PW    :            0  Failing Endpoints,  Worst Slack        3.000ns,  Total Violation        0.000ns
---------------------------------------------------------------------------------------------------


Pulse Width Checks
--------------------------------------------------------------------------------------
Clock Name:         sys_clk_pin
Waveform(ns):       { 0.000 5.000 }
Period(ns):         10.000
Sources:            { clk_in }

Check Type        Corner  Lib Pin            Reference Pin  Required(ns)  Actual(ns)  Slack(ns)  Location         Pin
Min Period        n/a     MMCME2_ADV/CLKIN1  n/a            1.249         10.000      8.751      MMCME2_ADV_X1Y0  your_instance_name/inst/mmcm_adv_inst/CLKIN1
Max Period        n/a     MMCME2_ADV/CLKIN1  n/a            100.000       10.000      90.000     MMCME2_ADV_X1Y0  your_instance_name/inst/mmcm_adv_inst/CLKIN1
Low Pulse Width   Slow    MMCME2_ADV/CLKIN1  n/a            2.000         5.000       3.000      MMCME2_ADV_X1Y0  your_instance_name/inst/mmcm_adv_inst/CLKIN1
High Pulse Width  Slow    MMCME2_ADV/CLKIN1  n/a            2.000         5.000       3.000      MMCME2_ADV_X1Y0  your_instance_name/inst/mmcm_adv_inst/CLKIN1



---------------------------------------------------------------------------------------------------
From Clock:  clk_out1_clk_wiz_0_1
  To Clock:  clk_out1_clk_wiz_0_1

Setup :            0  Failing Endpoints,  Worst Slack        0.751ns,  Total Violation        0.000ns
Hold  :            0  Failing Endpoints,  Worst Slack        0.161ns,  Total Violation        0.000ns
PW    :            0  Failing Endpoints,  Worst Slack        7.083ns,  Total Violation        0.000ns
---------------------------------------------------------------------------------------------------


Max Delay Paths
--------------------------------------------------------------------------------------
Slack (MET) :             0.751ns  (required time - arrival time)
  Source:                 alu_src1_s_reg/C
                            (rising edge-triggered cell FDRE clocked by clk_out1_clk_wiz_0_1  {rise@0.000ns fall@8.333ns period=16.667ns})
  Destination:            alu_result1_s_reg[31]/D
                            (rising edge-triggered cell FDRE clocked by clk_out1_clk_wiz_0_1  {rise@0.000ns fall@8.333ns period=16.667ns})
  Path Group:             clk_out1_clk_wiz_0_1
  Path Type:              Setup (Max at Slow Process Corner)
  Requirement:            16.667ns  (clk_out1_clk_wiz_0_1 rise@16.667ns - clk_out1_clk_wiz_0_1 rise@0.000ns)
  Data Path Delay:        15.713ns  (logic 3.786ns (24.095%)  route 11.927ns (75.905%))
  Logic Levels:           16  (LUT3=1 LUT5=9 LUT6=6)
  Clock Path Skew:        -0.099ns (DCD - SCD + CPR)
    Destination Clock Delay (DCD):    -1.561ns = ( 15.106 - 16.667 ) 
    Source Clock Delay      (SCD):    -0.900ns
    Clock Pessimism Removal (CPR):    0.562ns
  Clock Uncertainty:      0.132ns  ((TSJ^2 + DJ^2)^1/2) / 2 + PE
    Total System Jitter     (TSJ):    0.071ns
    Discrete Jitter          (DJ):    0.255ns
    Phase Error              (PE):    0.000ns

    Location             Delay type                Incr(ns)  Path(ns)    Netlist Resource(s)
  -------------------------------------------------------------------    -------------------
                         (clock clk_out1_clk_wiz_0_1 rise edge)
                                                      0.000     0.000 r  
    W5                                                0.000     0.000 r  clk_in (IN)
                         net (fo=0)                   0.000     0.000    your_instance_name/inst/clk_in1
    W5                   IBUF (Prop_ibuf_I_O)         1.458     1.458 r  your_instance_name/inst/clkin1_ibufg/O
                         net (fo=1, routed)           1.233     2.691    your_instance_name/inst/clk_in1_clk_wiz_0
    MMCME2_ADV_X1Y0      MMCME2_ADV (Prop_mmcme2_adv_CLKIN1_CLKOUT0)
                                                     -6.961    -4.269 r  your_instance_name/inst/mmcm_adv_inst/CLKOUT0
                         net (fo=1, routed)           1.661    -2.608    your_instance_name/inst/clk_out1_clk_wiz_0
    BUFGCTRL_X0Y1        BUFG (Prop_bufg_I_O)         0.096    -2.512 r  your_instance_name/inst/clkout1_buf/O
                         net (fo=380, routed)         1.612    -0.900    clk
    SLICE_X61Y70         FDRE                                         r  alu_src1_s_reg/C
  -------------------------------------------------------------------    -------------------
    SLICE_X61Y70         FDRE (Prop_fdre_C_Q)         0.456    -0.444 r  alu_src1_s_reg/Q
                         net (fo=188, routed)         1.119     0.675    execute_inst/alu_src1_s
    SLICE_X59Y71         LUT3 (Prop_lut3_I1_O)        0.152     0.827 r  execute_inst/alu_result1_s[9]_i_4/O
                         net (fo=38, routed)          0.805     1.632    execute_inst/b_s[9]
    SLICE_X59Y78         LUT6 (Prop_lut6_I1_O)        0.332     1.964 r  execute_inst/alu_result1_s[14]_i_64/O
                         net (fo=2, routed)           0.699     2.663    execute_inst/mul_comp/prod_inst/gen_reduce_slv_l.wrapper_right_inst/gen_reduce_slv_l.wrapper_left_inst/gen_reduce_slv_l.wrapper_left_inst/gen_two_slv_l.add_inst/p_4_in
    SLICE_X58Y78         LUT6 (Prop_lut6_I4_O)        0.124     2.787 r  execute_inst/alu_result1_s[14]_i_46/O
                         net (fo=4, routed)           0.593     3.380    execute_inst/mul_comp/prod_inst/gen_reduce_slv_l.wrapper_right_inst/gen_reduce_slv_l.wrapper_left_inst/gen_reduce_slv_l.add_inst/c_s_2
    SLICE_X59Y79         LUT5 (Prop_lut5_I2_O)        0.150     3.530 r  execute_inst/alu_result1_s[14]_i_37/O
                         net (fo=4, routed)           0.606     4.135    execute_inst/mul_comp/prod_inst/gen_reduce_slv_l.wrapper_right_inst/gen_reduce_slv_l.wrapper_left_inst/gen_reduce_slv_l.add_inst/c_s_4
    SLICE_X60Y79         LUT5 (Prop_lut5_I2_O)        0.326     4.461 r  execute_inst/alu_result1_s[17]_i_18/O
                         net (fo=4, routed)           0.659     5.121    execute_inst/mul_comp/prod_inst/gen_reduce_slv_l.wrapper_right_inst/gen_reduce_slv_l.wrapper_left_inst/gen_reduce_slv_l.add_inst/c_s_6
    SLICE_X61Y78         LUT5 (Prop_lut5_I4_O)        0.150     5.271 r  execute_inst/alu_result1_s[20]_i_24/O
                         net (fo=4, routed)           0.815     6.086    execute_inst/mul_comp/prod_inst/gen_reduce_slv_l.wrapper_right_inst/gen_reduce_slv_l.wrapper_left_inst/gen_reduce_slv_l.add_inst/c_s_8
    SLICE_X63Y77         LUT5 (Prop_lut5_I4_O)        0.352     6.438 r  execute_inst/alu_result1_s[25]_i_69/O
                         net (fo=4, routed)           0.846     7.284    execute_inst/mul_comp/prod_inst/gen_reduce_slv_l.wrapper_right_inst/gen_reduce_slv_l.wrapper_left_inst/gen_reduce_slv_l.add_inst/c_s_10
    SLICE_X64Y77         LUT5 (Prop_lut5_I4_O)        0.352     7.636 r  execute_inst/alu_result1_s[25]_i_54/O
                         net (fo=5, routed)           0.772     8.407    execute_inst/mul_comp/prod_inst/gen_reduce_slv_l.wrapper_right_inst/gen_reduce_slv_l.wrapper_left_inst/gen_reduce_slv_l.add_inst/c_s_12
    SLICE_X64Y75         LUT5 (Prop_lut5_I4_O)        0.320     8.727 r  execute_inst/alu_result1_s[25]_i_41/O
                         net (fo=4, routed)           0.872     9.600    execute_inst/mul_comp/prod_inst/gen_reduce_slv_l.wrapper_right_inst/gen_reduce_slv_l.wrapper_left_inst/gen_reduce_slv_l.add_inst/c_s_14
    SLICE_X63Y74         LUT6 (Prop_lut6_I0_O)        0.328     9.928 r  execute_inst/alu_result1_s[30]_i_37/O
                         net (fo=2, routed)           0.809    10.736    execute_inst/mul_comp/prod_inst/gen_reduce_slv_l.wrapper_right_inst/res_left_s[18]
    SLICE_X63Y72         LUT5 (Prop_lut5_I1_O)        0.124    10.860 r  execute_inst/alu_result1_s[30]_i_15/O
                         net (fo=4, routed)           0.645    11.506    execute_inst/mul_comp/prod_inst/gen_reduce_slv_l.wrapper_right_inst/gen_reduce_slv_l.add_inst/c_s_15
    SLICE_X62Y72         LUT6 (Prop_lut6_I0_O)        0.124    11.630 f  execute_inst/alu_result1_s[28]_i_7/O
                         net (fo=2, routed)           0.962    12.591    execute_inst/mul_comp/prod_inst/res_right_s[20]
    SLICE_X57Y72         LUT5 (Prop_lut5_I0_O)        0.124    12.715 r  execute_inst/alu_result1_s[29]_i_11/O
                         net (fo=2, routed)           0.844    13.559    execute_inst/alu32_inst/and_comp/alu_result1_s[31]_i_4_0
    SLICE_X60Y71         LUT6 (Prop_lut6_I0_O)        0.124    13.683 r  execute_inst/alu32_inst/and_comp/alu_result1_s[31]_i_7/O
                         net (fo=1, routed)           0.727    14.411    execute_inst/alu32_inst/and_comp/mul_result[31]
    SLICE_X57Y67         LUT6 (Prop_lut6_I1_O)        0.124    14.535 r  execute_inst/alu32_inst/and_comp/alu_result1_s[31]_i_4/O
                         net (fo=1, routed)           0.154    14.689    execute_inst/alu32_inst/xor_comp/alu_result1_s_reg[31]_2
    SLICE_X57Y67         LUT5 (Prop_lut5_I3_O)        0.124    14.813 r  execute_inst/alu32_inst/xor_comp/alu_result1_s[31]_i_1/O
                         net (fo=1, routed)           0.000    14.813    alu_result0_s[31]
    SLICE_X57Y67         FDRE                                         r  alu_result1_s_reg[31]/D
  -------------------------------------------------------------------    -------------------

                         (clock clk_out1_clk_wiz_0_1 rise edge)
                                                     16.667    16.667 r  
    W5                                                0.000    16.667 r  clk_in (IN)
                         net (fo=0)                   0.000    16.667    your_instance_name/inst/clk_in1
    W5                   IBUF (Prop_ibuf_I_O)         1.388    18.055 r  your_instance_name/inst/clkin1_ibufg/O
                         net (fo=1, routed)           1.162    19.217    your_instance_name/inst/clk_in1_clk_wiz_0
    MMCME2_ADV_X1Y0      MMCME2_ADV (Prop_mmcme2_adv_CLKIN1_CLKOUT0)
                                                     -7.217    11.999 r  your_instance_name/inst/mmcm_adv_inst/CLKOUT0
                         net (fo=1, routed)           1.581    13.580    your_instance_name/inst/clk_out1_clk_wiz_0
    BUFGCTRL_X0Y1        BUFG (Prop_bufg_I_O)         0.091    13.671 r  your_instance_name/inst/clkout1_buf/O
                         net (fo=380, routed)         1.435    15.106    clk
    SLICE_X57Y67         FDRE                                         r  alu_result1_s_reg[31]/C
                         clock pessimism              0.562    15.668    
                         clock uncertainty           -0.132    15.535    
    SLICE_X57Y67         FDRE (Setup_fdre_C_D)        0.029    15.564    alu_result1_s_reg[31]
  -------------------------------------------------------------------
                         required time                         15.564    
                         arrival time                         -14.813    
  -------------------------------------------------------------------
                         slack                                  0.751    





Min Delay Paths
--------------------------------------------------------------------------------------
Slack (MET) :             0.161ns  (arrival time - required time)
  Source:                 alu_result1_s_reg[14]/C
                            (rising edge-triggered cell FDRE clocked by clk_out1_clk_wiz_0_1  {rise@0.000ns fall@8.333ns period=16.667ns})
  Destination:            alu_result3_s_reg[14]/D
                            (rising edge-triggered cell FDRE clocked by clk_out1_clk_wiz_0_1  {rise@0.000ns fall@8.333ns period=16.667ns})
  Path Group:             clk_out1_clk_wiz_0_1
  Path Type:              Hold (Min at Fast Process Corner)
  Requirement:            0.000ns  (clk_out1_clk_wiz_0_1 rise@0.000ns - clk_out1_clk_wiz_0_1 rise@0.000ns)
  Data Path Delay:        0.251ns  (logic 0.141ns (56.174%)  route 0.110ns (43.826%))
  Logic Levels:           0  
  Clock Path Skew:        0.015ns (DCD - SCD - CPR)
    Destination Clock Delay (DCD):    -0.839ns
    Source Clock Delay      (SCD):    -0.599ns
    Clock Pessimism Removal (CPR):    -0.255ns

    Location             Delay type                Incr(ns)  Path(ns)    Netlist Resource(s)
  -------------------------------------------------------------------    -------------------
                         (clock clk_out1_clk_wiz_0_1 rise edge)
                                                      0.000     0.000 r  
    W5                                                0.000     0.000 r  clk_in (IN)
                         net (fo=0)                   0.000     0.000    your_instance_name/inst/clk_in1
    W5                   IBUF (Prop_ibuf_I_O)         0.226     0.226 r  your_instance_name/inst/clkin1_ibufg/O
                         net (fo=1, routed)           0.440     0.667    your_instance_name/inst/clk_in1_clk_wiz_0
    MMCME2_ADV_X1Y0      MMCME2_ADV (Prop_mmcme2_adv_CLKIN1_CLKOUT0)
                                                     -2.360    -1.693 r  your_instance_name/inst/mmcm_adv_inst/CLKOUT0
                         net (fo=1, routed)           0.486    -1.207    your_instance_name/inst/clk_out1_clk_wiz_0
    BUFGCTRL_X0Y1        BUFG (Prop_bufg_I_O)         0.026    -1.181 r  your_instance_name/inst/clkout1_buf/O
                         net (fo=380, routed)         0.582    -0.599    clk
    SLICE_X61Y71         FDRE                                         r  alu_result1_s_reg[14]/C
  -------------------------------------------------------------------    -------------------
    SLICE_X61Y71         FDRE (Prop_fdre_C_Q)         0.141    -0.458 r  alu_result1_s_reg[14]/Q
                         net (fo=1, routed)           0.110    -0.348    alu_result1_s[14]
    SLICE_X61Y70         FDRE                                         r  alu_result3_s_reg[14]/D
  -------------------------------------------------------------------    -------------------

                         (clock clk_out1_clk_wiz_0_1 rise edge)
                                                      0.000     0.000 r  
    W5                                                0.000     0.000 r  clk_in (IN)
                         net (fo=0)                   0.000     0.000    your_instance_name/inst/clk_in1
    W5                   IBUF (Prop_ibuf_I_O)         0.414     0.414 r  your_instance_name/inst/clkin1_ibufg/O
                         net (fo=1, routed)           0.480     0.894    your_instance_name/inst/clk_in1_clk_wiz_0
    MMCME2_ADV_X1Y0      MMCME2_ADV (Prop_mmcme2_adv_CLKIN1_CLKOUT0)
                                                     -3.142    -2.248 r  your_instance_name/inst/mmcm_adv_inst/CLKOUT0
                         net (fo=1, routed)           0.530    -1.718    your_instance_name/inst/clk_out1_clk_wiz_0
    BUFGCTRL_X0Y1        BUFG (Prop_bufg_I_O)         0.029    -1.689 r  your_instance_name/inst/clkout1_buf/O
                         net (fo=380, routed)         0.850    -0.839    clk
    SLICE_X61Y70         FDRE                                         r  alu_result3_s_reg[14]/C
                         clock pessimism              0.255    -0.584    
    SLICE_X61Y70         FDRE (Hold_fdre_C_D)         0.075    -0.509    alu_result3_s_reg[14]
  -------------------------------------------------------------------
                         required time                          0.509    
                         arrival time                          -0.348    
  -------------------------------------------------------------------
                         slack                                  0.161    





Pulse Width Checks
--------------------------------------------------------------------------------------
Clock Name:         clk_out1_clk_wiz_0_1
Waveform(ns):       { 0.000 8.333 }
Period(ns):         16.667
Sources:            { your_instance_name/inst/mmcm_adv_inst/CLKOUT0 }

Check Type        Corner  Lib Pin             Reference Pin  Required(ns)  Actual(ns)  Slack(ns)  Location         Pin
Min Period        n/a     BUFG/I              n/a            2.155         16.667      14.511     BUFGCTRL_X0Y0    n_0_788_BUFG_inst/I
Max Period        n/a     MMCME2_ADV/CLKOUT0  n/a            213.360       16.667      196.693    MMCME2_ADV_X1Y0  your_instance_name/inst/mmcm_adv_inst/CLKOUT0
Low Pulse Width   Slow    RAMD32/CLK          n/a            1.250         8.333       7.083      SLICE_X60Y60     decode_inst/registerfile_inst/register_array_reg_r1_0_31_0_5/RAMA/CLK
High Pulse Width  Slow    RAMD32/CLK          n/a            1.250         8.333       7.083      SLICE_X60Y60     decode_inst/registerfile_inst/register_array_reg_r1_0_31_0_5/RAMA/CLK



---------------------------------------------------------------------------------------------------
From Clock:  clkfbout_clk_wiz_0_1
  To Clock:  clkfbout_clk_wiz_0_1

Setup :           NA  Failing Endpoints,  Worst Slack           NA  ,  Total Violation           NA
Hold  :           NA  Failing Endpoints,  Worst Slack           NA  ,  Total Violation           NA
PW    :            0  Failing Endpoints,  Worst Slack       47.845ns,  Total Violation        0.000ns
---------------------------------------------------------------------------------------------------


Pulse Width Checks
--------------------------------------------------------------------------------------
Clock Name:         clkfbout_clk_wiz_0_1
Waveform(ns):       { 0.000 25.000 }
Period(ns):         50.000
Sources:            { your_instance_name/inst/mmcm_adv_inst/CLKFBOUT }

Check Type  Corner  Lib Pin             Reference Pin  Required(ns)  Actual(ns)  Slack(ns)  Location         Pin
Min Period  n/a     BUFG/I              n/a            2.155         50.000      47.845     BUFGCTRL_X0Y2    your_instance_name/inst/clkf_buf/I
Max Period  n/a     MMCME2_ADV/CLKFBIN  n/a            100.000       50.000      50.000     MMCME2_ADV_X1Y0  your_instance_name/inst/mmcm_adv_inst/CLKFBIN



---------------------------------------------------------------------------------------------------
From Clock:  clk_out1_clk_wiz_0_1
  To Clock:  clk_out1_clk_wiz_0

Setup :            0  Failing Endpoints,  Worst Slack        0.749ns,  Total Violation        0.000ns
Hold  :            0  Failing Endpoints,  Worst Slack        0.026ns,  Total Violation        0.000ns
---------------------------------------------------------------------------------------------------


Max Delay Paths
--------------------------------------------------------------------------------------
Slack (MET) :             0.749ns  (required time - arrival time)
  Source:                 alu_src1_s_reg/C
                            (rising edge-triggered cell FDRE clocked by clk_out1_clk_wiz_0_1  {rise@0.000ns fall@8.333ns period=16.667ns})
  Destination:            alu_result1_s_reg[31]/D
                            (rising edge-triggered cell FDRE clocked by clk_out1_clk_wiz_0  {rise@0.000ns fall@8.333ns period=16.667ns})
  Path Group:             clk_out1_clk_wiz_0
  Path Type:              Setup (Max at Slow Process Corner)
  Requirement:            16.667ns  (clk_out1_clk_wiz_0 rise@16.667ns - clk_out1_clk_wiz_0_1 rise@0.000ns)
  Data Path Delay:        15.713ns  (logic 3.786ns (24.095%)  route 11.927ns (75.905%))
  Logic Levels:           16  (LUT3=1 LUT5=9 LUT6=6)
  Clock Path Skew:        -0.099ns (DCD - SCD + CPR)
    Destination Clock Delay (DCD):    -1.561ns = ( 15.106 - 16.667 ) 
    Source Clock Delay      (SCD):    -0.900ns
    Clock Pessimism Removal (CPR):    0.562ns
  Clock Uncertainty:      0.135ns  ((TSJ^2 + DJ^2)^1/2) / 2 + PE
    Total System Jitter     (TSJ):    0.071ns
    Discrete Jitter          (DJ):    0.260ns
    Phase Error              (PE):    0.000ns
  Clock Domain Crossing:  Inter clock paths are considered valid unless explicitly excluded by timing constraints such as set_clock_groups or set_false_path.

    Location             Delay type                Incr(ns)  Path(ns)    Netlist Resource(s)
  -------------------------------------------------------------------    -------------------
                         (clock clk_out1_clk_wiz_0_1 rise edge)
                                                      0.000     0.000 r  
    W5                                                0.000     0.000 r  clk_in (IN)
                         net (fo=0)                   0.000     0.000    your_instance_name/inst/clk_in1
    W5                   IBUF (Prop_ibuf_I_O)         1.458     1.458 r  your_instance_name/inst/clkin1_ibufg/O
                         net (fo=1, routed)           1.233     2.691    your_instance_name/inst/clk_in1_clk_wiz_0
    MMCME2_ADV_X1Y0      MMCME2_ADV (Prop_mmcme2_adv_CLKIN1_CLKOUT0)
                                                     -6.961    -4.269 r  your_instance_name/inst/mmcm_adv_inst/CLKOUT0
                         net (fo=1, routed)           1.661    -2.608    your_instance_name/inst/clk_out1_clk_wiz_0
    BUFGCTRL_X0Y1        BUFG (Prop_bufg_I_O)         0.096    -2.512 r  your_instance_name/inst/clkout1_buf/O
                         net (fo=380, routed)         1.612    -0.900    clk
    SLICE_X61Y70         FDRE                                         r  alu_src1_s_reg/C
  -------------------------------------------------------------------    -------------------
    SLICE_X61Y70         FDRE (Prop_fdre_C_Q)         0.456    -0.444 r  alu_src1_s_reg/Q
                         net (fo=188, routed)         1.119     0.675    execute_inst/alu_src1_s
    SLICE_X59Y71         LUT3 (Prop_lut3_I1_O)        0.152     0.827 r  execute_inst/alu_result1_s[9]_i_4/O
                         net (fo=38, routed)          0.805     1.632    execute_inst/b_s[9]
    SLICE_X59Y78         LUT6 (Prop_lut6_I1_O)        0.332     1.964 r  execute_inst/alu_result1_s[14]_i_64/O
                         net (fo=2, routed)           0.699     2.663    execute_inst/mul_comp/prod_inst/gen_reduce_slv_l.wrapper_right_inst/gen_reduce_slv_l.wrapper_left_inst/gen_reduce_slv_l.wrapper_left_inst/gen_two_slv_l.add_inst/p_4_in
    SLICE_X58Y78         LUT6 (Prop_lut6_I4_O)        0.124     2.787 r  execute_inst/alu_result1_s[14]_i_46/O
                         net (fo=4, routed)           0.593     3.380    execute_inst/mul_comp/prod_inst/gen_reduce_slv_l.wrapper_right_inst/gen_reduce_slv_l.wrapper_left_inst/gen_reduce_slv_l.add_inst/c_s_2
    SLICE_X59Y79         LUT5 (Prop_lut5_I2_O)        0.150     3.530 r  execute_inst/alu_result1_s[14]_i_37/O
                         net (fo=4, routed)           0.606     4.135    execute_inst/mul_comp/prod_inst/gen_reduce_slv_l.wrapper_right_inst/gen_reduce_slv_l.wrapper_left_inst/gen_reduce_slv_l.add_inst/c_s_4
    SLICE_X60Y79         LUT5 (Prop_lut5_I2_O)        0.326     4.461 r  execute_inst/alu_result1_s[17]_i_18/O
                         net (fo=4, routed)           0.659     5.121    execute_inst/mul_comp/prod_inst/gen_reduce_slv_l.wrapper_right_inst/gen_reduce_slv_l.wrapper_left_inst/gen_reduce_slv_l.add_inst/c_s_6
    SLICE_X61Y78         LUT5 (Prop_lut5_I4_O)        0.150     5.271 r  execute_inst/alu_result1_s[20]_i_24/O
                         net (fo=4, routed)           0.815     6.086    execute_inst/mul_comp/prod_inst/gen_reduce_slv_l.wrapper_right_inst/gen_reduce_slv_l.wrapper_left_inst/gen_reduce_slv_l.add_inst/c_s_8
    SLICE_X63Y77         LUT5 (Prop_lut5_I4_O)        0.352     6.438 r  execute_inst/alu_result1_s[25]_i_69/O
                         net (fo=4, routed)           0.846     7.284    execute_inst/mul_comp/prod_inst/gen_reduce_slv_l.wrapper_right_inst/gen_reduce_slv_l.wrapper_left_inst/gen_reduce_slv_l.add_inst/c_s_10
    SLICE_X64Y77         LUT5 (Prop_lut5_I4_O)        0.352     7.636 r  execute_inst/alu_result1_s[25]_i_54/O
                         net (fo=5, routed)           0.772     8.407    execute_inst/mul_comp/prod_inst/gen_reduce_slv_l.wrapper_right_inst/gen_reduce_slv_l.wrapper_left_inst/gen_reduce_slv_l.add_inst/c_s_12
    SLICE_X64Y75         LUT5 (Prop_lut5_I4_O)        0.320     8.727 r  execute_inst/alu_result1_s[25]_i_41/O
                         net (fo=4, routed)           0.872     9.600    execute_inst/mul_comp/prod_inst/gen_reduce_slv_l.wrapper_right_inst/gen_reduce_slv_l.wrapper_left_inst/gen_reduce_slv_l.add_inst/c_s_14
    SLICE_X63Y74         LUT6 (Prop_lut6_I0_O)        0.328     9.928 r  execute_inst/alu_result1_s[30]_i_37/O
                         net (fo=2, routed)           0.809    10.736    execute_inst/mul_comp/prod_inst/gen_reduce_slv_l.wrapper_right_inst/res_left_s[18]
    SLICE_X63Y72         LUT5 (Prop_lut5_I1_O)        0.124    10.860 r  execute_inst/alu_result1_s[30]_i_15/O
                         net (fo=4, routed)           0.645    11.506    execute_inst/mul_comp/prod_inst/gen_reduce_slv_l.wrapper_right_inst/gen_reduce_slv_l.add_inst/c_s_15
    SLICE_X62Y72         LUT6 (Prop_lut6_I0_O)        0.124    11.630 f  execute_inst/alu_result1_s[28]_i_7/O
                         net (fo=2, routed)           0.962    12.591    execute_inst/mul_comp/prod_inst/res_right_s[20]
    SLICE_X57Y72         LUT5 (Prop_lut5_I0_O)        0.124    12.715 r  execute_inst/alu_result1_s[29]_i_11/O
                         net (fo=2, routed)           0.844    13.559    execute_inst/alu32_inst/and_comp/alu_result1_s[31]_i_4_0
    SLICE_X60Y71         LUT6 (Prop_lut6_I0_O)        0.124    13.683 r  execute_inst/alu32_inst/and_comp/alu_result1_s[31]_i_7/O
                         net (fo=1, routed)           0.727    14.411    execute_inst/alu32_inst/and_comp/mul_result[31]
    SLICE_X57Y67         LUT6 (Prop_lut6_I1_O)        0.124    14.535 r  execute_inst/alu32_inst/and_comp/alu_result1_s[31]_i_4/O
                         net (fo=1, routed)           0.154    14.689    execute_inst/alu32_inst/xor_comp/alu_result1_s_reg[31]_2
    SLICE_X57Y67         LUT5 (Prop_lut5_I3_O)        0.124    14.813 r  execute_inst/alu32_inst/xor_comp/alu_result1_s[31]_i_1/O
                         net (fo=1, routed)           0.000    14.813    alu_result0_s[31]
    SLICE_X57Y67         FDRE                                         r  alu_result1_s_reg[31]/D
  -------------------------------------------------------------------    -------------------

                         (clock clk_out1_clk_wiz_0 rise edge)
                                                     16.667    16.667 r  
    W5                                                0.000    16.667 r  clk_in (IN)
                         net (fo=0)                   0.000    16.667    your_instance_name/inst/clk_in1
    W5                   IBUF (Prop_ibuf_I_O)         1.388    18.055 r  your_instance_name/inst/clkin1_ibufg/O
                         net (fo=1, routed)           1.162    19.217    your_instance_name/inst/clk_in1_clk_wiz_0
    MMCME2_ADV_X1Y0      MMCME2_ADV (Prop_mmcme2_adv_CLKIN1_CLKOUT0)
                                                     -7.217    11.999 r  your_instance_name/inst/mmcm_adv_inst/CLKOUT0
                         net (fo=1, routed)           1.581    13.580    your_instance_name/inst/clk_out1_clk_wiz_0
    BUFGCTRL_X0Y1        BUFG (Prop_bufg_I_O)         0.091    13.671 r  your_instance_name/inst/clkout1_buf/O
                         net (fo=380, routed)         1.435    15.106    clk
    SLICE_X57Y67         FDRE                                         r  alu_result1_s_reg[31]/C
                         clock pessimism              0.562    15.668    
                         clock uncertainty           -0.135    15.533    
    SLICE_X57Y67         FDRE (Setup_fdre_C_D)        0.029    15.562    alu_result1_s_reg[31]
  -------------------------------------------------------------------
                         required time                         15.562    
                         arrival time                         -14.813    
  -------------------------------------------------------------------
                         slack                                  0.749    





Min Delay Paths
--------------------------------------------------------------------------------------
Slack (MET) :             0.026ns  (arrival time - required time)
  Source:                 alu_result1_s_reg[14]/C
                            (rising edge-triggered cell FDRE clocked by clk_out1_clk_wiz_0_1  {rise@0.000ns fall@8.333ns period=16.667ns})
  Destination:            alu_result3_s_reg[14]/D
                            (rising edge-triggered cell FDRE clocked by clk_out1_clk_wiz_0  {rise@0.000ns fall@8.333ns period=16.667ns})
  Path Group:             clk_out1_clk_wiz_0
  Path Type:              Hold (Min at Fast Process Corner)
  Requirement:            0.000ns  (clk_out1_clk_wiz_0 rise@0.000ns - clk_out1_clk_wiz_0_1 rise@0.000ns)
  Data Path Delay:        0.251ns  (logic 0.141ns (56.174%)  route 0.110ns (43.826%))
  Logic Levels:           0  
  Clock Path Skew:        0.015ns (DCD - SCD - CPR)
    Destination Clock Delay (DCD):    -0.839ns
    Source Clock Delay      (SCD):    -0.599ns
    Clock Pessimism Removal (CPR):    -0.255ns
  Clock Uncertainty:      0.135ns  ((TSJ^2 + DJ^2)^1/2) / 2 + PE
    Total System Jitter     (TSJ):    0.071ns
    Discrete Jitter          (DJ):    0.260ns
    Phase Error              (PE):    0.000ns
  Clock Domain Crossing:  Inter clock paths are considered valid unless explicitly excluded by timing constraints such as set_clock_groups or set_false_path.

    Location             Delay type                Incr(ns)  Path(ns)    Netlist Resource(s)
  -------------------------------------------------------------------    -------------------
                         (clock clk_out1_clk_wiz_0_1 rise edge)
                                                      0.000     0.000 r  
    W5                                                0.000     0.000 r  clk_in (IN)
                         net (fo=0)                   0.000     0.000    your_instance_name/inst/clk_in1
    W5                   IBUF (Prop_ibuf_I_O)         0.226     0.226 r  your_instance_name/inst/clkin1_ibufg/O
                         net (fo=1, routed)           0.440     0.667    your_instance_name/inst/clk_in1_clk_wiz_0
    MMCME2_ADV_X1Y0      MMCME2_ADV (Prop_mmcme2_adv_CLKIN1_CLKOUT0)
                                                     -2.360    -1.693 r  your_instance_name/inst/mmcm_adv_inst/CLKOUT0
                         net (fo=1, routed)           0.486    -1.207    your_instance_name/inst/clk_out1_clk_wiz_0
    BUFGCTRL_X0Y1        BUFG (Prop_bufg_I_O)         0.026    -1.181 r  your_instance_name/inst/clkout1_buf/O
                         net (fo=380, routed)         0.582    -0.599    clk
    SLICE_X61Y71         FDRE                                         r  alu_result1_s_reg[14]/C
  -------------------------------------------------------------------    -------------------
    SLICE_X61Y71         FDRE (Prop_fdre_C_Q)         0.141    -0.458 r  alu_result1_s_reg[14]/Q
                         net (fo=1, routed)           0.110    -0.348    alu_result1_s[14]
    SLICE_X61Y70         FDRE                                         r  alu_result3_s_reg[14]/D
  -------------------------------------------------------------------    -------------------

                         (clock clk_out1_clk_wiz_0 rise edge)
                                                      0.000     0.000 r  
    W5                                                0.000     0.000 r  clk_in (IN)
                         net (fo=0)                   0.000     0.000    your_instance_name/inst/clk_in1
    W5                   IBUF (Prop_ibuf_I_O)         0.414     0.414 r  your_instance_name/inst/clkin1_ibufg/O
                         net (fo=1, routed)           0.480     0.894    your_instance_name/inst/clk_in1_clk_wiz_0
    MMCME2_ADV_X1Y0      MMCME2_ADV (Prop_mmcme2_adv_CLKIN1_CLKOUT0)
                                                     -3.142    -2.248 r  your_instance_name/inst/mmcm_adv_inst/CLKOUT0
                         net (fo=1, routed)           0.530    -1.718    your_instance_name/inst/clk_out1_clk_wiz_0
    BUFGCTRL_X0Y1        BUFG (Prop_bufg_I_O)         0.029    -1.689 r  your_instance_name/inst/clkout1_buf/O
                         net (fo=380, routed)         0.850    -0.839    clk
    SLICE_X61Y70         FDRE                                         r  alu_result3_s_reg[14]/C
                         clock pessimism              0.255    -0.584    
                         clock uncertainty            0.135    -0.450    
    SLICE_X61Y70         FDRE (Hold_fdre_C_D)         0.075    -0.375    alu_result3_s_reg[14]
  -------------------------------------------------------------------
                         required time                          0.375    
                         arrival time                          -0.348    
  -------------------------------------------------------------------
                         slack                                  0.026    





---------------------------------------------------------------------------------------------------
From Clock:  clk_out1_clk_wiz_0
  To Clock:  clk_out1_clk_wiz_0_1

Setup :            0  Failing Endpoints,  Worst Slack        0.749ns,  Total Violation        0.000ns
Hold  :            0  Failing Endpoints,  Worst Slack        0.026ns,  Total Violation        0.000ns
---------------------------------------------------------------------------------------------------


Max Delay Paths
--------------------------------------------------------------------------------------
Slack (MET) :             0.749ns  (required time - arrival time)
  Source:                 alu_src1_s_reg/C
                            (rising edge-triggered cell FDRE clocked by clk_out1_clk_wiz_0  {rise@0.000ns fall@8.333ns period=16.667ns})
  Destination:            alu_result1_s_reg[31]/D
                            (rising edge-triggered cell FDRE clocked by clk_out1_clk_wiz_0_1  {rise@0.000ns fall@8.333ns period=16.667ns})
  Path Group:             clk_out1_clk_wiz_0_1
  Path Type:              Setup (Max at Slow Process Corner)
  Requirement:            16.667ns  (clk_out1_clk_wiz_0_1 rise@16.667ns - clk_out1_clk_wiz_0 rise@0.000ns)
  Data Path Delay:        15.713ns  (logic 3.786ns (24.095%)  route 11.927ns (75.905%))
  Logic Levels:           16  (LUT3=1 LUT5=9 LUT6=6)
  Clock Path Skew:        -0.099ns (DCD - SCD + CPR)
    Destination Clock Delay (DCD):    -1.561ns = ( 15.106 - 16.667 ) 
    Source Clock Delay      (SCD):    -0.900ns
    Clock Pessimism Removal (CPR):    0.562ns
  Clock Uncertainty:      0.135ns  ((TSJ^2 + DJ^2)^1/2) / 2 + PE
    Total System Jitter     (TSJ):    0.071ns
    Discrete Jitter          (DJ):    0.260ns
    Phase Error              (PE):    0.000ns
  Clock Domain Crossing:  Inter clock paths are considered valid unless explicitly excluded by timing constraints such as set_clock_groups or set_false_path.

    Location             Delay type                Incr(ns)  Path(ns)    Netlist Resource(s)
  -------------------------------------------------------------------    -------------------
                         (clock clk_out1_clk_wiz_0 rise edge)
                                                      0.000     0.000 r  
    W5                                                0.000     0.000 r  clk_in (IN)
                         net (fo=0)                   0.000     0.000    your_instance_name/inst/clk_in1
    W5                   IBUF (Prop_ibuf_I_O)         1.458     1.458 r  your_instance_name/inst/clkin1_ibufg/O
                         net (fo=1, routed)           1.233     2.691    your_instance_name/inst/clk_in1_clk_wiz_0
    MMCME2_ADV_X1Y0      MMCME2_ADV (Prop_mmcme2_adv_CLKIN1_CLKOUT0)
                                                     -6.961    -4.269 r  your_instance_name/inst/mmcm_adv_inst/CLKOUT0
                         net (fo=1, routed)           1.661    -2.608    your_instance_name/inst/clk_out1_clk_wiz_0
    BUFGCTRL_X0Y1        BUFG (Prop_bufg_I_O)         0.096    -2.512 r  your_instance_name/inst/clkout1_buf/O
                         net (fo=380, routed)         1.612    -0.900    clk
    SLICE_X61Y70         FDRE                                         r  alu_src1_s_reg/C
  -------------------------------------------------------------------    -------------------
    SLICE_X61Y70         FDRE (Prop_fdre_C_Q)         0.456    -0.444 r  alu_src1_s_reg/Q
                         net (fo=188, routed)         1.119     0.675    execute_inst/alu_src1_s
    SLICE_X59Y71         LUT3 (Prop_lut3_I1_O)        0.152     0.827 r  execute_inst/alu_result1_s[9]_i_4/O
                         net (fo=38, routed)          0.805     1.632    execute_inst/b_s[9]
    SLICE_X59Y78         LUT6 (Prop_lut6_I1_O)        0.332     1.964 r  execute_inst/alu_result1_s[14]_i_64/O
                         net (fo=2, routed)           0.699     2.663    execute_inst/mul_comp/prod_inst/gen_reduce_slv_l.wrapper_right_inst/gen_reduce_slv_l.wrapper_left_inst/gen_reduce_slv_l.wrapper_left_inst/gen_two_slv_l.add_inst/p_4_in
    SLICE_X58Y78         LUT6 (Prop_lut6_I4_O)        0.124     2.787 r  execute_inst/alu_result1_s[14]_i_46/O
                         net (fo=4, routed)           0.593     3.380    execute_inst/mul_comp/prod_inst/gen_reduce_slv_l.wrapper_right_inst/gen_reduce_slv_l.wrapper_left_inst/gen_reduce_slv_l.add_inst/c_s_2
    SLICE_X59Y79         LUT5 (Prop_lut5_I2_O)        0.150     3.530 r  execute_inst/alu_result1_s[14]_i_37/O
                         net (fo=4, routed)           0.606     4.135    execute_inst/mul_comp/prod_inst/gen_reduce_slv_l.wrapper_right_inst/gen_reduce_slv_l.wrapper_left_inst/gen_reduce_slv_l.add_inst/c_s_4
    SLICE_X60Y79         LUT5 (Prop_lut5_I2_O)        0.326     4.461 r  execute_inst/alu_result1_s[17]_i_18/O
                         net (fo=4, routed)           0.659     5.121    execute_inst/mul_comp/prod_inst/gen_reduce_slv_l.wrapper_right_inst/gen_reduce_slv_l.wrapper_left_inst/gen_reduce_slv_l.add_inst/c_s_6
    SLICE_X61Y78         LUT5 (Prop_lut5_I4_O)        0.150     5.271 r  execute_inst/alu_result1_s[20]_i_24/O
                         net (fo=4, routed)           0.815     6.086    execute_inst/mul_comp/prod_inst/gen_reduce_slv_l.wrapper_right_inst/gen_reduce_slv_l.wrapper_left_inst/gen_reduce_slv_l.add_inst/c_s_8
    SLICE_X63Y77         LUT5 (Prop_lut5_I4_O)        0.352     6.438 r  execute_inst/alu_result1_s[25]_i_69/O
                         net (fo=4, routed)           0.846     7.284    execute_inst/mul_comp/prod_inst/gen_reduce_slv_l.wrapper_right_inst/gen_reduce_slv_l.wrapper_left_inst/gen_reduce_slv_l.add_inst/c_s_10
    SLICE_X64Y77         LUT5 (Prop_lut5_I4_O)        0.352     7.636 r  execute_inst/alu_result1_s[25]_i_54/O
                         net (fo=5, routed)           0.772     8.407    execute_inst/mul_comp/prod_inst/gen_reduce_slv_l.wrapper_right_inst/gen_reduce_slv_l.wrapper_left_inst/gen_reduce_slv_l.add_inst/c_s_12
    SLICE_X64Y75         LUT5 (Prop_lut5_I4_O)        0.320     8.727 r  execute_inst/alu_result1_s[25]_i_41/O
                         net (fo=4, routed)           0.872     9.600    execute_inst/mul_comp/prod_inst/gen_reduce_slv_l.wrapper_right_inst/gen_reduce_slv_l.wrapper_left_inst/gen_reduce_slv_l.add_inst/c_s_14
    SLICE_X63Y74         LUT6 (Prop_lut6_I0_O)        0.328     9.928 r  execute_inst/alu_result1_s[30]_i_37/O
                         net (fo=2, routed)           0.809    10.736    execute_inst/mul_comp/prod_inst/gen_reduce_slv_l.wrapper_right_inst/res_left_s[18]
    SLICE_X63Y72         LUT5 (Prop_lut5_I1_O)        0.124    10.860 r  execute_inst/alu_result1_s[30]_i_15/O
                         net (fo=4, routed)           0.645    11.506    execute_inst/mul_comp/prod_inst/gen_reduce_slv_l.wrapper_right_inst/gen_reduce_slv_l.add_inst/c_s_15
    SLICE_X62Y72         LUT6 (Prop_lut6_I0_O)        0.124    11.630 f  execute_inst/alu_result1_s[28]_i_7/O
                         net (fo=2, routed)           0.962    12.591    execute_inst/mul_comp/prod_inst/res_right_s[20]
    SLICE_X57Y72         LUT5 (Prop_lut5_I0_O)        0.124    12.715 r  execute_inst/alu_result1_s[29]_i_11/O
                         net (fo=2, routed)           0.844    13.559    execute_inst/alu32_inst/and_comp/alu_result1_s[31]_i_4_0
    SLICE_X60Y71         LUT6 (Prop_lut6_I0_O)        0.124    13.683 r  execute_inst/alu32_inst/and_comp/alu_result1_s[31]_i_7/O
                         net (fo=1, routed)           0.727    14.411    execute_inst/alu32_inst/and_comp/mul_result[31]
    SLICE_X57Y67         LUT6 (Prop_lut6_I1_O)        0.124    14.535 r  execute_inst/alu32_inst/and_comp/alu_result1_s[31]_i_4/O
                         net (fo=1, routed)           0.154    14.689    execute_inst/alu32_inst/xor_comp/alu_result1_s_reg[31]_2
    SLICE_X57Y67         LUT5 (Prop_lut5_I3_O)        0.124    14.813 r  execute_inst/alu32_inst/xor_comp/alu_result1_s[31]_i_1/O
                         net (fo=1, routed)           0.000    14.813    alu_result0_s[31]
    SLICE_X57Y67         FDRE                                         r  alu_result1_s_reg[31]/D
  -------------------------------------------------------------------    -------------------

                         (clock clk_out1_clk_wiz_0_1 rise edge)
                                                     16.667    16.667 r  
    W5                                                0.000    16.667 r  clk_in (IN)
                         net (fo=0)                   0.000    16.667    your_instance_name/inst/clk_in1
    W5                   IBUF (Prop_ibuf_I_O)         1.388    18.055 r  your_instance_name/inst/clkin1_ibufg/O
                         net (fo=1, routed)           1.162    19.217    your_instance_name/inst/clk_in1_clk_wiz_0
    MMCME2_ADV_X1Y0      MMCME2_ADV (Prop_mmcme2_adv_CLKIN1_CLKOUT0)
                                                     -7.217    11.999 r  your_instance_name/inst/mmcm_adv_inst/CLKOUT0
                         net (fo=1, routed)           1.581    13.580    your_instance_name/inst/clk_out1_clk_wiz_0
    BUFGCTRL_X0Y1        BUFG (Prop_bufg_I_O)         0.091    13.671 r  your_instance_name/inst/clkout1_buf/O
                         net (fo=380, routed)         1.435    15.106    clk
    SLICE_X57Y67         FDRE                                         r  alu_result1_s_reg[31]/C
                         clock pessimism              0.562    15.668    
                         clock uncertainty           -0.135    15.533    
    SLICE_X57Y67         FDRE (Setup_fdre_C_D)        0.029    15.562    alu_result1_s_reg[31]
  -------------------------------------------------------------------
                         required time                         15.562    
                         arrival time                         -14.813    
  -------------------------------------------------------------------
                         slack                                  0.749    





Min Delay Paths
--------------------------------------------------------------------------------------
Slack (MET) :             0.026ns  (arrival time - required time)
  Source:                 alu_result1_s_reg[14]/C
                            (rising edge-triggered cell FDRE clocked by clk_out1_clk_wiz_0  {rise@0.000ns fall@8.333ns period=16.667ns})
  Destination:            alu_result3_s_reg[14]/D
                            (rising edge-triggered cell FDRE clocked by clk_out1_clk_wiz_0_1  {rise@0.000ns fall@8.333ns period=16.667ns})
  Path Group:             clk_out1_clk_wiz_0_1
  Path Type:              Hold (Min at Fast Process Corner)
  Requirement:            0.000ns  (clk_out1_clk_wiz_0_1 rise@0.000ns - clk_out1_clk_wiz_0 rise@0.000ns)
  Data Path Delay:        0.251ns  (logic 0.141ns (56.174%)  route 0.110ns (43.826%))
  Logic Levels:           0  
  Clock Path Skew:        0.015ns (DCD - SCD - CPR)
    Destination Clock Delay (DCD):    -0.839ns
    Source Clock Delay      (SCD):    -0.599ns
    Clock Pessimism Removal (CPR):    -0.255ns
  Clock Uncertainty:      0.135ns  ((TSJ^2 + DJ^2)^1/2) / 2 + PE
    Total System Jitter     (TSJ):    0.071ns
    Discrete Jitter          (DJ):    0.260ns
    Phase Error              (PE):    0.000ns
  Clock Domain Crossing:  Inter clock paths are considered valid unless explicitly excluded by timing constraints such as set_clock_groups or set_false_path.

    Location             Delay type                Incr(ns)  Path(ns)    Netlist Resource(s)
  -------------------------------------------------------------------    -------------------
                         (clock clk_out1_clk_wiz_0 rise edge)
                                                      0.000     0.000 r  
    W5                                                0.000     0.000 r  clk_in (IN)
                         net (fo=0)                   0.000     0.000    your_instance_name/inst/clk_in1
    W5                   IBUF (Prop_ibuf_I_O)         0.226     0.226 r  your_instance_name/inst/clkin1_ibufg/O
                         net (fo=1, routed)           0.440     0.667    your_instance_name/inst/clk_in1_clk_wiz_0
    MMCME2_ADV_X1Y0      MMCME2_ADV (Prop_mmcme2_adv_CLKIN1_CLKOUT0)
                                                     -2.360    -1.693 r  your_instance_name/inst/mmcm_adv_inst/CLKOUT0
                         net (fo=1, routed)           0.486    -1.207    your_instance_name/inst/clk_out1_clk_wiz_0
    BUFGCTRL_X0Y1        BUFG (Prop_bufg_I_O)         0.026    -1.181 r  your_instance_name/inst/clkout1_buf/O
                         net (fo=380, routed)         0.582    -0.599    clk
    SLICE_X61Y71         FDRE                                         r  alu_result1_s_reg[14]/C
  -------------------------------------------------------------------    -------------------
    SLICE_X61Y71         FDRE (Prop_fdre_C_Q)         0.141    -0.458 r  alu_result1_s_reg[14]/Q
                         net (fo=1, routed)           0.110    -0.348    alu_result1_s[14]
    SLICE_X61Y70         FDRE                                         r  alu_result3_s_reg[14]/D
  -------------------------------------------------------------------    -------------------

                         (clock clk_out1_clk_wiz_0_1 rise edge)
                                                      0.000     0.000 r  
    W5                                                0.000     0.000 r  clk_in (IN)
                         net (fo=0)                   0.000     0.000    your_instance_name/inst/clk_in1
    W5                   IBUF (Prop_ibuf_I_O)         0.414     0.414 r  your_instance_name/inst/clkin1_ibufg/O
                         net (fo=1, routed)           0.480     0.894    your_instance_name/inst/clk_in1_clk_wiz_0
    MMCME2_ADV_X1Y0      MMCME2_ADV (Prop_mmcme2_adv_CLKIN1_CLKOUT0)
                                                     -3.142    -2.248 r  your_instance_name/inst/mmcm_adv_inst/CLKOUT0
                         net (fo=1, routed)           0.530    -1.718    your_instance_name/inst/clk_out1_clk_wiz_0
    BUFGCTRL_X0Y1        BUFG (Prop_bufg_I_O)         0.029    -1.689 r  your_instance_name/inst/clkout1_buf/O
                         net (fo=380, routed)         0.850    -0.839    clk
    SLICE_X61Y70         FDRE                                         r  alu_result3_s_reg[14]/C
                         clock pessimism              0.255    -0.584    
                         clock uncertainty            0.135    -0.450    
    SLICE_X61Y70         FDRE (Hold_fdre_C_D)         0.075    -0.375    alu_result3_s_reg[14]
  -------------------------------------------------------------------
                         required time                          0.375    
                         arrival time                          -0.348    
  -------------------------------------------------------------------
                         slack                                  0.026    





