Copyright 1986-2022 Xilinx, Inc. All Rights Reserved. Copyright 2022-2025 Advanced Micro Devices, Inc. All Rights Reserved.
---------------------------------------------------------------------------------------------------------------------------------------------
| Tool Version : Vivado v.2025.2 (lin64) Build 6299465 Fri Nov 14 12:34:56 MST 2025
| Date         : Thu Apr 23 19:05:04 2026
| Host         : infinity running 64-bit Arch Linux
| Command      : report_timing_summary -file timing_20MHz.rpt
| Design       : proc
| Device       : 7a35t-cpg236
| Speed File   : -1  PRODUCTION 1.23 2018-06-13
| Design State : Routed
---------------------------------------------------------------------------------------------------------------------------------------------

Timing Summary Report

------------------------------------------------------------------------------------------------
| Timer Settings
| --------------
------------------------------------------------------------------------------------------------

  Enable Multi Corner Analysis               :  Yes
  Enable Pessimism Removal                   :  Yes
  Pessimism Removal Resolution               :  Nearest Common Node
  Enable Input Delay Default Clock           :  No
  Enable Preset / Clear Arcs                 :  No
  Disable Flight Delays                      :  No
  Ignore I/O Paths                           :  No
  Timing Early Launch at Borrowing Latches   :  No
  Borrow Time for Max Delay Exceptions       :  Yes
  Merge Timing Exceptions                    :  Yes
  Inter-SLR Compensation                     :  Conservative

  Corner  Analyze    Analyze    
  Name    Max Paths  Min Paths  
  ------  ---------  ---------  
  Slow    Yes        Yes        
  Fast    Yes        Yes        


------------------------------------------------------------------------------------------------
| Report Methodology
| ------------------
------------------------------------------------------------------------------------------------

Rule       Severity          Description                                                       Violations  
---------  ----------------  ----------------------------------------------------------------  ----------  
TIMING-6   Critical Warning  No common primary clock between related clocks                    2           
TIMING-14  Critical Warning  LUT on the clock tree                                             1           
SYNTH-5    Warning           Mapped onto distributed RAM because of timing constraints         128         
SYNTH-6    Warning           Timing of a RAM block might be sub-optimal                        2           
TIMING-56  Warning           Missing logically or physically excluded clock groups constraint  2           

Note: This report is based on the most recent report_methodology run and may not be up-to-date. Run report_methodology on the current design for the latest report.



check_timing report

Table of Contents
-----------------
1. checking no_clock (0)
2. checking constant_clock (0)
3. checking pulse_width_clock (0)
4. checking unconstrained_internal_endpoints (0)
5. checking no_input_delay (17)
6. checking no_output_delay (11)
7. checking multiple_clock (831)
8. checking generated_clocks (0)
9. checking loops (0)
10. checking partial_input_delay (0)
11. checking partial_output_delay (0)
12. checking latch_loops (0)

1. checking no_clock (0)
------------------------
 There are 0 register/latch pins with no clock.


2. checking constant_clock (0)
------------------------------
 There are 0 register/latch pins with constant_clock.


3. checking pulse_width_clock (0)
---------------------------------
 There are 0 register/latch pins which need pulse_width check


4. checking unconstrained_internal_endpoints (0)
------------------------------------------------
 There are 0 pins that are not constrained for maximum delay.

 There are 0 pins that are not constrained for maximum delay due to constant clock.


5. checking no_input_delay (17)
-------------------------------
 There are 17 input ports with no input delay specified. (HIGH)

 There are 0 input ports with no input delay but user has a false path constraint.


6. checking no_output_delay (11)
--------------------------------
 There are 11 ports with no output delay specified. (HIGH)

 There are 0 ports with no output delay but user has a false path constraint

 There are 0 ports with no output delay but with a timing clock defined on it or propagating through it


7. checking multiple_clock (831)
--------------------------------
 There are 831 register/latch pins with multiple clocks. (HIGH)


8. checking generated_clocks (0)
--------------------------------
 There are 0 generated clocks that are not connected to a clock source.


9. checking loops (0)
---------------------
 There are 0 combinational loops in the design.


10. checking partial_input_delay (0)
------------------------------------
 There are 0 input ports with partial input delay specified.


11. checking partial_output_delay (0)
-------------------------------------
 There are 0 ports with partial output delay specified.


12. checking latch_loops (0)
----------------------------
 There are 0 combinational latch loops in the design through latch input



------------------------------------------------------------------------------------------------
| Design Timing Summary
| ---------------------
------------------------------------------------------------------------------------------------

    WNS(ns)      TNS(ns)  TNS Failing Endpoints  TNS Total Endpoints      WHS(ns)      THS(ns)  THS Failing Endpoints  THS Total Endpoints     WPWS(ns)     TPWS(ns)  TPWS Failing Endpoints  TPWS Total Endpoints  
    -------      -------  ---------------------  -------------------      -------      -------  ---------------------  -------------------     --------     --------  ----------------------  --------------------  
     17.249        0.000                      0                 5551        0.057        0.000                      0                 5551        3.000        0.000                       0                   838  


All user specified timing constraints are met.


------------------------------------------------------------------------------------------------
| Clock Summary
| -------------
------------------------------------------------------------------------------------------------

Clock                   Waveform(ns)       Period(ns)      Frequency(MHz)
-----                   ------------       ----------      --------------
clk_in                  {0.000 5.000}      10.000          100.000         
  clk_out1_clk_wiz_0    {0.000 25.000}     50.000          20.000          
  clkfbout_clk_wiz_0    {0.000 5.000}      10.000          100.000         
sys_clk_pin             {0.000 5.000}      10.000          100.000         
  clk_out1_clk_wiz_0_1  {0.000 25.000}     50.000          20.000          
  clkfbout_clk_wiz_0_1  {0.000 5.000}      10.000          100.000         


------------------------------------------------------------------------------------------------
| Intra Clock Table
| -----------------
------------------------------------------------------------------------------------------------

Clock                       WNS(ns)      TNS(ns)  TNS Failing Endpoints  TNS Total Endpoints      WHS(ns)      THS(ns)  THS Failing Endpoints  THS Total Endpoints     WPWS(ns)     TPWS(ns)  TPWS Failing Endpoints  TPWS Total Endpoints  
-----                       -------      -------  ---------------------  -------------------      -------      -------  ---------------------  -------------------     --------     --------  ----------------------  --------------------  
clk_in                                                                                                                                                                    3.000        0.000                       0                     1  
  clk_out1_clk_wiz_0         17.249        0.000                      0                 5551        0.160        0.000                      0                 5551       23.750        0.000                       0                   834  
  clkfbout_clk_wiz_0                                                                                                                                                      7.845        0.000                       0                     3  
sys_clk_pin                                                                                                                                                               3.000        0.000                       0                     1  
  clk_out1_clk_wiz_0_1       17.252        0.000                      0                 5551        0.160        0.000                      0                 5551       23.750        0.000                       0                   834  
  clkfbout_clk_wiz_0_1                                                                                                                                                    7.845        0.000                       0                     3  


------------------------------------------------------------------------------------------------
| Inter Clock Table
| -----------------
------------------------------------------------------------------------------------------------

From Clock            To Clock                  WNS(ns)      TNS(ns)  TNS Failing Endpoints  TNS Total Endpoints      WHS(ns)      THS(ns)  THS Failing Endpoints  THS Total Endpoints  
----------            --------                  -------      -------  ---------------------  -------------------      -------      -------  ---------------------  -------------------  
clk_out1_clk_wiz_0_1  clk_out1_clk_wiz_0         17.249        0.000                      0                 5551        0.057        0.000                      0                 5551  
clk_out1_clk_wiz_0    clk_out1_clk_wiz_0_1       17.249        0.000                      0                 5551        0.057        0.000                      0                 5551  


------------------------------------------------------------------------------------------------
| Other Path Groups Table
| -----------------------
------------------------------------------------------------------------------------------------

Path Group    From Clock    To Clock          WNS(ns)      TNS(ns)  TNS Failing Endpoints  TNS Total Endpoints      WHS(ns)      THS(ns)  THS Failing Endpoints  THS Total Endpoints  
----------    ----------    --------          -------      -------  ---------------------  -------------------      -------      -------  ---------------------  -------------------  


------------------------------------------------------------------------------------------------
| Timing Details
| --------------
------------------------------------------------------------------------------------------------


---------------------------------------------------------------------------------------------------
From Clock:  clk_in
  To Clock:  clk_in

Setup :           NA  Failing Endpoints,  Worst Slack           NA  ,  Total Violation           NA
Hold  :           NA  Failing Endpoints,  Worst Slack           NA  ,  Total Violation           NA
PW    :            0  Failing Endpoints,  Worst Slack        3.000ns,  Total Violation        0.000ns
---------------------------------------------------------------------------------------------------


Pulse Width Checks
--------------------------------------------------------------------------------------
Clock Name:         clk_in
Waveform(ns):       { 0.000 5.000 }
Period(ns):         10.000
Sources:            { clk_in }

Check Type        Corner  Lib Pin            Reference Pin  Required(ns)  Actual(ns)  Slack(ns)  Location         Pin
Min Period        n/a     MMCME2_ADV/CLKIN1  n/a            1.249         10.000      8.751      MMCME2_ADV_X1Y0  your_instance_name/inst/mmcm_adv_inst/CLKIN1
Max Period        n/a     MMCME2_ADV/CLKIN1  n/a            100.000       10.000      90.000     MMCME2_ADV_X1Y0  your_instance_name/inst/mmcm_adv_inst/CLKIN1
Low Pulse Width   Slow    MMCME2_ADV/CLKIN1  n/a            2.000         5.000       3.000      MMCME2_ADV_X1Y0  your_instance_name/inst/mmcm_adv_inst/CLKIN1
High Pulse Width  Slow    MMCME2_ADV/CLKIN1  n/a            2.000         5.000       3.000      MMCME2_ADV_X1Y0  your_instance_name/inst/mmcm_adv_inst/CLKIN1



---------------------------------------------------------------------------------------------------
From Clock:  clk_out1_clk_wiz_0
  To Clock:  clk_out1_clk_wiz_0

Setup :            0  Failing Endpoints,  Worst Slack       17.249ns,  Total Violation        0.000ns
Hold  :            0  Failing Endpoints,  Worst Slack        0.160ns,  Total Violation        0.000ns
PW    :            0  Failing Endpoints,  Worst Slack       23.750ns,  Total Violation        0.000ns
---------------------------------------------------------------------------------------------------


Max Delay Paths
--------------------------------------------------------------------------------------
Slack (MET) :             17.249ns  (required time - arrival time)
  Source:                 alu_result1_s_reg[1]/C
                            (rising edge-triggered cell FDRE clocked by clk_out1_clk_wiz_0  {rise@0.000ns fall@25.000ns period=50.000ns})
  Destination:            mem_inst/data_mem_inst/d_out_reg[31]/D
                            (falling edge-triggered cell FDRE clocked by clk_out1_clk_wiz_0  {rise@0.000ns fall@25.000ns period=50.000ns})
  Path Group:             clk_out1_clk_wiz_0
  Path Type:              Setup (Max at Slow Process Corner)
  Requirement:            25.000ns  (clk_out1_clk_wiz_0 fall@25.000ns - clk_out1_clk_wiz_0 rise@0.000ns)
  Data Path Delay:        7.634ns  (logic 1.376ns (18.025%)  route 6.258ns (81.975%))
  Logic Levels:           4  (LUT6=1 MUXF7=1 MUXF8=1 RAMS64E=1)
  Clock Path Skew:        -0.046ns (DCD - SCD + CPR)
    Destination Clock Delay (DCD):    -1.569ns = ( 23.431 - 25.000 ) 
    Source Clock Delay      (SCD):    -0.961ns
    Clock Pessimism Removal (CPR):    0.562ns
  Clock Uncertainty:      0.103ns  ((TSJ^2 + DJ^2)^1/2) / 2 + PE
    Total System Jitter     (TSJ):    0.071ns
    Discrete Jitter          (DJ):    0.193ns
    Phase Error              (PE):    0.000ns

    Location             Delay type                Incr(ns)  Path(ns)    Netlist Resource(s)
  -------------------------------------------------------------------    -------------------
                         (clock clk_out1_clk_wiz_0 rise edge)
                                                      0.000     0.000 r  
    W5                                                0.000     0.000 r  clk_in (IN)
                         net (fo=0)                   0.000     0.000    your_instance_name/inst/clk_in1
    W5                   IBUF (Prop_ibuf_I_O)         1.458     1.458 r  your_instance_name/inst/clkin1_ibufg/O
                         net (fo=1, routed)           1.233     2.691    your_instance_name/inst/clk_in1_clk_wiz_0
    MMCME2_ADV_X1Y0      MMCME2_ADV (Prop_mmcme2_adv_CLKIN1_CLKOUT0)
                                                     -6.961    -4.269 r  your_instance_name/inst/mmcm_adv_inst/CLKOUT0
                         net (fo=1, routed)           1.661    -2.608    your_instance_name/inst/clk_out1_clk_wiz_0
    BUFGCTRL_X0Y1        BUFG (Prop_bufg_I_O)         0.096    -2.512 r  your_instance_name/inst/clkout1_buf/O
                         net (fo=318, routed)         1.551    -0.961    clk
    SLICE_X51Y66         FDRE                                         r  alu_result1_s_reg[1]/C
  -------------------------------------------------------------------    -------------------
    SLICE_X51Y66         FDRE (Prop_fdre_C_Q)         0.419    -0.542 r  alu_result1_s_reg[1]/Q
                         net (fo=179, routed)         5.307     4.765    mem_inst/data_mem_inst/mips_mem_reg_768_1023_31_31/A1
    SLICE_X46Y70         RAMS64E (Prop_rams64e_ADR1_O)
                                                      0.299     5.064 r  mem_inst/data_mem_inst/mips_mem_reg_768_1023_31_31/RAMS64E_D/O
                         net (fo=1, routed)           0.000     5.064    mem_inst/data_mem_inst/mips_mem_reg_768_1023_31_31/OD
    SLICE_X46Y70         MUXF7 (Prop_muxf7_I0_O)      0.241     5.305 r  mem_inst/data_mem_inst/mips_mem_reg_768_1023_31_31/F7.B/O
                         net (fo=1, routed)           0.000     5.305    mem_inst/data_mem_inst/mips_mem_reg_768_1023_31_31/O0
    SLICE_X46Y70         MUXF8 (Prop_muxf8_I0_O)      0.098     5.403 r  mem_inst/data_mem_inst/mips_mem_reg_768_1023_31_31/F8/O
                         net (fo=1, routed)           0.951     6.354    mem_inst/data_mem_inst/mips_mem_reg_768_1023_31_31_n_1
    SLICE_X47Y69         LUT6 (Prop_lut6_I0_O)        0.319     6.673 r  mem_inst/data_mem_inst/d_out[31]_i_2/O
                         net (fo=1, routed)           0.000     6.673    mem_inst/data_mem_inst/d_out0[31]
    SLICE_X47Y69         FDRE                                         r  mem_inst/data_mem_inst/d_out_reg[31]/D
  -------------------------------------------------------------------    -------------------

                         (clock clk_out1_clk_wiz_0 fall edge)
                                                     25.000    25.000 f  
    W5                                                0.000    25.000 f  clk_in (IN)
                         net (fo=0)                   0.000    25.000    your_instance_name/inst/clk_in1
    W5                   IBUF (Prop_ibuf_I_O)         1.388    26.388 f  your_instance_name/inst/clkin1_ibufg/O
                         net (fo=1, routed)           1.162    27.550    your_instance_name/inst/clk_in1_clk_wiz_0
    MMCME2_ADV_X1Y0      MMCME2_ADV (Prop_mmcme2_adv_CLKIN1_CLKOUT0)
                                                     -7.217    20.332 f  your_instance_name/inst/mmcm_adv_inst/CLKOUT0
                         net (fo=1, routed)           1.581    21.914    your_instance_name/inst/clk_out1_clk_wiz_0
    BUFGCTRL_X0Y1        BUFG (Prop_bufg_I_O)         0.091    22.005 f  your_instance_name/inst/clkout1_buf/O
                         net (fo=318, routed)         1.427    23.431    mem_inst/data_mem_inst/clk_out1
    SLICE_X47Y69         FDRE                                         r  mem_inst/data_mem_inst/d_out_reg[31]/C  (IS_INVERTED)
                         clock pessimism              0.562    23.993    
                         clock uncertainty           -0.103    23.890    
    SLICE_X47Y69         FDRE (Setup_fdre_C_D)        0.032    23.922    mem_inst/data_mem_inst/d_out_reg[31]
  -------------------------------------------------------------------
                         required time                         23.922    
                         arrival time                          -6.673    
  -------------------------------------------------------------------
                         slack                                 17.249    





Min Delay Paths
--------------------------------------------------------------------------------------
Slack (MET) :             0.160ns  (arrival time - required time)
  Source:                 alu_result1_s_reg[11]/C
                            (rising edge-triggered cell FDRE clocked by clk_out1_clk_wiz_0  {rise@0.000ns fall@25.000ns period=50.000ns})
  Destination:            alu_result3_s_reg[11]/D
                            (rising edge-triggered cell FDRE clocked by clk_out1_clk_wiz_0  {rise@0.000ns fall@25.000ns period=50.000ns})
  Path Group:             clk_out1_clk_wiz_0
  Path Type:              Hold (Min at Fast Process Corner)
  Requirement:            0.000ns  (clk_out1_clk_wiz_0 rise@0.000ns - clk_out1_clk_wiz_0 rise@0.000ns)
  Data Path Delay:        0.220ns  (logic 0.164ns (74.580%)  route 0.056ns (25.420%))
  Logic Levels:           0  
  Clock Path Skew:        0.000ns (DCD - SCD - CPR)
    Destination Clock Delay (DCD):    -0.865ns
    Source Clock Delay      (SCD):    -0.625ns
    Clock Pessimism Removal (CPR):    -0.240ns

    Location             Delay type                Incr(ns)  Path(ns)    Netlist Resource(s)
  -------------------------------------------------------------------    -------------------
                         (clock clk_out1_clk_wiz_0 rise edge)
                                                      0.000     0.000 r  
    W5                                                0.000     0.000 r  clk_in (IN)
                         net (fo=0)                   0.000     0.000    your_instance_name/inst/clk_in1
    W5                   IBUF (Prop_ibuf_I_O)         0.226     0.226 r  your_instance_name/inst/clkin1_ibufg/O
                         net (fo=1, routed)           0.440     0.667    your_instance_name/inst/clk_in1_clk_wiz_0
    MMCME2_ADV_X1Y0      MMCME2_ADV (Prop_mmcme2_adv_CLKIN1_CLKOUT0)
                                                     -2.360    -1.693 r  your_instance_name/inst/mmcm_adv_inst/CLKOUT0
                         net (fo=1, routed)           0.486    -1.207    your_instance_name/inst/clk_out1_clk_wiz_0
    BUFGCTRL_X0Y1        BUFG (Prop_bufg_I_O)         0.026    -1.181 r  your_instance_name/inst/clkout1_buf/O
                         net (fo=318, routed)         0.556    -0.625    clk
    SLICE_X52Y69         FDRE                                         r  alu_result1_s_reg[11]/C
  -------------------------------------------------------------------    -------------------
    SLICE_X52Y69         FDRE (Prop_fdre_C_Q)         0.164    -0.461 r  alu_result1_s_reg[11]/Q
                         net (fo=1, routed)           0.056    -0.405    alu_result1_s[11]
    SLICE_X52Y69         FDRE                                         r  alu_result3_s_reg[11]/D
  -------------------------------------------------------------------    -------------------

                         (clock clk_out1_clk_wiz_0 rise edge)
                                                      0.000     0.000 r  
    W5                                                0.000     0.000 r  clk_in (IN)
                         net (fo=0)                   0.000     0.000    your_instance_name/inst/clk_in1
    W5                   IBUF (Prop_ibuf_I_O)         0.414     0.414 r  your_instance_name/inst/clkin1_ibufg/O
                         net (fo=1, routed)           0.480     0.894    your_instance_name/inst/clk_in1_clk_wiz_0
    MMCME2_ADV_X1Y0      MMCME2_ADV (Prop_mmcme2_adv_CLKIN1_CLKOUT0)
                                                     -3.142    -2.248 r  your_instance_name/inst/mmcm_adv_inst/CLKOUT0
                         net (fo=1, routed)           0.530    -1.718    your_instance_name/inst/clk_out1_clk_wiz_0
    BUFGCTRL_X0Y1        BUFG (Prop_bufg_I_O)         0.029    -1.689 r  your_instance_name/inst/clkout1_buf/O
                         net (fo=318, routed)         0.824    -0.865    clk
    SLICE_X52Y69         FDRE                                         r  alu_result3_s_reg[11]/C
                         clock pessimism              0.240    -0.625    
    SLICE_X52Y69         FDRE (Hold_fdre_C_D)         0.060    -0.565    alu_result3_s_reg[11]
  -------------------------------------------------------------------
                         required time                          0.565    
                         arrival time                          -0.405    
  -------------------------------------------------------------------
                         slack                                  0.160    





Pulse Width Checks
--------------------------------------------------------------------------------------
Clock Name:         clk_out1_clk_wiz_0
Waveform(ns):       { 0.000 25.000 }
Period(ns):         50.000
Sources:            { your_instance_name/inst/mmcm_adv_inst/CLKOUT0 }

Check Type        Corner  Lib Pin             Reference Pin  Required(ns)  Actual(ns)  Slack(ns)  Location         Pin
Min Period        n/a     RAMB18E1/CLKARDCLK  n/a            2.576         50.000      47.424     RAMB18_X1Y24     decode_inst/registerfile_inst/register_array_reg_1/CLKARDCLK
Max Period        n/a     MMCME2_ADV/CLKOUT0  n/a            213.360       50.000      163.360    MMCME2_ADV_X1Y0  your_instance_name/inst/mmcm_adv_inst/CLKOUT0
Low Pulse Width   Slow    RAMS64E/CLK         n/a            1.250         25.000      23.750     SLICE_X54Y53     mem_inst/data_mem_inst/mips_mem_reg_0_255_0_0/RAMS64E_A/CLK
High Pulse Width  Slow    RAMS64E/CLK         n/a            1.250         25.000      23.750     SLICE_X54Y53     mem_inst/data_mem_inst/mips_mem_reg_0_255_0_0/RAMS64E_A/CLK



---------------------------------------------------------------------------------------------------
From Clock:  clkfbout_clk_wiz_0
  To Clock:  clkfbout_clk_wiz_0

Setup :           NA  Failing Endpoints,  Worst Slack           NA  ,  Total Violation           NA
Hold  :           NA  Failing Endpoints,  Worst Slack           NA  ,  Total Violation           NA
PW    :            0  Failing Endpoints,  Worst Slack        7.845ns,  Total Violation        0.000ns
---------------------------------------------------------------------------------------------------


Pulse Width Checks
--------------------------------------------------------------------------------------
Clock Name:         clkfbout_clk_wiz_0
Waveform(ns):       { 0.000 5.000 }
Period(ns):         10.000
Sources:            { your_instance_name/inst/mmcm_adv_inst/CLKFBOUT }

Check Type  Corner  Lib Pin             Reference Pin  Required(ns)  Actual(ns)  Slack(ns)  Location         Pin
Min Period  n/a     BUFG/I              n/a            2.155         10.000      7.845      BUFGCTRL_X0Y2    your_instance_name/inst/clkf_buf/I
Max Period  n/a     MMCME2_ADV/CLKFBIN  n/a            100.000       10.000      90.000     MMCME2_ADV_X1Y0  your_instance_name/inst/mmcm_adv_inst/CLKFBIN



---------------------------------------------------------------------------------------------------
From Clock:  sys_clk_pin
  To Clock:  sys_clk_pin

Setup :           NA  Failing Endpoints,  Worst Slack           NA  ,  Total Violation           NA
Hold  :           NA  Failing Endpoints,  Worst Slack           NA  ,  Total Violation           NA
PW    :            0  Failing Endpoints,  Worst Slack        3.000ns,  Total Violation        0.000ns
---------------------------------------------------------------------------------------------------


Pulse Width Checks
--------------------------------------------------------------------------------------
Clock Name:         sys_clk_pin
Waveform(ns):       { 0.000 5.000 }
Period(ns):         10.000
Sources:            { clk_in }

Check Type        Corner  Lib Pin            Reference Pin  Required(ns)  Actual(ns)  Slack(ns)  Location         Pin
Min Period        n/a     MMCME2_ADV/CLKIN1  n/a            1.249         10.000      8.751      MMCME2_ADV_X1Y0  your_instance_name/inst/mmcm_adv_inst/CLKIN1
Max Period        n/a     MMCME2_ADV/CLKIN1  n/a            100.000       10.000      90.000     MMCME2_ADV_X1Y0  your_instance_name/inst/mmcm_adv_inst/CLKIN1
Low Pulse Width   Slow    MMCME2_ADV/CLKIN1  n/a            2.000         5.000       3.000      MMCME2_ADV_X1Y0  your_instance_name/inst/mmcm_adv_inst/CLKIN1
High Pulse Width  Slow    MMCME2_ADV/CLKIN1  n/a            2.000         5.000       3.000      MMCME2_ADV_X1Y0  your_instance_name/inst/mmcm_adv_inst/CLKIN1



---------------------------------------------------------------------------------------------------
From Clock:  clk_out1_clk_wiz_0_1
  To Clock:  clk_out1_clk_wiz_0_1

Setup :            0  Failing Endpoints,  Worst Slack       17.252ns,  Total Violation        0.000ns
Hold  :            0  Failing Endpoints,  Worst Slack        0.160ns,  Total Violation        0.000ns
PW    :            0  Failing Endpoints,  Worst Slack       23.750ns,  Total Violation        0.000ns
---------------------------------------------------------------------------------------------------


Max Delay Paths
--------------------------------------------------------------------------------------
Slack (MET) :             17.252ns  (required time - arrival time)
  Source:                 alu_result1_s_reg[1]/C
                            (rising edge-triggered cell FDRE clocked by clk_out1_clk_wiz_0_1  {rise@0.000ns fall@25.000ns period=50.000ns})
  Destination:            mem_inst/data_mem_inst/d_out_reg[31]/D
                            (falling edge-triggered cell FDRE clocked by clk_out1_clk_wiz_0_1  {rise@0.000ns fall@25.000ns period=50.000ns})
  Path Group:             clk_out1_clk_wiz_0_1
  Path Type:              Setup (Max at Slow Process Corner)
  Requirement:            25.000ns  (clk_out1_clk_wiz_0_1 fall@25.000ns - clk_out1_clk_wiz_0_1 rise@0.000ns)
  Data Path Delay:        7.634ns  (logic 1.376ns (18.025%)  route 6.258ns (81.975%))
  Logic Levels:           4  (LUT6=1 MUXF7=1 MUXF8=1 RAMS64E=1)
  Clock Path Skew:        -0.046ns (DCD - SCD + CPR)
    Destination Clock Delay (DCD):    -1.569ns = ( 23.431 - 25.000 ) 
    Source Clock Delay      (SCD):    -0.961ns
    Clock Pessimism Removal (CPR):    0.562ns
  Clock Uncertainty:      0.100ns  ((TSJ^2 + DJ^2)^1/2) / 2 + PE
    Total System Jitter     (TSJ):    0.071ns
    Discrete Jitter          (DJ):    0.187ns
    Phase Error              (PE):    0.000ns

    Location             Delay type                Incr(ns)  Path(ns)    Netlist Resource(s)
  -------------------------------------------------------------------    -------------------
                         (clock clk_out1_clk_wiz_0_1 rise edge)
                                                      0.000     0.000 r  
    W5                                                0.000     0.000 r  clk_in (IN)
                         net (fo=0)                   0.000     0.000    your_instance_name/inst/clk_in1
    W5                   IBUF (Prop_ibuf_I_O)         1.458     1.458 r  your_instance_name/inst/clkin1_ibufg/O
                         net (fo=1, routed)           1.233     2.691    your_instance_name/inst/clk_in1_clk_wiz_0
    MMCME2_ADV_X1Y0      MMCME2_ADV (Prop_mmcme2_adv_CLKIN1_CLKOUT0)
                                                     -6.961    -4.269 r  your_instance_name/inst/mmcm_adv_inst/CLKOUT0
                         net (fo=1, routed)           1.661    -2.608    your_instance_name/inst/clk_out1_clk_wiz_0
    BUFGCTRL_X0Y1        BUFG (Prop_bufg_I_O)         0.096    -2.512 r  your_instance_name/inst/clkout1_buf/O
                         net (fo=318, routed)         1.551    -0.961    clk
    SLICE_X51Y66         FDRE                                         r  alu_result1_s_reg[1]/C
  -------------------------------------------------------------------    -------------------
    SLICE_X51Y66         FDRE (Prop_fdre_C_Q)         0.419    -0.542 r  alu_result1_s_reg[1]/Q
                         net (fo=179, routed)         5.307     4.765    mem_inst/data_mem_inst/mips_mem_reg_768_1023_31_31/A1
    SLICE_X46Y70         RAMS64E (Prop_rams64e_ADR1_O)
                                                      0.299     5.064 r  mem_inst/data_mem_inst/mips_mem_reg_768_1023_31_31/RAMS64E_D/O
                         net (fo=1, routed)           0.000     5.064    mem_inst/data_mem_inst/mips_mem_reg_768_1023_31_31/OD
    SLICE_X46Y70         MUXF7 (Prop_muxf7_I0_O)      0.241     5.305 r  mem_inst/data_mem_inst/mips_mem_reg_768_1023_31_31/F7.B/O
                         net (fo=1, routed)           0.000     5.305    mem_inst/data_mem_inst/mips_mem_reg_768_1023_31_31/O0
    SLICE_X46Y70         MUXF8 (Prop_muxf8_I0_O)      0.098     5.403 r  mem_inst/data_mem_inst/mips_mem_reg_768_1023_31_31/F8/O
                         net (fo=1, routed)           0.951     6.354    mem_inst/data_mem_inst/mips_mem_reg_768_1023_31_31_n_1
    SLICE_X47Y69         LUT6 (Prop_lut6_I0_O)        0.319     6.673 r  mem_inst/data_mem_inst/d_out[31]_i_2/O
                         net (fo=1, routed)           0.000     6.673    mem_inst/data_mem_inst/d_out0[31]
    SLICE_X47Y69         FDRE                                         r  mem_inst/data_mem_inst/d_out_reg[31]/D
  -------------------------------------------------------------------    -------------------

                         (clock clk_out1_clk_wiz_0_1 fall edge)
                                                     25.000    25.000 f  
    W5                                                0.000    25.000 f  clk_in (IN)
                         net (fo=0)                   0.000    25.000    your_instance_name/inst/clk_in1
    W5                   IBUF (Prop_ibuf_I_O)         1.388    26.388 f  your_instance_name/inst/clkin1_ibufg/O
                         net (fo=1, routed)           1.162    27.550    your_instance_name/inst/clk_in1_clk_wiz_0
    MMCME2_ADV_X1Y0      MMCME2_ADV (Prop_mmcme2_adv_CLKIN1_CLKOUT0)
                                                     -7.217    20.332 f  your_instance_name/inst/mmcm_adv_inst/CLKOUT0
                         net (fo=1, routed)           1.581    21.914    your_instance_name/inst/clk_out1_clk_wiz_0
    BUFGCTRL_X0Y1        BUFG (Prop_bufg_I_O)         0.091    22.005 f  your_instance_name/inst/clkout1_buf/O
                         net (fo=318, routed)         1.427    23.431    mem_inst/data_mem_inst/clk_out1
    SLICE_X47Y69         FDRE                                         r  mem_inst/data_mem_inst/d_out_reg[31]/C  (IS_INVERTED)
                         clock pessimism              0.562    23.993    
                         clock uncertainty           -0.100    23.893    
    SLICE_X47Y69         FDRE (Setup_fdre_C_D)        0.032    23.925    mem_inst/data_mem_inst/d_out_reg[31]
  -------------------------------------------------------------------
                         required time                         23.925    
                         arrival time                          -6.673    
  -------------------------------------------------------------------
                         slack                                 17.252    





Min Delay Paths
--------------------------------------------------------------------------------------
Slack (MET) :             0.160ns  (arrival time - required time)
  Source:                 alu_result1_s_reg[11]/C
                            (rising edge-triggered cell FDRE clocked by clk_out1_clk_wiz_0_1  {rise@0.000ns fall@25.000ns period=50.000ns})
  Destination:            alu_result3_s_reg[11]/D
                            (rising edge-triggered cell FDRE clocked by clk_out1_clk_wiz_0_1  {rise@0.000ns fall@25.000ns period=50.000ns})
  Path Group:             clk_out1_clk_wiz_0_1
  Path Type:              Hold (Min at Fast Process Corner)
  Requirement:            0.000ns  (clk_out1_clk_wiz_0_1 rise@0.000ns - clk_out1_clk_wiz_0_1 rise@0.000ns)
  Data Path Delay:        0.220ns  (logic 0.164ns (74.580%)  route 0.056ns (25.420%))
  Logic Levels:           0  
  Clock Path Skew:        0.000ns (DCD - SCD - CPR)
    Destination Clock Delay (DCD):    -0.865ns
    Source Clock Delay      (SCD):    -0.625ns
    Clock Pessimism Removal (CPR):    -0.240ns

    Location             Delay type                Incr(ns)  Path(ns)    Netlist Resource(s)
  -------------------------------------------------------------------    -------------------
                         (clock clk_out1_clk_wiz_0_1 rise edge)
                                                      0.000     0.000 r  
    W5                                                0.000     0.000 r  clk_in (IN)
                         net (fo=0)                   0.000     0.000    your_instance_name/inst/clk_in1
    W5                   IBUF (Prop_ibuf_I_O)         0.226     0.226 r  your_instance_name/inst/clkin1_ibufg/O
                         net (fo=1, routed)           0.440     0.667    your_instance_name/inst/clk_in1_clk_wiz_0
    MMCME2_ADV_X1Y0      MMCME2_ADV (Prop_mmcme2_adv_CLKIN1_CLKOUT0)
                                                     -2.360    -1.693 r  your_instance_name/inst/mmcm_adv_inst/CLKOUT0
                         net (fo=1, routed)           0.486    -1.207    your_instance_name/inst/clk_out1_clk_wiz_0
    BUFGCTRL_X0Y1        BUFG (Prop_bufg_I_O)         0.026    -1.181 r  your_instance_name/inst/clkout1_buf/O
                         net (fo=318, routed)         0.556    -0.625    clk
    SLICE_X52Y69         FDRE                                         r  alu_result1_s_reg[11]/C
  -------------------------------------------------------------------    -------------------
    SLICE_X52Y69         FDRE (Prop_fdre_C_Q)         0.164    -0.461 r  alu_result1_s_reg[11]/Q
                         net (fo=1, routed)           0.056    -0.405    alu_result1_s[11]
    SLICE_X52Y69         FDRE                                         r  alu_result3_s_reg[11]/D
  -------------------------------------------------------------------    -------------------

                         (clock clk_out1_clk_wiz_0_1 rise edge)
                                                      0.000     0.000 r  
    W5                                                0.000     0.000 r  clk_in (IN)
                         net (fo=0)                   0.000     0.000    your_instance_name/inst/clk_in1
    W5                   IBUF (Prop_ibuf_I_O)         0.414     0.414 r  your_instance_name/inst/clkin1_ibufg/O
                         net (fo=1, routed)           0.480     0.894    your_instance_name/inst/clk_in1_clk_wiz_0
    MMCME2_ADV_X1Y0      MMCME2_ADV (Prop_mmcme2_adv_CLKIN1_CLKOUT0)
                                                     -3.142    -2.248 r  your_instance_name/inst/mmcm_adv_inst/CLKOUT0
                         net (fo=1, routed)           0.530    -1.718    your_instance_name/inst/clk_out1_clk_wiz_0
    BUFGCTRL_X0Y1        BUFG (Prop_bufg_I_O)         0.029    -1.689 r  your_instance_name/inst/clkout1_buf/O
                         net (fo=318, routed)         0.824    -0.865    clk
    SLICE_X52Y69         FDRE                                         r  alu_result3_s_reg[11]/C
                         clock pessimism              0.240    -0.625    
    SLICE_X52Y69         FDRE (Hold_fdre_C_D)         0.060    -0.565    alu_result3_s_reg[11]
  -------------------------------------------------------------------
                         required time                          0.565    
                         arrival time                          -0.405    
  -------------------------------------------------------------------
                         slack                                  0.160    





Pulse Width Checks
--------------------------------------------------------------------------------------
Clock Name:         clk_out1_clk_wiz_0_1
Waveform(ns):       { 0.000 25.000 }
Period(ns):         50.000
Sources:            { your_instance_name/inst/mmcm_adv_inst/CLKOUT0 }

Check Type        Corner  Lib Pin             Reference Pin  Required(ns)  Actual(ns)  Slack(ns)  Location         Pin
Min Period        n/a     RAMB18E1/CLKARDCLK  n/a            2.576         50.000      47.424     RAMB18_X1Y24     decode_inst/registerfile_inst/register_array_reg_1/CLKARDCLK
Max Period        n/a     MMCME2_ADV/CLKOUT0  n/a            213.360       50.000      163.360    MMCME2_ADV_X1Y0  your_instance_name/inst/mmcm_adv_inst/CLKOUT0
Low Pulse Width   Slow    RAMS64E/CLK         n/a            1.250         25.000      23.750     SLICE_X54Y53     mem_inst/data_mem_inst/mips_mem_reg_0_255_0_0/RAMS64E_A/CLK
High Pulse Width  Slow    RAMS64E/CLK         n/a            1.250         25.000      23.750     SLICE_X54Y53     mem_inst/data_mem_inst/mips_mem_reg_0_255_0_0/RAMS64E_A/CLK



---------------------------------------------------------------------------------------------------
From Clock:  clkfbout_clk_wiz_0_1
  To Clock:  clkfbout_clk_wiz_0_1

Setup :           NA  Failing Endpoints,  Worst Slack           NA  ,  Total Violation           NA
Hold  :           NA  Failing Endpoints,  Worst Slack           NA  ,  Total Violation           NA
PW    :            0  Failing Endpoints,  Worst Slack        7.845ns,  Total Violation        0.000ns
---------------------------------------------------------------------------------------------------


Pulse Width Checks
--------------------------------------------------------------------------------------
Clock Name:         clkfbout_clk_wiz_0_1
Waveform(ns):       { 0.000 5.000 }
Period(ns):         10.000
Sources:            { your_instance_name/inst/mmcm_adv_inst/CLKFBOUT }

Check Type  Corner  Lib Pin             Reference Pin  Required(ns)  Actual(ns)  Slack(ns)  Location         Pin
Min Period  n/a     BUFG/I              n/a            2.155         10.000      7.845      BUFGCTRL_X0Y2    your_instance_name/inst/clkf_buf/I
Max Period  n/a     MMCME2_ADV/CLKFBIN  n/a            100.000       10.000      90.000     MMCME2_ADV_X1Y0  your_instance_name/inst/mmcm_adv_inst/CLKFBIN



---------------------------------------------------------------------------------------------------
From Clock:  clk_out1_clk_wiz_0_1
  To Clock:  clk_out1_clk_wiz_0

Setup :            0  Failing Endpoints,  Worst Slack       17.249ns,  Total Violation        0.000ns
Hold  :            0  Failing Endpoints,  Worst Slack        0.057ns,  Total Violation        0.000ns
---------------------------------------------------------------------------------------------------


Max Delay Paths
--------------------------------------------------------------------------------------
Slack (MET) :             17.249ns  (required time - arrival time)
  Source:                 alu_result1_s_reg[1]/C
                            (rising edge-triggered cell FDRE clocked by clk_out1_clk_wiz_0_1  {rise@0.000ns fall@25.000ns period=50.000ns})
  Destination:            mem_inst/data_mem_inst/d_out_reg[31]/D
                            (falling edge-triggered cell FDRE clocked by clk_out1_clk_wiz_0  {rise@0.000ns fall@25.000ns period=50.000ns})
  Path Group:             clk_out1_clk_wiz_0
  Path Type:              Setup (Max at Slow Process Corner)
  Requirement:            25.000ns  (clk_out1_clk_wiz_0 fall@25.000ns - clk_out1_clk_wiz_0_1 rise@0.000ns)
  Data Path Delay:        7.634ns  (logic 1.376ns (18.025%)  route 6.258ns (81.975%))
  Logic Levels:           4  (LUT6=1 MUXF7=1 MUXF8=1 RAMS64E=1)
  Clock Path Skew:        -0.046ns (DCD - SCD + CPR)
    Destination Clock Delay (DCD):    -1.569ns = ( 23.431 - 25.000 ) 
    Source Clock Delay      (SCD):    -0.961ns
    Clock Pessimism Removal (CPR):    0.562ns
  Clock Uncertainty:      0.103ns  ((TSJ^2 + DJ^2)^1/2) / 2 + PE
    Total System Jitter     (TSJ):    0.071ns
    Discrete Jitter          (DJ):    0.193ns
    Phase Error              (PE):    0.000ns
  Clock Domain Crossing:  Inter clock paths are considered valid unless explicitly excluded by timing constraints such as set_clock_groups or set_false_path.

    Location             Delay type                Incr(ns)  Path(ns)    Netlist Resource(s)
  -------------------------------------------------------------------    -------------------
                         (clock clk_out1_clk_wiz_0_1 rise edge)
                                                      0.000     0.000 r  
    W5                                                0.000     0.000 r  clk_in (IN)
                         net (fo=0)                   0.000     0.000    your_instance_name/inst/clk_in1
    W5                   IBUF (Prop_ibuf_I_O)         1.458     1.458 r  your_instance_name/inst/clkin1_ibufg/O
                         net (fo=1, routed)           1.233     2.691    your_instance_name/inst/clk_in1_clk_wiz_0
    MMCME2_ADV_X1Y0      MMCME2_ADV (Prop_mmcme2_adv_CLKIN1_CLKOUT0)
                                                     -6.961    -4.269 r  your_instance_name/inst/mmcm_adv_inst/CLKOUT0
                         net (fo=1, routed)           1.661    -2.608    your_instance_name/inst/clk_out1_clk_wiz_0
    BUFGCTRL_X0Y1        BUFG (Prop_bufg_I_O)         0.096    -2.512 r  your_instance_name/inst/clkout1_buf/O
                         net (fo=318, routed)         1.551    -0.961    clk
    SLICE_X51Y66         FDRE                                         r  alu_result1_s_reg[1]/C
  -------------------------------------------------------------------    -------------------
    SLICE_X51Y66         FDRE (Prop_fdre_C_Q)         0.419    -0.542 r  alu_result1_s_reg[1]/Q
                         net (fo=179, routed)         5.307     4.765    mem_inst/data_mem_inst/mips_mem_reg_768_1023_31_31/A1
    SLICE_X46Y70         RAMS64E (Prop_rams64e_ADR1_O)
                                                      0.299     5.064 r  mem_inst/data_mem_inst/mips_mem_reg_768_1023_31_31/RAMS64E_D/O
                         net (fo=1, routed)           0.000     5.064    mem_inst/data_mem_inst/mips_mem_reg_768_1023_31_31/OD
    SLICE_X46Y70         MUXF7 (Prop_muxf7_I0_O)      0.241     5.305 r  mem_inst/data_mem_inst/mips_mem_reg_768_1023_31_31/F7.B/O
                         net (fo=1, routed)           0.000     5.305    mem_inst/data_mem_inst/mips_mem_reg_768_1023_31_31/O0
    SLICE_X46Y70         MUXF8 (Prop_muxf8_I0_O)      0.098     5.403 r  mem_inst/data_mem_inst/mips_mem_reg_768_1023_31_31/F8/O
                         net (fo=1, routed)           0.951     6.354    mem_inst/data_mem_inst/mips_mem_reg_768_1023_31_31_n_1
    SLICE_X47Y69         LUT6 (Prop_lut6_I0_O)        0.319     6.673 r  mem_inst/data_mem_inst/d_out[31]_i_2/O
                         net (fo=1, routed)           0.000     6.673    mem_inst/data_mem_inst/d_out0[31]
    SLICE_X47Y69         FDRE                                         r  mem_inst/data_mem_inst/d_out_reg[31]/D
  -------------------------------------------------------------------    -------------------

                         (clock clk_out1_clk_wiz_0 fall edge)
                                                     25.000    25.000 f  
    W5                                                0.000    25.000 f  clk_in (IN)
                         net (fo=0)                   0.000    25.000    your_instance_name/inst/clk_in1
    W5                   IBUF (Prop_ibuf_I_O)         1.388    26.388 f  your_instance_name/inst/clkin1_ibufg/O
                         net (fo=1, routed)           1.162    27.550    your_instance_name/inst/clk_in1_clk_wiz_0
    MMCME2_ADV_X1Y0      MMCME2_ADV (Prop_mmcme2_adv_CLKIN1_CLKOUT0)
                                                     -7.217    20.332 f  your_instance_name/inst/mmcm_adv_inst/CLKOUT0
                         net (fo=1, routed)           1.581    21.914    your_instance_name/inst/clk_out1_clk_wiz_0
    BUFGCTRL_X0Y1        BUFG (Prop_bufg_I_O)         0.091    22.005 f  your_instance_name/inst/clkout1_buf/O
                         net (fo=318, routed)         1.427    23.431    mem_inst/data_mem_inst/clk_out1
    SLICE_X47Y69         FDRE                                         r  mem_inst/data_mem_inst/d_out_reg[31]/C  (IS_INVERTED)
                         clock pessimism              0.562    23.993    
                         clock uncertainty           -0.103    23.890    
    SLICE_X47Y69         FDRE (Setup_fdre_C_D)        0.032    23.922    mem_inst/data_mem_inst/d_out_reg[31]
  -------------------------------------------------------------------
                         required time                         23.922    
                         arrival time                          -6.673    
  -------------------------------------------------------------------
                         slack                                 17.249    





Min Delay Paths
--------------------------------------------------------------------------------------
Slack (MET) :             0.057ns  (arrival time - required time)
  Source:                 alu_result1_s_reg[11]/C
                            (rising edge-triggered cell FDRE clocked by clk_out1_clk_wiz_0_1  {rise@0.000ns fall@25.000ns period=50.000ns})
  Destination:            alu_result3_s_reg[11]/D
                            (rising edge-triggered cell FDRE clocked by clk_out1_clk_wiz_0  {rise@0.000ns fall@25.000ns period=50.000ns})
  Path Group:             clk_out1_clk_wiz_0
  Path Type:              Hold (Min at Fast Process Corner)
  Requirement:            0.000ns  (clk_out1_clk_wiz_0 rise@0.000ns - clk_out1_clk_wiz_0_1 rise@0.000ns)
  Data Path Delay:        0.220ns  (logic 0.164ns (74.580%)  route 0.056ns (25.420%))
  Logic Levels:           0  
  Clock Path Skew:        0.000ns (DCD - SCD - CPR)
    Destination Clock Delay (DCD):    -0.865ns
    Source Clock Delay      (SCD):    -0.625ns
    Clock Pessimism Removal (CPR):    -0.240ns
  Clock Uncertainty:      0.103ns  ((TSJ^2 + DJ^2)^1/2) / 2 + PE
    Total System Jitter     (TSJ):    0.071ns
    Discrete Jitter          (DJ):    0.193ns
    Phase Error              (PE):    0.000ns
  Clock Domain Crossing:  Inter clock paths are considered valid unless explicitly excluded by timing constraints such as set_clock_groups or set_false_path.

    Location             Delay type                Incr(ns)  Path(ns)    Netlist Resource(s)
  -------------------------------------------------------------------    -------------------
                         (clock clk_out1_clk_wiz_0_1 rise edge)
                                                      0.000     0.000 r  
    W5                                                0.000     0.000 r  clk_in (IN)
                         net (fo=0)                   0.000     0.000    your_instance_name/inst/clk_in1
    W5                   IBUF (Prop_ibuf_I_O)         0.226     0.226 r  your_instance_name/inst/clkin1_ibufg/O
                         net (fo=1, routed)           0.440     0.667    your_instance_name/inst/clk_in1_clk_wiz_0
    MMCME2_ADV_X1Y0      MMCME2_ADV (Prop_mmcme2_adv_CLKIN1_CLKOUT0)
                                                     -2.360    -1.693 r  your_instance_name/inst/mmcm_adv_inst/CLKOUT0
                         net (fo=1, routed)           0.486    -1.207    your_instance_name/inst/clk_out1_clk_wiz_0
    BUFGCTRL_X0Y1        BUFG (Prop_bufg_I_O)         0.026    -1.181 r  your_instance_name/inst/clkout1_buf/O
                         net (fo=318, routed)         0.556    -0.625    clk
    SLICE_X52Y69         FDRE                                         r  alu_result1_s_reg[11]/C
  -------------------------------------------------------------------    -------------------
    SLICE_X52Y69         FDRE (Prop_fdre_C_Q)         0.164    -0.461 r  alu_result1_s_reg[11]/Q
                         net (fo=1, routed)           0.056    -0.405    alu_result1_s[11]
    SLICE_X52Y69         FDRE                                         r  alu_result3_s_reg[11]/D
  -------------------------------------------------------------------    -------------------

                         (clock clk_out1_clk_wiz_0 rise edge)
                                                      0.000     0.000 r  
    W5                                                0.000     0.000 r  clk_in (IN)
                         net (fo=0)                   0.000     0.000    your_instance_name/inst/clk_in1
    W5                   IBUF (Prop_ibuf_I_O)         0.414     0.414 r  your_instance_name/inst/clkin1_ibufg/O
                         net (fo=1, routed)           0.480     0.894    your_instance_name/inst/clk_in1_clk_wiz_0
    MMCME2_ADV_X1Y0      MMCME2_ADV (Prop_mmcme2_adv_CLKIN1_CLKOUT0)
                                                     -3.142    -2.248 r  your_instance_name/inst/mmcm_adv_inst/CLKOUT0
                         net (fo=1, routed)           0.530    -1.718    your_instance_name/inst/clk_out1_clk_wiz_0
    BUFGCTRL_X0Y1        BUFG (Prop_bufg_I_O)         0.029    -1.689 r  your_instance_name/inst/clkout1_buf/O
                         net (fo=318, routed)         0.824    -0.865    clk
    SLICE_X52Y69         FDRE                                         r  alu_result3_s_reg[11]/C
                         clock pessimism              0.240    -0.625    
                         clock uncertainty            0.103    -0.522    
    SLICE_X52Y69         FDRE (Hold_fdre_C_D)         0.060    -0.462    alu_result3_s_reg[11]
  -------------------------------------------------------------------
                         required time                          0.462    
                         arrival time                          -0.405    
  -------------------------------------------------------------------
                         slack                                  0.057    





---------------------------------------------------------------------------------------------------
From Clock:  clk_out1_clk_wiz_0
  To Clock:  clk_out1_clk_wiz_0_1

Setup :            0  Failing Endpoints,  Worst Slack       17.249ns,  Total Violation        0.000ns
Hold  :            0  Failing Endpoints,  Worst Slack        0.057ns,  Total Violation        0.000ns
---------------------------------------------------------------------------------------------------


Max Delay Paths
--------------------------------------------------------------------------------------
Slack (MET) :             17.249ns  (required time - arrival time)
  Source:                 alu_result1_s_reg[1]/C
                            (rising edge-triggered cell FDRE clocked by clk_out1_clk_wiz_0  {rise@0.000ns fall@25.000ns period=50.000ns})
  Destination:            mem_inst/data_mem_inst/d_out_reg[31]/D
                            (falling edge-triggered cell FDRE clocked by clk_out1_clk_wiz_0_1  {rise@0.000ns fall@25.000ns period=50.000ns})
  Path Group:             clk_out1_clk_wiz_0_1
  Path Type:              Setup (Max at Slow Process Corner)
  Requirement:            25.000ns  (clk_out1_clk_wiz_0_1 fall@25.000ns - clk_out1_clk_wiz_0 rise@0.000ns)
  Data Path Delay:        7.634ns  (logic 1.376ns (18.025%)  route 6.258ns (81.975%))
  Logic Levels:           4  (LUT6=1 MUXF7=1 MUXF8=1 RAMS64E=1)
  Clock Path Skew:        -0.046ns (DCD - SCD + CPR)
    Destination Clock Delay (DCD):    -1.569ns = ( 23.431 - 25.000 ) 
    Source Clock Delay      (SCD):    -0.961ns
    Clock Pessimism Removal (CPR):    0.562ns
  Clock Uncertainty:      0.103ns  ((TSJ^2 + DJ^2)^1/2) / 2 + PE
    Total System Jitter     (TSJ):    0.071ns
    Discrete Jitter          (DJ):    0.193ns
    Phase Error              (PE):    0.000ns
  Clock Domain Crossing:  Inter clock paths are considered valid unless explicitly excluded by timing constraints such as set_clock_groups or set_false_path.

    Location             Delay type                Incr(ns)  Path(ns)    Netlist Resource(s)
  -------------------------------------------------------------------    -------------------
                         (clock clk_out1_clk_wiz_0 rise edge)
                                                      0.000     0.000 r  
    W5                                                0.000     0.000 r  clk_in (IN)
                         net (fo=0)                   0.000     0.000    your_instance_name/inst/clk_in1
    W5                   IBUF (Prop_ibuf_I_O)         1.458     1.458 r  your_instance_name/inst/clkin1_ibufg/O
                         net (fo=1, routed)           1.233     2.691    your_instance_name/inst/clk_in1_clk_wiz_0
    MMCME2_ADV_X1Y0      MMCME2_ADV (Prop_mmcme2_adv_CLKIN1_CLKOUT0)
                                                     -6.961    -4.269 r  your_instance_name/inst/mmcm_adv_inst/CLKOUT0
                         net (fo=1, routed)           1.661    -2.608    your_instance_name/inst/clk_out1_clk_wiz_0
    BUFGCTRL_X0Y1        BUFG (Prop_bufg_I_O)         0.096    -2.512 r  your_instance_name/inst/clkout1_buf/O
                         net (fo=318, routed)         1.551    -0.961    clk
    SLICE_X51Y66         FDRE                                         r  alu_result1_s_reg[1]/C
  -------------------------------------------------------------------    -------------------
    SLICE_X51Y66         FDRE (Prop_fdre_C_Q)         0.419    -0.542 r  alu_result1_s_reg[1]/Q
                         net (fo=179, routed)         5.307     4.765    mem_inst/data_mem_inst/mips_mem_reg_768_1023_31_31/A1
    SLICE_X46Y70         RAMS64E (Prop_rams64e_ADR1_O)
                                                      0.299     5.064 r  mem_inst/data_mem_inst/mips_mem_reg_768_1023_31_31/RAMS64E_D/O
                         net (fo=1, routed)           0.000     5.064    mem_inst/data_mem_inst/mips_mem_reg_768_1023_31_31/OD
    SLICE_X46Y70         MUXF7 (Prop_muxf7_I0_O)      0.241     5.305 r  mem_inst/data_mem_inst/mips_mem_reg_768_1023_31_31/F7.B/O
                         net (fo=1, routed)           0.000     5.305    mem_inst/data_mem_inst/mips_mem_reg_768_1023_31_31/O0
    SLICE_X46Y70         MUXF8 (Prop_muxf8_I0_O)      0.098     5.403 r  mem_inst/data_mem_inst/mips_mem_reg_768_1023_31_31/F8/O
                         net (fo=1, routed)           0.951     6.354    mem_inst/data_mem_inst/mips_mem_reg_768_1023_31_31_n_1
    SLICE_X47Y69         LUT6 (Prop_lut6_I0_O)        0.319     6.673 r  mem_inst/data_mem_inst/d_out[31]_i_2/O
                         net (fo=1, routed)           0.000     6.673    mem_inst/data_mem_inst/d_out0[31]
    SLICE_X47Y69         FDRE                                         r  mem_inst/data_mem_inst/d_out_reg[31]/D
  -------------------------------------------------------------------    -------------------

                         (clock clk_out1_clk_wiz_0_1 fall edge)
                                                     25.000    25.000 f  
    W5                                                0.000    25.000 f  clk_in (IN)
                         net (fo=0)                   0.000    25.000    your_instance_name/inst/clk_in1
    W5                   IBUF (Prop_ibuf_I_O)         1.388    26.388 f  your_instance_name/inst/clkin1_ibufg/O
                         net (fo=1, routed)           1.162    27.550    your_instance_name/inst/clk_in1_clk_wiz_0
    MMCME2_ADV_X1Y0      MMCME2_ADV (Prop_mmcme2_adv_CLKIN1_CLKOUT0)
                                                     -7.217    20.332 f  your_instance_name/inst/mmcm_adv_inst/CLKOUT0
                         net (fo=1, routed)           1.581    21.914    your_instance_name/inst/clk_out1_clk_wiz_0
    BUFGCTRL_X0Y1        BUFG (Prop_bufg_I_O)         0.091    22.005 f  your_instance_name/inst/clkout1_buf/O
                         net (fo=318, routed)         1.427    23.431    mem_inst/data_mem_inst/clk_out1
    SLICE_X47Y69         FDRE                                         r  mem_inst/data_mem_inst/d_out_reg[31]/C  (IS_INVERTED)
                         clock pessimism              0.562    23.993    
                         clock uncertainty           -0.103    23.890    
    SLICE_X47Y69         FDRE (Setup_fdre_C_D)        0.032    23.922    mem_inst/data_mem_inst/d_out_reg[31]
  -------------------------------------------------------------------
                         required time                         23.922    
                         arrival time                          -6.673    
  -------------------------------------------------------------------
                         slack                                 17.249    





Min Delay Paths
--------------------------------------------------------------------------------------
Slack (MET) :             0.057ns  (arrival time - required time)
  Source:                 alu_result1_s_reg[11]/C
                            (rising edge-triggered cell FDRE clocked by clk_out1_clk_wiz_0  {rise@0.000ns fall@25.000ns period=50.000ns})
  Destination:            alu_result3_s_reg[11]/D
                            (rising edge-triggered cell FDRE clocked by clk_out1_clk_wiz_0_1  {rise@0.000ns fall@25.000ns period=50.000ns})
  Path Group:             clk_out1_clk_wiz_0_1
  Path Type:              Hold (Min at Fast Process Corner)
  Requirement:            0.000ns  (clk_out1_clk_wiz_0_1 rise@0.000ns - clk_out1_clk_wiz_0 rise@0.000ns)
  Data Path Delay:        0.220ns  (logic 0.164ns (74.580%)  route 0.056ns (25.420%))
  Logic Levels:           0  
  Clock Path Skew:        0.000ns (DCD - SCD - CPR)
    Destination Clock Delay (DCD):    -0.865ns
    Source Clock Delay      (SCD):    -0.625ns
    Clock Pessimism Removal (CPR):    -0.240ns
  Clock Uncertainty:      0.103ns  ((TSJ^2 + DJ^2)^1/2) / 2 + PE
    Total System Jitter     (TSJ):    0.071ns
    Discrete Jitter          (DJ):    0.193ns
    Phase Error              (PE):    0.000ns
  Clock Domain Crossing:  Inter clock paths are considered valid unless explicitly excluded by timing constraints such as set_clock_groups or set_false_path.

    Location             Delay type                Incr(ns)  Path(ns)    Netlist Resource(s)
  -------------------------------------------------------------------    -------------------
                         (clock clk_out1_clk_wiz_0 rise edge)
                                                      0.000     0.000 r  
    W5                                                0.000     0.000 r  clk_in (IN)
                         net (fo=0)                   0.000     0.000    your_instance_name/inst/clk_in1
    W5                   IBUF (Prop_ibuf_I_O)         0.226     0.226 r  your_instance_name/inst/clkin1_ibufg/O
                         net (fo=1, routed)           0.440     0.667    your_instance_name/inst/clk_in1_clk_wiz_0
    MMCME2_ADV_X1Y0      MMCME2_ADV (Prop_mmcme2_adv_CLKIN1_CLKOUT0)
                                                     -2.360    -1.693 r  your_instance_name/inst/mmcm_adv_inst/CLKOUT0
                         net (fo=1, routed)           0.486    -1.207    your_instance_name/inst/clk_out1_clk_wiz_0
    BUFGCTRL_X0Y1        BUFG (Prop_bufg_I_O)         0.026    -1.181 r  your_instance_name/inst/clkout1_buf/O
                         net (fo=318, routed)         0.556    -0.625    clk
    SLICE_X52Y69         FDRE                                         r  alu_result1_s_reg[11]/C
  -------------------------------------------------------------------    -------------------
    SLICE_X52Y69         FDRE (Prop_fdre_C_Q)         0.164    -0.461 r  alu_result1_s_reg[11]/Q
                         net (fo=1, routed)           0.056    -0.405    alu_result1_s[11]
    SLICE_X52Y69         FDRE                                         r  alu_result3_s_reg[11]/D
  -------------------------------------------------------------------    -------------------

                         (clock clk_out1_clk_wiz_0_1 rise edge)
                                                      0.000     0.000 r  
    W5                                                0.000     0.000 r  clk_in (IN)
                         net (fo=0)                   0.000     0.000    your_instance_name/inst/clk_in1
    W5                   IBUF (Prop_ibuf_I_O)         0.414     0.414 r  your_instance_name/inst/clkin1_ibufg/O
                         net (fo=1, routed)           0.480     0.894    your_instance_name/inst/clk_in1_clk_wiz_0
    MMCME2_ADV_X1Y0      MMCME2_ADV (Prop_mmcme2_adv_CLKIN1_CLKOUT0)
                                                     -3.142    -2.248 r  your_instance_name/inst/mmcm_adv_inst/CLKOUT0
                         net (fo=1, routed)           0.530    -1.718    your_instance_name/inst/clk_out1_clk_wiz_0
    BUFGCTRL_X0Y1        BUFG (Prop_bufg_I_O)         0.029    -1.689 r  your_instance_name/inst/clkout1_buf/O
                         net (fo=318, routed)         0.824    -0.865    clk
    SLICE_X52Y69         FDRE                                         r  alu_result3_s_reg[11]/C
                         clock pessimism              0.240    -0.625    
                         clock uncertainty            0.103    -0.522    
    SLICE_X52Y69         FDRE (Hold_fdre_C_D)         0.060    -0.462    alu_result3_s_reg[11]
  -------------------------------------------------------------------
                         required time                          0.462    
                         arrival time                          -0.405    
  -------------------------------------------------------------------
                         slack                                  0.057    





