Copyright 1986-2022 Xilinx, Inc. All Rights Reserved. Copyright 2022-2025 Advanced Micro Devices, Inc. All Rights Reserved.
---------------------------------------------------------------------------------------------------------------------------------------------
| Tool Version : Vivado v.2025.2 (lin64) Build 6299465 Fri Nov 14 12:34:56 MST 2025
| Date         : Thu Apr 23 19:34:51 2026
| Host         : infinity running 64-bit Arch Linux
| Command      : report_timing_summary -file timing_80MHz.rpt
| Design       : proc
| Device       : 7a35t-cpg236
| Speed File   : -1  PRODUCTION 1.23 2018-06-13
| Design State : Routed
---------------------------------------------------------------------------------------------------------------------------------------------

Timing Summary Report

------------------------------------------------------------------------------------------------
| Timer Settings
| --------------
------------------------------------------------------------------------------------------------

  Enable Multi Corner Analysis               :  Yes
  Enable Pessimism Removal                   :  Yes
  Pessimism Removal Resolution               :  Nearest Common Node
  Enable Input Delay Default Clock           :  No
  Enable Preset / Clear Arcs                 :  No
  Disable Flight Delays                      :  No
  Ignore I/O Paths                           :  No
  Timing Early Launch at Borrowing Latches   :  No
  Borrow Time for Max Delay Exceptions       :  Yes
  Merge Timing Exceptions                    :  Yes
  Inter-SLR Compensation                     :  Conservative

  Corner  Analyze    Analyze    
  Name    Max Paths  Min Paths  
  ------  ---------  ---------  
  Slow    Yes        Yes        
  Fast    Yes        Yes        


------------------------------------------------------------------------------------------------
| Report Methodology
| ------------------
------------------------------------------------------------------------------------------------

Rule       Severity          Description                                                       Violations  
---------  ----------------  ----------------------------------------------------------------  ----------  
TIMING-6   Critical Warning  No common primary clock between related clocks                    2           
TIMING-14  Critical Warning  LUT on the clock tree                                             1           
SYNTH-5    Warning           Mapped onto distributed RAM because of timing constraints         128         
TIMING-56  Warning           Missing logically or physically excluded clock groups constraint  2           

Note: This report is based on the most recent report_methodology run and may not be up-to-date. Run report_methodology on the current design for the latest report.



check_timing report

Table of Contents
-----------------
1. checking no_clock (0)
2. checking constant_clock (0)
3. checking pulse_width_clock (0)
4. checking unconstrained_internal_endpoints (0)
5. checking no_input_delay (17)
6. checking no_output_delay (11)
7. checking multiple_clock (979)
8. checking generated_clocks (0)
9. checking loops (0)
10. checking partial_input_delay (0)
11. checking partial_output_delay (0)
12. checking latch_loops (0)

1. checking no_clock (0)
------------------------
 There are 0 register/latch pins with no clock.


2. checking constant_clock (0)
------------------------------
 There are 0 register/latch pins with constant_clock.


3. checking pulse_width_clock (0)
---------------------------------
 There are 0 register/latch pins which need pulse_width check


4. checking unconstrained_internal_endpoints (0)
------------------------------------------------
 There are 0 pins that are not constrained for maximum delay.

 There are 0 pins that are not constrained for maximum delay due to constant clock.


5. checking no_input_delay (17)
-------------------------------
 There are 17 input ports with no input delay specified. (HIGH)

 There are 0 input ports with no input delay but user has a false path constraint.


6. checking no_output_delay (11)
--------------------------------
 There are 11 ports with no output delay specified. (HIGH)

 There are 0 ports with no output delay but user has a false path constraint

 There are 0 ports with no output delay but with a timing clock defined on it or propagating through it


7. checking multiple_clock (979)
--------------------------------
 There are 979 register/latch pins with multiple clocks. (HIGH)


8. checking generated_clocks (0)
--------------------------------
 There are 0 generated clocks that are not connected to a clock source.


9. checking loops (0)
---------------------
 There are 0 combinational loops in the design.


10. checking partial_input_delay (0)
------------------------------------
 There are 0 input ports with partial input delay specified.


11. checking partial_output_delay (0)
-------------------------------------
 There are 0 ports with partial output delay specified.


12. checking latch_loops (0)
----------------------------
 There are 0 combinational latch loops in the design through latch input



------------------------------------------------------------------------------------------------
| Design Timing Summary
| ---------------------
------------------------------------------------------------------------------------------------

    WNS(ns)      TNS(ns)  TNS Failing Endpoints  TNS Total Endpoints      WHS(ns)      THS(ns)  THS Failing Endpoints  THS Total Endpoints     WPWS(ns)     TPWS(ns)  TPWS Failing Endpoints  TPWS Total Endpoints  
    -------      -------  ---------------------  -------------------      -------      -------  ---------------------  -------------------     --------     --------  ----------------------  --------------------  
      0.307        0.000                      0                 6032        0.015        0.000                      0                 6032        3.000        0.000                       0                   986  


All user specified timing constraints are met.


------------------------------------------------------------------------------------------------
| Clock Summary
| -------------
------------------------------------------------------------------------------------------------

Clock                   Waveform(ns)       Period(ns)      Frequency(MHz)
-----                   ------------       ----------      --------------
clk_in                  {0.000 5.000}      10.000          100.000         
  clk_out1_clk_wiz_0    {0.000 6.250}      12.500          80.000          
  clkfbout_clk_wiz_0    {0.000 5.000}      10.000          100.000         
sys_clk_pin             {0.000 5.000}      10.000          100.000         
  clk_out1_clk_wiz_0_1  {0.000 6.250}      12.500          80.000          
  clkfbout_clk_wiz_0_1  {0.000 5.000}      10.000          100.000         


------------------------------------------------------------------------------------------------
| Intra Clock Table
| -----------------
------------------------------------------------------------------------------------------------

Clock                       WNS(ns)      TNS(ns)  TNS Failing Endpoints  TNS Total Endpoints      WHS(ns)      THS(ns)  THS Failing Endpoints  THS Total Endpoints     WPWS(ns)     TPWS(ns)  TPWS Failing Endpoints  TPWS Total Endpoints  
-----                       -------      -------  ---------------------  -------------------      -------      -------  ---------------------  -------------------     --------     --------  ----------------------  --------------------  
clk_in                                                                                                                                                                    3.000        0.000                       0                     1  
  clk_out1_clk_wiz_0          0.307        0.000                      0                 6032        0.092        0.000                      0                 6032        5.000        0.000                       0                   982  
  clkfbout_clk_wiz_0                                                                                                                                                      7.845        0.000                       0                     3  
sys_clk_pin                                                                                                                                                               3.000        0.000                       0                     1  
  clk_out1_clk_wiz_0_1        0.308        0.000                      0                 6032        0.092        0.000                      0                 6032        5.000        0.000                       0                   982  
  clkfbout_clk_wiz_0_1                                                                                                                                                    7.845        0.000                       0                     3  


------------------------------------------------------------------------------------------------
| Inter Clock Table
| -----------------
------------------------------------------------------------------------------------------------

From Clock            To Clock                  WNS(ns)      TNS(ns)  TNS Failing Endpoints  TNS Total Endpoints      WHS(ns)      THS(ns)  THS Failing Endpoints  THS Total Endpoints  
----------            --------                  -------      -------  ---------------------  -------------------      -------      -------  ---------------------  -------------------  
clk_out1_clk_wiz_0_1  clk_out1_clk_wiz_0          0.307        0.000                      0                 6032        0.015        0.000                      0                 6032  
clk_out1_clk_wiz_0    clk_out1_clk_wiz_0_1        0.307        0.000                      0                 6032        0.015        0.000                      0                 6032  


------------------------------------------------------------------------------------------------
| Other Path Groups Table
| -----------------------
------------------------------------------------------------------------------------------------

Path Group    From Clock    To Clock          WNS(ns)      TNS(ns)  TNS Failing Endpoints  TNS Total Endpoints      WHS(ns)      THS(ns)  THS Failing Endpoints  THS Total Endpoints  
----------    ----------    --------          -------      -------  ---------------------  -------------------      -------      -------  ---------------------  -------------------  


------------------------------------------------------------------------------------------------
| Timing Details
| --------------
------------------------------------------------------------------------------------------------


---------------------------------------------------------------------------------------------------
From Clock:  clk_in
  To Clock:  clk_in

Setup :           NA  Failing Endpoints,  Worst Slack           NA  ,  Total Violation           NA
Hold  :           NA  Failing Endpoints,  Worst Slack           NA  ,  Total Violation           NA
PW    :            0  Failing Endpoints,  Worst Slack        3.000ns,  Total Violation        0.000ns
---------------------------------------------------------------------------------------------------


Pulse Width Checks
--------------------------------------------------------------------------------------
Clock Name:         clk_in
Waveform(ns):       { 0.000 5.000 }
Period(ns):         10.000
Sources:            { clk_in }

Check Type        Corner  Lib Pin            Reference Pin  Required(ns)  Actual(ns)  Slack(ns)  Location         Pin
Min Period        n/a     MMCME2_ADV/CLKIN1  n/a            1.249         10.000      8.751      MMCME2_ADV_X1Y0  your_instance_name/inst/mmcm_adv_inst/CLKIN1
Max Period        n/a     MMCME2_ADV/CLKIN1  n/a            100.000       10.000      90.000     MMCME2_ADV_X1Y0  your_instance_name/inst/mmcm_adv_inst/CLKIN1
Low Pulse Width   Slow    MMCME2_ADV/CLKIN1  n/a            2.000         5.000       3.000      MMCME2_ADV_X1Y0  your_instance_name/inst/mmcm_adv_inst/CLKIN1
High Pulse Width  Slow    MMCME2_ADV/CLKIN1  n/a            2.000         5.000       3.000      MMCME2_ADV_X1Y0  your_instance_name/inst/mmcm_adv_inst/CLKIN1



---------------------------------------------------------------------------------------------------
From Clock:  clk_out1_clk_wiz_0
  To Clock:  clk_out1_clk_wiz_0

Setup :            0  Failing Endpoints,  Worst Slack        0.307ns,  Total Violation        0.000ns
Hold  :            0  Failing Endpoints,  Worst Slack        0.092ns,  Total Violation        0.000ns
PW    :            0  Failing Endpoints,  Worst Slack        5.000ns,  Total Violation        0.000ns
---------------------------------------------------------------------------------------------------


Max Delay Paths
--------------------------------------------------------------------------------------
Slack (MET) :             0.307ns  (required time - arrival time)
  Source:                 alu_src1_s_reg/C
                            (rising edge-triggered cell FDRE clocked by clk_out1_clk_wiz_0  {rise@0.000ns fall@6.250ns period=12.500ns})
  Destination:            alu_result1_s_reg[27]/D
                            (rising edge-triggered cell FDRE clocked by clk_out1_clk_wiz_0  {rise@0.000ns fall@6.250ns period=12.500ns})
  Path Group:             clk_out1_clk_wiz_0
  Path Type:              Setup (Max at Slow Process Corner)
  Requirement:            12.500ns  (clk_out1_clk_wiz_0 rise@12.500ns - clk_out1_clk_wiz_0 rise@0.000ns)
  Data Path Delay:        12.048ns  (logic 2.688ns (22.310%)  route 9.360ns (77.690%))
  Logic Levels:           18  (LUT3=4 LUT5=5 LUT6=9)
  Clock Path Skew:        -0.096ns (DCD - SCD + CPR)
    Destination Clock Delay (DCD):    -1.565ns = ( 10.935 - 12.500 ) 
    Source Clock Delay      (SCD):    -0.907ns
    Clock Pessimism Removal (CPR):    0.562ns
  Clock Uncertainty:      0.077ns  ((TSJ^2 + DJ^2)^1/2) / 2 + PE
    Total System Jitter     (TSJ):    0.071ns
    Discrete Jitter          (DJ):    0.137ns
    Phase Error              (PE):    0.000ns

    Location             Delay type                Incr(ns)  Path(ns)    Netlist Resource(s)
  -------------------------------------------------------------------    -------------------
                         (clock clk_out1_clk_wiz_0 rise edge)
                                                      0.000     0.000 r  
    W5                                                0.000     0.000 r  clk_in (IN)
                         net (fo=0)                   0.000     0.000    your_instance_name/inst/clk_in1
    W5                   IBUF (Prop_ibuf_I_O)         1.458     1.458 r  your_instance_name/inst/clkin1_ibufg/O
                         net (fo=1, routed)           1.233     2.691    your_instance_name/inst/clk_in1_clk_wiz_0
    MMCME2_ADV_X1Y0      MMCME2_ADV (Prop_mmcme2_adv_CLKIN1_CLKOUT0)
                                                     -6.961    -4.269 r  your_instance_name/inst/mmcm_adv_inst/CLKOUT0
                         net (fo=1, routed)           1.661    -2.608    your_instance_name/inst/clk_out1_clk_wiz_0
    BUFGCTRL_X0Y1        BUFG (Prop_bufg_I_O)         0.096    -2.512 r  your_instance_name/inst/clkout1_buf/O
                         net (fo=380, routed)         1.605    -0.907    clk
    SLICE_X61Y75         FDRE                                         r  alu_src1_s_reg/C
  -------------------------------------------------------------------    -------------------
    SLICE_X61Y75         FDRE (Prop_fdre_C_Q)         0.456    -0.451 r  alu_src1_s_reg/Q
                         net (fo=188, routed)         0.728     0.277    execute_inst/alu_src1_s
    SLICE_X63Y78         LUT3 (Prop_lut3_I1_O)        0.124     0.401 r  execute_inst/alu_result1_s[1]_i_4/O
                         net (fo=47, routed)          0.697     1.098    execute_inst/b_s[1]
    SLICE_X64Y78         LUT6 (Prop_lut6_I1_O)        0.124     1.222 r  execute_inst/alu_result1_s[3]_i_10/O
                         net (fo=2, routed)           0.670     1.891    execute_inst/mul_comp/prod_inst/gen_reduce_slv_l.wrapper_left_inst/gen_reduce_slv_l.wrapper_left_inst/gen_reduce_slv_l.wrapper_left_inst/gen_two_slv_l.add_inst/p_4_in
    SLICE_X64Y78         LUT6 (Prop_lut6_I4_O)        0.124     2.015 r  execute_inst/alu_result1_s[7]_i_29/O
                         net (fo=4, routed)           0.653     2.668    execute_inst/mul_comp/prod_inst/gen_reduce_slv_l.wrapper_left_inst/gen_reduce_slv_l.wrapper_left_inst/gen_reduce_slv_l.add_inst/c_s_2
    SLICE_X64Y79         LUT5 (Prop_lut5_I4_O)        0.124     2.792 r  execute_inst/alu_result1_s[7]_i_12/O
                         net (fo=4, routed)           0.803     3.595    execute_inst/mul_comp/prod_inst/gen_reduce_slv_l.wrapper_left_inst/gen_reduce_slv_l.wrapper_left_inst/gen_reduce_slv_l.add_inst/c_s_4
    SLICE_X63Y80         LUT5 (Prop_lut5_I2_O)        0.124     3.719 r  execute_inst/alu_result1_s[7]_i_6/O
                         net (fo=3, routed)           0.668     4.388    execute_inst/mul_comp/prod_inst/gen_reduce_slv_l.wrapper_left_inst/gen_reduce_slv_l.wrapper_left_inst/gen_reduce_slv_l.add_inst/p_8_in
    SLICE_X59Y80         LUT3 (Prop_lut3_I1_O)        0.124     4.512 r  execute_inst/alu_result1_s[8]_i_10/O
                         net (fo=3, routed)           0.738     5.250    execute_inst/mul_comp/prod_inst/gen_reduce_slv_l.wrapper_left_inst/gen_reduce_slv_l.add_inst/c_s_4
    SLICE_X58Y82         LUT6 (Prop_lut6_I2_O)        0.124     5.374 f  execute_inst/alu_result1_s[10]_i_8/O
                         net (fo=3, routed)           0.590     5.963    execute_inst/mul_comp/prod_inst/gen_reduce_slv_l.add_inst/c_s_2
    SLICE_X65Y83         LUT6 (Prop_lut6_I5_O)        0.124     6.087 f  execute_inst/alu_result1_s[17]_i_48/O
                         net (fo=1, routed)           0.661     6.748    execute_inst/mul_comp/prod_inst/gen_reduce_slv_l.add_inst/c_s_4
    SLICE_X64Y83         LUT6 (Prop_lut6_I5_O)        0.124     6.872 f  execute_inst/alu_result1_s[17]_i_29/O
                         net (fo=1, routed)           0.315     7.187    execute_inst/mul_comp/prod_inst/gen_reduce_slv_l.add_inst/c_s_6
    SLICE_X60Y83         LUT6 (Prop_lut6_I5_O)        0.124     7.311 f  execute_inst/alu_result1_s[17]_i_10/O
                         net (fo=3, routed)           0.301     7.613    execute_inst/mul_comp/prod_inst/gen_reduce_slv_l.add_inst/c_s_8
    SLICE_X58Y83         LUT6 (Prop_lut6_I5_O)        0.124     7.737 f  execute_inst/alu_result1_s[18]_i_4/O
                         net (fo=3, routed)           0.653     8.390    execute_inst/mul_comp/prod_inst/gen_reduce_slv_l.add_inst/c_s_10
    SLICE_X57Y82         LUT6 (Prop_lut6_I5_O)        0.124     8.514 f  execute_inst/alu_result1_s[20]_i_4/O
                         net (fo=3, routed)           0.176     8.690    execute_inst/mul_comp/prod_inst/gen_reduce_slv_l.add_inst/c_s_12
    SLICE_X57Y82         LUT5 (Prop_lut5_I4_O)        0.124     8.814 f  execute_inst/alu_result1_s[25]_i_10/O
                         net (fo=4, routed)           0.339     9.153    execute_inst/mul_comp/prod_inst/gen_reduce_slv_l.add_inst/c_s_14
    SLICE_X56Y80         LUT6 (Prop_lut6_I1_O)        0.124     9.277 r  execute_inst/alu_result1_s[25]_i_3/O
                         net (fo=5, routed)           0.448     9.726    execute_inst/alu_result1_s[25]_i_3_n_1
    SLICE_X55Y80         LUT3 (Prop_lut3_I1_O)        0.124     9.850 r  execute_inst/alu_result1_s[27]_i_13/O
                         net (fo=1, routed)           0.290    10.140    execute_inst/alu_result1_s[27]_i_13_n_1
    SLICE_X55Y79         LUT5 (Prop_lut5_I1_O)        0.124    10.264 r  execute_inst/alu_result1_s[27]_i_7/O
                         net (fo=1, routed)           0.151    10.415    execute_inst/alu32_inst/sra_comp/alu_result1_s_reg[27]
    SLICE_X55Y79         LUT5 (Prop_lut5_I0_O)        0.124    10.539 r  execute_inst/alu32_inst/sra_comp/alu_result1_s[27]_i_4/O
                         net (fo=1, routed)           0.478    11.018    execute_inst/alu32_inst/sll_comp/alu_result1_s_reg[27]_0
    SLICE_X55Y80         LUT3 (Prop_lut3_I2_O)        0.124    11.142 r  execute_inst/alu32_inst/sll_comp/alu_result1_s[27]_i_1/O
                         net (fo=1, routed)           0.000    11.142    alu_result0_s[27]
    SLICE_X55Y80         FDRE                                         r  alu_result1_s_reg[27]/D
  -------------------------------------------------------------------    -------------------

                         (clock clk_out1_clk_wiz_0 rise edge)
                                                     12.500    12.500 r  
    W5                                                0.000    12.500 r  clk_in (IN)
                         net (fo=0)                   0.000    12.500    your_instance_name/inst/clk_in1
    W5                   IBUF (Prop_ibuf_I_O)         1.388    13.888 r  your_instance_name/inst/clkin1_ibufg/O
                         net (fo=1, routed)           1.162    15.050    your_instance_name/inst/clk_in1_clk_wiz_0
    MMCME2_ADV_X1Y0      MMCME2_ADV (Prop_mmcme2_adv_CLKIN1_CLKOUT0)
                                                     -7.217     7.832 r  your_instance_name/inst/mmcm_adv_inst/CLKOUT0
                         net (fo=1, routed)           1.581     9.414    your_instance_name/inst/clk_out1_clk_wiz_0
    BUFGCTRL_X0Y1        BUFG (Prop_bufg_I_O)         0.091     9.505 r  your_instance_name/inst/clkout1_buf/O
                         net (fo=380, routed)         1.431    10.935    clk
    SLICE_X55Y80         FDRE                                         r  alu_result1_s_reg[27]/C
                         clock pessimism              0.562    11.497    
                         clock uncertainty           -0.077    11.420    
    SLICE_X55Y80         FDRE (Setup_fdre_C_D)        0.029    11.449    alu_result1_s_reg[27]
  -------------------------------------------------------------------
                         required time                         11.449    
                         arrival time                         -11.142    
  -------------------------------------------------------------------
                         slack                                  0.307    





Min Delay Paths
--------------------------------------------------------------------------------------
Slack (MET) :             0.092ns  (arrival time - required time)
  Source:                 mem_inst/seven_seg_inst/refresh_counter_reg[2]/C
                            (rising edge-triggered cell FDCE clocked by clk_out1_clk_wiz_0  {rise@0.000ns fall@6.250ns period=12.500ns})
  Destination:            mem_inst/seven_seg_inst/refresh_counter_reg[4]/D
                            (rising edge-triggered cell FDCE clocked by clk_out1_clk_wiz_0  {rise@0.000ns fall@6.250ns period=12.500ns})
  Path Group:             clk_out1_clk_wiz_0
  Path Type:              Hold (Min at Fast Process Corner)
  Requirement:            0.000ns  (clk_out1_clk_wiz_0 rise@0.000ns - clk_out1_clk_wiz_0 rise@0.000ns)
  Data Path Delay:        0.465ns  (logic 0.355ns (76.332%)  route 0.110ns (23.668%))
  Logic Levels:           2  (CARRY4=2)
  Clock Path Skew:        0.268ns (DCD - SCD - CPR)
    Destination Clock Delay (DCD):    -0.827ns
    Source Clock Delay      (SCD):    -0.586ns
    Clock Pessimism Removal (CPR):    -0.508ns

    Location             Delay type                Incr(ns)  Path(ns)    Netlist Resource(s)
  -------------------------------------------------------------------    -------------------
                         (clock clk_out1_clk_wiz_0 rise edge)
                                                      0.000     0.000 r  
    W5                                                0.000     0.000 r  clk_in (IN)
                         net (fo=0)                   0.000     0.000    your_instance_name/inst/clk_in1
    W5                   IBUF (Prop_ibuf_I_O)         0.226     0.226 r  your_instance_name/inst/clkin1_ibufg/O
                         net (fo=1, routed)           0.440     0.667    your_instance_name/inst/clk_in1_clk_wiz_0
    MMCME2_ADV_X1Y0      MMCME2_ADV (Prop_mmcme2_adv_CLKIN1_CLKOUT0)
                                                     -2.360    -1.693 r  your_instance_name/inst/mmcm_adv_inst/CLKOUT0
                         net (fo=1, routed)           0.486    -1.207    your_instance_name/inst/clk_out1_clk_wiz_0
    BUFGCTRL_X0Y1        BUFG (Prop_bufg_I_O)         0.026    -1.181 r  your_instance_name/inst/clkout1_buf/O
                         net (fo=380, routed)         0.595    -0.586    mem_inst/seven_seg_inst/clk_out1
    SLICE_X59Y49         FDCE                                         r  mem_inst/seven_seg_inst/refresh_counter_reg[2]/C
  -------------------------------------------------------------------    -------------------
    SLICE_X59Y49         FDCE (Prop_fdce_C_Q)         0.141    -0.445 r  mem_inst/seven_seg_inst/refresh_counter_reg[2]/Q
                         net (fo=1, routed)           0.109    -0.336    mem_inst/seven_seg_inst/refresh_counter_reg_n_1_[2]
    SLICE_X59Y49         CARRY4 (Prop_carry4_S[2]_CO[3])
                                                      0.160    -0.176 r  mem_inst/seven_seg_inst/refresh_counter_reg[0]_i_1/CO[3]
                         net (fo=1, routed)           0.001    -0.175    mem_inst/seven_seg_inst/refresh_counter_reg[0]_i_1_n_1
    SLICE_X59Y50         CARRY4 (Prop_carry4_CI_O[0])
                                                      0.054    -0.121 r  mem_inst/seven_seg_inst/refresh_counter_reg[4]_i_1/O[0]
                         net (fo=1, routed)           0.000    -0.121    mem_inst/seven_seg_inst/refresh_counter_reg[4]_i_1_n_8
    SLICE_X59Y50         FDCE                                         r  mem_inst/seven_seg_inst/refresh_counter_reg[4]/D
  -------------------------------------------------------------------    -------------------

                         (clock clk_out1_clk_wiz_0 rise edge)
                                                      0.000     0.000 r  
    W5                                                0.000     0.000 r  clk_in (IN)
                         net (fo=0)                   0.000     0.000    your_instance_name/inst/clk_in1
    W5                   IBUF (Prop_ibuf_I_O)         0.414     0.414 r  your_instance_name/inst/clkin1_ibufg/O
                         net (fo=1, routed)           0.480     0.894    your_instance_name/inst/clk_in1_clk_wiz_0
    MMCME2_ADV_X1Y0      MMCME2_ADV (Prop_mmcme2_adv_CLKIN1_CLKOUT0)
                                                     -3.142    -2.248 r  your_instance_name/inst/mmcm_adv_inst/CLKOUT0
                         net (fo=1, routed)           0.530    -1.718    your_instance_name/inst/clk_out1_clk_wiz_0
    BUFGCTRL_X0Y1        BUFG (Prop_bufg_I_O)         0.029    -1.689 r  your_instance_name/inst/clkout1_buf/O
                         net (fo=380, routed)         0.863    -0.827    mem_inst/seven_seg_inst/clk_out1
    SLICE_X59Y50         FDCE                                         r  mem_inst/seven_seg_inst/refresh_counter_reg[4]/C
                         clock pessimism              0.508    -0.318    
    SLICE_X59Y50         FDCE (Hold_fdce_C_D)         0.105    -0.213    mem_inst/seven_seg_inst/refresh_counter_reg[4]
  -------------------------------------------------------------------
                         required time                          0.213    
                         arrival time                          -0.121    
  -------------------------------------------------------------------
                         slack                                  0.092    





Pulse Width Checks
--------------------------------------------------------------------------------------
Clock Name:         clk_out1_clk_wiz_0
Waveform(ns):       { 0.000 6.250 }
Period(ns):         12.500
Sources:            { your_instance_name/inst/mmcm_adv_inst/CLKOUT0 }

Check Type        Corner  Lib Pin             Reference Pin  Required(ns)  Actual(ns)  Slack(ns)  Location         Pin
Min Period        n/a     BUFG/I              n/a            2.155         12.500      10.345     BUFGCTRL_X0Y0    n_0_788_BUFG_inst/I
Max Period        n/a     MMCME2_ADV/CLKOUT0  n/a            213.360       12.500      200.860    MMCME2_ADV_X1Y0  your_instance_name/inst/mmcm_adv_inst/CLKOUT0
Low Pulse Width   Slow    RAMD32/CLK          n/a            1.250         6.250       5.000      SLICE_X60Y77     decode_inst/registerfile_inst/register_array_reg_r1_0_31_0_5/RAMA/CLK
High Pulse Width  Slow    RAMD32/CLK          n/a            1.250         6.250       5.000      SLICE_X60Y77     decode_inst/registerfile_inst/register_array_reg_r1_0_31_0_5/RAMA/CLK



---------------------------------------------------------------------------------------------------
From Clock:  clkfbout_clk_wiz_0
  To Clock:  clkfbout_clk_wiz_0

Setup :           NA  Failing Endpoints,  Worst Slack           NA  ,  Total Violation           NA
Hold  :           NA  Failing Endpoints,  Worst Slack           NA  ,  Total Violation           NA
PW    :            0  Failing Endpoints,  Worst Slack        7.845ns,  Total Violation        0.000ns
---------------------------------------------------------------------------------------------------


Pulse Width Checks
--------------------------------------------------------------------------------------
Clock Name:         clkfbout_clk_wiz_0
Waveform(ns):       { 0.000 5.000 }
Period(ns):         10.000
Sources:            { your_instance_name/inst/mmcm_adv_inst/CLKFBOUT }

Check Type  Corner  Lib Pin             Reference Pin  Required(ns)  Actual(ns)  Slack(ns)  Location         Pin
Min Period  n/a     BUFG/I              n/a            2.155         10.000      7.845      BUFGCTRL_X0Y2    your_instance_name/inst/clkf_buf/I
Max Period  n/a     MMCME2_ADV/CLKFBIN  n/a            100.000       10.000      90.000     MMCME2_ADV_X1Y0  your_instance_name/inst/mmcm_adv_inst/CLKFBIN



---------------------------------------------------------------------------------------------------
From Clock:  sys_clk_pin
  To Clock:  sys_clk_pin

Setup :           NA  Failing Endpoints,  Worst Slack           NA  ,  Total Violation           NA
Hold  :           NA  Failing Endpoints,  Worst Slack           NA  ,  Total Violation           NA
PW    :            0  Failing Endpoints,  Worst Slack        3.000ns,  Total Violation        0.000ns
---------------------------------------------------------------------------------------------------


Pulse Width Checks
--------------------------------------------------------------------------------------
Clock Name:         sys_clk_pin
Waveform(ns):       { 0.000 5.000 }
Period(ns):         10.000
Sources:            { clk_in }

Check Type        Corner  Lib Pin            Reference Pin  Required(ns)  Actual(ns)  Slack(ns)  Location         Pin
Min Period        n/a     MMCME2_ADV/CLKIN1  n/a            1.249         10.000      8.751      MMCME2_ADV_X1Y0  your_instance_name/inst/mmcm_adv_inst/CLKIN1
Max Period        n/a     MMCME2_ADV/CLKIN1  n/a            100.000       10.000      90.000     MMCME2_ADV_X1Y0  your_instance_name/inst/mmcm_adv_inst/CLKIN1
Low Pulse Width   Slow    MMCME2_ADV/CLKIN1  n/a            2.000         5.000       3.000      MMCME2_ADV_X1Y0  your_instance_name/inst/mmcm_adv_inst/CLKIN1
High Pulse Width  Slow    MMCME2_ADV/CLKIN1  n/a            2.000         5.000       3.000      MMCME2_ADV_X1Y0  your_instance_name/inst/mmcm_adv_inst/CLKIN1



---------------------------------------------------------------------------------------------------
From Clock:  clk_out1_clk_wiz_0_1
  To Clock:  clk_out1_clk_wiz_0_1

Setup :            0  Failing Endpoints,  Worst Slack        0.308ns,  Total Violation        0.000ns
Hold  :            0  Failing Endpoints,  Worst Slack        0.092ns,  Total Violation        0.000ns
PW    :            0  Failing Endpoints,  Worst Slack        5.000ns,  Total Violation        0.000ns
---------------------------------------------------------------------------------------------------


Max Delay Paths
--------------------------------------------------------------------------------------
Slack (MET) :             0.308ns  (required time - arrival time)
  Source:                 alu_src1_s_reg/C
                            (rising edge-triggered cell FDRE clocked by clk_out1_clk_wiz_0_1  {rise@0.000ns fall@6.250ns period=12.500ns})
  Destination:            alu_result1_s_reg[27]/D
                            (rising edge-triggered cell FDRE clocked by clk_out1_clk_wiz_0_1  {rise@0.000ns fall@6.250ns period=12.500ns})
  Path Group:             clk_out1_clk_wiz_0_1
  Path Type:              Setup (Max at Slow Process Corner)
  Requirement:            12.500ns  (clk_out1_clk_wiz_0_1 rise@12.500ns - clk_out1_clk_wiz_0_1 rise@0.000ns)
  Data Path Delay:        12.048ns  (logic 2.688ns (22.310%)  route 9.360ns (77.690%))
  Logic Levels:           18  (LUT3=4 LUT5=5 LUT6=9)
  Clock Path Skew:        -0.096ns (DCD - SCD + CPR)
    Destination Clock Delay (DCD):    -1.565ns = ( 10.935 - 12.500 ) 
    Source Clock Delay      (SCD):    -0.907ns
    Clock Pessimism Removal (CPR):    0.562ns
  Clock Uncertainty:      0.076ns  ((TSJ^2 + DJ^2)^1/2) / 2 + PE
    Total System Jitter     (TSJ):    0.071ns
    Discrete Jitter          (DJ):    0.135ns
    Phase Error              (PE):    0.000ns

    Location             Delay type                Incr(ns)  Path(ns)    Netlist Resource(s)
  -------------------------------------------------------------------    -------------------
                         (clock clk_out1_clk_wiz_0_1 rise edge)
                                                      0.000     0.000 r  
    W5                                                0.000     0.000 r  clk_in (IN)
                         net (fo=0)                   0.000     0.000    your_instance_name/inst/clk_in1
    W5                   IBUF (Prop_ibuf_I_O)         1.458     1.458 r  your_instance_name/inst/clkin1_ibufg/O
                         net (fo=1, routed)           1.233     2.691    your_instance_name/inst/clk_in1_clk_wiz_0
    MMCME2_ADV_X1Y0      MMCME2_ADV (Prop_mmcme2_adv_CLKIN1_CLKOUT0)
                                                     -6.961    -4.269 r  your_instance_name/inst/mmcm_adv_inst/CLKOUT0
                         net (fo=1, routed)           1.661    -2.608    your_instance_name/inst/clk_out1_clk_wiz_0
    BUFGCTRL_X0Y1        BUFG (Prop_bufg_I_O)         0.096    -2.512 r  your_instance_name/inst/clkout1_buf/O
                         net (fo=380, routed)         1.605    -0.907    clk
    SLICE_X61Y75         FDRE                                         r  alu_src1_s_reg/C
  -------------------------------------------------------------------    -------------------
    SLICE_X61Y75         FDRE (Prop_fdre_C_Q)         0.456    -0.451 r  alu_src1_s_reg/Q
                         net (fo=188, routed)         0.728     0.277    execute_inst/alu_src1_s
    SLICE_X63Y78         LUT3 (Prop_lut3_I1_O)        0.124     0.401 r  execute_inst/alu_result1_s[1]_i_4/O
                         net (fo=47, routed)          0.697     1.098    execute_inst/b_s[1]
    SLICE_X64Y78         LUT6 (Prop_lut6_I1_O)        0.124     1.222 r  execute_inst/alu_result1_s[3]_i_10/O
                         net (fo=2, routed)           0.670     1.891    execute_inst/mul_comp/prod_inst/gen_reduce_slv_l.wrapper_left_inst/gen_reduce_slv_l.wrapper_left_inst/gen_reduce_slv_l.wrapper_left_inst/gen_two_slv_l.add_inst/p_4_in
    SLICE_X64Y78         LUT6 (Prop_lut6_I4_O)        0.124     2.015 r  execute_inst/alu_result1_s[7]_i_29/O
                         net (fo=4, routed)           0.653     2.668    execute_inst/mul_comp/prod_inst/gen_reduce_slv_l.wrapper_left_inst/gen_reduce_slv_l.wrapper_left_inst/gen_reduce_slv_l.add_inst/c_s_2
    SLICE_X64Y79         LUT5 (Prop_lut5_I4_O)        0.124     2.792 r  execute_inst/alu_result1_s[7]_i_12/O
                         net (fo=4, routed)           0.803     3.595    execute_inst/mul_comp/prod_inst/gen_reduce_slv_l.wrapper_left_inst/gen_reduce_slv_l.wrapper_left_inst/gen_reduce_slv_l.add_inst/c_s_4
    SLICE_X63Y80         LUT5 (Prop_lut5_I2_O)        0.124     3.719 r  execute_inst/alu_result1_s[7]_i_6/O
                         net (fo=3, routed)           0.668     4.388    execute_inst/mul_comp/prod_inst/gen_reduce_slv_l.wrapper_left_inst/gen_reduce_slv_l.wrapper_left_inst/gen_reduce_slv_l.add_inst/p_8_in
    SLICE_X59Y80         LUT3 (Prop_lut3_I1_O)        0.124     4.512 r  execute_inst/alu_result1_s[8]_i_10/O
                         net (fo=3, routed)           0.738     5.250    execute_inst/mul_comp/prod_inst/gen_reduce_slv_l.wrapper_left_inst/gen_reduce_slv_l.add_inst/c_s_4
    SLICE_X58Y82         LUT6 (Prop_lut6_I2_O)        0.124     5.374 f  execute_inst/alu_result1_s[10]_i_8/O
                         net (fo=3, routed)           0.590     5.963    execute_inst/mul_comp/prod_inst/gen_reduce_slv_l.add_inst/c_s_2
    SLICE_X65Y83         LUT6 (Prop_lut6_I5_O)        0.124     6.087 f  execute_inst/alu_result1_s[17]_i_48/O
                         net (fo=1, routed)           0.661     6.748    execute_inst/mul_comp/prod_inst/gen_reduce_slv_l.add_inst/c_s_4
    SLICE_X64Y83         LUT6 (Prop_lut6_I5_O)        0.124     6.872 f  execute_inst/alu_result1_s[17]_i_29/O
                         net (fo=1, routed)           0.315     7.187    execute_inst/mul_comp/prod_inst/gen_reduce_slv_l.add_inst/c_s_6
    SLICE_X60Y83         LUT6 (Prop_lut6_I5_O)        0.124     7.311 f  execute_inst/alu_result1_s[17]_i_10/O
                         net (fo=3, routed)           0.301     7.613    execute_inst/mul_comp/prod_inst/gen_reduce_slv_l.add_inst/c_s_8
    SLICE_X58Y83         LUT6 (Prop_lut6_I5_O)        0.124     7.737 f  execute_inst/alu_result1_s[18]_i_4/O
                         net (fo=3, routed)           0.653     8.390    execute_inst/mul_comp/prod_inst/gen_reduce_slv_l.add_inst/c_s_10
    SLICE_X57Y82         LUT6 (Prop_lut6_I5_O)        0.124     8.514 f  execute_inst/alu_result1_s[20]_i_4/O
                         net (fo=3, routed)           0.176     8.690    execute_inst/mul_comp/prod_inst/gen_reduce_slv_l.add_inst/c_s_12
    SLICE_X57Y82         LUT5 (Prop_lut5_I4_O)        0.124     8.814 f  execute_inst/alu_result1_s[25]_i_10/O
                         net (fo=4, routed)           0.339     9.153    execute_inst/mul_comp/prod_inst/gen_reduce_slv_l.add_inst/c_s_14
    SLICE_X56Y80         LUT6 (Prop_lut6_I1_O)        0.124     9.277 r  execute_inst/alu_result1_s[25]_i_3/O
                         net (fo=5, routed)           0.448     9.726    execute_inst/alu_result1_s[25]_i_3_n_1
    SLICE_X55Y80         LUT3 (Prop_lut3_I1_O)        0.124     9.850 r  execute_inst/alu_result1_s[27]_i_13/O
                         net (fo=1, routed)           0.290    10.140    execute_inst/alu_result1_s[27]_i_13_n_1
    SLICE_X55Y79         LUT5 (Prop_lut5_I1_O)        0.124    10.264 r  execute_inst/alu_result1_s[27]_i_7/O
                         net (fo=1, routed)           0.151    10.415    execute_inst/alu32_inst/sra_comp/alu_result1_s_reg[27]
    SLICE_X55Y79         LUT5 (Prop_lut5_I0_O)        0.124    10.539 r  execute_inst/alu32_inst/sra_comp/alu_result1_s[27]_i_4/O
                         net (fo=1, routed)           0.478    11.018    execute_inst/alu32_inst/sll_comp/alu_result1_s_reg[27]_0
    SLICE_X55Y80         LUT3 (Prop_lut3_I2_O)        0.124    11.142 r  execute_inst/alu32_inst/sll_comp/alu_result1_s[27]_i_1/O
                         net (fo=1, routed)           0.000    11.142    alu_result0_s[27]
    SLICE_X55Y80         FDRE                                         r  alu_result1_s_reg[27]/D
  -------------------------------------------------------------------    -------------------

                         (clock clk_out1_clk_wiz_0_1 rise edge)
                                                     12.500    12.500 r  
    W5                                                0.000    12.500 r  clk_in (IN)
                         net (fo=0)                   0.000    12.500    your_instance_name/inst/clk_in1
    W5                   IBUF (Prop_ibuf_I_O)         1.388    13.888 r  your_instance_name/inst/clkin1_ibufg/O
                         net (fo=1, routed)           1.162    15.050    your_instance_name/inst/clk_in1_clk_wiz_0
    MMCME2_ADV_X1Y0      MMCME2_ADV (Prop_mmcme2_adv_CLKIN1_CLKOUT0)
                                                     -7.217     7.832 r  your_instance_name/inst/mmcm_adv_inst/CLKOUT0
                         net (fo=1, routed)           1.581     9.414    your_instance_name/inst/clk_out1_clk_wiz_0
    BUFGCTRL_X0Y1        BUFG (Prop_bufg_I_O)         0.091     9.505 r  your_instance_name/inst/clkout1_buf/O
                         net (fo=380, routed)         1.431    10.935    clk
    SLICE_X55Y80         FDRE                                         r  alu_result1_s_reg[27]/C
                         clock pessimism              0.562    11.497    
                         clock uncertainty           -0.076    11.421    
    SLICE_X55Y80         FDRE (Setup_fdre_C_D)        0.029    11.450    alu_result1_s_reg[27]
  -------------------------------------------------------------------
                         required time                         11.450    
                         arrival time                         -11.142    
  -------------------------------------------------------------------
                         slack                                  0.308    





Min Delay Paths
--------------------------------------------------------------------------------------
Slack (MET) :             0.092ns  (arrival time - required time)
  Source:                 mem_inst/seven_seg_inst/refresh_counter_reg[2]/C
                            (rising edge-triggered cell FDCE clocked by clk_out1_clk_wiz_0_1  {rise@0.000ns fall@6.250ns period=12.500ns})
  Destination:            mem_inst/seven_seg_inst/refresh_counter_reg[4]/D
                            (rising edge-triggered cell FDCE clocked by clk_out1_clk_wiz_0_1  {rise@0.000ns fall@6.250ns period=12.500ns})
  Path Group:             clk_out1_clk_wiz_0_1
  Path Type:              Hold (Min at Fast Process Corner)
  Requirement:            0.000ns  (clk_out1_clk_wiz_0_1 rise@0.000ns - clk_out1_clk_wiz_0_1 rise@0.000ns)
  Data Path Delay:        0.465ns  (logic 0.355ns (76.332%)  route 0.110ns (23.668%))
  Logic Levels:           2  (CARRY4=2)
  Clock Path Skew:        0.268ns (DCD - SCD - CPR)
    Destination Clock Delay (DCD):    -0.827ns
    Source Clock Delay      (SCD):    -0.586ns
    Clock Pessimism Removal (CPR):    -0.508ns

    Location             Delay type                Incr(ns)  Path(ns)    Netlist Resource(s)
  -------------------------------------------------------------------    -------------------
                         (clock clk_out1_clk_wiz_0_1 rise edge)
                                                      0.000     0.000 r  
    W5                                                0.000     0.000 r  clk_in (IN)
                         net (fo=0)                   0.000     0.000    your_instance_name/inst/clk_in1
    W5                   IBUF (Prop_ibuf_I_O)         0.226     0.226 r  your_instance_name/inst/clkin1_ibufg/O
                         net (fo=1, routed)           0.440     0.667    your_instance_name/inst/clk_in1_clk_wiz_0
    MMCME2_ADV_X1Y0      MMCME2_ADV (Prop_mmcme2_adv_CLKIN1_CLKOUT0)
                                                     -2.360    -1.693 r  your_instance_name/inst/mmcm_adv_inst/CLKOUT0
                         net (fo=1, routed)           0.486    -1.207    your_instance_name/inst/clk_out1_clk_wiz_0
    BUFGCTRL_X0Y1        BUFG (Prop_bufg_I_O)         0.026    -1.181 r  your_instance_name/inst/clkout1_buf/O
                         net (fo=380, routed)         0.595    -0.586    mem_inst/seven_seg_inst/clk_out1
    SLICE_X59Y49         FDCE                                         r  mem_inst/seven_seg_inst/refresh_counter_reg[2]/C
  -------------------------------------------------------------------    -------------------
    SLICE_X59Y49         FDCE (Prop_fdce_C_Q)         0.141    -0.445 r  mem_inst/seven_seg_inst/refresh_counter_reg[2]/Q
                         net (fo=1, routed)           0.109    -0.336    mem_inst/seven_seg_inst/refresh_counter_reg_n_1_[2]
    SLICE_X59Y49         CARRY4 (Prop_carry4_S[2]_CO[3])
                                                      0.160    -0.176 r  mem_inst/seven_seg_inst/refresh_counter_reg[0]_i_1/CO[3]
                         net (fo=1, routed)           0.001    -0.175    mem_inst/seven_seg_inst/refresh_counter_reg[0]_i_1_n_1
    SLICE_X59Y50         CARRY4 (Prop_carry4_CI_O[0])
                                                      0.054    -0.121 r  mem_inst/seven_seg_inst/refresh_counter_reg[4]_i_1/O[0]
                         net (fo=1, routed)           0.000    -0.121    mem_inst/seven_seg_inst/refresh_counter_reg[4]_i_1_n_8
    SLICE_X59Y50         FDCE                                         r  mem_inst/seven_seg_inst/refresh_counter_reg[4]/D
  -------------------------------------------------------------------    -------------------

                         (clock clk_out1_clk_wiz_0_1 rise edge)
                                                      0.000     0.000 r  
    W5                                                0.000     0.000 r  clk_in (IN)
                         net (fo=0)                   0.000     0.000    your_instance_name/inst/clk_in1
    W5                   IBUF (Prop_ibuf_I_O)         0.414     0.414 r  your_instance_name/inst/clkin1_ibufg/O
                         net (fo=1, routed)           0.480     0.894    your_instance_name/inst/clk_in1_clk_wiz_0
    MMCME2_ADV_X1Y0      MMCME2_ADV (Prop_mmcme2_adv_CLKIN1_CLKOUT0)
                                                     -3.142    -2.248 r  your_instance_name/inst/mmcm_adv_inst/CLKOUT0
                         net (fo=1, routed)           0.530    -1.718    your_instance_name/inst/clk_out1_clk_wiz_0
    BUFGCTRL_X0Y1        BUFG (Prop_bufg_I_O)         0.029    -1.689 r  your_instance_name/inst/clkout1_buf/O
                         net (fo=380, routed)         0.863    -0.827    mem_inst/seven_seg_inst/clk_out1
    SLICE_X59Y50         FDCE                                         r  mem_inst/seven_seg_inst/refresh_counter_reg[4]/C
                         clock pessimism              0.508    -0.318    
    SLICE_X59Y50         FDCE (Hold_fdce_C_D)         0.105    -0.213    mem_inst/seven_seg_inst/refresh_counter_reg[4]
  -------------------------------------------------------------------
                         required time                          0.213    
                         arrival time                          -0.121    
  -------------------------------------------------------------------
                         slack                                  0.092    





Pulse Width Checks
--------------------------------------------------------------------------------------
Clock Name:         clk_out1_clk_wiz_0_1
Waveform(ns):       { 0.000 6.250 }
Period(ns):         12.500
Sources:            { your_instance_name/inst/mmcm_adv_inst/CLKOUT0 }

Check Type        Corner  Lib Pin             Reference Pin  Required(ns)  Actual(ns)  Slack(ns)  Location         Pin
Min Period        n/a     BUFG/I              n/a            2.155         12.500      10.345     BUFGCTRL_X0Y0    n_0_788_BUFG_inst/I
Max Period        n/a     MMCME2_ADV/CLKOUT0  n/a            213.360       12.500      200.860    MMCME2_ADV_X1Y0  your_instance_name/inst/mmcm_adv_inst/CLKOUT0
Low Pulse Width   Slow    RAMD32/CLK          n/a            1.250         6.250       5.000      SLICE_X60Y77     decode_inst/registerfile_inst/register_array_reg_r1_0_31_0_5/RAMA/CLK
High Pulse Width  Slow    RAMD32/CLK          n/a            1.250         6.250       5.000      SLICE_X60Y77     decode_inst/registerfile_inst/register_array_reg_r1_0_31_0_5/RAMA/CLK



---------------------------------------------------------------------------------------------------
From Clock:  clkfbout_clk_wiz_0_1
  To Clock:  clkfbout_clk_wiz_0_1

Setup :           NA  Failing Endpoints,  Worst Slack           NA  ,  Total Violation           NA
Hold  :           NA  Failing Endpoints,  Worst Slack           NA  ,  Total Violation           NA
PW    :            0  Failing Endpoints,  Worst Slack        7.845ns,  Total Violation        0.000ns
---------------------------------------------------------------------------------------------------


Pulse Width Checks
--------------------------------------------------------------------------------------
Clock Name:         clkfbout_clk_wiz_0_1
Waveform(ns):       { 0.000 5.000 }
Period(ns):         10.000
Sources:            { your_instance_name/inst/mmcm_adv_inst/CLKFBOUT }

Check Type  Corner  Lib Pin             Reference Pin  Required(ns)  Actual(ns)  Slack(ns)  Location         Pin
Min Period  n/a     BUFG/I              n/a            2.155         10.000      7.845      BUFGCTRL_X0Y2    your_instance_name/inst/clkf_buf/I
Max Period  n/a     MMCME2_ADV/CLKFBIN  n/a            100.000       10.000      90.000     MMCME2_ADV_X1Y0  your_instance_name/inst/mmcm_adv_inst/CLKFBIN



---------------------------------------------------------------------------------------------------
From Clock:  clk_out1_clk_wiz_0_1
  To Clock:  clk_out1_clk_wiz_0

Setup :            0  Failing Endpoints,  Worst Slack        0.307ns,  Total Violation        0.000ns
Hold  :            0  Failing Endpoints,  Worst Slack        0.015ns,  Total Violation        0.000ns
---------------------------------------------------------------------------------------------------


Max Delay Paths
--------------------------------------------------------------------------------------
Slack (MET) :             0.307ns  (required time - arrival time)
  Source:                 alu_src1_s_reg/C
                            (rising edge-triggered cell FDRE clocked by clk_out1_clk_wiz_0_1  {rise@0.000ns fall@6.250ns period=12.500ns})
  Destination:            alu_result1_s_reg[27]/D
                            (rising edge-triggered cell FDRE clocked by clk_out1_clk_wiz_0  {rise@0.000ns fall@6.250ns period=12.500ns})
  Path Group:             clk_out1_clk_wiz_0
  Path Type:              Setup (Max at Slow Process Corner)
  Requirement:            12.500ns  (clk_out1_clk_wiz_0 rise@12.500ns - clk_out1_clk_wiz_0_1 rise@0.000ns)
  Data Path Delay:        12.048ns  (logic 2.688ns (22.310%)  route 9.360ns (77.690%))
  Logic Levels:           18  (LUT3=4 LUT5=5 LUT6=9)
  Clock Path Skew:        -0.096ns (DCD - SCD + CPR)
    Destination Clock Delay (DCD):    -1.565ns = ( 10.935 - 12.500 ) 
    Source Clock Delay      (SCD):    -0.907ns
    Clock Pessimism Removal (CPR):    0.562ns
  Clock Uncertainty:      0.077ns  ((TSJ^2 + DJ^2)^1/2) / 2 + PE
    Total System Jitter     (TSJ):    0.071ns
    Discrete Jitter          (DJ):    0.137ns
    Phase Error              (PE):    0.000ns
  Clock Domain Crossing:  Inter clock paths are considered valid unless explicitly excluded by timing constraints such as set_clock_groups or set_false_path.

    Location             Delay type                Incr(ns)  Path(ns)    Netlist Resource(s)
  -------------------------------------------------------------------    -------------------
                         (clock clk_out1_clk_wiz_0_1 rise edge)
                                                      0.000     0.000 r  
    W5                                                0.000     0.000 r  clk_in (IN)
                         net (fo=0)                   0.000     0.000    your_instance_name/inst/clk_in1
    W5                   IBUF (Prop_ibuf_I_O)         1.458     1.458 r  your_instance_name/inst/clkin1_ibufg/O
                         net (fo=1, routed)           1.233     2.691    your_instance_name/inst/clk_in1_clk_wiz_0
    MMCME2_ADV_X1Y0      MMCME2_ADV (Prop_mmcme2_adv_CLKIN1_CLKOUT0)
                                                     -6.961    -4.269 r  your_instance_name/inst/mmcm_adv_inst/CLKOUT0
                         net (fo=1, routed)           1.661    -2.608    your_instance_name/inst/clk_out1_clk_wiz_0
    BUFGCTRL_X0Y1        BUFG (Prop_bufg_I_O)         0.096    -2.512 r  your_instance_name/inst/clkout1_buf/O
                         net (fo=380, routed)         1.605    -0.907    clk
    SLICE_X61Y75         FDRE                                         r  alu_src1_s_reg/C
  -------------------------------------------------------------------    -------------------
    SLICE_X61Y75         FDRE (Prop_fdre_C_Q)         0.456    -0.451 r  alu_src1_s_reg/Q
                         net (fo=188, routed)         0.728     0.277    execute_inst/alu_src1_s
    SLICE_X63Y78         LUT3 (Prop_lut3_I1_O)        0.124     0.401 r  execute_inst/alu_result1_s[1]_i_4/O
                         net (fo=47, routed)          0.697     1.098    execute_inst/b_s[1]
    SLICE_X64Y78         LUT6 (Prop_lut6_I1_O)        0.124     1.222 r  execute_inst/alu_result1_s[3]_i_10/O
                         net (fo=2, routed)           0.670     1.891    execute_inst/mul_comp/prod_inst/gen_reduce_slv_l.wrapper_left_inst/gen_reduce_slv_l.wrapper_left_inst/gen_reduce_slv_l.wrapper_left_inst/gen_two_slv_l.add_inst/p_4_in
    SLICE_X64Y78         LUT6 (Prop_lut6_I4_O)        0.124     2.015 r  execute_inst/alu_result1_s[7]_i_29/O
                         net (fo=4, routed)           0.653     2.668    execute_inst/mul_comp/prod_inst/gen_reduce_slv_l.wrapper_left_inst/gen_reduce_slv_l.wrapper_left_inst/gen_reduce_slv_l.add_inst/c_s_2
    SLICE_X64Y79         LUT5 (Prop_lut5_I4_O)        0.124     2.792 r  execute_inst/alu_result1_s[7]_i_12/O
                         net (fo=4, routed)           0.803     3.595    execute_inst/mul_comp/prod_inst/gen_reduce_slv_l.wrapper_left_inst/gen_reduce_slv_l.wrapper_left_inst/gen_reduce_slv_l.add_inst/c_s_4
    SLICE_X63Y80         LUT5 (Prop_lut5_I2_O)        0.124     3.719 r  execute_inst/alu_result1_s[7]_i_6/O
                         net (fo=3, routed)           0.668     4.388    execute_inst/mul_comp/prod_inst/gen_reduce_slv_l.wrapper_left_inst/gen_reduce_slv_l.wrapper_left_inst/gen_reduce_slv_l.add_inst/p_8_in
    SLICE_X59Y80         LUT3 (Prop_lut3_I1_O)        0.124     4.512 r  execute_inst/alu_result1_s[8]_i_10/O
                         net (fo=3, routed)           0.738     5.250    execute_inst/mul_comp/prod_inst/gen_reduce_slv_l.wrapper_left_inst/gen_reduce_slv_l.add_inst/c_s_4
    SLICE_X58Y82         LUT6 (Prop_lut6_I2_O)        0.124     5.374 f  execute_inst/alu_result1_s[10]_i_8/O
                         net (fo=3, routed)           0.590     5.963    execute_inst/mul_comp/prod_inst/gen_reduce_slv_l.add_inst/c_s_2
    SLICE_X65Y83         LUT6 (Prop_lut6_I5_O)        0.124     6.087 f  execute_inst/alu_result1_s[17]_i_48/O
                         net (fo=1, routed)           0.661     6.748    execute_inst/mul_comp/prod_inst/gen_reduce_slv_l.add_inst/c_s_4
    SLICE_X64Y83         LUT6 (Prop_lut6_I5_O)        0.124     6.872 f  execute_inst/alu_result1_s[17]_i_29/O
                         net (fo=1, routed)           0.315     7.187    execute_inst/mul_comp/prod_inst/gen_reduce_slv_l.add_inst/c_s_6
    SLICE_X60Y83         LUT6 (Prop_lut6_I5_O)        0.124     7.311 f  execute_inst/alu_result1_s[17]_i_10/O
                         net (fo=3, routed)           0.301     7.613    execute_inst/mul_comp/prod_inst/gen_reduce_slv_l.add_inst/c_s_8
    SLICE_X58Y83         LUT6 (Prop_lut6_I5_O)        0.124     7.737 f  execute_inst/alu_result1_s[18]_i_4/O
                         net (fo=3, routed)           0.653     8.390    execute_inst/mul_comp/prod_inst/gen_reduce_slv_l.add_inst/c_s_10
    SLICE_X57Y82         LUT6 (Prop_lut6_I5_O)        0.124     8.514 f  execute_inst/alu_result1_s[20]_i_4/O
                         net (fo=3, routed)           0.176     8.690    execute_inst/mul_comp/prod_inst/gen_reduce_slv_l.add_inst/c_s_12
    SLICE_X57Y82         LUT5 (Prop_lut5_I4_O)        0.124     8.814 f  execute_inst/alu_result1_s[25]_i_10/O
                         net (fo=4, routed)           0.339     9.153    execute_inst/mul_comp/prod_inst/gen_reduce_slv_l.add_inst/c_s_14
    SLICE_X56Y80         LUT6 (Prop_lut6_I1_O)        0.124     9.277 r  execute_inst/alu_result1_s[25]_i_3/O
                         net (fo=5, routed)           0.448     9.726    execute_inst/alu_result1_s[25]_i_3_n_1
    SLICE_X55Y80         LUT3 (Prop_lut3_I1_O)        0.124     9.850 r  execute_inst/alu_result1_s[27]_i_13/O
                         net (fo=1, routed)           0.290    10.140    execute_inst/alu_result1_s[27]_i_13_n_1
    SLICE_X55Y79         LUT5 (Prop_lut5_I1_O)        0.124    10.264 r  execute_inst/alu_result1_s[27]_i_7/O
                         net (fo=1, routed)           0.151    10.415    execute_inst/alu32_inst/sra_comp/alu_result1_s_reg[27]
    SLICE_X55Y79         LUT5 (Prop_lut5_I0_O)        0.124    10.539 r  execute_inst/alu32_inst/sra_comp/alu_result1_s[27]_i_4/O
                         net (fo=1, routed)           0.478    11.018    execute_inst/alu32_inst/sll_comp/alu_result1_s_reg[27]_0
    SLICE_X55Y80         LUT3 (Prop_lut3_I2_O)        0.124    11.142 r  execute_inst/alu32_inst/sll_comp/alu_result1_s[27]_i_1/O
                         net (fo=1, routed)           0.000    11.142    alu_result0_s[27]
    SLICE_X55Y80         FDRE                                         r  alu_result1_s_reg[27]/D
  -------------------------------------------------------------------    -------------------

                         (clock clk_out1_clk_wiz_0 rise edge)
                                                     12.500    12.500 r  
    W5                                                0.000    12.500 r  clk_in (IN)
                         net (fo=0)                   0.000    12.500    your_instance_name/inst/clk_in1
    W5                   IBUF (Prop_ibuf_I_O)         1.388    13.888 r  your_instance_name/inst/clkin1_ibufg/O
                         net (fo=1, routed)           1.162    15.050    your_instance_name/inst/clk_in1_clk_wiz_0
    MMCME2_ADV_X1Y0      MMCME2_ADV (Prop_mmcme2_adv_CLKIN1_CLKOUT0)
                                                     -7.217     7.832 r  your_instance_name/inst/mmcm_adv_inst/CLKOUT0
                         net (fo=1, routed)           1.581     9.414    your_instance_name/inst/clk_out1_clk_wiz_0
    BUFGCTRL_X0Y1        BUFG (Prop_bufg_I_O)         0.091     9.505 r  your_instance_name/inst/clkout1_buf/O
                         net (fo=380, routed)         1.431    10.935    clk
    SLICE_X55Y80         FDRE                                         r  alu_result1_s_reg[27]/C
                         clock pessimism              0.562    11.497    
                         clock uncertainty           -0.077    11.420    
    SLICE_X55Y80         FDRE (Setup_fdre_C_D)        0.029    11.449    alu_result1_s_reg[27]
  -------------------------------------------------------------------
                         required time                         11.449    
                         arrival time                         -11.142    
  -------------------------------------------------------------------
                         slack                                  0.307    





Min Delay Paths
--------------------------------------------------------------------------------------
Slack (MET) :             0.015ns  (arrival time - required time)
  Source:                 mem_inst/seven_seg_inst/refresh_counter_reg[2]/C
                            (rising edge-triggered cell FDCE clocked by clk_out1_clk_wiz_0_1  {rise@0.000ns fall@6.250ns period=12.500ns})
  Destination:            mem_inst/seven_seg_inst/refresh_counter_reg[4]/D
                            (rising edge-triggered cell FDCE clocked by clk_out1_clk_wiz_0  {rise@0.000ns fall@6.250ns period=12.500ns})
  Path Group:             clk_out1_clk_wiz_0
  Path Type:              Hold (Min at Fast Process Corner)
  Requirement:            0.000ns  (clk_out1_clk_wiz_0 rise@0.000ns - clk_out1_clk_wiz_0_1 rise@0.000ns)
  Data Path Delay:        0.465ns  (logic 0.355ns (76.332%)  route 0.110ns (23.668%))
  Logic Levels:           2  (CARRY4=2)
  Clock Path Skew:        0.268ns (DCD - SCD - CPR)
    Destination Clock Delay (DCD):    -0.827ns
    Source Clock Delay      (SCD):    -0.586ns
    Clock Pessimism Removal (CPR):    -0.508ns
  Clock Uncertainty:      0.077ns  ((TSJ^2 + DJ^2)^1/2) / 2 + PE
    Total System Jitter     (TSJ):    0.071ns
    Discrete Jitter          (DJ):    0.137ns
    Phase Error              (PE):    0.000ns
  Clock Domain Crossing:  Inter clock paths are considered valid unless explicitly excluded by timing constraints such as set_clock_groups or set_false_path.

    Location             Delay type                Incr(ns)  Path(ns)    Netlist Resource(s)
  -------------------------------------------------------------------    -------------------
                         (clock clk_out1_clk_wiz_0_1 rise edge)
                                                      0.000     0.000 r  
    W5                                                0.000     0.000 r  clk_in (IN)
                         net (fo=0)                   0.000     0.000    your_instance_name/inst/clk_in1
    W5                   IBUF (Prop_ibuf_I_O)         0.226     0.226 r  your_instance_name/inst/clkin1_ibufg/O
                         net (fo=1, routed)           0.440     0.667    your_instance_name/inst/clk_in1_clk_wiz_0
    MMCME2_ADV_X1Y0      MMCME2_ADV (Prop_mmcme2_adv_CLKIN1_CLKOUT0)
                                                     -2.360    -1.693 r  your_instance_name/inst/mmcm_adv_inst/CLKOUT0
                         net (fo=1, routed)           0.486    -1.207    your_instance_name/inst/clk_out1_clk_wiz_0
    BUFGCTRL_X0Y1        BUFG (Prop_bufg_I_O)         0.026    -1.181 r  your_instance_name/inst/clkout1_buf/O
                         net (fo=380, routed)         0.595    -0.586    mem_inst/seven_seg_inst/clk_out1
    SLICE_X59Y49         FDCE                                         r  mem_inst/seven_seg_inst/refresh_counter_reg[2]/C
  -------------------------------------------------------------------    -------------------
    SLICE_X59Y49         FDCE (Prop_fdce_C_Q)         0.141    -0.445 r  mem_inst/seven_seg_inst/refresh_counter_reg[2]/Q
                         net (fo=1, routed)           0.109    -0.336    mem_inst/seven_seg_inst/refresh_counter_reg_n_1_[2]
    SLICE_X59Y49         CARRY4 (Prop_carry4_S[2]_CO[3])
                                                      0.160    -0.176 r  mem_inst/seven_seg_inst/refresh_counter_reg[0]_i_1/CO[3]
                         net (fo=1, routed)           0.001    -0.175    mem_inst/seven_seg_inst/refresh_counter_reg[0]_i_1_n_1
    SLICE_X59Y50         CARRY4 (Prop_carry4_CI_O[0])
                                                      0.054    -0.121 r  mem_inst/seven_seg_inst/refresh_counter_reg[4]_i_1/O[0]
                         net (fo=1, routed)           0.000    -0.121    mem_inst/seven_seg_inst/refresh_counter_reg[4]_i_1_n_8
    SLICE_X59Y50         FDCE                                         r  mem_inst/seven_seg_inst/refresh_counter_reg[4]/D
  -------------------------------------------------------------------    -------------------

                         (clock clk_out1_clk_wiz_0 rise edge)
                                                      0.000     0.000 r  
    W5                                                0.000     0.000 r  clk_in (IN)
                         net (fo=0)                   0.000     0.000    your_instance_name/inst/clk_in1
    W5                   IBUF (Prop_ibuf_I_O)         0.414     0.414 r  your_instance_name/inst/clkin1_ibufg/O
                         net (fo=1, routed)           0.480     0.894    your_instance_name/inst/clk_in1_clk_wiz_0
    MMCME2_ADV_X1Y0      MMCME2_ADV (Prop_mmcme2_adv_CLKIN1_CLKOUT0)
                                                     -3.142    -2.248 r  your_instance_name/inst/mmcm_adv_inst/CLKOUT0
                         net (fo=1, routed)           0.530    -1.718    your_instance_name/inst/clk_out1_clk_wiz_0
    BUFGCTRL_X0Y1        BUFG (Prop_bufg_I_O)         0.029    -1.689 r  your_instance_name/inst/clkout1_buf/O
                         net (fo=380, routed)         0.863    -0.827    mem_inst/seven_seg_inst/clk_out1
    SLICE_X59Y50         FDCE                                         r  mem_inst/seven_seg_inst/refresh_counter_reg[4]/C
                         clock pessimism              0.508    -0.318    
                         clock uncertainty            0.077    -0.241    
    SLICE_X59Y50         FDCE (Hold_fdce_C_D)         0.105    -0.136    mem_inst/seven_seg_inst/refresh_counter_reg[4]
  -------------------------------------------------------------------
                         required time                          0.136    
                         arrival time                          -0.121    
  -------------------------------------------------------------------
                         slack                                  0.015    





---------------------------------------------------------------------------------------------------
From Clock:  clk_out1_clk_wiz_0
  To Clock:  clk_out1_clk_wiz_0_1

Setup :            0  Failing Endpoints,  Worst Slack        0.307ns,  Total Violation        0.000ns
Hold  :            0  Failing Endpoints,  Worst Slack        0.015ns,  Total Violation        0.000ns
---------------------------------------------------------------------------------------------------


Max Delay Paths
--------------------------------------------------------------------------------------
Slack (MET) :             0.307ns  (required time - arrival time)
  Source:                 alu_src1_s_reg/C
                            (rising edge-triggered cell FDRE clocked by clk_out1_clk_wiz_0  {rise@0.000ns fall@6.250ns period=12.500ns})
  Destination:            alu_result1_s_reg[27]/D
                            (rising edge-triggered cell FDRE clocked by clk_out1_clk_wiz_0_1  {rise@0.000ns fall@6.250ns period=12.500ns})
  Path Group:             clk_out1_clk_wiz_0_1
  Path Type:              Setup (Max at Slow Process Corner)
  Requirement:            12.500ns  (clk_out1_clk_wiz_0_1 rise@12.500ns - clk_out1_clk_wiz_0 rise@0.000ns)
  Data Path Delay:        12.048ns  (logic 2.688ns (22.310%)  route 9.360ns (77.690%))
  Logic Levels:           18  (LUT3=4 LUT5=5 LUT6=9)
  Clock Path Skew:        -0.096ns (DCD - SCD + CPR)
    Destination Clock Delay (DCD):    -1.565ns = ( 10.935 - 12.500 ) 
    Source Clock Delay      (SCD):    -0.907ns
    Clock Pessimism Removal (CPR):    0.562ns
  Clock Uncertainty:      0.077ns  ((TSJ^2 + DJ^2)^1/2) / 2 + PE
    Total System Jitter     (TSJ):    0.071ns
    Discrete Jitter          (DJ):    0.137ns
    Phase Error              (PE):    0.000ns
  Clock Domain Crossing:  Inter clock paths are considered valid unless explicitly excluded by timing constraints such as set_clock_groups or set_false_path.

    Location             Delay type                Incr(ns)  Path(ns)    Netlist Resource(s)
  -------------------------------------------------------------------    -------------------
                         (clock clk_out1_clk_wiz_0 rise edge)
                                                      0.000     0.000 r  
    W5                                                0.000     0.000 r  clk_in (IN)
                         net (fo=0)                   0.000     0.000    your_instance_name/inst/clk_in1
    W5                   IBUF (Prop_ibuf_I_O)         1.458     1.458 r  your_instance_name/inst/clkin1_ibufg/O
                         net (fo=1, routed)           1.233     2.691    your_instance_name/inst/clk_in1_clk_wiz_0
    MMCME2_ADV_X1Y0      MMCME2_ADV (Prop_mmcme2_adv_CLKIN1_CLKOUT0)
                                                     -6.961    -4.269 r  your_instance_name/inst/mmcm_adv_inst/CLKOUT0
                         net (fo=1, routed)           1.661    -2.608    your_instance_name/inst/clk_out1_clk_wiz_0
    BUFGCTRL_X0Y1        BUFG (Prop_bufg_I_O)         0.096    -2.512 r  your_instance_name/inst/clkout1_buf/O
                         net (fo=380, routed)         1.605    -0.907    clk
    SLICE_X61Y75         FDRE                                         r  alu_src1_s_reg/C
  -------------------------------------------------------------------    -------------------
    SLICE_X61Y75         FDRE (Prop_fdre_C_Q)         0.456    -0.451 r  alu_src1_s_reg/Q
                         net (fo=188, routed)         0.728     0.277    execute_inst/alu_src1_s
    SLICE_X63Y78         LUT3 (Prop_lut3_I1_O)        0.124     0.401 r  execute_inst/alu_result1_s[1]_i_4/O
                         net (fo=47, routed)          0.697     1.098    execute_inst/b_s[1]
    SLICE_X64Y78         LUT6 (Prop_lut6_I1_O)        0.124     1.222 r  execute_inst/alu_result1_s[3]_i_10/O
                         net (fo=2, routed)           0.670     1.891    execute_inst/mul_comp/prod_inst/gen_reduce_slv_l.wrapper_left_inst/gen_reduce_slv_l.wrapper_left_inst/gen_reduce_slv_l.wrapper_left_inst/gen_two_slv_l.add_inst/p_4_in
    SLICE_X64Y78         LUT6 (Prop_lut6_I4_O)        0.124     2.015 r  execute_inst/alu_result1_s[7]_i_29/O
                         net (fo=4, routed)           0.653     2.668    execute_inst/mul_comp/prod_inst/gen_reduce_slv_l.wrapper_left_inst/gen_reduce_slv_l.wrapper_left_inst/gen_reduce_slv_l.add_inst/c_s_2
    SLICE_X64Y79         LUT5 (Prop_lut5_I4_O)        0.124     2.792 r  execute_inst/alu_result1_s[7]_i_12/O
                         net (fo=4, routed)           0.803     3.595    execute_inst/mul_comp/prod_inst/gen_reduce_slv_l.wrapper_left_inst/gen_reduce_slv_l.wrapper_left_inst/gen_reduce_slv_l.add_inst/c_s_4
    SLICE_X63Y80         LUT5 (Prop_lut5_I2_O)        0.124     3.719 r  execute_inst/alu_result1_s[7]_i_6/O
                         net (fo=3, routed)           0.668     4.388    execute_inst/mul_comp/prod_inst/gen_reduce_slv_l.wrapper_left_inst/gen_reduce_slv_l.wrapper_left_inst/gen_reduce_slv_l.add_inst/p_8_in
    SLICE_X59Y80         LUT3 (Prop_lut3_I1_O)        0.124     4.512 r  execute_inst/alu_result1_s[8]_i_10/O
                         net (fo=3, routed)           0.738     5.250    execute_inst/mul_comp/prod_inst/gen_reduce_slv_l.wrapper_left_inst/gen_reduce_slv_l.add_inst/c_s_4
    SLICE_X58Y82         LUT6 (Prop_lut6_I2_O)        0.124     5.374 f  execute_inst/alu_result1_s[10]_i_8/O
                         net (fo=3, routed)           0.590     5.963    execute_inst/mul_comp/prod_inst/gen_reduce_slv_l.add_inst/c_s_2
    SLICE_X65Y83         LUT6 (Prop_lut6_I5_O)        0.124     6.087 f  execute_inst/alu_result1_s[17]_i_48/O
                         net (fo=1, routed)           0.661     6.748    execute_inst/mul_comp/prod_inst/gen_reduce_slv_l.add_inst/c_s_4
    SLICE_X64Y83         LUT6 (Prop_lut6_I5_O)        0.124     6.872 f  execute_inst/alu_result1_s[17]_i_29/O
                         net (fo=1, routed)           0.315     7.187    execute_inst/mul_comp/prod_inst/gen_reduce_slv_l.add_inst/c_s_6
    SLICE_X60Y83         LUT6 (Prop_lut6_I5_O)        0.124     7.311 f  execute_inst/alu_result1_s[17]_i_10/O
                         net (fo=3, routed)           0.301     7.613    execute_inst/mul_comp/prod_inst/gen_reduce_slv_l.add_inst/c_s_8
    SLICE_X58Y83         LUT6 (Prop_lut6_I5_O)        0.124     7.737 f  execute_inst/alu_result1_s[18]_i_4/O
                         net (fo=3, routed)           0.653     8.390    execute_inst/mul_comp/prod_inst/gen_reduce_slv_l.add_inst/c_s_10
    SLICE_X57Y82         LUT6 (Prop_lut6_I5_O)        0.124     8.514 f  execute_inst/alu_result1_s[20]_i_4/O
                         net (fo=3, routed)           0.176     8.690    execute_inst/mul_comp/prod_inst/gen_reduce_slv_l.add_inst/c_s_12
    SLICE_X57Y82         LUT5 (Prop_lut5_I4_O)        0.124     8.814 f  execute_inst/alu_result1_s[25]_i_10/O
                         net (fo=4, routed)           0.339     9.153    execute_inst/mul_comp/prod_inst/gen_reduce_slv_l.add_inst/c_s_14
    SLICE_X56Y80         LUT6 (Prop_lut6_I1_O)        0.124     9.277 r  execute_inst/alu_result1_s[25]_i_3/O
                         net (fo=5, routed)           0.448     9.726    execute_inst/alu_result1_s[25]_i_3_n_1
    SLICE_X55Y80         LUT3 (Prop_lut3_I1_O)        0.124     9.850 r  execute_inst/alu_result1_s[27]_i_13/O
                         net (fo=1, routed)           0.290    10.140    execute_inst/alu_result1_s[27]_i_13_n_1
    SLICE_X55Y79         LUT5 (Prop_lut5_I1_O)        0.124    10.264 r  execute_inst/alu_result1_s[27]_i_7/O
                         net (fo=1, routed)           0.151    10.415    execute_inst/alu32_inst/sra_comp/alu_result1_s_reg[27]
    SLICE_X55Y79         LUT5 (Prop_lut5_I0_O)        0.124    10.539 r  execute_inst/alu32_inst/sra_comp/alu_result1_s[27]_i_4/O
                         net (fo=1, routed)           0.478    11.018    execute_inst/alu32_inst/sll_comp/alu_result1_s_reg[27]_0
    SLICE_X55Y80         LUT3 (Prop_lut3_I2_O)        0.124    11.142 r  execute_inst/alu32_inst/sll_comp/alu_result1_s[27]_i_1/O
                         net (fo=1, routed)           0.000    11.142    alu_result0_s[27]
    SLICE_X55Y80         FDRE                                         r  alu_result1_s_reg[27]/D
  -------------------------------------------------------------------    -------------------

                         (clock clk_out1_clk_wiz_0_1 rise edge)
                                                     12.500    12.500 r  
    W5                                                0.000    12.500 r  clk_in (IN)
                         net (fo=0)                   0.000    12.500    your_instance_name/inst/clk_in1
    W5                   IBUF (Prop_ibuf_I_O)         1.388    13.888 r  your_instance_name/inst/clkin1_ibufg/O
                         net (fo=1, routed)           1.162    15.050    your_instance_name/inst/clk_in1_clk_wiz_0
    MMCME2_ADV_X1Y0      MMCME2_ADV (Prop_mmcme2_adv_CLKIN1_CLKOUT0)
                                                     -7.217     7.832 r  your_instance_name/inst/mmcm_adv_inst/CLKOUT0
                         net (fo=1, routed)           1.581     9.414    your_instance_name/inst/clk_out1_clk_wiz_0
    BUFGCTRL_X0Y1        BUFG (Prop_bufg_I_O)         0.091     9.505 r  your_instance_name/inst/clkout1_buf/O
                         net (fo=380, routed)         1.431    10.935    clk
    SLICE_X55Y80         FDRE                                         r  alu_result1_s_reg[27]/C
                         clock pessimism              0.562    11.497    
                         clock uncertainty           -0.077    11.420    
    SLICE_X55Y80         FDRE (Setup_fdre_C_D)        0.029    11.449    alu_result1_s_reg[27]
  -------------------------------------------------------------------
                         required time                         11.449    
                         arrival time                         -11.142    
  -------------------------------------------------------------------
                         slack                                  0.307    





Min Delay Paths
--------------------------------------------------------------------------------------
Slack (MET) :             0.015ns  (arrival time - required time)
  Source:                 mem_inst/seven_seg_inst/refresh_counter_reg[2]/C
                            (rising edge-triggered cell FDCE clocked by clk_out1_clk_wiz_0  {rise@0.000ns fall@6.250ns period=12.500ns})
  Destination:            mem_inst/seven_seg_inst/refresh_counter_reg[4]/D
                            (rising edge-triggered cell FDCE clocked by clk_out1_clk_wiz_0_1  {rise@0.000ns fall@6.250ns period=12.500ns})
  Path Group:             clk_out1_clk_wiz_0_1
  Path Type:              Hold (Min at Fast Process Corner)
  Requirement:            0.000ns  (clk_out1_clk_wiz_0_1 rise@0.000ns - clk_out1_clk_wiz_0 rise@0.000ns)
  Data Path Delay:        0.465ns  (logic 0.355ns (76.332%)  route 0.110ns (23.668%))
  Logic Levels:           2  (CARRY4=2)
  Clock Path Skew:        0.268ns (DCD - SCD - CPR)
    Destination Clock Delay (DCD):    -0.827ns
    Source Clock Delay      (SCD):    -0.586ns
    Clock Pessimism Removal (CPR):    -0.508ns
  Clock Uncertainty:      0.077ns  ((TSJ^2 + DJ^2)^1/2) / 2 + PE
    Total System Jitter     (TSJ):    0.071ns
    Discrete Jitter          (DJ):    0.137ns
    Phase Error              (PE):    0.000ns
  Clock Domain Crossing:  Inter clock paths are considered valid unless explicitly excluded by timing constraints such as set_clock_groups or set_false_path.

    Location             Delay type                Incr(ns)  Path(ns)    Netlist Resource(s)
  -------------------------------------------------------------------    -------------------
                         (clock clk_out1_clk_wiz_0 rise edge)
                                                      0.000     0.000 r  
    W5                                                0.000     0.000 r  clk_in (IN)
                         net (fo=0)                   0.000     0.000    your_instance_name/inst/clk_in1
    W5                   IBUF (Prop_ibuf_I_O)         0.226     0.226 r  your_instance_name/inst/clkin1_ibufg/O
                         net (fo=1, routed)           0.440     0.667    your_instance_name/inst/clk_in1_clk_wiz_0
    MMCME2_ADV_X1Y0      MMCME2_ADV (Prop_mmcme2_adv_CLKIN1_CLKOUT0)
                                                     -2.360    -1.693 r  your_instance_name/inst/mmcm_adv_inst/CLKOUT0
                         net (fo=1, routed)           0.486    -1.207    your_instance_name/inst/clk_out1_clk_wiz_0
    BUFGCTRL_X0Y1        BUFG (Prop_bufg_I_O)         0.026    -1.181 r  your_instance_name/inst/clkout1_buf/O
                         net (fo=380, routed)         0.595    -0.586    mem_inst/seven_seg_inst/clk_out1
    SLICE_X59Y49         FDCE                                         r  mem_inst/seven_seg_inst/refresh_counter_reg[2]/C
  -------------------------------------------------------------------    -------------------
    SLICE_X59Y49         FDCE (Prop_fdce_C_Q)         0.141    -0.445 r  mem_inst/seven_seg_inst/refresh_counter_reg[2]/Q
                         net (fo=1, routed)           0.109    -0.336    mem_inst/seven_seg_inst/refresh_counter_reg_n_1_[2]
    SLICE_X59Y49         CARRY4 (Prop_carry4_S[2]_CO[3])
                                                      0.160    -0.176 r  mem_inst/seven_seg_inst/refresh_counter_reg[0]_i_1/CO[3]
                         net (fo=1, routed)           0.001    -0.175    mem_inst/seven_seg_inst/refresh_counter_reg[0]_i_1_n_1
    SLICE_X59Y50         CARRY4 (Prop_carry4_CI_O[0])
                                                      0.054    -0.121 r  mem_inst/seven_seg_inst/refresh_counter_reg[4]_i_1/O[0]
                         net (fo=1, routed)           0.000    -0.121    mem_inst/seven_seg_inst/refresh_counter_reg[4]_i_1_n_8
    SLICE_X59Y50         FDCE                                         r  mem_inst/seven_seg_inst/refresh_counter_reg[4]/D
  -------------------------------------------------------------------    -------------------

                         (clock clk_out1_clk_wiz_0_1 rise edge)
                                                      0.000     0.000 r  
    W5                                                0.000     0.000 r  clk_in (IN)
                         net (fo=0)                   0.000     0.000    your_instance_name/inst/clk_in1
    W5                   IBUF (Prop_ibuf_I_O)         0.414     0.414 r  your_instance_name/inst/clkin1_ibufg/O
                         net (fo=1, routed)           0.480     0.894    your_instance_name/inst/clk_in1_clk_wiz_0
    MMCME2_ADV_X1Y0      MMCME2_ADV (Prop_mmcme2_adv_CLKIN1_CLKOUT0)
                                                     -3.142    -2.248 r  your_instance_name/inst/mmcm_adv_inst/CLKOUT0
                         net (fo=1, routed)           0.530    -1.718    your_instance_name/inst/clk_out1_clk_wiz_0
    BUFGCTRL_X0Y1        BUFG (Prop_bufg_I_O)         0.029    -1.689 r  your_instance_name/inst/clkout1_buf/O
                         net (fo=380, routed)         0.863    -0.827    mem_inst/seven_seg_inst/clk_out1
    SLICE_X59Y50         FDCE                                         r  mem_inst/seven_seg_inst/refresh_counter_reg[4]/C
                         clock pessimism              0.508    -0.318    
                         clock uncertainty            0.077    -0.241    
    SLICE_X59Y50         FDCE (Hold_fdce_C_D)         0.105    -0.136    mem_inst/seven_seg_inst/refresh_counter_reg[4]
  -------------------------------------------------------------------
                         required time                          0.136    
                         arrival time                          -0.121    
  -------------------------------------------------------------------
                         slack                                  0.015    





