Copyright 1986-2022 Xilinx, Inc. All Rights Reserved. Copyright 2022-2025 Advanced Micro Devices, Inc. All Rights Reserved.
---------------------------------------------------------------------------------------------------------------------------------------------
| Tool Version : Vivado v.2025.2 (lin64) Build 6299465 Fri Nov 14 12:34:56 MST 2025
| Date         : Thu Apr 23 19:32:10 2026
| Host         : infinity running 64-bit Arch Linux
| Command      : report_timing_summary -file timing_75MHz.rpt
| Design       : proc
| Device       : 7a35t-cpg236
| Speed File   : -1  PRODUCTION 1.23 2018-06-13
| Design State : Routed
---------------------------------------------------------------------------------------------------------------------------------------------

Timing Summary Report

------------------------------------------------------------------------------------------------
| Timer Settings
| --------------
------------------------------------------------------------------------------------------------

  Enable Multi Corner Analysis               :  Yes
  Enable Pessimism Removal                   :  Yes
  Pessimism Removal Resolution               :  Nearest Common Node
  Enable Input Delay Default Clock           :  No
  Enable Preset / Clear Arcs                 :  No
  Disable Flight Delays                      :  No
  Ignore I/O Paths                           :  No
  Timing Early Launch at Borrowing Latches   :  No
  Borrow Time for Max Delay Exceptions       :  Yes
  Merge Timing Exceptions                    :  Yes
  Inter-SLR Compensation                     :  Conservative

  Corner  Analyze    Analyze    
  Name    Max Paths  Min Paths  
  ------  ---------  ---------  
  Slow    Yes        Yes        
  Fast    Yes        Yes        


------------------------------------------------------------------------------------------------
| Report Methodology
| ------------------
------------------------------------------------------------------------------------------------

Rule       Severity          Description                                                       Violations  
---------  ----------------  ----------------------------------------------------------------  ----------  
TIMING-6   Critical Warning  No common primary clock between related clocks                    2           
TIMING-14  Critical Warning  LUT on the clock tree                                             1           
SYNTH-5    Warning           Mapped onto distributed RAM because of timing constraints         128         
TIMING-56  Warning           Missing logically or physically excluded clock groups constraint  2           

Note: This report is based on the most recent report_methodology run and may not be up-to-date. Run report_methodology on the current design for the latest report.



check_timing report

Table of Contents
-----------------
1. checking no_clock (0)
2. checking constant_clock (0)
3. checking pulse_width_clock (0)
4. checking unconstrained_internal_endpoints (0)
5. checking no_input_delay (17)
6. checking no_output_delay (11)
7. checking multiple_clock (979)
8. checking generated_clocks (0)
9. checking loops (0)
10. checking partial_input_delay (0)
11. checking partial_output_delay (0)
12. checking latch_loops (0)

1. checking no_clock (0)
------------------------
 There are 0 register/latch pins with no clock.


2. checking constant_clock (0)
------------------------------
 There are 0 register/latch pins with constant_clock.


3. checking pulse_width_clock (0)
---------------------------------
 There are 0 register/latch pins which need pulse_width check


4. checking unconstrained_internal_endpoints (0)
------------------------------------------------
 There are 0 pins that are not constrained for maximum delay.

 There are 0 pins that are not constrained for maximum delay due to constant clock.


5. checking no_input_delay (17)
-------------------------------
 There are 17 input ports with no input delay specified. (HIGH)

 There are 0 input ports with no input delay but user has a false path constraint.


6. checking no_output_delay (11)
--------------------------------
 There are 11 ports with no output delay specified. (HIGH)

 There are 0 ports with no output delay but user has a false path constraint

 There are 0 ports with no output delay but with a timing clock defined on it or propagating through it


7. checking multiple_clock (979)
--------------------------------
 There are 979 register/latch pins with multiple clocks. (HIGH)


8. checking generated_clocks (0)
--------------------------------
 There are 0 generated clocks that are not connected to a clock source.


9. checking loops (0)
---------------------
 There are 0 combinational loops in the design.


10. checking partial_input_delay (0)
------------------------------------
 There are 0 input ports with partial input delay specified.


11. checking partial_output_delay (0)
-------------------------------------
 There are 0 ports with partial output delay specified.


12. checking latch_loops (0)
----------------------------
 There are 0 combinational latch loops in the design through latch input



------------------------------------------------------------------------------------------------
| Design Timing Summary
| ---------------------
------------------------------------------------------------------------------------------------

    WNS(ns)      TNS(ns)  TNS Failing Endpoints  TNS Total Endpoints      WHS(ns)      THS(ns)  THS Failing Endpoints  THS Total Endpoints     WPWS(ns)     TPWS(ns)  TPWS Failing Endpoints  TPWS Total Endpoints  
    -------      -------  ---------------------  -------------------      -------      -------  ---------------------  -------------------     --------     --------  ----------------------  --------------------  
      0.547        0.000                      0                 6032        0.041        0.000                      0                 6032        3.000        0.000                       0                   986  


All user specified timing constraints are met.


------------------------------------------------------------------------------------------------
| Clock Summary
| -------------
------------------------------------------------------------------------------------------------

Clock                   Waveform(ns)       Period(ns)      Frequency(MHz)
-----                   ------------       ----------      --------------
clk_in                  {0.000 5.000}      10.000          100.000         
  clk_out1_clk_wiz_0    {0.000 6.667}      13.333          75.000          
  clkfbout_clk_wiz_0    {0.000 20.000}     40.000          25.000          
sys_clk_pin             {0.000 5.000}      10.000          100.000         
  clk_out1_clk_wiz_0_1  {0.000 6.667}      13.333          75.000          
  clkfbout_clk_wiz_0_1  {0.000 20.000}     40.000          25.000          


------------------------------------------------------------------------------------------------
| Intra Clock Table
| -----------------
------------------------------------------------------------------------------------------------

Clock                       WNS(ns)      TNS(ns)  TNS Failing Endpoints  TNS Total Endpoints      WHS(ns)      THS(ns)  THS Failing Endpoints  THS Total Endpoints     WPWS(ns)     TPWS(ns)  TPWS Failing Endpoints  TPWS Total Endpoints  
-----                       -------      -------  ---------------------  -------------------      -------      -------  ---------------------  -------------------     --------     --------  ----------------------  --------------------  
clk_in                                                                                                                                                                    3.000        0.000                       0                     1  
  clk_out1_clk_wiz_0          0.547        0.000                      0                 6032        0.160        0.000                      0                 6032        5.417        0.000                       0                   982  
  clkfbout_clk_wiz_0                                                                                                                                                     37.845        0.000                       0                     3  
sys_clk_pin                                                                                                                                                               3.000        0.000                       0                     1  
  clk_out1_clk_wiz_0_1        0.549        0.000                      0                 6032        0.160        0.000                      0                 6032        5.417        0.000                       0                   982  
  clkfbout_clk_wiz_0_1                                                                                                                                                   37.845        0.000                       0                     3  


------------------------------------------------------------------------------------------------
| Inter Clock Table
| -----------------
------------------------------------------------------------------------------------------------

From Clock            To Clock                  WNS(ns)      TNS(ns)  TNS Failing Endpoints  TNS Total Endpoints      WHS(ns)      THS(ns)  THS Failing Endpoints  THS Total Endpoints  
----------            --------                  -------      -------  ---------------------  -------------------      -------      -------  ---------------------  -------------------  
clk_out1_clk_wiz_0_1  clk_out1_clk_wiz_0          0.547        0.000                      0                 6032        0.041        0.000                      0                 6032  
clk_out1_clk_wiz_0    clk_out1_clk_wiz_0_1        0.547        0.000                      0                 6032        0.041        0.000                      0                 6032  


------------------------------------------------------------------------------------------------
| Other Path Groups Table
| -----------------------
------------------------------------------------------------------------------------------------

Path Group    From Clock    To Clock          WNS(ns)      TNS(ns)  TNS Failing Endpoints  TNS Total Endpoints      WHS(ns)      THS(ns)  THS Failing Endpoints  THS Total Endpoints  
----------    ----------    --------          -------      -------  ---------------------  -------------------      -------      -------  ---------------------  -------------------  


------------------------------------------------------------------------------------------------
| Timing Details
| --------------
------------------------------------------------------------------------------------------------


---------------------------------------------------------------------------------------------------
From Clock:  clk_in
  To Clock:  clk_in

Setup :           NA  Failing Endpoints,  Worst Slack           NA  ,  Total Violation           NA
Hold  :           NA  Failing Endpoints,  Worst Slack           NA  ,  Total Violation           NA
PW    :            0  Failing Endpoints,  Worst Slack        3.000ns,  Total Violation        0.000ns
---------------------------------------------------------------------------------------------------


Pulse Width Checks
--------------------------------------------------------------------------------------
Clock Name:         clk_in
Waveform(ns):       { 0.000 5.000 }
Period(ns):         10.000
Sources:            { clk_in }

Check Type        Corner  Lib Pin            Reference Pin  Required(ns)  Actual(ns)  Slack(ns)  Location         Pin
Min Period        n/a     MMCME2_ADV/CLKIN1  n/a            1.249         10.000      8.751      MMCME2_ADV_X1Y0  your_instance_name/inst/mmcm_adv_inst/CLKIN1
Max Period        n/a     MMCME2_ADV/CLKIN1  n/a            100.000       10.000      90.000     MMCME2_ADV_X1Y0  your_instance_name/inst/mmcm_adv_inst/CLKIN1
Low Pulse Width   Slow    MMCME2_ADV/CLKIN1  n/a            2.000         5.000       3.000      MMCME2_ADV_X1Y0  your_instance_name/inst/mmcm_adv_inst/CLKIN1
High Pulse Width  Slow    MMCME2_ADV/CLKIN1  n/a            2.000         5.000       3.000      MMCME2_ADV_X1Y0  your_instance_name/inst/mmcm_adv_inst/CLKIN1



---------------------------------------------------------------------------------------------------
From Clock:  clk_out1_clk_wiz_0
  To Clock:  clk_out1_clk_wiz_0

Setup :            0  Failing Endpoints,  Worst Slack        0.547ns,  Total Violation        0.000ns
Hold  :            0  Failing Endpoints,  Worst Slack        0.160ns,  Total Violation        0.000ns
PW    :            0  Failing Endpoints,  Worst Slack        5.417ns,  Total Violation        0.000ns
---------------------------------------------------------------------------------------------------


Max Delay Paths
--------------------------------------------------------------------------------------
Slack (MET) :             0.547ns  (required time - arrival time)
  Source:                 immd1_s_reg[0]/C
                            (rising edge-triggered cell FDRE clocked by clk_out1_clk_wiz_0  {rise@0.000ns fall@6.667ns period=13.333ns})
  Destination:            alu_result1_s_reg[26]/D
                            (rising edge-triggered cell FDRE clocked by clk_out1_clk_wiz_0  {rise@0.000ns fall@6.667ns period=13.333ns})
  Path Group:             clk_out1_clk_wiz_0
  Path Type:              Setup (Max at Slow Process Corner)
  Requirement:            13.333ns  (clk_out1_clk_wiz_0 rise@13.333ns - clk_out1_clk_wiz_0 rise@0.000ns)
  Data Path Delay:        12.716ns  (logic 2.564ns (20.163%)  route 10.152ns (79.837%))
  Logic Levels:           17  (LUT3=1 LUT4=1 LUT5=4 LUT6=11)
  Clock Path Skew:        0.019ns (DCD - SCD + CPR)
    Destination Clock Delay (DCD):    -1.500ns = ( 11.834 - 13.333 ) 
    Source Clock Delay      (SCD):    -0.957ns
    Clock Pessimism Removal (CPR):    0.562ns
  Clock Uncertainty:      0.119ns  ((TSJ^2 + DJ^2)^1/2) / 2 + PE
    Total System Jitter     (TSJ):    0.071ns
    Discrete Jitter          (DJ):    0.226ns
    Phase Error              (PE):    0.000ns

    Location             Delay type                Incr(ns)  Path(ns)    Netlist Resource(s)
  -------------------------------------------------------------------    -------------------
                         (clock clk_out1_clk_wiz_0 rise edge)
                                                      0.000     0.000 r  
    W5                                                0.000     0.000 r  clk_in (IN)
                         net (fo=0)                   0.000     0.000    your_instance_name/inst/clk_in1
    W5                   IBUF (Prop_ibuf_I_O)         1.458     1.458 r  your_instance_name/inst/clkin1_ibufg/O
                         net (fo=1, routed)           1.233     2.691    your_instance_name/inst/clk_in1_clk_wiz_0
    MMCME2_ADV_X1Y0      MMCME2_ADV (Prop_mmcme2_adv_CLKIN1_CLKOUT0)
                                                     -6.961    -4.269 r  your_instance_name/inst/mmcm_adv_inst/CLKOUT0
                         net (fo=1, routed)           1.661    -2.608    your_instance_name/inst/clk_out1_clk_wiz_0
    BUFGCTRL_X0Y1        BUFG (Prop_bufg_I_O)         0.096    -2.512 r  your_instance_name/inst/clkout1_buf/O
                         net (fo=380, routed)         1.555    -0.957    clk
    SLICE_X55Y87         FDRE                                         r  immd1_s_reg[0]/C
  -------------------------------------------------------------------    -------------------
    SLICE_X55Y87         FDRE (Prop_fdre_C_Q)         0.456    -0.501 r  immd1_s_reg[0]/Q
                         net (fo=4, routed)           0.795     0.294    execute_inst/immd1_s[0]
    SLICE_X55Y87         LUT3 (Prop_lut3_I0_O)        0.124     0.418 r  execute_inst/alu_result1_s[0]_i_5/O
                         net (fo=45, routed)          0.703     1.121    execute_inst/b_s[0]
    SLICE_X54Y88         LUT6 (Prop_lut6_I2_O)        0.124     1.245 r  execute_inst/alu_result1_s[3]_i_10/O
                         net (fo=2, routed)           0.682     1.927    execute_inst/mul_comp/prod_inst/gen_reduce_slv_l.wrapper_left_inst/gen_reduce_slv_l.wrapper_left_inst/gen_reduce_slv_l.wrapper_left_inst/gen_two_slv_l.add_inst/p_4_in
    SLICE_X54Y88         LUT6 (Prop_lut6_I4_O)        0.124     2.051 r  execute_inst/alu_result1_s[7]_i_29/O
                         net (fo=4, routed)           0.880     2.931    execute_inst/mul_comp/prod_inst/gen_reduce_slv_l.wrapper_left_inst/gen_reduce_slv_l.wrapper_left_inst/gen_reduce_slv_l.add_inst/c_s_2
    SLICE_X54Y88         LUT5 (Prop_lut5_I2_O)        0.124     3.055 r  execute_inst/alu_result1_s[7]_i_14/O
                         net (fo=3, routed)           0.818     3.874    execute_inst/mul_comp/prod_inst/gen_reduce_slv_l.wrapper_left_inst/gen_reduce_slv_l.wrapper_left_inst/gen_reduce_slv_l.add_inst/p_6_in
    SLICE_X52Y85         LUT6 (Prop_lut6_I4_O)        0.124     3.998 r  execute_inst/alu_result1_s[7]_i_5/O
                         net (fo=3, routed)           0.346     4.344    execute_inst/mul_comp/prod_inst/gen_reduce_slv_l.wrapper_left_inst/gen_reduce_slv_l.add_inst/c_s_3
    SLICE_X54Y85         LUT6 (Prop_lut6_I5_O)        0.124     4.468 r  execute_inst/alu_result1_s[10]_i_20/O
                         net (fo=3, routed)           0.664     5.132    execute_inst/mul_comp/prod_inst/gen_reduce_slv_l.wrapper_left_inst/gen_reduce_slv_l.add_inst/c_s_5
    SLICE_X55Y85         LUT6 (Prop_lut6_I5_O)        0.124     5.256 r  execute_inst/alu_result1_s[14]_i_63/O
                         net (fo=4, routed)           0.350     5.606    execute_inst/mul_comp/prod_inst/gen_reduce_slv_l.wrapper_left_inst/gen_reduce_slv_l.add_inst/c_s_7
    SLICE_X56Y84         LUT6 (Prop_lut6_I5_O)        0.124     5.730 r  execute_inst/alu_result1_s[14]_i_26/O
                         net (fo=4, routed)           0.478     6.207    execute_inst/mul_comp/prod_inst/gen_reduce_slv_l.wrapper_left_inst/gen_reduce_slv_l.add_inst/c_s_9
    SLICE_X57Y83         LUT6 (Prop_lut6_I5_O)        0.124     6.331 r  execute_inst/alu_result1_s[17]_i_24/O
                         net (fo=4, routed)           0.464     6.795    execute_inst/mul_comp/prod_inst/gen_reduce_slv_l.wrapper_left_inst/gen_reduce_slv_l.add_inst/c_s_11
    SLICE_X57Y82         LUT6 (Prop_lut6_I5_O)        0.124     6.919 r  execute_inst/alu_result1_s[18]_i_10/O
                         net (fo=4, routed)           0.458     7.378    execute_inst/mul_comp/prod_inst/gen_reduce_slv_l.wrapper_left_inst/gen_reduce_slv_l.add_inst/c_s_13
    SLICE_X57Y82         LUT5 (Prop_lut5_I4_O)        0.124     7.502 r  execute_inst/alu_result1_s[21]_i_12/O
                         net (fo=5, routed)           0.772     8.274    execute_inst/mul_comp/prod_inst/gen_reduce_slv_l.wrapper_left_inst/gen_reduce_slv_l.add_inst/c_s_15
    SLICE_X59Y82         LUT5 (Prop_lut5_I2_O)        0.124     8.398 f  execute_inst/alu_result1_s[21]_i_6/O
                         net (fo=2, routed)           0.661     9.059    execute_inst/mul_comp/prod_inst/res_left_s[21]
    SLICE_X59Y82         LUT5 (Prop_lut5_I1_O)        0.124     9.183 f  execute_inst/alu_result1_s[25]_i_10/O
                         net (fo=4, routed)           0.601     9.784    execute_inst/mul_comp/prod_inst/gen_reduce_slv_l.add_inst/c_s_14
    SLICE_X61Y83         LUT6 (Prop_lut6_I1_O)        0.124     9.908 r  execute_inst/alu_result1_s[25]_i_3/O
                         net (fo=5, routed)           0.591    10.499    execute_inst/alu_result1_s[25]_i_3_n_1
    SLICE_X59Y81         LUT4 (Prop_lut4_I0_O)        0.124    10.623 r  execute_inst/alu_result1_s[26]_i_5/O
                         net (fo=1, routed)           0.444    11.067    execute_inst/alu32_inst/sll_comp/alu_result1_s_reg[26]_1
    SLICE_X58Y78         LUT6 (Prop_lut6_I0_O)        0.124    11.191 r  execute_inst/alu32_inst/sll_comp/alu_result1_s[26]_i_3/O
                         net (fo=1, routed)           0.444    11.635    execute_inst/alu32_inst/sll_comp/alu_result1_s[26]_i_3_n_1
    SLICE_X58Y78         LUT6 (Prop_lut6_I5_O)        0.124    11.759 r  execute_inst/alu32_inst/sll_comp/alu_result1_s[26]_i_1/O
                         net (fo=1, routed)           0.000    11.759    alu_result0_s[26]
    SLICE_X58Y78         FDRE                                         r  alu_result1_s_reg[26]/D
  -------------------------------------------------------------------    -------------------

                         (clock clk_out1_clk_wiz_0 rise edge)
                                                     13.333    13.333 r  
    W5                                                0.000    13.333 r  clk_in (IN)
                         net (fo=0)                   0.000    13.333    your_instance_name/inst/clk_in1
    W5                   IBUF (Prop_ibuf_I_O)         1.388    14.721 r  your_instance_name/inst/clkin1_ibufg/O
                         net (fo=1, routed)           1.162    15.883    your_instance_name/inst/clk_in1_clk_wiz_0
    MMCME2_ADV_X1Y0      MMCME2_ADV (Prop_mmcme2_adv_CLKIN1_CLKOUT0)
                                                     -7.217     8.666 r  your_instance_name/inst/mmcm_adv_inst/CLKOUT0
                         net (fo=1, routed)           1.581    10.247    your_instance_name/inst/clk_out1_clk_wiz_0
    BUFGCTRL_X0Y1        BUFG (Prop_bufg_I_O)         0.091    10.338 r  your_instance_name/inst/clkout1_buf/O
                         net (fo=380, routed)         1.496    11.834    clk
    SLICE_X58Y78         FDRE                                         r  alu_result1_s_reg[26]/C
                         clock pessimism              0.562    12.395    
                         clock uncertainty           -0.119    12.277    
    SLICE_X58Y78         FDRE (Setup_fdre_C_D)        0.029    12.306    alu_result1_s_reg[26]
  -------------------------------------------------------------------
                         required time                         12.306    
                         arrival time                         -11.759    
  -------------------------------------------------------------------
                         slack                                  0.547    





Min Delay Paths
--------------------------------------------------------------------------------------
Slack (MET) :             0.160ns  (arrival time - required time)
  Source:                 alu_result1_s_reg[14]/C
                            (rising edge-triggered cell FDRE clocked by clk_out1_clk_wiz_0  {rise@0.000ns fall@6.667ns period=13.333ns})
  Destination:            alu_result3_s_reg[14]/D
                            (rising edge-triggered cell FDRE clocked by clk_out1_clk_wiz_0  {rise@0.000ns fall@6.667ns period=13.333ns})
  Path Group:             clk_out1_clk_wiz_0
  Path Type:              Hold (Min at Fast Process Corner)
  Requirement:            0.000ns  (clk_out1_clk_wiz_0 rise@0.000ns - clk_out1_clk_wiz_0 rise@0.000ns)
  Data Path Delay:        0.220ns  (logic 0.164ns (74.580%)  route 0.056ns (25.420%))
  Logic Levels:           0  
  Clock Path Skew:        0.000ns (DCD - SCD - CPR)
    Destination Clock Delay (DCD):    -0.840ns
    Source Clock Delay      (SCD):    -0.599ns
    Clock Pessimism Removal (CPR):    -0.241ns

    Location             Delay type                Incr(ns)  Path(ns)    Netlist Resource(s)
  -------------------------------------------------------------------    -------------------
                         (clock clk_out1_clk_wiz_0 rise edge)
                                                      0.000     0.000 r  
    W5                                                0.000     0.000 r  clk_in (IN)
                         net (fo=0)                   0.000     0.000    your_instance_name/inst/clk_in1
    W5                   IBUF (Prop_ibuf_I_O)         0.226     0.226 r  your_instance_name/inst/clkin1_ibufg/O
                         net (fo=1, routed)           0.440     0.667    your_instance_name/inst/clk_in1_clk_wiz_0
    MMCME2_ADV_X1Y0      MMCME2_ADV (Prop_mmcme2_adv_CLKIN1_CLKOUT0)
                                                     -2.360    -1.693 r  your_instance_name/inst/mmcm_adv_inst/CLKOUT0
                         net (fo=1, routed)           0.486    -1.207    your_instance_name/inst/clk_out1_clk_wiz_0
    BUFGCTRL_X0Y1        BUFG (Prop_bufg_I_O)         0.026    -1.181 r  your_instance_name/inst/clkout1_buf/O
                         net (fo=380, routed)         0.582    -0.599    clk
    SLICE_X60Y78         FDRE                                         r  alu_result1_s_reg[14]/C
  -------------------------------------------------------------------    -------------------
    SLICE_X60Y78         FDRE (Prop_fdre_C_Q)         0.164    -0.435 r  alu_result1_s_reg[14]/Q
                         net (fo=1, routed)           0.056    -0.379    alu_result1_s[14]
    SLICE_X60Y78         FDRE                                         r  alu_result3_s_reg[14]/D
  -------------------------------------------------------------------    -------------------

                         (clock clk_out1_clk_wiz_0 rise edge)
                                                      0.000     0.000 r  
    W5                                                0.000     0.000 r  clk_in (IN)
                         net (fo=0)                   0.000     0.000    your_instance_name/inst/clk_in1
    W5                   IBUF (Prop_ibuf_I_O)         0.414     0.414 r  your_instance_name/inst/clkin1_ibufg/O
                         net (fo=1, routed)           0.480     0.894    your_instance_name/inst/clk_in1_clk_wiz_0
    MMCME2_ADV_X1Y0      MMCME2_ADV (Prop_mmcme2_adv_CLKIN1_CLKOUT0)
                                                     -3.142    -2.248 r  your_instance_name/inst/mmcm_adv_inst/CLKOUT0
                         net (fo=1, routed)           0.530    -1.718    your_instance_name/inst/clk_out1_clk_wiz_0
    BUFGCTRL_X0Y1        BUFG (Prop_bufg_I_O)         0.029    -1.689 r  your_instance_name/inst/clkout1_buf/O
                         net (fo=380, routed)         0.850    -0.840    clk
    SLICE_X60Y78         FDRE                                         r  alu_result3_s_reg[14]/C
                         clock pessimism              0.241    -0.599    
    SLICE_X60Y78         FDRE (Hold_fdre_C_D)         0.060    -0.539    alu_result3_s_reg[14]
  -------------------------------------------------------------------
                         required time                          0.539    
                         arrival time                          -0.379    
  -------------------------------------------------------------------
                         slack                                  0.160    





Pulse Width Checks
--------------------------------------------------------------------------------------
Clock Name:         clk_out1_clk_wiz_0
Waveform(ns):       { 0.000 6.667 }
Period(ns):         13.333
Sources:            { your_instance_name/inst/mmcm_adv_inst/CLKOUT0 }

Check Type        Corner  Lib Pin             Reference Pin  Required(ns)  Actual(ns)  Slack(ns)  Location         Pin
Min Period        n/a     BUFG/I              n/a            2.155         13.333      11.178     BUFGCTRL_X0Y0    n_0_788_BUFG_inst/I
Max Period        n/a     MMCME2_ADV/CLKOUT0  n/a            213.360       13.333      200.027    MMCME2_ADV_X1Y0  your_instance_name/inst/mmcm_adv_inst/CLKOUT0
Low Pulse Width   Slow    RAMD32/CLK          n/a            1.250         6.667       5.417      SLICE_X56Y77     decode_inst/registerfile_inst/register_array_reg_r1_0_31_0_5/RAMA/CLK
High Pulse Width  Slow    RAMD32/CLK          n/a            1.250         6.667       5.417      SLICE_X56Y77     decode_inst/registerfile_inst/register_array_reg_r1_0_31_0_5/RAMA/CLK



---------------------------------------------------------------------------------------------------
From Clock:  clkfbout_clk_wiz_0
  To Clock:  clkfbout_clk_wiz_0

Setup :           NA  Failing Endpoints,  Worst Slack           NA  ,  Total Violation           NA
Hold  :           NA  Failing Endpoints,  Worst Slack           NA  ,  Total Violation           NA
PW    :            0  Failing Endpoints,  Worst Slack       37.845ns,  Total Violation        0.000ns
---------------------------------------------------------------------------------------------------


Pulse Width Checks
--------------------------------------------------------------------------------------
Clock Name:         clkfbout_clk_wiz_0
Waveform(ns):       { 0.000 20.000 }
Period(ns):         40.000
Sources:            { your_instance_name/inst/mmcm_adv_inst/CLKFBOUT }

Check Type  Corner  Lib Pin             Reference Pin  Required(ns)  Actual(ns)  Slack(ns)  Location         Pin
Min Period  n/a     BUFG/I              n/a            2.155         40.000      37.845     BUFGCTRL_X0Y2    your_instance_name/inst/clkf_buf/I
Max Period  n/a     MMCME2_ADV/CLKFBIN  n/a            100.000       40.000      60.000     MMCME2_ADV_X1Y0  your_instance_name/inst/mmcm_adv_inst/CLKFBIN



---------------------------------------------------------------------------------------------------
From Clock:  sys_clk_pin
  To Clock:  sys_clk_pin

Setup :           NA  Failing Endpoints,  Worst Slack           NA  ,  Total Violation           NA
Hold  :           NA  Failing Endpoints,  Worst Slack           NA  ,  Total Violation           NA
PW    :            0  Failing Endpoints,  Worst Slack        3.000ns,  Total Violation        0.000ns
---------------------------------------------------------------------------------------------------


Pulse Width Checks
--------------------------------------------------------------------------------------
Clock Name:         sys_clk_pin
Waveform(ns):       { 0.000 5.000 }
Period(ns):         10.000
Sources:            { clk_in }

Check Type        Corner  Lib Pin            Reference Pin  Required(ns)  Actual(ns)  Slack(ns)  Location         Pin
Min Period        n/a     MMCME2_ADV/CLKIN1  n/a            1.249         10.000      8.751      MMCME2_ADV_X1Y0  your_instance_name/inst/mmcm_adv_inst/CLKIN1
Max Period        n/a     MMCME2_ADV/CLKIN1  n/a            100.000       10.000      90.000     MMCME2_ADV_X1Y0  your_instance_name/inst/mmcm_adv_inst/CLKIN1
Low Pulse Width   Slow    MMCME2_ADV/CLKIN1  n/a            2.000         5.000       3.000      MMCME2_ADV_X1Y0  your_instance_name/inst/mmcm_adv_inst/CLKIN1
High Pulse Width  Slow    MMCME2_ADV/CLKIN1  n/a            2.000         5.000       3.000      MMCME2_ADV_X1Y0  your_instance_name/inst/mmcm_adv_inst/CLKIN1



---------------------------------------------------------------------------------------------------
From Clock:  clk_out1_clk_wiz_0_1
  To Clock:  clk_out1_clk_wiz_0_1

Setup :            0  Failing Endpoints,  Worst Slack        0.549ns,  Total Violation        0.000ns
Hold  :            0  Failing Endpoints,  Worst Slack        0.160ns,  Total Violation        0.000ns
PW    :            0  Failing Endpoints,  Worst Slack        5.417ns,  Total Violation        0.000ns
---------------------------------------------------------------------------------------------------


Max Delay Paths
--------------------------------------------------------------------------------------
Slack (MET) :             0.549ns  (required time - arrival time)
  Source:                 immd1_s_reg[0]/C
                            (rising edge-triggered cell FDRE clocked by clk_out1_clk_wiz_0_1  {rise@0.000ns fall@6.667ns period=13.333ns})
  Destination:            alu_result1_s_reg[26]/D
                            (rising edge-triggered cell FDRE clocked by clk_out1_clk_wiz_0_1  {rise@0.000ns fall@6.667ns period=13.333ns})
  Path Group:             clk_out1_clk_wiz_0_1
  Path Type:              Setup (Max at Slow Process Corner)
  Requirement:            13.333ns  (clk_out1_clk_wiz_0_1 rise@13.333ns - clk_out1_clk_wiz_0_1 rise@0.000ns)
  Data Path Delay:        12.716ns  (logic 2.564ns (20.163%)  route 10.152ns (79.837%))
  Logic Levels:           17  (LUT3=1 LUT4=1 LUT5=4 LUT6=11)
  Clock Path Skew:        0.019ns (DCD - SCD + CPR)
    Destination Clock Delay (DCD):    -1.500ns = ( 11.834 - 13.333 ) 
    Source Clock Delay      (SCD):    -0.957ns
    Clock Pessimism Removal (CPR):    0.562ns
  Clock Uncertainty:      0.116ns  ((TSJ^2 + DJ^2)^1/2) / 2 + PE
    Total System Jitter     (TSJ):    0.071ns
    Discrete Jitter          (DJ):    0.221ns
    Phase Error              (PE):    0.000ns

    Location             Delay type                Incr(ns)  Path(ns)    Netlist Resource(s)
  -------------------------------------------------------------------    -------------------
                         (clock clk_out1_clk_wiz_0_1 rise edge)
                                                      0.000     0.000 r  
    W5                                                0.000     0.000 r  clk_in (IN)
                         net (fo=0)                   0.000     0.000    your_instance_name/inst/clk_in1
    W5                   IBUF (Prop_ibuf_I_O)         1.458     1.458 r  your_instance_name/inst/clkin1_ibufg/O
                         net (fo=1, routed)           1.233     2.691    your_instance_name/inst/clk_in1_clk_wiz_0
    MMCME2_ADV_X1Y0      MMCME2_ADV (Prop_mmcme2_adv_CLKIN1_CLKOUT0)
                                                     -6.961    -4.269 r  your_instance_name/inst/mmcm_adv_inst/CLKOUT0
                         net (fo=1, routed)           1.661    -2.608    your_instance_name/inst/clk_out1_clk_wiz_0
    BUFGCTRL_X0Y1        BUFG (Prop_bufg_I_O)         0.096    -2.512 r  your_instance_name/inst/clkout1_buf/O
                         net (fo=380, routed)         1.555    -0.957    clk
    SLICE_X55Y87         FDRE                                         r  immd1_s_reg[0]/C
  -------------------------------------------------------------------    -------------------
    SLICE_X55Y87         FDRE (Prop_fdre_C_Q)         0.456    -0.501 r  immd1_s_reg[0]/Q
                         net (fo=4, routed)           0.795     0.294    execute_inst/immd1_s[0]
    SLICE_X55Y87         LUT3 (Prop_lut3_I0_O)        0.124     0.418 r  execute_inst/alu_result1_s[0]_i_5/O
                         net (fo=45, routed)          0.703     1.121    execute_inst/b_s[0]
    SLICE_X54Y88         LUT6 (Prop_lut6_I2_O)        0.124     1.245 r  execute_inst/alu_result1_s[3]_i_10/O
                         net (fo=2, routed)           0.682     1.927    execute_inst/mul_comp/prod_inst/gen_reduce_slv_l.wrapper_left_inst/gen_reduce_slv_l.wrapper_left_inst/gen_reduce_slv_l.wrapper_left_inst/gen_two_slv_l.add_inst/p_4_in
    SLICE_X54Y88         LUT6 (Prop_lut6_I4_O)        0.124     2.051 r  execute_inst/alu_result1_s[7]_i_29/O
                         net (fo=4, routed)           0.880     2.931    execute_inst/mul_comp/prod_inst/gen_reduce_slv_l.wrapper_left_inst/gen_reduce_slv_l.wrapper_left_inst/gen_reduce_slv_l.add_inst/c_s_2
    SLICE_X54Y88         LUT5 (Prop_lut5_I2_O)        0.124     3.055 r  execute_inst/alu_result1_s[7]_i_14/O
                         net (fo=3, routed)           0.818     3.874    execute_inst/mul_comp/prod_inst/gen_reduce_slv_l.wrapper_left_inst/gen_reduce_slv_l.wrapper_left_inst/gen_reduce_slv_l.add_inst/p_6_in
    SLICE_X52Y85         LUT6 (Prop_lut6_I4_O)        0.124     3.998 r  execute_inst/alu_result1_s[7]_i_5/O
                         net (fo=3, routed)           0.346     4.344    execute_inst/mul_comp/prod_inst/gen_reduce_slv_l.wrapper_left_inst/gen_reduce_slv_l.add_inst/c_s_3
    SLICE_X54Y85         LUT6 (Prop_lut6_I5_O)        0.124     4.468 r  execute_inst/alu_result1_s[10]_i_20/O
                         net (fo=3, routed)           0.664     5.132    execute_inst/mul_comp/prod_inst/gen_reduce_slv_l.wrapper_left_inst/gen_reduce_slv_l.add_inst/c_s_5
    SLICE_X55Y85         LUT6 (Prop_lut6_I5_O)        0.124     5.256 r  execute_inst/alu_result1_s[14]_i_63/O
                         net (fo=4, routed)           0.350     5.606    execute_inst/mul_comp/prod_inst/gen_reduce_slv_l.wrapper_left_inst/gen_reduce_slv_l.add_inst/c_s_7
    SLICE_X56Y84         LUT6 (Prop_lut6_I5_O)        0.124     5.730 r  execute_inst/alu_result1_s[14]_i_26/O
                         net (fo=4, routed)           0.478     6.207    execute_inst/mul_comp/prod_inst/gen_reduce_slv_l.wrapper_left_inst/gen_reduce_slv_l.add_inst/c_s_9
    SLICE_X57Y83         LUT6 (Prop_lut6_I5_O)        0.124     6.331 r  execute_inst/alu_result1_s[17]_i_24/O
                         net (fo=4, routed)           0.464     6.795    execute_inst/mul_comp/prod_inst/gen_reduce_slv_l.wrapper_left_inst/gen_reduce_slv_l.add_inst/c_s_11
    SLICE_X57Y82         LUT6 (Prop_lut6_I5_O)        0.124     6.919 r  execute_inst/alu_result1_s[18]_i_10/O
                         net (fo=4, routed)           0.458     7.378    execute_inst/mul_comp/prod_inst/gen_reduce_slv_l.wrapper_left_inst/gen_reduce_slv_l.add_inst/c_s_13
    SLICE_X57Y82         LUT5 (Prop_lut5_I4_O)        0.124     7.502 r  execute_inst/alu_result1_s[21]_i_12/O
                         net (fo=5, routed)           0.772     8.274    execute_inst/mul_comp/prod_inst/gen_reduce_slv_l.wrapper_left_inst/gen_reduce_slv_l.add_inst/c_s_15
    SLICE_X59Y82         LUT5 (Prop_lut5_I2_O)        0.124     8.398 f  execute_inst/alu_result1_s[21]_i_6/O
                         net (fo=2, routed)           0.661     9.059    execute_inst/mul_comp/prod_inst/res_left_s[21]
    SLICE_X59Y82         LUT5 (Prop_lut5_I1_O)        0.124     9.183 f  execute_inst/alu_result1_s[25]_i_10/O
                         net (fo=4, routed)           0.601     9.784    execute_inst/mul_comp/prod_inst/gen_reduce_slv_l.add_inst/c_s_14
    SLICE_X61Y83         LUT6 (Prop_lut6_I1_O)        0.124     9.908 r  execute_inst/alu_result1_s[25]_i_3/O
                         net (fo=5, routed)           0.591    10.499    execute_inst/alu_result1_s[25]_i_3_n_1
    SLICE_X59Y81         LUT4 (Prop_lut4_I0_O)        0.124    10.623 r  execute_inst/alu_result1_s[26]_i_5/O
                         net (fo=1, routed)           0.444    11.067    execute_inst/alu32_inst/sll_comp/alu_result1_s_reg[26]_1
    SLICE_X58Y78         LUT6 (Prop_lut6_I0_O)        0.124    11.191 r  execute_inst/alu32_inst/sll_comp/alu_result1_s[26]_i_3/O
                         net (fo=1, routed)           0.444    11.635    execute_inst/alu32_inst/sll_comp/alu_result1_s[26]_i_3_n_1
    SLICE_X58Y78         LUT6 (Prop_lut6_I5_O)        0.124    11.759 r  execute_inst/alu32_inst/sll_comp/alu_result1_s[26]_i_1/O
                         net (fo=1, routed)           0.000    11.759    alu_result0_s[26]
    SLICE_X58Y78         FDRE                                         r  alu_result1_s_reg[26]/D
  -------------------------------------------------------------------    -------------------

                         (clock clk_out1_clk_wiz_0_1 rise edge)
                                                     13.333    13.333 r  
    W5                                                0.000    13.333 r  clk_in (IN)
                         net (fo=0)                   0.000    13.333    your_instance_name/inst/clk_in1
    W5                   IBUF (Prop_ibuf_I_O)         1.388    14.721 r  your_instance_name/inst/clkin1_ibufg/O
                         net (fo=1, routed)           1.162    15.883    your_instance_name/inst/clk_in1_clk_wiz_0
    MMCME2_ADV_X1Y0      MMCME2_ADV (Prop_mmcme2_adv_CLKIN1_CLKOUT0)
                                                     -7.217     8.666 r  your_instance_name/inst/mmcm_adv_inst/CLKOUT0
                         net (fo=1, routed)           1.581    10.247    your_instance_name/inst/clk_out1_clk_wiz_0
    BUFGCTRL_X0Y1        BUFG (Prop_bufg_I_O)         0.091    10.338 r  your_instance_name/inst/clkout1_buf/O
                         net (fo=380, routed)         1.496    11.834    clk
    SLICE_X58Y78         FDRE                                         r  alu_result1_s_reg[26]/C
                         clock pessimism              0.562    12.395    
                         clock uncertainty           -0.116    12.279    
    SLICE_X58Y78         FDRE (Setup_fdre_C_D)        0.029    12.308    alu_result1_s_reg[26]
  -------------------------------------------------------------------
                         required time                         12.308    
                         arrival time                         -11.759    
  -------------------------------------------------------------------
                         slack                                  0.549    





Min Delay Paths
--------------------------------------------------------------------------------------
Slack (MET) :             0.160ns  (arrival time - required time)
  Source:                 alu_result1_s_reg[14]/C
                            (rising edge-triggered cell FDRE clocked by clk_out1_clk_wiz_0_1  {rise@0.000ns fall@6.667ns period=13.333ns})
  Destination:            alu_result3_s_reg[14]/D
                            (rising edge-triggered cell FDRE clocked by clk_out1_clk_wiz_0_1  {rise@0.000ns fall@6.667ns period=13.333ns})
  Path Group:             clk_out1_clk_wiz_0_1
  Path Type:              Hold (Min at Fast Process Corner)
  Requirement:            0.000ns  (clk_out1_clk_wiz_0_1 rise@0.000ns - clk_out1_clk_wiz_0_1 rise@0.000ns)
  Data Path Delay:        0.220ns  (logic 0.164ns (74.580%)  route 0.056ns (25.420%))
  Logic Levels:           0  
  Clock Path Skew:        0.000ns (DCD - SCD - CPR)
    Destination Clock Delay (DCD):    -0.840ns
    Source Clock Delay      (SCD):    -0.599ns
    Clock Pessimism Removal (CPR):    -0.241ns

    Location             Delay type                Incr(ns)  Path(ns)    Netlist Resource(s)
  -------------------------------------------------------------------    -------------------
                         (clock clk_out1_clk_wiz_0_1 rise edge)
                                                      0.000     0.000 r  
    W5                                                0.000     0.000 r  clk_in (IN)
                         net (fo=0)                   0.000     0.000    your_instance_name/inst/clk_in1
    W5                   IBUF (Prop_ibuf_I_O)         0.226     0.226 r  your_instance_name/inst/clkin1_ibufg/O
                         net (fo=1, routed)           0.440     0.667    your_instance_name/inst/clk_in1_clk_wiz_0
    MMCME2_ADV_X1Y0      MMCME2_ADV (Prop_mmcme2_adv_CLKIN1_CLKOUT0)
                                                     -2.360    -1.693 r  your_instance_name/inst/mmcm_adv_inst/CLKOUT0
                         net (fo=1, routed)           0.486    -1.207    your_instance_name/inst/clk_out1_clk_wiz_0
    BUFGCTRL_X0Y1        BUFG (Prop_bufg_I_O)         0.026    -1.181 r  your_instance_name/inst/clkout1_buf/O
                         net (fo=380, routed)         0.582    -0.599    clk
    SLICE_X60Y78         FDRE                                         r  alu_result1_s_reg[14]/C
  -------------------------------------------------------------------    -------------------
    SLICE_X60Y78         FDRE (Prop_fdre_C_Q)         0.164    -0.435 r  alu_result1_s_reg[14]/Q
                         net (fo=1, routed)           0.056    -0.379    alu_result1_s[14]
    SLICE_X60Y78         FDRE                                         r  alu_result3_s_reg[14]/D
  -------------------------------------------------------------------    -------------------

                         (clock clk_out1_clk_wiz_0_1 rise edge)
                                                      0.000     0.000 r  
    W5                                                0.000     0.000 r  clk_in (IN)
                         net (fo=0)                   0.000     0.000    your_instance_name/inst/clk_in1
    W5                   IBUF (Prop_ibuf_I_O)         0.414     0.414 r  your_instance_name/inst/clkin1_ibufg/O
                         net (fo=1, routed)           0.480     0.894    your_instance_name/inst/clk_in1_clk_wiz_0
    MMCME2_ADV_X1Y0      MMCME2_ADV (Prop_mmcme2_adv_CLKIN1_CLKOUT0)
                                                     -3.142    -2.248 r  your_instance_name/inst/mmcm_adv_inst/CLKOUT0
                         net (fo=1, routed)           0.530    -1.718    your_instance_name/inst/clk_out1_clk_wiz_0
    BUFGCTRL_X0Y1        BUFG (Prop_bufg_I_O)         0.029    -1.689 r  your_instance_name/inst/clkout1_buf/O
                         net (fo=380, routed)         0.850    -0.840    clk
    SLICE_X60Y78         FDRE                                         r  alu_result3_s_reg[14]/C
                         clock pessimism              0.241    -0.599    
    SLICE_X60Y78         FDRE (Hold_fdre_C_D)         0.060    -0.539    alu_result3_s_reg[14]
  -------------------------------------------------------------------
                         required time                          0.539    
                         arrival time                          -0.379    
  -------------------------------------------------------------------
                         slack                                  0.160    





Pulse Width Checks
--------------------------------------------------------------------------------------
Clock Name:         clk_out1_clk_wiz_0_1
Waveform(ns):       { 0.000 6.667 }
Period(ns):         13.333
Sources:            { your_instance_name/inst/mmcm_adv_inst/CLKOUT0 }

Check Type        Corner  Lib Pin             Reference Pin  Required(ns)  Actual(ns)  Slack(ns)  Location         Pin
Min Period        n/a     BUFG/I              n/a            2.155         13.333      11.178     BUFGCTRL_X0Y0    n_0_788_BUFG_inst/I
Max Period        n/a     MMCME2_ADV/CLKOUT0  n/a            213.360       13.333      200.027    MMCME2_ADV_X1Y0  your_instance_name/inst/mmcm_adv_inst/CLKOUT0
Low Pulse Width   Slow    RAMD32/CLK          n/a            1.250         6.667       5.417      SLICE_X56Y77     decode_inst/registerfile_inst/register_array_reg_r1_0_31_0_5/RAMA/CLK
High Pulse Width  Slow    RAMD32/CLK          n/a            1.250         6.667       5.417      SLICE_X56Y77     decode_inst/registerfile_inst/register_array_reg_r1_0_31_0_5/RAMA/CLK



---------------------------------------------------------------------------------------------------
From Clock:  clkfbout_clk_wiz_0_1
  To Clock:  clkfbout_clk_wiz_0_1

Setup :           NA  Failing Endpoints,  Worst Slack           NA  ,  Total Violation           NA
Hold  :           NA  Failing Endpoints,  Worst Slack           NA  ,  Total Violation           NA
PW    :            0  Failing Endpoints,  Worst Slack       37.845ns,  Total Violation        0.000ns
---------------------------------------------------------------------------------------------------


Pulse Width Checks
--------------------------------------------------------------------------------------
Clock Name:         clkfbout_clk_wiz_0_1
Waveform(ns):       { 0.000 20.000 }
Period(ns):         40.000
Sources:            { your_instance_name/inst/mmcm_adv_inst/CLKFBOUT }

Check Type  Corner  Lib Pin             Reference Pin  Required(ns)  Actual(ns)  Slack(ns)  Location         Pin
Min Period  n/a     BUFG/I              n/a            2.155         40.000      37.845     BUFGCTRL_X0Y2    your_instance_name/inst/clkf_buf/I
Max Period  n/a     MMCME2_ADV/CLKFBIN  n/a            100.000       40.000      60.000     MMCME2_ADV_X1Y0  your_instance_name/inst/mmcm_adv_inst/CLKFBIN



---------------------------------------------------------------------------------------------------
From Clock:  clk_out1_clk_wiz_0_1
  To Clock:  clk_out1_clk_wiz_0

Setup :            0  Failing Endpoints,  Worst Slack        0.547ns,  Total Violation        0.000ns
Hold  :            0  Failing Endpoints,  Worst Slack        0.041ns,  Total Violation        0.000ns
---------------------------------------------------------------------------------------------------


Max Delay Paths
--------------------------------------------------------------------------------------
Slack (MET) :             0.547ns  (required time - arrival time)
  Source:                 immd1_s_reg[0]/C
                            (rising edge-triggered cell FDRE clocked by clk_out1_clk_wiz_0_1  {rise@0.000ns fall@6.667ns period=13.333ns})
  Destination:            alu_result1_s_reg[26]/D
                            (rising edge-triggered cell FDRE clocked by clk_out1_clk_wiz_0  {rise@0.000ns fall@6.667ns period=13.333ns})
  Path Group:             clk_out1_clk_wiz_0
  Path Type:              Setup (Max at Slow Process Corner)
  Requirement:            13.333ns  (clk_out1_clk_wiz_0 rise@13.333ns - clk_out1_clk_wiz_0_1 rise@0.000ns)
  Data Path Delay:        12.716ns  (logic 2.564ns (20.163%)  route 10.152ns (79.837%))
  Logic Levels:           17  (LUT3=1 LUT4=1 LUT5=4 LUT6=11)
  Clock Path Skew:        0.019ns (DCD - SCD + CPR)
    Destination Clock Delay (DCD):    -1.500ns = ( 11.834 - 13.333 ) 
    Source Clock Delay      (SCD):    -0.957ns
    Clock Pessimism Removal (CPR):    0.562ns
  Clock Uncertainty:      0.119ns  ((TSJ^2 + DJ^2)^1/2) / 2 + PE
    Total System Jitter     (TSJ):    0.071ns
    Discrete Jitter          (DJ):    0.226ns
    Phase Error              (PE):    0.000ns
  Clock Domain Crossing:  Inter clock paths are considered valid unless explicitly excluded by timing constraints such as set_clock_groups or set_false_path.

    Location             Delay type                Incr(ns)  Path(ns)    Netlist Resource(s)
  -------------------------------------------------------------------    -------------------
                         (clock clk_out1_clk_wiz_0_1 rise edge)
                                                      0.000     0.000 r  
    W5                                                0.000     0.000 r  clk_in (IN)
                         net (fo=0)                   0.000     0.000    your_instance_name/inst/clk_in1
    W5                   IBUF (Prop_ibuf_I_O)         1.458     1.458 r  your_instance_name/inst/clkin1_ibufg/O
                         net (fo=1, routed)           1.233     2.691    your_instance_name/inst/clk_in1_clk_wiz_0
    MMCME2_ADV_X1Y0      MMCME2_ADV (Prop_mmcme2_adv_CLKIN1_CLKOUT0)
                                                     -6.961    -4.269 r  your_instance_name/inst/mmcm_adv_inst/CLKOUT0
                         net (fo=1, routed)           1.661    -2.608    your_instance_name/inst/clk_out1_clk_wiz_0
    BUFGCTRL_X0Y1        BUFG (Prop_bufg_I_O)         0.096    -2.512 r  your_instance_name/inst/clkout1_buf/O
                         net (fo=380, routed)         1.555    -0.957    clk
    SLICE_X55Y87         FDRE                                         r  immd1_s_reg[0]/C
  -------------------------------------------------------------------    -------------------
    SLICE_X55Y87         FDRE (Prop_fdre_C_Q)         0.456    -0.501 r  immd1_s_reg[0]/Q
                         net (fo=4, routed)           0.795     0.294    execute_inst/immd1_s[0]
    SLICE_X55Y87         LUT3 (Prop_lut3_I0_O)        0.124     0.418 r  execute_inst/alu_result1_s[0]_i_5/O
                         net (fo=45, routed)          0.703     1.121    execute_inst/b_s[0]
    SLICE_X54Y88         LUT6 (Prop_lut6_I2_O)        0.124     1.245 r  execute_inst/alu_result1_s[3]_i_10/O
                         net (fo=2, routed)           0.682     1.927    execute_inst/mul_comp/prod_inst/gen_reduce_slv_l.wrapper_left_inst/gen_reduce_slv_l.wrapper_left_inst/gen_reduce_slv_l.wrapper_left_inst/gen_two_slv_l.add_inst/p_4_in
    SLICE_X54Y88         LUT6 (Prop_lut6_I4_O)        0.124     2.051 r  execute_inst/alu_result1_s[7]_i_29/O
                         net (fo=4, routed)           0.880     2.931    execute_inst/mul_comp/prod_inst/gen_reduce_slv_l.wrapper_left_inst/gen_reduce_slv_l.wrapper_left_inst/gen_reduce_slv_l.add_inst/c_s_2
    SLICE_X54Y88         LUT5 (Prop_lut5_I2_O)        0.124     3.055 r  execute_inst/alu_result1_s[7]_i_14/O
                         net (fo=3, routed)           0.818     3.874    execute_inst/mul_comp/prod_inst/gen_reduce_slv_l.wrapper_left_inst/gen_reduce_slv_l.wrapper_left_inst/gen_reduce_slv_l.add_inst/p_6_in
    SLICE_X52Y85         LUT6 (Prop_lut6_I4_O)        0.124     3.998 r  execute_inst/alu_result1_s[7]_i_5/O
                         net (fo=3, routed)           0.346     4.344    execute_inst/mul_comp/prod_inst/gen_reduce_slv_l.wrapper_left_inst/gen_reduce_slv_l.add_inst/c_s_3
    SLICE_X54Y85         LUT6 (Prop_lut6_I5_O)        0.124     4.468 r  execute_inst/alu_result1_s[10]_i_20/O
                         net (fo=3, routed)           0.664     5.132    execute_inst/mul_comp/prod_inst/gen_reduce_slv_l.wrapper_left_inst/gen_reduce_slv_l.add_inst/c_s_5
    SLICE_X55Y85         LUT6 (Prop_lut6_I5_O)        0.124     5.256 r  execute_inst/alu_result1_s[14]_i_63/O
                         net (fo=4, routed)           0.350     5.606    execute_inst/mul_comp/prod_inst/gen_reduce_slv_l.wrapper_left_inst/gen_reduce_slv_l.add_inst/c_s_7
    SLICE_X56Y84         LUT6 (Prop_lut6_I5_O)        0.124     5.730 r  execute_inst/alu_result1_s[14]_i_26/O
                         net (fo=4, routed)           0.478     6.207    execute_inst/mul_comp/prod_inst/gen_reduce_slv_l.wrapper_left_inst/gen_reduce_slv_l.add_inst/c_s_9
    SLICE_X57Y83         LUT6 (Prop_lut6_I5_O)        0.124     6.331 r  execute_inst/alu_result1_s[17]_i_24/O
                         net (fo=4, routed)           0.464     6.795    execute_inst/mul_comp/prod_inst/gen_reduce_slv_l.wrapper_left_inst/gen_reduce_slv_l.add_inst/c_s_11
    SLICE_X57Y82         LUT6 (Prop_lut6_I5_O)        0.124     6.919 r  execute_inst/alu_result1_s[18]_i_10/O
                         net (fo=4, routed)           0.458     7.378    execute_inst/mul_comp/prod_inst/gen_reduce_slv_l.wrapper_left_inst/gen_reduce_slv_l.add_inst/c_s_13
    SLICE_X57Y82         LUT5 (Prop_lut5_I4_O)        0.124     7.502 r  execute_inst/alu_result1_s[21]_i_12/O
                         net (fo=5, routed)           0.772     8.274    execute_inst/mul_comp/prod_inst/gen_reduce_slv_l.wrapper_left_inst/gen_reduce_slv_l.add_inst/c_s_15
    SLICE_X59Y82         LUT5 (Prop_lut5_I2_O)        0.124     8.398 f  execute_inst/alu_result1_s[21]_i_6/O
                         net (fo=2, routed)           0.661     9.059    execute_inst/mul_comp/prod_inst/res_left_s[21]
    SLICE_X59Y82         LUT5 (Prop_lut5_I1_O)        0.124     9.183 f  execute_inst/alu_result1_s[25]_i_10/O
                         net (fo=4, routed)           0.601     9.784    execute_inst/mul_comp/prod_inst/gen_reduce_slv_l.add_inst/c_s_14
    SLICE_X61Y83         LUT6 (Prop_lut6_I1_O)        0.124     9.908 r  execute_inst/alu_result1_s[25]_i_3/O
                         net (fo=5, routed)           0.591    10.499    execute_inst/alu_result1_s[25]_i_3_n_1
    SLICE_X59Y81         LUT4 (Prop_lut4_I0_O)        0.124    10.623 r  execute_inst/alu_result1_s[26]_i_5/O
                         net (fo=1, routed)           0.444    11.067    execute_inst/alu32_inst/sll_comp/alu_result1_s_reg[26]_1
    SLICE_X58Y78         LUT6 (Prop_lut6_I0_O)        0.124    11.191 r  execute_inst/alu32_inst/sll_comp/alu_result1_s[26]_i_3/O
                         net (fo=1, routed)           0.444    11.635    execute_inst/alu32_inst/sll_comp/alu_result1_s[26]_i_3_n_1
    SLICE_X58Y78         LUT6 (Prop_lut6_I5_O)        0.124    11.759 r  execute_inst/alu32_inst/sll_comp/alu_result1_s[26]_i_1/O
                         net (fo=1, routed)           0.000    11.759    alu_result0_s[26]
    SLICE_X58Y78         FDRE                                         r  alu_result1_s_reg[26]/D
  -------------------------------------------------------------------    -------------------

                         (clock clk_out1_clk_wiz_0 rise edge)
                                                     13.333    13.333 r  
    W5                                                0.000    13.333 r  clk_in (IN)
                         net (fo=0)                   0.000    13.333    your_instance_name/inst/clk_in1
    W5                   IBUF (Prop_ibuf_I_O)         1.388    14.721 r  your_instance_name/inst/clkin1_ibufg/O
                         net (fo=1, routed)           1.162    15.883    your_instance_name/inst/clk_in1_clk_wiz_0
    MMCME2_ADV_X1Y0      MMCME2_ADV (Prop_mmcme2_adv_CLKIN1_CLKOUT0)
                                                     -7.217     8.666 r  your_instance_name/inst/mmcm_adv_inst/CLKOUT0
                         net (fo=1, routed)           1.581    10.247    your_instance_name/inst/clk_out1_clk_wiz_0
    BUFGCTRL_X0Y1        BUFG (Prop_bufg_I_O)         0.091    10.338 r  your_instance_name/inst/clkout1_buf/O
                         net (fo=380, routed)         1.496    11.834    clk
    SLICE_X58Y78         FDRE                                         r  alu_result1_s_reg[26]/C
                         clock pessimism              0.562    12.395    
                         clock uncertainty           -0.119    12.277    
    SLICE_X58Y78         FDRE (Setup_fdre_C_D)        0.029    12.306    alu_result1_s_reg[26]
  -------------------------------------------------------------------
                         required time                         12.306    
                         arrival time                         -11.759    
  -------------------------------------------------------------------
                         slack                                  0.547    





Min Delay Paths
--------------------------------------------------------------------------------------
Slack (MET) :             0.041ns  (arrival time - required time)
  Source:                 alu_result1_s_reg[14]/C
                            (rising edge-triggered cell FDRE clocked by clk_out1_clk_wiz_0_1  {rise@0.000ns fall@6.667ns period=13.333ns})
  Destination:            alu_result3_s_reg[14]/D
                            (rising edge-triggered cell FDRE clocked by clk_out1_clk_wiz_0  {rise@0.000ns fall@6.667ns period=13.333ns})
  Path Group:             clk_out1_clk_wiz_0
  Path Type:              Hold (Min at Fast Process Corner)
  Requirement:            0.000ns  (clk_out1_clk_wiz_0 rise@0.000ns - clk_out1_clk_wiz_0_1 rise@0.000ns)
  Data Path Delay:        0.220ns  (logic 0.164ns (74.580%)  route 0.056ns (25.420%))
  Logic Levels:           0  
  Clock Path Skew:        0.000ns (DCD - SCD - CPR)
    Destination Clock Delay (DCD):    -0.840ns
    Source Clock Delay      (SCD):    -0.599ns
    Clock Pessimism Removal (CPR):    -0.241ns
  Clock Uncertainty:      0.119ns  ((TSJ^2 + DJ^2)^1/2) / 2 + PE
    Total System Jitter     (TSJ):    0.071ns
    Discrete Jitter          (DJ):    0.226ns
    Phase Error              (PE):    0.000ns
  Clock Domain Crossing:  Inter clock paths are considered valid unless explicitly excluded by timing constraints such as set_clock_groups or set_false_path.

    Location             Delay type                Incr(ns)  Path(ns)    Netlist Resource(s)
  -------------------------------------------------------------------    -------------------
                         (clock clk_out1_clk_wiz_0_1 rise edge)
                                                      0.000     0.000 r  
    W5                                                0.000     0.000 r  clk_in (IN)
                         net (fo=0)                   0.000     0.000    your_instance_name/inst/clk_in1
    W5                   IBUF (Prop_ibuf_I_O)         0.226     0.226 r  your_instance_name/inst/clkin1_ibufg/O
                         net (fo=1, routed)           0.440     0.667    your_instance_name/inst/clk_in1_clk_wiz_0
    MMCME2_ADV_X1Y0      MMCME2_ADV (Prop_mmcme2_adv_CLKIN1_CLKOUT0)
                                                     -2.360    -1.693 r  your_instance_name/inst/mmcm_adv_inst/CLKOUT0
                         net (fo=1, routed)           0.486    -1.207    your_instance_name/inst/clk_out1_clk_wiz_0
    BUFGCTRL_X0Y1        BUFG (Prop_bufg_I_O)         0.026    -1.181 r  your_instance_name/inst/clkout1_buf/O
                         net (fo=380, routed)         0.582    -0.599    clk
    SLICE_X60Y78         FDRE                                         r  alu_result1_s_reg[14]/C
  -------------------------------------------------------------------    -------------------
    SLICE_X60Y78         FDRE (Prop_fdre_C_Q)         0.164    -0.435 r  alu_result1_s_reg[14]/Q
                         net (fo=1, routed)           0.056    -0.379    alu_result1_s[14]
    SLICE_X60Y78         FDRE                                         r  alu_result3_s_reg[14]/D
  -------------------------------------------------------------------    -------------------

                         (clock clk_out1_clk_wiz_0 rise edge)
                                                      0.000     0.000 r  
    W5                                                0.000     0.000 r  clk_in (IN)
                         net (fo=0)                   0.000     0.000    your_instance_name/inst/clk_in1
    W5                   IBUF (Prop_ibuf_I_O)         0.414     0.414 r  your_instance_name/inst/clkin1_ibufg/O
                         net (fo=1, routed)           0.480     0.894    your_instance_name/inst/clk_in1_clk_wiz_0
    MMCME2_ADV_X1Y0      MMCME2_ADV (Prop_mmcme2_adv_CLKIN1_CLKOUT0)
                                                     -3.142    -2.248 r  your_instance_name/inst/mmcm_adv_inst/CLKOUT0
                         net (fo=1, routed)           0.530    -1.718    your_instance_name/inst/clk_out1_clk_wiz_0
    BUFGCTRL_X0Y1        BUFG (Prop_bufg_I_O)         0.029    -1.689 r  your_instance_name/inst/clkout1_buf/O
                         net (fo=380, routed)         0.850    -0.840    clk
    SLICE_X60Y78         FDRE                                         r  alu_result3_s_reg[14]/C
                         clock pessimism              0.241    -0.599    
                         clock uncertainty            0.119    -0.481    
    SLICE_X60Y78         FDRE (Hold_fdre_C_D)         0.060    -0.421    alu_result3_s_reg[14]
  -------------------------------------------------------------------
                         required time                          0.421    
                         arrival time                          -0.379    
  -------------------------------------------------------------------
                         slack                                  0.041    





---------------------------------------------------------------------------------------------------
From Clock:  clk_out1_clk_wiz_0
  To Clock:  clk_out1_clk_wiz_0_1

Setup :            0  Failing Endpoints,  Worst Slack        0.547ns,  Total Violation        0.000ns
Hold  :            0  Failing Endpoints,  Worst Slack        0.041ns,  Total Violation        0.000ns
---------------------------------------------------------------------------------------------------


Max Delay Paths
--------------------------------------------------------------------------------------
Slack (MET) :             0.547ns  (required time - arrival time)
  Source:                 immd1_s_reg[0]/C
                            (rising edge-triggered cell FDRE clocked by clk_out1_clk_wiz_0  {rise@0.000ns fall@6.667ns period=13.333ns})
  Destination:            alu_result1_s_reg[26]/D
                            (rising edge-triggered cell FDRE clocked by clk_out1_clk_wiz_0_1  {rise@0.000ns fall@6.667ns period=13.333ns})
  Path Group:             clk_out1_clk_wiz_0_1
  Path Type:              Setup (Max at Slow Process Corner)
  Requirement:            13.333ns  (clk_out1_clk_wiz_0_1 rise@13.333ns - clk_out1_clk_wiz_0 rise@0.000ns)
  Data Path Delay:        12.716ns  (logic 2.564ns (20.163%)  route 10.152ns (79.837%))
  Logic Levels:           17  (LUT3=1 LUT4=1 LUT5=4 LUT6=11)
  Clock Path Skew:        0.019ns (DCD - SCD + CPR)
    Destination Clock Delay (DCD):    -1.500ns = ( 11.834 - 13.333 ) 
    Source Clock Delay      (SCD):    -0.957ns
    Clock Pessimism Removal (CPR):    0.562ns
  Clock Uncertainty:      0.119ns  ((TSJ^2 + DJ^2)^1/2) / 2 + PE
    Total System Jitter     (TSJ):    0.071ns
    Discrete Jitter          (DJ):    0.226ns
    Phase Error              (PE):    0.000ns
  Clock Domain Crossing:  Inter clock paths are considered valid unless explicitly excluded by timing constraints such as set_clock_groups or set_false_path.

    Location             Delay type                Incr(ns)  Path(ns)    Netlist Resource(s)
  -------------------------------------------------------------------    -------------------
                         (clock clk_out1_clk_wiz_0 rise edge)
                                                      0.000     0.000 r  
    W5                                                0.000     0.000 r  clk_in (IN)
                         net (fo=0)                   0.000     0.000    your_instance_name/inst/clk_in1
    W5                   IBUF (Prop_ibuf_I_O)         1.458     1.458 r  your_instance_name/inst/clkin1_ibufg/O
                         net (fo=1, routed)           1.233     2.691    your_instance_name/inst/clk_in1_clk_wiz_0
    MMCME2_ADV_X1Y0      MMCME2_ADV (Prop_mmcme2_adv_CLKIN1_CLKOUT0)
                                                     -6.961    -4.269 r  your_instance_name/inst/mmcm_adv_inst/CLKOUT0
                         net (fo=1, routed)           1.661    -2.608    your_instance_name/inst/clk_out1_clk_wiz_0
    BUFGCTRL_X0Y1        BUFG (Prop_bufg_I_O)         0.096    -2.512 r  your_instance_name/inst/clkout1_buf/O
                         net (fo=380, routed)         1.555    -0.957    clk
    SLICE_X55Y87         FDRE                                         r  immd1_s_reg[0]/C
  -------------------------------------------------------------------    -------------------
    SLICE_X55Y87         FDRE (Prop_fdre_C_Q)         0.456    -0.501 r  immd1_s_reg[0]/Q
                         net (fo=4, routed)           0.795     0.294    execute_inst/immd1_s[0]
    SLICE_X55Y87         LUT3 (Prop_lut3_I0_O)        0.124     0.418 r  execute_inst/alu_result1_s[0]_i_5/O
                         net (fo=45, routed)          0.703     1.121    execute_inst/b_s[0]
    SLICE_X54Y88         LUT6 (Prop_lut6_I2_O)        0.124     1.245 r  execute_inst/alu_result1_s[3]_i_10/O
                         net (fo=2, routed)           0.682     1.927    execute_inst/mul_comp/prod_inst/gen_reduce_slv_l.wrapper_left_inst/gen_reduce_slv_l.wrapper_left_inst/gen_reduce_slv_l.wrapper_left_inst/gen_two_slv_l.add_inst/p_4_in
    SLICE_X54Y88         LUT6 (Prop_lut6_I4_O)        0.124     2.051 r  execute_inst/alu_result1_s[7]_i_29/O
                         net (fo=4, routed)           0.880     2.931    execute_inst/mul_comp/prod_inst/gen_reduce_slv_l.wrapper_left_inst/gen_reduce_slv_l.wrapper_left_inst/gen_reduce_slv_l.add_inst/c_s_2
    SLICE_X54Y88         LUT5 (Prop_lut5_I2_O)        0.124     3.055 r  execute_inst/alu_result1_s[7]_i_14/O
                         net (fo=3, routed)           0.818     3.874    execute_inst/mul_comp/prod_inst/gen_reduce_slv_l.wrapper_left_inst/gen_reduce_slv_l.wrapper_left_inst/gen_reduce_slv_l.add_inst/p_6_in
    SLICE_X52Y85         LUT6 (Prop_lut6_I4_O)        0.124     3.998 r  execute_inst/alu_result1_s[7]_i_5/O
                         net (fo=3, routed)           0.346     4.344    execute_inst/mul_comp/prod_inst/gen_reduce_slv_l.wrapper_left_inst/gen_reduce_slv_l.add_inst/c_s_3
    SLICE_X54Y85         LUT6 (Prop_lut6_I5_O)        0.124     4.468 r  execute_inst/alu_result1_s[10]_i_20/O
                         net (fo=3, routed)           0.664     5.132    execute_inst/mul_comp/prod_inst/gen_reduce_slv_l.wrapper_left_inst/gen_reduce_slv_l.add_inst/c_s_5
    SLICE_X55Y85         LUT6 (Prop_lut6_I5_O)        0.124     5.256 r  execute_inst/alu_result1_s[14]_i_63/O
                         net (fo=4, routed)           0.350     5.606    execute_inst/mul_comp/prod_inst/gen_reduce_slv_l.wrapper_left_inst/gen_reduce_slv_l.add_inst/c_s_7
    SLICE_X56Y84         LUT6 (Prop_lut6_I5_O)        0.124     5.730 r  execute_inst/alu_result1_s[14]_i_26/O
                         net (fo=4, routed)           0.478     6.207    execute_inst/mul_comp/prod_inst/gen_reduce_slv_l.wrapper_left_inst/gen_reduce_slv_l.add_inst/c_s_9
    SLICE_X57Y83         LUT6 (Prop_lut6_I5_O)        0.124     6.331 r  execute_inst/alu_result1_s[17]_i_24/O
                         net (fo=4, routed)           0.464     6.795    execute_inst/mul_comp/prod_inst/gen_reduce_slv_l.wrapper_left_inst/gen_reduce_slv_l.add_inst/c_s_11
    SLICE_X57Y82         LUT6 (Prop_lut6_I5_O)        0.124     6.919 r  execute_inst/alu_result1_s[18]_i_10/O
                         net (fo=4, routed)           0.458     7.378    execute_inst/mul_comp/prod_inst/gen_reduce_slv_l.wrapper_left_inst/gen_reduce_slv_l.add_inst/c_s_13
    SLICE_X57Y82         LUT5 (Prop_lut5_I4_O)        0.124     7.502 r  execute_inst/alu_result1_s[21]_i_12/O
                         net (fo=5, routed)           0.772     8.274    execute_inst/mul_comp/prod_inst/gen_reduce_slv_l.wrapper_left_inst/gen_reduce_slv_l.add_inst/c_s_15
    SLICE_X59Y82         LUT5 (Prop_lut5_I2_O)        0.124     8.398 f  execute_inst/alu_result1_s[21]_i_6/O
                         net (fo=2, routed)           0.661     9.059    execute_inst/mul_comp/prod_inst/res_left_s[21]
    SLICE_X59Y82         LUT5 (Prop_lut5_I1_O)        0.124     9.183 f  execute_inst/alu_result1_s[25]_i_10/O
                         net (fo=4, routed)           0.601     9.784    execute_inst/mul_comp/prod_inst/gen_reduce_slv_l.add_inst/c_s_14
    SLICE_X61Y83         LUT6 (Prop_lut6_I1_O)        0.124     9.908 r  execute_inst/alu_result1_s[25]_i_3/O
                         net (fo=5, routed)           0.591    10.499    execute_inst/alu_result1_s[25]_i_3_n_1
    SLICE_X59Y81         LUT4 (Prop_lut4_I0_O)        0.124    10.623 r  execute_inst/alu_result1_s[26]_i_5/O
                         net (fo=1, routed)           0.444    11.067    execute_inst/alu32_inst/sll_comp/alu_result1_s_reg[26]_1
    SLICE_X58Y78         LUT6 (Prop_lut6_I0_O)        0.124    11.191 r  execute_inst/alu32_inst/sll_comp/alu_result1_s[26]_i_3/O
                         net (fo=1, routed)           0.444    11.635    execute_inst/alu32_inst/sll_comp/alu_result1_s[26]_i_3_n_1
    SLICE_X58Y78         LUT6 (Prop_lut6_I5_O)        0.124    11.759 r  execute_inst/alu32_inst/sll_comp/alu_result1_s[26]_i_1/O
                         net (fo=1, routed)           0.000    11.759    alu_result0_s[26]
    SLICE_X58Y78         FDRE                                         r  alu_result1_s_reg[26]/D
  -------------------------------------------------------------------    -------------------

                         (clock clk_out1_clk_wiz_0_1 rise edge)
                                                     13.333    13.333 r  
    W5                                                0.000    13.333 r  clk_in (IN)
                         net (fo=0)                   0.000    13.333    your_instance_name/inst/clk_in1
    W5                   IBUF (Prop_ibuf_I_O)         1.388    14.721 r  your_instance_name/inst/clkin1_ibufg/O
                         net (fo=1, routed)           1.162    15.883    your_instance_name/inst/clk_in1_clk_wiz_0
    MMCME2_ADV_X1Y0      MMCME2_ADV (Prop_mmcme2_adv_CLKIN1_CLKOUT0)
                                                     -7.217     8.666 r  your_instance_name/inst/mmcm_adv_inst/CLKOUT0
                         net (fo=1, routed)           1.581    10.247    your_instance_name/inst/clk_out1_clk_wiz_0
    BUFGCTRL_X0Y1        BUFG (Prop_bufg_I_O)         0.091    10.338 r  your_instance_name/inst/clkout1_buf/O
                         net (fo=380, routed)         1.496    11.834    clk
    SLICE_X58Y78         FDRE                                         r  alu_result1_s_reg[26]/C
                         clock pessimism              0.562    12.395    
                         clock uncertainty           -0.119    12.277    
    SLICE_X58Y78         FDRE (Setup_fdre_C_D)        0.029    12.306    alu_result1_s_reg[26]
  -------------------------------------------------------------------
                         required time                         12.306    
                         arrival time                         -11.759    
  -------------------------------------------------------------------
                         slack                                  0.547    





Min Delay Paths
--------------------------------------------------------------------------------------
Slack (MET) :             0.041ns  (arrival time - required time)
  Source:                 alu_result1_s_reg[14]/C
                            (rising edge-triggered cell FDRE clocked by clk_out1_clk_wiz_0  {rise@0.000ns fall@6.667ns period=13.333ns})
  Destination:            alu_result3_s_reg[14]/D
                            (rising edge-triggered cell FDRE clocked by clk_out1_clk_wiz_0_1  {rise@0.000ns fall@6.667ns period=13.333ns})
  Path Group:             clk_out1_clk_wiz_0_1
  Path Type:              Hold (Min at Fast Process Corner)
  Requirement:            0.000ns  (clk_out1_clk_wiz_0_1 rise@0.000ns - clk_out1_clk_wiz_0 rise@0.000ns)
  Data Path Delay:        0.220ns  (logic 0.164ns (74.580%)  route 0.056ns (25.420%))
  Logic Levels:           0  
  Clock Path Skew:        0.000ns (DCD - SCD - CPR)
    Destination Clock Delay (DCD):    -0.840ns
    Source Clock Delay      (SCD):    -0.599ns
    Clock Pessimism Removal (CPR):    -0.241ns
  Clock Uncertainty:      0.119ns  ((TSJ^2 + DJ^2)^1/2) / 2 + PE
    Total System Jitter     (TSJ):    0.071ns
    Discrete Jitter          (DJ):    0.226ns
    Phase Error              (PE):    0.000ns
  Clock Domain Crossing:  Inter clock paths are considered valid unless explicitly excluded by timing constraints such as set_clock_groups or set_false_path.

    Location             Delay type                Incr(ns)  Path(ns)    Netlist Resource(s)
  -------------------------------------------------------------------    -------------------
                         (clock clk_out1_clk_wiz_0 rise edge)
                                                      0.000     0.000 r  
    W5                                                0.000     0.000 r  clk_in (IN)
                         net (fo=0)                   0.000     0.000    your_instance_name/inst/clk_in1
    W5                   IBUF (Prop_ibuf_I_O)         0.226     0.226 r  your_instance_name/inst/clkin1_ibufg/O
                         net (fo=1, routed)           0.440     0.667    your_instance_name/inst/clk_in1_clk_wiz_0
    MMCME2_ADV_X1Y0      MMCME2_ADV (Prop_mmcme2_adv_CLKIN1_CLKOUT0)
                                                     -2.360    -1.693 r  your_instance_name/inst/mmcm_adv_inst/CLKOUT0
                         net (fo=1, routed)           0.486    -1.207    your_instance_name/inst/clk_out1_clk_wiz_0
    BUFGCTRL_X0Y1        BUFG (Prop_bufg_I_O)         0.026    -1.181 r  your_instance_name/inst/clkout1_buf/O
                         net (fo=380, routed)         0.582    -0.599    clk
    SLICE_X60Y78         FDRE                                         r  alu_result1_s_reg[14]/C
  -------------------------------------------------------------------    -------------------
    SLICE_X60Y78         FDRE (Prop_fdre_C_Q)         0.164    -0.435 r  alu_result1_s_reg[14]/Q
                         net (fo=1, routed)           0.056    -0.379    alu_result1_s[14]
    SLICE_X60Y78         FDRE                                         r  alu_result3_s_reg[14]/D
  -------------------------------------------------------------------    -------------------

                         (clock clk_out1_clk_wiz_0_1 rise edge)
                                                      0.000     0.000 r  
    W5                                                0.000     0.000 r  clk_in (IN)
                         net (fo=0)                   0.000     0.000    your_instance_name/inst/clk_in1
    W5                   IBUF (Prop_ibuf_I_O)         0.414     0.414 r  your_instance_name/inst/clkin1_ibufg/O
                         net (fo=1, routed)           0.480     0.894    your_instance_name/inst/clk_in1_clk_wiz_0
    MMCME2_ADV_X1Y0      MMCME2_ADV (Prop_mmcme2_adv_CLKIN1_CLKOUT0)
                                                     -3.142    -2.248 r  your_instance_name/inst/mmcm_adv_inst/CLKOUT0
                         net (fo=1, routed)           0.530    -1.718    your_instance_name/inst/clk_out1_clk_wiz_0
    BUFGCTRL_X0Y1        BUFG (Prop_bufg_I_O)         0.029    -1.689 r  your_instance_name/inst/clkout1_buf/O
                         net (fo=380, routed)         0.850    -0.840    clk
    SLICE_X60Y78         FDRE                                         r  alu_result3_s_reg[14]/C
                         clock pessimism              0.241    -0.599    
                         clock uncertainty            0.119    -0.481    
    SLICE_X60Y78         FDRE (Hold_fdre_C_D)         0.060    -0.421    alu_result3_s_reg[14]
  -------------------------------------------------------------------
                         required time                          0.421    
                         arrival time                          -0.379    
  -------------------------------------------------------------------
                         slack                                  0.041    





