Copyright 1986-2022 Xilinx, Inc. All Rights Reserved. Copyright 2022-2025 Advanced Micro Devices, Inc. All Rights Reserved.
---------------------------------------------------------------------------------------------------------------------------------------------
| Tool Version : Vivado v.2025.2 (lin64) Build 6299465 Fri Nov 14 12:34:56 MST 2025
| Date         : Thu Apr 23 19:27:09 2026
| Host         : infinity running 64-bit Arch Linux
| Command      : report_timing_summary -file timing_65MHz.rpt
| Design       : proc
| Device       : 7a35t-cpg236
| Speed File   : -1  PRODUCTION 1.23 2018-06-13
| Design State : Routed
---------------------------------------------------------------------------------------------------------------------------------------------

Timing Summary Report

------------------------------------------------------------------------------------------------
| Timer Settings
| --------------
------------------------------------------------------------------------------------------------

  Enable Multi Corner Analysis               :  Yes
  Enable Pessimism Removal                   :  Yes
  Pessimism Removal Resolution               :  Nearest Common Node
  Enable Input Delay Default Clock           :  No
  Enable Preset / Clear Arcs                 :  No
  Disable Flight Delays                      :  No
  Ignore I/O Paths                           :  No
  Timing Early Launch at Borrowing Latches   :  No
  Borrow Time for Max Delay Exceptions       :  Yes
  Merge Timing Exceptions                    :  Yes
  Inter-SLR Compensation                     :  Conservative

  Corner  Analyze    Analyze    
  Name    Max Paths  Min Paths  
  ------  ---------  ---------  
  Slow    Yes        Yes        
  Fast    Yes        Yes        


------------------------------------------------------------------------------------------------
| Report Methodology
| ------------------
------------------------------------------------------------------------------------------------

Rule       Severity          Description                                                       Violations  
---------  ----------------  ----------------------------------------------------------------  ----------  
TIMING-6   Critical Warning  No common primary clock between related clocks                    2           
TIMING-14  Critical Warning  LUT on the clock tree                                             1           
SYNTH-5    Warning           Mapped onto distributed RAM because of timing constraints         128         
TIMING-56  Warning           Missing logically or physically excluded clock groups constraint  2           

Note: This report is based on the most recent report_methodology run and may not be up-to-date. Run report_methodology on the current design for the latest report.



check_timing report

Table of Contents
-----------------
1. checking no_clock (0)
2. checking constant_clock (0)
3. checking pulse_width_clock (0)
4. checking unconstrained_internal_endpoints (0)
5. checking no_input_delay (17)
6. checking no_output_delay (11)
7. checking multiple_clock (979)
8. checking generated_clocks (0)
9. checking loops (0)
10. checking partial_input_delay (0)
11. checking partial_output_delay (0)
12. checking latch_loops (0)

1. checking no_clock (0)
------------------------
 There are 0 register/latch pins with no clock.


2. checking constant_clock (0)
------------------------------
 There are 0 register/latch pins with constant_clock.


3. checking pulse_width_clock (0)
---------------------------------
 There are 0 register/latch pins which need pulse_width check


4. checking unconstrained_internal_endpoints (0)
------------------------------------------------
 There are 0 pins that are not constrained for maximum delay.

 There are 0 pins that are not constrained for maximum delay due to constant clock.


5. checking no_input_delay (17)
-------------------------------
 There are 17 input ports with no input delay specified. (HIGH)

 There are 0 input ports with no input delay but user has a false path constraint.


6. checking no_output_delay (11)
--------------------------------
 There are 11 ports with no output delay specified. (HIGH)

 There are 0 ports with no output delay but user has a false path constraint

 There are 0 ports with no output delay but with a timing clock defined on it or propagating through it


7. checking multiple_clock (979)
--------------------------------
 There are 979 register/latch pins with multiple clocks. (HIGH)


8. checking generated_clocks (0)
--------------------------------
 There are 0 generated clocks that are not connected to a clock source.


9. checking loops (0)
---------------------
 There are 0 combinational loops in the design.


10. checking partial_input_delay (0)
------------------------------------
 There are 0 input ports with partial input delay specified.


11. checking partial_output_delay (0)
-------------------------------------
 There are 0 ports with partial output delay specified.


12. checking latch_loops (0)
----------------------------
 There are 0 combinational latch loops in the design through latch input



------------------------------------------------------------------------------------------------
| Design Timing Summary
| ---------------------
------------------------------------------------------------------------------------------------

    WNS(ns)      TNS(ns)  TNS Failing Endpoints  TNS Total Endpoints      WHS(ns)      THS(ns)  THS Failing Endpoints  THS Total Endpoints     WPWS(ns)     TPWS(ns)  TPWS Failing Endpoints  TPWS Total Endpoints  
    -------      -------  ---------------------  -------------------      -------      -------  ---------------------  -------------------     --------     --------  ----------------------  --------------------  
      0.535        0.000                      0                 6032        0.023        0.000                      0                 6032        3.000        0.000                       0                   986  


All user specified timing constraints are met.


------------------------------------------------------------------------------------------------
| Clock Summary
| -------------
------------------------------------------------------------------------------------------------

Clock                   Waveform(ns)       Period(ns)      Frequency(MHz)
-----                   ------------       ----------      --------------
clk_in                  {0.000 5.000}      10.000          100.000         
  clk_out1_clk_wiz_0    {0.000 7.692}      15.385          65.000          
  clkfbout_clk_wiz_0    {0.000 25.000}     50.000          20.000          
sys_clk_pin             {0.000 5.000}      10.000          100.000         
  clk_out1_clk_wiz_0_1  {0.000 7.692}      15.385          65.000          
  clkfbout_clk_wiz_0_1  {0.000 25.000}     50.000          20.000          


------------------------------------------------------------------------------------------------
| Intra Clock Table
| -----------------
------------------------------------------------------------------------------------------------

Clock                       WNS(ns)      TNS(ns)  TNS Failing Endpoints  TNS Total Endpoints      WHS(ns)      THS(ns)  THS Failing Endpoints  THS Total Endpoints     WPWS(ns)     TPWS(ns)  TPWS Failing Endpoints  TPWS Total Endpoints  
-----                       -------      -------  ---------------------  -------------------      -------      -------  ---------------------  -------------------     --------     --------  ----------------------  --------------------  
clk_in                                                                                                                                                                    3.000        0.000                       0                     1  
  clk_out1_clk_wiz_0          0.535        0.000                      0                 6032        0.155        0.000                      0                 6032        6.442        0.000                       0                   982  
  clkfbout_clk_wiz_0                                                                                                                                                     47.845        0.000                       0                     3  
sys_clk_pin                                                                                                                                                               3.000        0.000                       0                     1  
  clk_out1_clk_wiz_0_1        0.536        0.000                      0                 6032        0.155        0.000                      0                 6032        6.442        0.000                       0                   982  
  clkfbout_clk_wiz_0_1                                                                                                                                                   47.845        0.000                       0                     3  


------------------------------------------------------------------------------------------------
| Inter Clock Table
| -----------------
------------------------------------------------------------------------------------------------

From Clock            To Clock                  WNS(ns)      TNS(ns)  TNS Failing Endpoints  TNS Total Endpoints      WHS(ns)      THS(ns)  THS Failing Endpoints  THS Total Endpoints  
----------            --------                  -------      -------  ---------------------  -------------------      -------      -------  ---------------------  -------------------  
clk_out1_clk_wiz_0_1  clk_out1_clk_wiz_0          0.535        0.000                      0                 6032        0.023        0.000                      0                 6032  
clk_out1_clk_wiz_0    clk_out1_clk_wiz_0_1        0.535        0.000                      0                 6032        0.023        0.000                      0                 6032  


------------------------------------------------------------------------------------------------
| Other Path Groups Table
| -----------------------
------------------------------------------------------------------------------------------------

Path Group    From Clock    To Clock          WNS(ns)      TNS(ns)  TNS Failing Endpoints  TNS Total Endpoints      WHS(ns)      THS(ns)  THS Failing Endpoints  THS Total Endpoints  
----------    ----------    --------          -------      -------  ---------------------  -------------------      -------      -------  ---------------------  -------------------  


------------------------------------------------------------------------------------------------
| Timing Details
| --------------
------------------------------------------------------------------------------------------------


---------------------------------------------------------------------------------------------------
From Clock:  clk_in
  To Clock:  clk_in

Setup :           NA  Failing Endpoints,  Worst Slack           NA  ,  Total Violation           NA
Hold  :           NA  Failing Endpoints,  Worst Slack           NA  ,  Total Violation           NA
PW    :            0  Failing Endpoints,  Worst Slack        3.000ns,  Total Violation        0.000ns
---------------------------------------------------------------------------------------------------


Pulse Width Checks
--------------------------------------------------------------------------------------
Clock Name:         clk_in
Waveform(ns):       { 0.000 5.000 }
Period(ns):         10.000
Sources:            { clk_in }

Check Type        Corner  Lib Pin            Reference Pin  Required(ns)  Actual(ns)  Slack(ns)  Location         Pin
Min Period        n/a     MMCME2_ADV/CLKIN1  n/a            1.249         10.000      8.751      MMCME2_ADV_X1Y0  your_instance_name/inst/mmcm_adv_inst/CLKIN1
Max Period        n/a     MMCME2_ADV/CLKIN1  n/a            100.000       10.000      90.000     MMCME2_ADV_X1Y0  your_instance_name/inst/mmcm_adv_inst/CLKIN1
Low Pulse Width   Slow    MMCME2_ADV/CLKIN1  n/a            2.000         5.000       3.000      MMCME2_ADV_X1Y0  your_instance_name/inst/mmcm_adv_inst/CLKIN1
High Pulse Width  Slow    MMCME2_ADV/CLKIN1  n/a            2.000         5.000       3.000      MMCME2_ADV_X1Y0  your_instance_name/inst/mmcm_adv_inst/CLKIN1



---------------------------------------------------------------------------------------------------
From Clock:  clk_out1_clk_wiz_0
  To Clock:  clk_out1_clk_wiz_0

Setup :            0  Failing Endpoints,  Worst Slack        0.535ns,  Total Violation        0.000ns
Hold  :            0  Failing Endpoints,  Worst Slack        0.155ns,  Total Violation        0.000ns
PW    :            0  Failing Endpoints,  Worst Slack        6.442ns,  Total Violation        0.000ns
---------------------------------------------------------------------------------------------------


Max Delay Paths
--------------------------------------------------------------------------------------
Slack (MET) :             0.535ns  (required time - arrival time)
  Source:                 alu_src1_s_reg/C
                            (rising edge-triggered cell FDRE clocked by clk_out1_clk_wiz_0  {rise@0.000ns fall@7.692ns period=15.385ns})
  Destination:            alu_result1_s_reg[27]/D
                            (rising edge-triggered cell FDRE clocked by clk_out1_clk_wiz_0  {rise@0.000ns fall@7.692ns period=15.385ns})
  Path Group:             clk_out1_clk_wiz_0
  Path Type:              Setup (Max at Slow Process Corner)
  Requirement:            15.385ns  (clk_out1_clk_wiz_0 rise@15.385ns - clk_out1_clk_wiz_0 rise@0.000ns)
  Data Path Delay:        14.778ns  (logic 3.674ns (24.862%)  route 11.104ns (75.138%))
  Logic Levels:           17  (LUT3=4 LUT5=10 LUT6=3)
  Clock Path Skew:        0.031ns (DCD - SCD + CPR)
    Destination Clock Delay (DCD):    -1.498ns = ( 13.887 - 15.385 ) 
    Source Clock Delay      (SCD):    -0.967ns
    Clock Pessimism Removal (CPR):    0.562ns
  Clock Uncertainty:      0.132ns  ((TSJ^2 + DJ^2)^1/2) / 2 + PE
    Total System Jitter     (TSJ):    0.071ns
    Discrete Jitter          (DJ):    0.255ns
    Phase Error              (PE):    0.000ns

    Location             Delay type                Incr(ns)  Path(ns)    Netlist Resource(s)
  -------------------------------------------------------------------    -------------------
                         (clock clk_out1_clk_wiz_0 rise edge)
                                                      0.000     0.000 r  
    W5                                                0.000     0.000 r  clk_in (IN)
                         net (fo=0)                   0.000     0.000    your_instance_name/inst/clk_in1
    W5                   IBUF (Prop_ibuf_I_O)         1.458     1.458 r  your_instance_name/inst/clkin1_ibufg/O
                         net (fo=1, routed)           1.233     2.691    your_instance_name/inst/clk_in1_clk_wiz_0
    MMCME2_ADV_X1Y0      MMCME2_ADV (Prop_mmcme2_adv_CLKIN1_CLKOUT0)
                                                     -6.961    -4.269 r  your_instance_name/inst/mmcm_adv_inst/CLKOUT0
                         net (fo=1, routed)           1.661    -2.608    your_instance_name/inst/clk_out1_clk_wiz_0
    BUFGCTRL_X0Y1        BUFG (Prop_bufg_I_O)         0.096    -2.512 r  your_instance_name/inst/clkout1_buf/O
                         net (fo=380, routed)         1.545    -0.967    clk
    SLICE_X57Y71         FDRE                                         r  alu_src1_s_reg/C
  -------------------------------------------------------------------    -------------------
    SLICE_X57Y71         FDRE (Prop_fdre_C_Q)         0.456    -0.511 r  alu_src1_s_reg/Q
                         net (fo=188, routed)         1.018     0.507    execute_inst/alu_src1_s
    SLICE_X57Y67         LUT3 (Prop_lut3_I1_O)        0.124     0.631 r  execute_inst/alu_result1_s[5]_i_5/O
                         net (fo=36, routed)          1.092     1.723    execute_inst/b_s[5]
    SLICE_X53Y72         LUT6 (Prop_lut6_I1_O)        0.124     1.847 r  execute_inst/alu_result1_s[7]_i_22/O
                         net (fo=2, routed)           0.314     2.161    execute_inst/mul_comp/prod_inst/gen_reduce_slv_l.wrapper_left_inst/gen_reduce_slv_l.wrapper_right_inst/gen_reduce_slv_l.add_inst/c_s_1
    SLICE_X52Y73         LUT6 (Prop_lut6_I5_O)        0.124     2.285 r  execute_inst/alu_result1_s[8]_i_18/O
                         net (fo=3, routed)           0.463     2.748    execute_inst/mul_comp/prod_inst/gen_reduce_slv_l.wrapper_left_inst/gen_reduce_slv_l.wrapper_right_inst/gen_reduce_slv_l.add_inst/c_s_2
    SLICE_X52Y73         LUT5 (Prop_lut5_I2_O)        0.150     2.898 r  execute_inst/alu_result1_s[10]_i_28/O
                         net (fo=3, routed)           0.680     3.578    execute_inst/mul_comp/prod_inst/gen_reduce_slv_l.wrapper_left_inst/gen_reduce_slv_l.wrapper_right_inst/gen_reduce_slv_l.add_inst/c_s_4
    SLICE_X52Y74         LUT5 (Prop_lut5_I4_O)        0.328     3.906 r  execute_inst/alu_result1_s[14]_i_51/O
                         net (fo=3, routed)           1.002     4.909    execute_inst/mul_comp/prod_inst/gen_reduce_slv_l.wrapper_left_inst/gen_reduce_slv_l.wrapper_right_inst/gen_reduce_slv_l.add_inst/c_s_6
    SLICE_X52Y75         LUT5 (Prop_lut5_I4_O)        0.150     5.059 r  execute_inst/alu_result1_s[17]_i_44/O
                         net (fo=3, routed)           0.820     5.879    execute_inst/mul_comp/prod_inst/gen_reduce_slv_l.wrapper_left_inst/gen_reduce_slv_l.wrapper_right_inst/gen_reduce_slv_l.add_inst/c_s_8
    SLICE_X52Y76         LUT5 (Prop_lut5_I4_O)        0.350     6.229 r  execute_inst/alu_result1_s[18]_i_31/O
                         net (fo=3, routed)           0.641     6.870    execute_inst/mul_comp/prod_inst/gen_reduce_slv_l.wrapper_left_inst/gen_reduce_slv_l.wrapper_right_inst/gen_reduce_slv_l.add_inst/c_s_10
    SLICE_X53Y76         LUT5 (Prop_lut5_I4_O)        0.354     7.224 r  execute_inst/alu_result1_s[21]_i_20/O
                         net (fo=3, routed)           0.419     7.643    execute_inst/mul_comp/prod_inst/gen_reduce_slv_l.wrapper_left_inst/gen_reduce_slv_l.wrapper_right_inst/gen_reduce_slv_l.add_inst/c_s_12
    SLICE_X53Y77         LUT5 (Prop_lut5_I4_O)        0.320     7.963 r  execute_inst/alu_result1_s[25]_i_63/O
                         net (fo=3, routed)           0.712     8.675    execute_inst/mul_comp/prod_inst/gen_reduce_slv_l.wrapper_left_inst/gen_reduce_slv_l.wrapper_right_inst/gen_reduce_slv_l.add_inst/c_s_14
    SLICE_X55Y76         LUT3 (Prop_lut3_I1_O)        0.326     9.001 r  execute_inst/alu_result1_s[21]_i_13/O
                         net (fo=3, routed)           0.424     9.425    execute_inst/mul_comp/prod_inst/gen_reduce_slv_l.wrapper_left_inst/gen_reduce_slv_l.wrapper_right_inst/gen_reduce_slv_l.add_inst/p_17_in
    SLICE_X55Y76         LUT5 (Prop_lut5_I3_O)        0.124     9.549 f  execute_inst/alu_result1_s[21]_i_6/O
                         net (fo=2, routed)           0.855    10.404    execute_inst/mul_comp/prod_inst/res_left_s[21]
    SLICE_X57Y74         LUT5 (Prop_lut5_I1_O)        0.124    10.528 f  execute_inst/alu_result1_s[25]_i_10/O
                         net (fo=4, routed)           0.679    11.207    execute_inst/mul_comp/prod_inst/gen_reduce_slv_l.add_inst/c_s_14
    SLICE_X57Y74         LUT6 (Prop_lut6_I1_O)        0.124    11.331 r  execute_inst/alu_result1_s[25]_i_3/O
                         net (fo=5, routed)           0.830    12.161    execute_inst/alu_result1_s[25]_i_3_n_1
    SLICE_X60Y72         LUT3 (Prop_lut3_I1_O)        0.124    12.285 r  execute_inst/alu_result1_s[27]_i_13/O
                         net (fo=1, routed)           0.430    12.715    execute_inst/alu_result1_s[27]_i_13_n_1
    SLICE_X59Y72         LUT5 (Prop_lut5_I1_O)        0.124    12.839 r  execute_inst/alu_result1_s[27]_i_7/O
                         net (fo=1, routed)           0.562    13.401    execute_inst/alu32_inst/sra_comp/alu_result1_s_reg[27]
    SLICE_X58Y68         LUT5 (Prop_lut5_I0_O)        0.124    13.525 r  execute_inst/alu32_inst/sra_comp/alu_result1_s[27]_i_4/O
                         net (fo=1, routed)           0.162    13.687    execute_inst/alu32_inst/sll_comp/alu_result1_s_reg[27]_0
    SLICE_X58Y68         LUT3 (Prop_lut3_I2_O)        0.124    13.811 r  execute_inst/alu32_inst/sll_comp/alu_result1_s[27]_i_1/O
                         net (fo=1, routed)           0.000    13.811    alu_result0_s[27]
    SLICE_X58Y68         FDRE                                         r  alu_result1_s_reg[27]/D
  -------------------------------------------------------------------    -------------------

                         (clock clk_out1_clk_wiz_0 rise edge)
                                                     15.385    15.385 r  
    W5                                                0.000    15.385 r  clk_in (IN)
                         net (fo=0)                   0.000    15.385    your_instance_name/inst/clk_in1
    W5                   IBUF (Prop_ibuf_I_O)         1.388    16.773 r  your_instance_name/inst/clkin1_ibufg/O
                         net (fo=1, routed)           1.162    17.935    your_instance_name/inst/clk_in1_clk_wiz_0
    MMCME2_ADV_X1Y0      MMCME2_ADV (Prop_mmcme2_adv_CLKIN1_CLKOUT0)
                                                     -7.217    10.717 r  your_instance_name/inst/mmcm_adv_inst/CLKOUT0
                         net (fo=1, routed)           1.581    12.298    your_instance_name/inst/clk_out1_clk_wiz_0
    BUFGCTRL_X0Y1        BUFG (Prop_bufg_I_O)         0.091    12.389 r  your_instance_name/inst/clkout1_buf/O
                         net (fo=380, routed)         1.498    13.887    clk
    SLICE_X58Y68         FDRE                                         r  alu_result1_s_reg[27]/C
                         clock pessimism              0.562    14.449    
                         clock uncertainty           -0.132    14.316    
    SLICE_X58Y68         FDRE (Setup_fdre_C_D)        0.029    14.345    alu_result1_s_reg[27]
  -------------------------------------------------------------------
                         required time                         14.345    
                         arrival time                         -13.811    
  -------------------------------------------------------------------
                         slack                                  0.535    





Min Delay Paths
--------------------------------------------------------------------------------------
Slack (MET) :             0.155ns  (arrival time - required time)
  Source:                 alu_result1_s_reg[26]/C
                            (rising edge-triggered cell FDRE clocked by clk_out1_clk_wiz_0  {rise@0.000ns fall@7.692ns period=15.385ns})
  Destination:            alu_result3_s_reg[26]/D
                            (rising edge-triggered cell FDRE clocked by clk_out1_clk_wiz_0  {rise@0.000ns fall@7.692ns period=15.385ns})
  Path Group:             clk_out1_clk_wiz_0
  Path Type:              Hold (Min at Fast Process Corner)
  Requirement:            0.000ns  (clk_out1_clk_wiz_0 rise@0.000ns - clk_out1_clk_wiz_0 rise@0.000ns)
  Data Path Delay:        0.240ns  (logic 0.141ns (58.691%)  route 0.099ns (41.309%))
  Logic Levels:           0  
  Clock Path Skew:        0.015ns (DCD - SCD - CPR)
    Destination Clock Delay (DCD):    -0.862ns
    Source Clock Delay      (SCD):    -0.623ns
    Clock Pessimism Removal (CPR):    -0.254ns

    Location             Delay type                Incr(ns)  Path(ns)    Netlist Resource(s)
  -------------------------------------------------------------------    -------------------
                         (clock clk_out1_clk_wiz_0 rise edge)
                                                      0.000     0.000 r  
    W5                                                0.000     0.000 r  clk_in (IN)
                         net (fo=0)                   0.000     0.000    your_instance_name/inst/clk_in1
    W5                   IBUF (Prop_ibuf_I_O)         0.226     0.226 r  your_instance_name/inst/clkin1_ibufg/O
                         net (fo=1, routed)           0.440     0.667    your_instance_name/inst/clk_in1_clk_wiz_0
    MMCME2_ADV_X1Y0      MMCME2_ADV (Prop_mmcme2_adv_CLKIN1_CLKOUT0)
                                                     -2.360    -1.693 r  your_instance_name/inst/mmcm_adv_inst/CLKOUT0
                         net (fo=1, routed)           0.486    -1.207    your_instance_name/inst/clk_out1_clk_wiz_0
    BUFGCTRL_X0Y1        BUFG (Prop_bufg_I_O)         0.026    -1.181 r  your_instance_name/inst/clkout1_buf/O
                         net (fo=380, routed)         0.558    -0.623    clk
    SLICE_X53Y67         FDRE                                         r  alu_result1_s_reg[26]/C
  -------------------------------------------------------------------    -------------------
    SLICE_X53Y67         FDRE (Prop_fdre_C_Q)         0.141    -0.482 r  alu_result1_s_reg[26]/Q
                         net (fo=1, routed)           0.099    -0.383    alu_result1_s[26]
    SLICE_X51Y66         FDRE                                         r  alu_result3_s_reg[26]/D
  -------------------------------------------------------------------    -------------------

                         (clock clk_out1_clk_wiz_0 rise edge)
                                                      0.000     0.000 r  
    W5                                                0.000     0.000 r  clk_in (IN)
                         net (fo=0)                   0.000     0.000    your_instance_name/inst/clk_in1
    W5                   IBUF (Prop_ibuf_I_O)         0.414     0.414 r  your_instance_name/inst/clkin1_ibufg/O
                         net (fo=1, routed)           0.480     0.894    your_instance_name/inst/clk_in1_clk_wiz_0
    MMCME2_ADV_X1Y0      MMCME2_ADV (Prop_mmcme2_adv_CLKIN1_CLKOUT0)
                                                     -3.142    -2.248 r  your_instance_name/inst/mmcm_adv_inst/CLKOUT0
                         net (fo=1, routed)           0.530    -1.718    your_instance_name/inst/clk_out1_clk_wiz_0
    BUFGCTRL_X0Y1        BUFG (Prop_bufg_I_O)         0.029    -1.689 r  your_instance_name/inst/clkout1_buf/O
                         net (fo=380, routed)         0.827    -0.862    clk
    SLICE_X51Y66         FDRE                                         r  alu_result3_s_reg[26]/C
                         clock pessimism              0.254    -0.608    
    SLICE_X51Y66         FDRE (Hold_fdre_C_D)         0.070    -0.538    alu_result3_s_reg[26]
  -------------------------------------------------------------------
                         required time                          0.538    
                         arrival time                          -0.383    
  -------------------------------------------------------------------
                         slack                                  0.155    





Pulse Width Checks
--------------------------------------------------------------------------------------
Clock Name:         clk_out1_clk_wiz_0
Waveform(ns):       { 0.000 7.692 }
Period(ns):         15.385
Sources:            { your_instance_name/inst/mmcm_adv_inst/CLKOUT0 }

Check Type        Corner  Lib Pin             Reference Pin  Required(ns)  Actual(ns)  Slack(ns)  Location         Pin
Min Period        n/a     BUFG/I              n/a            2.155         15.385      13.229     BUFGCTRL_X0Y0    n_0_788_BUFG_inst/I
Max Period        n/a     MMCME2_ADV/CLKOUT0  n/a            213.360       15.385      197.975    MMCME2_ADV_X1Y0  your_instance_name/inst/mmcm_adv_inst/CLKOUT0
Low Pulse Width   Slow    RAMD32/CLK          n/a            1.250         7.692       6.442      SLICE_X54Y70     decode_inst/registerfile_inst/register_array_reg_r1_0_31_0_5/RAMA/CLK
High Pulse Width  Slow    RAMD32/CLK          n/a            1.250         7.692       6.442      SLICE_X54Y70     decode_inst/registerfile_inst/register_array_reg_r1_0_31_0_5/RAMA/CLK



---------------------------------------------------------------------------------------------------
From Clock:  clkfbout_clk_wiz_0
  To Clock:  clkfbout_clk_wiz_0

Setup :           NA  Failing Endpoints,  Worst Slack           NA  ,  Total Violation           NA
Hold  :           NA  Failing Endpoints,  Worst Slack           NA  ,  Total Violation           NA
PW    :            0  Failing Endpoints,  Worst Slack       47.845ns,  Total Violation        0.000ns
---------------------------------------------------------------------------------------------------


Pulse Width Checks
--------------------------------------------------------------------------------------
Clock Name:         clkfbout_clk_wiz_0
Waveform(ns):       { 0.000 25.000 }
Period(ns):         50.000
Sources:            { your_instance_name/inst/mmcm_adv_inst/CLKFBOUT }

Check Type  Corner  Lib Pin             Reference Pin  Required(ns)  Actual(ns)  Slack(ns)  Location         Pin
Min Period  n/a     BUFG/I              n/a            2.155         50.000      47.845     BUFGCTRL_X0Y2    your_instance_name/inst/clkf_buf/I
Max Period  n/a     MMCME2_ADV/CLKFBIN  n/a            100.000       50.000      50.000     MMCME2_ADV_X1Y0  your_instance_name/inst/mmcm_adv_inst/CLKFBIN



---------------------------------------------------------------------------------------------------
From Clock:  sys_clk_pin
  To Clock:  sys_clk_pin

Setup :           NA  Failing Endpoints,  Worst Slack           NA  ,  Total Violation           NA
Hold  :           NA  Failing Endpoints,  Worst Slack           NA  ,  Total Violation           NA
PW    :            0  Failing Endpoints,  Worst Slack        3.000ns,  Total Violation        0.000ns
---------------------------------------------------------------------------------------------------


Pulse Width Checks
--------------------------------------------------------------------------------------
Clock Name:         sys_clk_pin
Waveform(ns):       { 0.000 5.000 }
Period(ns):         10.000
Sources:            { clk_in }

Check Type        Corner  Lib Pin            Reference Pin  Required(ns)  Actual(ns)  Slack(ns)  Location         Pin
Min Period        n/a     MMCME2_ADV/CLKIN1  n/a            1.249         10.000      8.751      MMCME2_ADV_X1Y0  your_instance_name/inst/mmcm_adv_inst/CLKIN1
Max Period        n/a     MMCME2_ADV/CLKIN1  n/a            100.000       10.000      90.000     MMCME2_ADV_X1Y0  your_instance_name/inst/mmcm_adv_inst/CLKIN1
Low Pulse Width   Slow    MMCME2_ADV/CLKIN1  n/a            2.000         5.000       3.000      MMCME2_ADV_X1Y0  your_instance_name/inst/mmcm_adv_inst/CLKIN1
High Pulse Width  Slow    MMCME2_ADV/CLKIN1  n/a            2.000         5.000       3.000      MMCME2_ADV_X1Y0  your_instance_name/inst/mmcm_adv_inst/CLKIN1



---------------------------------------------------------------------------------------------------
From Clock:  clk_out1_clk_wiz_0_1
  To Clock:  clk_out1_clk_wiz_0_1

Setup :            0  Failing Endpoints,  Worst Slack        0.536ns,  Total Violation        0.000ns
Hold  :            0  Failing Endpoints,  Worst Slack        0.155ns,  Total Violation        0.000ns
PW    :            0  Failing Endpoints,  Worst Slack        6.442ns,  Total Violation        0.000ns
---------------------------------------------------------------------------------------------------


Max Delay Paths
--------------------------------------------------------------------------------------
Slack (MET) :             0.536ns  (required time - arrival time)
  Source:                 alu_src1_s_reg/C
                            (rising edge-triggered cell FDRE clocked by clk_out1_clk_wiz_0_1  {rise@0.000ns fall@7.692ns period=15.385ns})
  Destination:            alu_result1_s_reg[27]/D
                            (rising edge-triggered cell FDRE clocked by clk_out1_clk_wiz_0_1  {rise@0.000ns fall@7.692ns period=15.385ns})
  Path Group:             clk_out1_clk_wiz_0_1
  Path Type:              Setup (Max at Slow Process Corner)
  Requirement:            15.385ns  (clk_out1_clk_wiz_0_1 rise@15.385ns - clk_out1_clk_wiz_0_1 rise@0.000ns)
  Data Path Delay:        14.778ns  (logic 3.674ns (24.862%)  route 11.104ns (75.138%))
  Logic Levels:           17  (LUT3=4 LUT5=10 LUT6=3)
  Clock Path Skew:        0.031ns (DCD - SCD + CPR)
    Destination Clock Delay (DCD):    -1.498ns = ( 13.887 - 15.385 ) 
    Source Clock Delay      (SCD):    -0.967ns
    Clock Pessimism Removal (CPR):    0.562ns
  Clock Uncertainty:      0.130ns  ((TSJ^2 + DJ^2)^1/2) / 2 + PE
    Total System Jitter     (TSJ):    0.071ns
    Discrete Jitter          (DJ):    0.251ns
    Phase Error              (PE):    0.000ns

    Location             Delay type                Incr(ns)  Path(ns)    Netlist Resource(s)
  -------------------------------------------------------------------    -------------------
                         (clock clk_out1_clk_wiz_0_1 rise edge)
                                                      0.000     0.000 r  
    W5                                                0.000     0.000 r  clk_in (IN)
                         net (fo=0)                   0.000     0.000    your_instance_name/inst/clk_in1
    W5                   IBUF (Prop_ibuf_I_O)         1.458     1.458 r  your_instance_name/inst/clkin1_ibufg/O
                         net (fo=1, routed)           1.233     2.691    your_instance_name/inst/clk_in1_clk_wiz_0
    MMCME2_ADV_X1Y0      MMCME2_ADV (Prop_mmcme2_adv_CLKIN1_CLKOUT0)
                                                     -6.961    -4.269 r  your_instance_name/inst/mmcm_adv_inst/CLKOUT0
                         net (fo=1, routed)           1.661    -2.608    your_instance_name/inst/clk_out1_clk_wiz_0
    BUFGCTRL_X0Y1        BUFG (Prop_bufg_I_O)         0.096    -2.512 r  your_instance_name/inst/clkout1_buf/O
                         net (fo=380, routed)         1.545    -0.967    clk
    SLICE_X57Y71         FDRE                                         r  alu_src1_s_reg/C
  -------------------------------------------------------------------    -------------------
    SLICE_X57Y71         FDRE (Prop_fdre_C_Q)         0.456    -0.511 r  alu_src1_s_reg/Q
                         net (fo=188, routed)         1.018     0.507    execute_inst/alu_src1_s
    SLICE_X57Y67         LUT3 (Prop_lut3_I1_O)        0.124     0.631 r  execute_inst/alu_result1_s[5]_i_5/O
                         net (fo=36, routed)          1.092     1.723    execute_inst/b_s[5]
    SLICE_X53Y72         LUT6 (Prop_lut6_I1_O)        0.124     1.847 r  execute_inst/alu_result1_s[7]_i_22/O
                         net (fo=2, routed)           0.314     2.161    execute_inst/mul_comp/prod_inst/gen_reduce_slv_l.wrapper_left_inst/gen_reduce_slv_l.wrapper_right_inst/gen_reduce_slv_l.add_inst/c_s_1
    SLICE_X52Y73         LUT6 (Prop_lut6_I5_O)        0.124     2.285 r  execute_inst/alu_result1_s[8]_i_18/O
                         net (fo=3, routed)           0.463     2.748    execute_inst/mul_comp/prod_inst/gen_reduce_slv_l.wrapper_left_inst/gen_reduce_slv_l.wrapper_right_inst/gen_reduce_slv_l.add_inst/c_s_2
    SLICE_X52Y73         LUT5 (Prop_lut5_I2_O)        0.150     2.898 r  execute_inst/alu_result1_s[10]_i_28/O
                         net (fo=3, routed)           0.680     3.578    execute_inst/mul_comp/prod_inst/gen_reduce_slv_l.wrapper_left_inst/gen_reduce_slv_l.wrapper_right_inst/gen_reduce_slv_l.add_inst/c_s_4
    SLICE_X52Y74         LUT5 (Prop_lut5_I4_O)        0.328     3.906 r  execute_inst/alu_result1_s[14]_i_51/O
                         net (fo=3, routed)           1.002     4.909    execute_inst/mul_comp/prod_inst/gen_reduce_slv_l.wrapper_left_inst/gen_reduce_slv_l.wrapper_right_inst/gen_reduce_slv_l.add_inst/c_s_6
    SLICE_X52Y75         LUT5 (Prop_lut5_I4_O)        0.150     5.059 r  execute_inst/alu_result1_s[17]_i_44/O
                         net (fo=3, routed)           0.820     5.879    execute_inst/mul_comp/prod_inst/gen_reduce_slv_l.wrapper_left_inst/gen_reduce_slv_l.wrapper_right_inst/gen_reduce_slv_l.add_inst/c_s_8
    SLICE_X52Y76         LUT5 (Prop_lut5_I4_O)        0.350     6.229 r  execute_inst/alu_result1_s[18]_i_31/O
                         net (fo=3, routed)           0.641     6.870    execute_inst/mul_comp/prod_inst/gen_reduce_slv_l.wrapper_left_inst/gen_reduce_slv_l.wrapper_right_inst/gen_reduce_slv_l.add_inst/c_s_10
    SLICE_X53Y76         LUT5 (Prop_lut5_I4_O)        0.354     7.224 r  execute_inst/alu_result1_s[21]_i_20/O
                         net (fo=3, routed)           0.419     7.643    execute_inst/mul_comp/prod_inst/gen_reduce_slv_l.wrapper_left_inst/gen_reduce_slv_l.wrapper_right_inst/gen_reduce_slv_l.add_inst/c_s_12
    SLICE_X53Y77         LUT5 (Prop_lut5_I4_O)        0.320     7.963 r  execute_inst/alu_result1_s[25]_i_63/O
                         net (fo=3, routed)           0.712     8.675    execute_inst/mul_comp/prod_inst/gen_reduce_slv_l.wrapper_left_inst/gen_reduce_slv_l.wrapper_right_inst/gen_reduce_slv_l.add_inst/c_s_14
    SLICE_X55Y76         LUT3 (Prop_lut3_I1_O)        0.326     9.001 r  execute_inst/alu_result1_s[21]_i_13/O
                         net (fo=3, routed)           0.424     9.425    execute_inst/mul_comp/prod_inst/gen_reduce_slv_l.wrapper_left_inst/gen_reduce_slv_l.wrapper_right_inst/gen_reduce_slv_l.add_inst/p_17_in
    SLICE_X55Y76         LUT5 (Prop_lut5_I3_O)        0.124     9.549 f  execute_inst/alu_result1_s[21]_i_6/O
                         net (fo=2, routed)           0.855    10.404    execute_inst/mul_comp/prod_inst/res_left_s[21]
    SLICE_X57Y74         LUT5 (Prop_lut5_I1_O)        0.124    10.528 f  execute_inst/alu_result1_s[25]_i_10/O
                         net (fo=4, routed)           0.679    11.207    execute_inst/mul_comp/prod_inst/gen_reduce_slv_l.add_inst/c_s_14
    SLICE_X57Y74         LUT6 (Prop_lut6_I1_O)        0.124    11.331 r  execute_inst/alu_result1_s[25]_i_3/O
                         net (fo=5, routed)           0.830    12.161    execute_inst/alu_result1_s[25]_i_3_n_1
    SLICE_X60Y72         LUT3 (Prop_lut3_I1_O)        0.124    12.285 r  execute_inst/alu_result1_s[27]_i_13/O
                         net (fo=1, routed)           0.430    12.715    execute_inst/alu_result1_s[27]_i_13_n_1
    SLICE_X59Y72         LUT5 (Prop_lut5_I1_O)        0.124    12.839 r  execute_inst/alu_result1_s[27]_i_7/O
                         net (fo=1, routed)           0.562    13.401    execute_inst/alu32_inst/sra_comp/alu_result1_s_reg[27]
    SLICE_X58Y68         LUT5 (Prop_lut5_I0_O)        0.124    13.525 r  execute_inst/alu32_inst/sra_comp/alu_result1_s[27]_i_4/O
                         net (fo=1, routed)           0.162    13.687    execute_inst/alu32_inst/sll_comp/alu_result1_s_reg[27]_0
    SLICE_X58Y68         LUT3 (Prop_lut3_I2_O)        0.124    13.811 r  execute_inst/alu32_inst/sll_comp/alu_result1_s[27]_i_1/O
                         net (fo=1, routed)           0.000    13.811    alu_result0_s[27]
    SLICE_X58Y68         FDRE                                         r  alu_result1_s_reg[27]/D
  -------------------------------------------------------------------    -------------------

                         (clock clk_out1_clk_wiz_0_1 rise edge)
                                                     15.385    15.385 r  
    W5                                                0.000    15.385 r  clk_in (IN)
                         net (fo=0)                   0.000    15.385    your_instance_name/inst/clk_in1
    W5                   IBUF (Prop_ibuf_I_O)         1.388    16.773 r  your_instance_name/inst/clkin1_ibufg/O
                         net (fo=1, routed)           1.162    17.935    your_instance_name/inst/clk_in1_clk_wiz_0
    MMCME2_ADV_X1Y0      MMCME2_ADV (Prop_mmcme2_adv_CLKIN1_CLKOUT0)
                                                     -7.217    10.717 r  your_instance_name/inst/mmcm_adv_inst/CLKOUT0
                         net (fo=1, routed)           1.581    12.298    your_instance_name/inst/clk_out1_clk_wiz_0
    BUFGCTRL_X0Y1        BUFG (Prop_bufg_I_O)         0.091    12.389 r  your_instance_name/inst/clkout1_buf/O
                         net (fo=380, routed)         1.498    13.887    clk
    SLICE_X58Y68         FDRE                                         r  alu_result1_s_reg[27]/C
                         clock pessimism              0.562    14.449    
                         clock uncertainty           -0.130    14.318    
    SLICE_X58Y68         FDRE (Setup_fdre_C_D)        0.029    14.347    alu_result1_s_reg[27]
  -------------------------------------------------------------------
                         required time                         14.347    
                         arrival time                         -13.811    
  -------------------------------------------------------------------
                         slack                                  0.536    





Min Delay Paths
--------------------------------------------------------------------------------------
Slack (MET) :             0.155ns  (arrival time - required time)
  Source:                 alu_result1_s_reg[26]/C
                            (rising edge-triggered cell FDRE clocked by clk_out1_clk_wiz_0_1  {rise@0.000ns fall@7.692ns period=15.385ns})
  Destination:            alu_result3_s_reg[26]/D
                            (rising edge-triggered cell FDRE clocked by clk_out1_clk_wiz_0_1  {rise@0.000ns fall@7.692ns period=15.385ns})
  Path Group:             clk_out1_clk_wiz_0_1
  Path Type:              Hold (Min at Fast Process Corner)
  Requirement:            0.000ns  (clk_out1_clk_wiz_0_1 rise@0.000ns - clk_out1_clk_wiz_0_1 rise@0.000ns)
  Data Path Delay:        0.240ns  (logic 0.141ns (58.691%)  route 0.099ns (41.309%))
  Logic Levels:           0  
  Clock Path Skew:        0.015ns (DCD - SCD - CPR)
    Destination Clock Delay (DCD):    -0.862ns
    Source Clock Delay      (SCD):    -0.623ns
    Clock Pessimism Removal (CPR):    -0.254ns

    Location             Delay type                Incr(ns)  Path(ns)    Netlist Resource(s)
  -------------------------------------------------------------------    -------------------
                         (clock clk_out1_clk_wiz_0_1 rise edge)
                                                      0.000     0.000 r  
    W5                                                0.000     0.000 r  clk_in (IN)
                         net (fo=0)                   0.000     0.000    your_instance_name/inst/clk_in1
    W5                   IBUF (Prop_ibuf_I_O)         0.226     0.226 r  your_instance_name/inst/clkin1_ibufg/O
                         net (fo=1, routed)           0.440     0.667    your_instance_name/inst/clk_in1_clk_wiz_0
    MMCME2_ADV_X1Y0      MMCME2_ADV (Prop_mmcme2_adv_CLKIN1_CLKOUT0)
                                                     -2.360    -1.693 r  your_instance_name/inst/mmcm_adv_inst/CLKOUT0
                         net (fo=1, routed)           0.486    -1.207    your_instance_name/inst/clk_out1_clk_wiz_0
    BUFGCTRL_X0Y1        BUFG (Prop_bufg_I_O)         0.026    -1.181 r  your_instance_name/inst/clkout1_buf/O
                         net (fo=380, routed)         0.558    -0.623    clk
    SLICE_X53Y67         FDRE                                         r  alu_result1_s_reg[26]/C
  -------------------------------------------------------------------    -------------------
    SLICE_X53Y67         FDRE (Prop_fdre_C_Q)         0.141    -0.482 r  alu_result1_s_reg[26]/Q
                         net (fo=1, routed)           0.099    -0.383    alu_result1_s[26]
    SLICE_X51Y66         FDRE                                         r  alu_result3_s_reg[26]/D
  -------------------------------------------------------------------    -------------------

                         (clock clk_out1_clk_wiz_0_1 rise edge)
                                                      0.000     0.000 r  
    W5                                                0.000     0.000 r  clk_in (IN)
                         net (fo=0)                   0.000     0.000    your_instance_name/inst/clk_in1
    W5                   IBUF (Prop_ibuf_I_O)         0.414     0.414 r  your_instance_name/inst/clkin1_ibufg/O
                         net (fo=1, routed)           0.480     0.894    your_instance_name/inst/clk_in1_clk_wiz_0
    MMCME2_ADV_X1Y0      MMCME2_ADV (Prop_mmcme2_adv_CLKIN1_CLKOUT0)
                                                     -3.142    -2.248 r  your_instance_name/inst/mmcm_adv_inst/CLKOUT0
                         net (fo=1, routed)           0.530    -1.718    your_instance_name/inst/clk_out1_clk_wiz_0
    BUFGCTRL_X0Y1        BUFG (Prop_bufg_I_O)         0.029    -1.689 r  your_instance_name/inst/clkout1_buf/O
                         net (fo=380, routed)         0.827    -0.862    clk
    SLICE_X51Y66         FDRE                                         r  alu_result3_s_reg[26]/C
                         clock pessimism              0.254    -0.608    
    SLICE_X51Y66         FDRE (Hold_fdre_C_D)         0.070    -0.538    alu_result3_s_reg[26]
  -------------------------------------------------------------------
                         required time                          0.538    
                         arrival time                          -0.383    
  -------------------------------------------------------------------
                         slack                                  0.155    





Pulse Width Checks
--------------------------------------------------------------------------------------
Clock Name:         clk_out1_clk_wiz_0_1
Waveform(ns):       { 0.000 7.692 }
Period(ns):         15.385
Sources:            { your_instance_name/inst/mmcm_adv_inst/CLKOUT0 }

Check Type        Corner  Lib Pin             Reference Pin  Required(ns)  Actual(ns)  Slack(ns)  Location         Pin
Min Period        n/a     BUFG/I              n/a            2.155         15.385      13.229     BUFGCTRL_X0Y0    n_0_788_BUFG_inst/I
Max Period        n/a     MMCME2_ADV/CLKOUT0  n/a            213.360       15.385      197.975    MMCME2_ADV_X1Y0  your_instance_name/inst/mmcm_adv_inst/CLKOUT0
Low Pulse Width   Slow    RAMD32/CLK          n/a            1.250         7.692       6.442      SLICE_X54Y70     decode_inst/registerfile_inst/register_array_reg_r1_0_31_0_5/RAMA/CLK
High Pulse Width  Slow    RAMD32/CLK          n/a            1.250         7.692       6.442      SLICE_X54Y70     decode_inst/registerfile_inst/register_array_reg_r1_0_31_0_5/RAMA/CLK



---------------------------------------------------------------------------------------------------
From Clock:  clkfbout_clk_wiz_0_1
  To Clock:  clkfbout_clk_wiz_0_1

Setup :           NA  Failing Endpoints,  Worst Slack           NA  ,  Total Violation           NA
Hold  :           NA  Failing Endpoints,  Worst Slack           NA  ,  Total Violation           NA
PW    :            0  Failing Endpoints,  Worst Slack       47.845ns,  Total Violation        0.000ns
---------------------------------------------------------------------------------------------------


Pulse Width Checks
--------------------------------------------------------------------------------------
Clock Name:         clkfbout_clk_wiz_0_1
Waveform(ns):       { 0.000 25.000 }
Period(ns):         50.000
Sources:            { your_instance_name/inst/mmcm_adv_inst/CLKFBOUT }

Check Type  Corner  Lib Pin             Reference Pin  Required(ns)  Actual(ns)  Slack(ns)  Location         Pin
Min Period  n/a     BUFG/I              n/a            2.155         50.000      47.845     BUFGCTRL_X0Y2    your_instance_name/inst/clkf_buf/I
Max Period  n/a     MMCME2_ADV/CLKFBIN  n/a            100.000       50.000      50.000     MMCME2_ADV_X1Y0  your_instance_name/inst/mmcm_adv_inst/CLKFBIN



---------------------------------------------------------------------------------------------------
From Clock:  clk_out1_clk_wiz_0_1
  To Clock:  clk_out1_clk_wiz_0

Setup :            0  Failing Endpoints,  Worst Slack        0.535ns,  Total Violation        0.000ns
Hold  :            0  Failing Endpoints,  Worst Slack        0.023ns,  Total Violation        0.000ns
---------------------------------------------------------------------------------------------------


Max Delay Paths
--------------------------------------------------------------------------------------
Slack (MET) :             0.535ns  (required time - arrival time)
  Source:                 alu_src1_s_reg/C
                            (rising edge-triggered cell FDRE clocked by clk_out1_clk_wiz_0_1  {rise@0.000ns fall@7.692ns period=15.385ns})
  Destination:            alu_result1_s_reg[27]/D
                            (rising edge-triggered cell FDRE clocked by clk_out1_clk_wiz_0  {rise@0.000ns fall@7.692ns period=15.385ns})
  Path Group:             clk_out1_clk_wiz_0
  Path Type:              Setup (Max at Slow Process Corner)
  Requirement:            15.385ns  (clk_out1_clk_wiz_0 rise@15.385ns - clk_out1_clk_wiz_0_1 rise@0.000ns)
  Data Path Delay:        14.778ns  (logic 3.674ns (24.862%)  route 11.104ns (75.138%))
  Logic Levels:           17  (LUT3=4 LUT5=10 LUT6=3)
  Clock Path Skew:        0.031ns (DCD - SCD + CPR)
    Destination Clock Delay (DCD):    -1.498ns = ( 13.887 - 15.385 ) 
    Source Clock Delay      (SCD):    -0.967ns
    Clock Pessimism Removal (CPR):    0.562ns
  Clock Uncertainty:      0.132ns  ((TSJ^2 + DJ^2)^1/2) / 2 + PE
    Total System Jitter     (TSJ):    0.071ns
    Discrete Jitter          (DJ):    0.255ns
    Phase Error              (PE):    0.000ns
  Clock Domain Crossing:  Inter clock paths are considered valid unless explicitly excluded by timing constraints such as set_clock_groups or set_false_path.

    Location             Delay type                Incr(ns)  Path(ns)    Netlist Resource(s)
  -------------------------------------------------------------------    -------------------
                         (clock clk_out1_clk_wiz_0_1 rise edge)
                                                      0.000     0.000 r  
    W5                                                0.000     0.000 r  clk_in (IN)
                         net (fo=0)                   0.000     0.000    your_instance_name/inst/clk_in1
    W5                   IBUF (Prop_ibuf_I_O)         1.458     1.458 r  your_instance_name/inst/clkin1_ibufg/O
                         net (fo=1, routed)           1.233     2.691    your_instance_name/inst/clk_in1_clk_wiz_0
    MMCME2_ADV_X1Y0      MMCME2_ADV (Prop_mmcme2_adv_CLKIN1_CLKOUT0)
                                                     -6.961    -4.269 r  your_instance_name/inst/mmcm_adv_inst/CLKOUT0
                         net (fo=1, routed)           1.661    -2.608    your_instance_name/inst/clk_out1_clk_wiz_0
    BUFGCTRL_X0Y1        BUFG (Prop_bufg_I_O)         0.096    -2.512 r  your_instance_name/inst/clkout1_buf/O
                         net (fo=380, routed)         1.545    -0.967    clk
    SLICE_X57Y71         FDRE                                         r  alu_src1_s_reg/C
  -------------------------------------------------------------------    -------------------
    SLICE_X57Y71         FDRE (Prop_fdre_C_Q)         0.456    -0.511 r  alu_src1_s_reg/Q
                         net (fo=188, routed)         1.018     0.507    execute_inst/alu_src1_s
    SLICE_X57Y67         LUT3 (Prop_lut3_I1_O)        0.124     0.631 r  execute_inst/alu_result1_s[5]_i_5/O
                         net (fo=36, routed)          1.092     1.723    execute_inst/b_s[5]
    SLICE_X53Y72         LUT6 (Prop_lut6_I1_O)        0.124     1.847 r  execute_inst/alu_result1_s[7]_i_22/O
                         net (fo=2, routed)           0.314     2.161    execute_inst/mul_comp/prod_inst/gen_reduce_slv_l.wrapper_left_inst/gen_reduce_slv_l.wrapper_right_inst/gen_reduce_slv_l.add_inst/c_s_1
    SLICE_X52Y73         LUT6 (Prop_lut6_I5_O)        0.124     2.285 r  execute_inst/alu_result1_s[8]_i_18/O
                         net (fo=3, routed)           0.463     2.748    execute_inst/mul_comp/prod_inst/gen_reduce_slv_l.wrapper_left_inst/gen_reduce_slv_l.wrapper_right_inst/gen_reduce_slv_l.add_inst/c_s_2
    SLICE_X52Y73         LUT5 (Prop_lut5_I2_O)        0.150     2.898 r  execute_inst/alu_result1_s[10]_i_28/O
                         net (fo=3, routed)           0.680     3.578    execute_inst/mul_comp/prod_inst/gen_reduce_slv_l.wrapper_left_inst/gen_reduce_slv_l.wrapper_right_inst/gen_reduce_slv_l.add_inst/c_s_4
    SLICE_X52Y74         LUT5 (Prop_lut5_I4_O)        0.328     3.906 r  execute_inst/alu_result1_s[14]_i_51/O
                         net (fo=3, routed)           1.002     4.909    execute_inst/mul_comp/prod_inst/gen_reduce_slv_l.wrapper_left_inst/gen_reduce_slv_l.wrapper_right_inst/gen_reduce_slv_l.add_inst/c_s_6
    SLICE_X52Y75         LUT5 (Prop_lut5_I4_O)        0.150     5.059 r  execute_inst/alu_result1_s[17]_i_44/O
                         net (fo=3, routed)           0.820     5.879    execute_inst/mul_comp/prod_inst/gen_reduce_slv_l.wrapper_left_inst/gen_reduce_slv_l.wrapper_right_inst/gen_reduce_slv_l.add_inst/c_s_8
    SLICE_X52Y76         LUT5 (Prop_lut5_I4_O)        0.350     6.229 r  execute_inst/alu_result1_s[18]_i_31/O
                         net (fo=3, routed)           0.641     6.870    execute_inst/mul_comp/prod_inst/gen_reduce_slv_l.wrapper_left_inst/gen_reduce_slv_l.wrapper_right_inst/gen_reduce_slv_l.add_inst/c_s_10
    SLICE_X53Y76         LUT5 (Prop_lut5_I4_O)        0.354     7.224 r  execute_inst/alu_result1_s[21]_i_20/O
                         net (fo=3, routed)           0.419     7.643    execute_inst/mul_comp/prod_inst/gen_reduce_slv_l.wrapper_left_inst/gen_reduce_slv_l.wrapper_right_inst/gen_reduce_slv_l.add_inst/c_s_12
    SLICE_X53Y77         LUT5 (Prop_lut5_I4_O)        0.320     7.963 r  execute_inst/alu_result1_s[25]_i_63/O
                         net (fo=3, routed)           0.712     8.675    execute_inst/mul_comp/prod_inst/gen_reduce_slv_l.wrapper_left_inst/gen_reduce_slv_l.wrapper_right_inst/gen_reduce_slv_l.add_inst/c_s_14
    SLICE_X55Y76         LUT3 (Prop_lut3_I1_O)        0.326     9.001 r  execute_inst/alu_result1_s[21]_i_13/O
                         net (fo=3, routed)           0.424     9.425    execute_inst/mul_comp/prod_inst/gen_reduce_slv_l.wrapper_left_inst/gen_reduce_slv_l.wrapper_right_inst/gen_reduce_slv_l.add_inst/p_17_in
    SLICE_X55Y76         LUT5 (Prop_lut5_I3_O)        0.124     9.549 f  execute_inst/alu_result1_s[21]_i_6/O
                         net (fo=2, routed)           0.855    10.404    execute_inst/mul_comp/prod_inst/res_left_s[21]
    SLICE_X57Y74         LUT5 (Prop_lut5_I1_O)        0.124    10.528 f  execute_inst/alu_result1_s[25]_i_10/O
                         net (fo=4, routed)           0.679    11.207    execute_inst/mul_comp/prod_inst/gen_reduce_slv_l.add_inst/c_s_14
    SLICE_X57Y74         LUT6 (Prop_lut6_I1_O)        0.124    11.331 r  execute_inst/alu_result1_s[25]_i_3/O
                         net (fo=5, routed)           0.830    12.161    execute_inst/alu_result1_s[25]_i_3_n_1
    SLICE_X60Y72         LUT3 (Prop_lut3_I1_O)        0.124    12.285 r  execute_inst/alu_result1_s[27]_i_13/O
                         net (fo=1, routed)           0.430    12.715    execute_inst/alu_result1_s[27]_i_13_n_1
    SLICE_X59Y72         LUT5 (Prop_lut5_I1_O)        0.124    12.839 r  execute_inst/alu_result1_s[27]_i_7/O
                         net (fo=1, routed)           0.562    13.401    execute_inst/alu32_inst/sra_comp/alu_result1_s_reg[27]
    SLICE_X58Y68         LUT5 (Prop_lut5_I0_O)        0.124    13.525 r  execute_inst/alu32_inst/sra_comp/alu_result1_s[27]_i_4/O
                         net (fo=1, routed)           0.162    13.687    execute_inst/alu32_inst/sll_comp/alu_result1_s_reg[27]_0
    SLICE_X58Y68         LUT3 (Prop_lut3_I2_O)        0.124    13.811 r  execute_inst/alu32_inst/sll_comp/alu_result1_s[27]_i_1/O
                         net (fo=1, routed)           0.000    13.811    alu_result0_s[27]
    SLICE_X58Y68         FDRE                                         r  alu_result1_s_reg[27]/D
  -------------------------------------------------------------------    -------------------

                         (clock clk_out1_clk_wiz_0 rise edge)
                                                     15.385    15.385 r  
    W5                                                0.000    15.385 r  clk_in (IN)
                         net (fo=0)                   0.000    15.385    your_instance_name/inst/clk_in1
    W5                   IBUF (Prop_ibuf_I_O)         1.388    16.773 r  your_instance_name/inst/clkin1_ibufg/O
                         net (fo=1, routed)           1.162    17.935    your_instance_name/inst/clk_in1_clk_wiz_0
    MMCME2_ADV_X1Y0      MMCME2_ADV (Prop_mmcme2_adv_CLKIN1_CLKOUT0)
                                                     -7.217    10.717 r  your_instance_name/inst/mmcm_adv_inst/CLKOUT0
                         net (fo=1, routed)           1.581    12.298    your_instance_name/inst/clk_out1_clk_wiz_0
    BUFGCTRL_X0Y1        BUFG (Prop_bufg_I_O)         0.091    12.389 r  your_instance_name/inst/clkout1_buf/O
                         net (fo=380, routed)         1.498    13.887    clk
    SLICE_X58Y68         FDRE                                         r  alu_result1_s_reg[27]/C
                         clock pessimism              0.562    14.449    
                         clock uncertainty           -0.132    14.316    
    SLICE_X58Y68         FDRE (Setup_fdre_C_D)        0.029    14.345    alu_result1_s_reg[27]
  -------------------------------------------------------------------
                         required time                         14.345    
                         arrival time                         -13.811    
  -------------------------------------------------------------------
                         slack                                  0.535    





Min Delay Paths
--------------------------------------------------------------------------------------
Slack (MET) :             0.023ns  (arrival time - required time)
  Source:                 alu_result1_s_reg[26]/C
                            (rising edge-triggered cell FDRE clocked by clk_out1_clk_wiz_0_1  {rise@0.000ns fall@7.692ns period=15.385ns})
  Destination:            alu_result3_s_reg[26]/D
                            (rising edge-triggered cell FDRE clocked by clk_out1_clk_wiz_0  {rise@0.000ns fall@7.692ns period=15.385ns})
  Path Group:             clk_out1_clk_wiz_0
  Path Type:              Hold (Min at Fast Process Corner)
  Requirement:            0.000ns  (clk_out1_clk_wiz_0 rise@0.000ns - clk_out1_clk_wiz_0_1 rise@0.000ns)
  Data Path Delay:        0.240ns  (logic 0.141ns (58.691%)  route 0.099ns (41.309%))
  Logic Levels:           0  
  Clock Path Skew:        0.015ns (DCD - SCD - CPR)
    Destination Clock Delay (DCD):    -0.862ns
    Source Clock Delay      (SCD):    -0.623ns
    Clock Pessimism Removal (CPR):    -0.254ns
  Clock Uncertainty:      0.132ns  ((TSJ^2 + DJ^2)^1/2) / 2 + PE
    Total System Jitter     (TSJ):    0.071ns
    Discrete Jitter          (DJ):    0.255ns
    Phase Error              (PE):    0.000ns
  Clock Domain Crossing:  Inter clock paths are considered valid unless explicitly excluded by timing constraints such as set_clock_groups or set_false_path.

    Location             Delay type                Incr(ns)  Path(ns)    Netlist Resource(s)
  -------------------------------------------------------------------    -------------------
                         (clock clk_out1_clk_wiz_0_1 rise edge)
                                                      0.000     0.000 r  
    W5                                                0.000     0.000 r  clk_in (IN)
                         net (fo=0)                   0.000     0.000    your_instance_name/inst/clk_in1
    W5                   IBUF (Prop_ibuf_I_O)         0.226     0.226 r  your_instance_name/inst/clkin1_ibufg/O
                         net (fo=1, routed)           0.440     0.667    your_instance_name/inst/clk_in1_clk_wiz_0
    MMCME2_ADV_X1Y0      MMCME2_ADV (Prop_mmcme2_adv_CLKIN1_CLKOUT0)
                                                     -2.360    -1.693 r  your_instance_name/inst/mmcm_adv_inst/CLKOUT0
                         net (fo=1, routed)           0.486    -1.207    your_instance_name/inst/clk_out1_clk_wiz_0
    BUFGCTRL_X0Y1        BUFG (Prop_bufg_I_O)         0.026    -1.181 r  your_instance_name/inst/clkout1_buf/O
                         net (fo=380, routed)         0.558    -0.623    clk
    SLICE_X53Y67         FDRE                                         r  alu_result1_s_reg[26]/C
  -------------------------------------------------------------------    -------------------
    SLICE_X53Y67         FDRE (Prop_fdre_C_Q)         0.141    -0.482 r  alu_result1_s_reg[26]/Q
                         net (fo=1, routed)           0.099    -0.383    alu_result1_s[26]
    SLICE_X51Y66         FDRE                                         r  alu_result3_s_reg[26]/D
  -------------------------------------------------------------------    -------------------

                         (clock clk_out1_clk_wiz_0 rise edge)
                                                      0.000     0.000 r  
    W5                                                0.000     0.000 r  clk_in (IN)
                         net (fo=0)                   0.000     0.000    your_instance_name/inst/clk_in1
    W5                   IBUF (Prop_ibuf_I_O)         0.414     0.414 r  your_instance_name/inst/clkin1_ibufg/O
                         net (fo=1, routed)           0.480     0.894    your_instance_name/inst/clk_in1_clk_wiz_0
    MMCME2_ADV_X1Y0      MMCME2_ADV (Prop_mmcme2_adv_CLKIN1_CLKOUT0)
                                                     -3.142    -2.248 r  your_instance_name/inst/mmcm_adv_inst/CLKOUT0
                         net (fo=1, routed)           0.530    -1.718    your_instance_name/inst/clk_out1_clk_wiz_0
    BUFGCTRL_X0Y1        BUFG (Prop_bufg_I_O)         0.029    -1.689 r  your_instance_name/inst/clkout1_buf/O
                         net (fo=380, routed)         0.827    -0.862    clk
    SLICE_X51Y66         FDRE                                         r  alu_result3_s_reg[26]/C
                         clock pessimism              0.254    -0.608    
                         clock uncertainty            0.132    -0.476    
    SLICE_X51Y66         FDRE (Hold_fdre_C_D)         0.070    -0.406    alu_result3_s_reg[26]
  -------------------------------------------------------------------
                         required time                          0.406    
                         arrival time                          -0.383    
  -------------------------------------------------------------------
                         slack                                  0.023    





---------------------------------------------------------------------------------------------------
From Clock:  clk_out1_clk_wiz_0
  To Clock:  clk_out1_clk_wiz_0_1

Setup :            0  Failing Endpoints,  Worst Slack        0.535ns,  Total Violation        0.000ns
Hold  :            0  Failing Endpoints,  Worst Slack        0.023ns,  Total Violation        0.000ns
---------------------------------------------------------------------------------------------------


Max Delay Paths
--------------------------------------------------------------------------------------
Slack (MET) :             0.535ns  (required time - arrival time)
  Source:                 alu_src1_s_reg/C
                            (rising edge-triggered cell FDRE clocked by clk_out1_clk_wiz_0  {rise@0.000ns fall@7.692ns period=15.385ns})
  Destination:            alu_result1_s_reg[27]/D
                            (rising edge-triggered cell FDRE clocked by clk_out1_clk_wiz_0_1  {rise@0.000ns fall@7.692ns period=15.385ns})
  Path Group:             clk_out1_clk_wiz_0_1
  Path Type:              Setup (Max at Slow Process Corner)
  Requirement:            15.385ns  (clk_out1_clk_wiz_0_1 rise@15.385ns - clk_out1_clk_wiz_0 rise@0.000ns)
  Data Path Delay:        14.778ns  (logic 3.674ns (24.862%)  route 11.104ns (75.138%))
  Logic Levels:           17  (LUT3=4 LUT5=10 LUT6=3)
  Clock Path Skew:        0.031ns (DCD - SCD + CPR)
    Destination Clock Delay (DCD):    -1.498ns = ( 13.887 - 15.385 ) 
    Source Clock Delay      (SCD):    -0.967ns
    Clock Pessimism Removal (CPR):    0.562ns
  Clock Uncertainty:      0.132ns  ((TSJ^2 + DJ^2)^1/2) / 2 + PE
    Total System Jitter     (TSJ):    0.071ns
    Discrete Jitter          (DJ):    0.255ns
    Phase Error              (PE):    0.000ns
  Clock Domain Crossing:  Inter clock paths are considered valid unless explicitly excluded by timing constraints such as set_clock_groups or set_false_path.

    Location             Delay type                Incr(ns)  Path(ns)    Netlist Resource(s)
  -------------------------------------------------------------------    -------------------
                         (clock clk_out1_clk_wiz_0 rise edge)
                                                      0.000     0.000 r  
    W5                                                0.000     0.000 r  clk_in (IN)
                         net (fo=0)                   0.000     0.000    your_instance_name/inst/clk_in1
    W5                   IBUF (Prop_ibuf_I_O)         1.458     1.458 r  your_instance_name/inst/clkin1_ibufg/O
                         net (fo=1, routed)           1.233     2.691    your_instance_name/inst/clk_in1_clk_wiz_0
    MMCME2_ADV_X1Y0      MMCME2_ADV (Prop_mmcme2_adv_CLKIN1_CLKOUT0)
                                                     -6.961    -4.269 r  your_instance_name/inst/mmcm_adv_inst/CLKOUT0
                         net (fo=1, routed)           1.661    -2.608    your_instance_name/inst/clk_out1_clk_wiz_0
    BUFGCTRL_X0Y1        BUFG (Prop_bufg_I_O)         0.096    -2.512 r  your_instance_name/inst/clkout1_buf/O
                         net (fo=380, routed)         1.545    -0.967    clk
    SLICE_X57Y71         FDRE                                         r  alu_src1_s_reg/C
  -------------------------------------------------------------------    -------------------
    SLICE_X57Y71         FDRE (Prop_fdre_C_Q)         0.456    -0.511 r  alu_src1_s_reg/Q
                         net (fo=188, routed)         1.018     0.507    execute_inst/alu_src1_s
    SLICE_X57Y67         LUT3 (Prop_lut3_I1_O)        0.124     0.631 r  execute_inst/alu_result1_s[5]_i_5/O
                         net (fo=36, routed)          1.092     1.723    execute_inst/b_s[5]
    SLICE_X53Y72         LUT6 (Prop_lut6_I1_O)        0.124     1.847 r  execute_inst/alu_result1_s[7]_i_22/O
                         net (fo=2, routed)           0.314     2.161    execute_inst/mul_comp/prod_inst/gen_reduce_slv_l.wrapper_left_inst/gen_reduce_slv_l.wrapper_right_inst/gen_reduce_slv_l.add_inst/c_s_1
    SLICE_X52Y73         LUT6 (Prop_lut6_I5_O)        0.124     2.285 r  execute_inst/alu_result1_s[8]_i_18/O
                         net (fo=3, routed)           0.463     2.748    execute_inst/mul_comp/prod_inst/gen_reduce_slv_l.wrapper_left_inst/gen_reduce_slv_l.wrapper_right_inst/gen_reduce_slv_l.add_inst/c_s_2
    SLICE_X52Y73         LUT5 (Prop_lut5_I2_O)        0.150     2.898 r  execute_inst/alu_result1_s[10]_i_28/O
                         net (fo=3, routed)           0.680     3.578    execute_inst/mul_comp/prod_inst/gen_reduce_slv_l.wrapper_left_inst/gen_reduce_slv_l.wrapper_right_inst/gen_reduce_slv_l.add_inst/c_s_4
    SLICE_X52Y74         LUT5 (Prop_lut5_I4_O)        0.328     3.906 r  execute_inst/alu_result1_s[14]_i_51/O
                         net (fo=3, routed)           1.002     4.909    execute_inst/mul_comp/prod_inst/gen_reduce_slv_l.wrapper_left_inst/gen_reduce_slv_l.wrapper_right_inst/gen_reduce_slv_l.add_inst/c_s_6
    SLICE_X52Y75         LUT5 (Prop_lut5_I4_O)        0.150     5.059 r  execute_inst/alu_result1_s[17]_i_44/O
                         net (fo=3, routed)           0.820     5.879    execute_inst/mul_comp/prod_inst/gen_reduce_slv_l.wrapper_left_inst/gen_reduce_slv_l.wrapper_right_inst/gen_reduce_slv_l.add_inst/c_s_8
    SLICE_X52Y76         LUT5 (Prop_lut5_I4_O)        0.350     6.229 r  execute_inst/alu_result1_s[18]_i_31/O
                         net (fo=3, routed)           0.641     6.870    execute_inst/mul_comp/prod_inst/gen_reduce_slv_l.wrapper_left_inst/gen_reduce_slv_l.wrapper_right_inst/gen_reduce_slv_l.add_inst/c_s_10
    SLICE_X53Y76         LUT5 (Prop_lut5_I4_O)        0.354     7.224 r  execute_inst/alu_result1_s[21]_i_20/O
                         net (fo=3, routed)           0.419     7.643    execute_inst/mul_comp/prod_inst/gen_reduce_slv_l.wrapper_left_inst/gen_reduce_slv_l.wrapper_right_inst/gen_reduce_slv_l.add_inst/c_s_12
    SLICE_X53Y77         LUT5 (Prop_lut5_I4_O)        0.320     7.963 r  execute_inst/alu_result1_s[25]_i_63/O
                         net (fo=3, routed)           0.712     8.675    execute_inst/mul_comp/prod_inst/gen_reduce_slv_l.wrapper_left_inst/gen_reduce_slv_l.wrapper_right_inst/gen_reduce_slv_l.add_inst/c_s_14
    SLICE_X55Y76         LUT3 (Prop_lut3_I1_O)        0.326     9.001 r  execute_inst/alu_result1_s[21]_i_13/O
                         net (fo=3, routed)           0.424     9.425    execute_inst/mul_comp/prod_inst/gen_reduce_slv_l.wrapper_left_inst/gen_reduce_slv_l.wrapper_right_inst/gen_reduce_slv_l.add_inst/p_17_in
    SLICE_X55Y76         LUT5 (Prop_lut5_I3_O)        0.124     9.549 f  execute_inst/alu_result1_s[21]_i_6/O
                         net (fo=2, routed)           0.855    10.404    execute_inst/mul_comp/prod_inst/res_left_s[21]
    SLICE_X57Y74         LUT5 (Prop_lut5_I1_O)        0.124    10.528 f  execute_inst/alu_result1_s[25]_i_10/O
                         net (fo=4, routed)           0.679    11.207    execute_inst/mul_comp/prod_inst/gen_reduce_slv_l.add_inst/c_s_14
    SLICE_X57Y74         LUT6 (Prop_lut6_I1_O)        0.124    11.331 r  execute_inst/alu_result1_s[25]_i_3/O
                         net (fo=5, routed)           0.830    12.161    execute_inst/alu_result1_s[25]_i_3_n_1
    SLICE_X60Y72         LUT3 (Prop_lut3_I1_O)        0.124    12.285 r  execute_inst/alu_result1_s[27]_i_13/O
                         net (fo=1, routed)           0.430    12.715    execute_inst/alu_result1_s[27]_i_13_n_1
    SLICE_X59Y72         LUT5 (Prop_lut5_I1_O)        0.124    12.839 r  execute_inst/alu_result1_s[27]_i_7/O
                         net (fo=1, routed)           0.562    13.401    execute_inst/alu32_inst/sra_comp/alu_result1_s_reg[27]
    SLICE_X58Y68         LUT5 (Prop_lut5_I0_O)        0.124    13.525 r  execute_inst/alu32_inst/sra_comp/alu_result1_s[27]_i_4/O
                         net (fo=1, routed)           0.162    13.687    execute_inst/alu32_inst/sll_comp/alu_result1_s_reg[27]_0
    SLICE_X58Y68         LUT3 (Prop_lut3_I2_O)        0.124    13.811 r  execute_inst/alu32_inst/sll_comp/alu_result1_s[27]_i_1/O
                         net (fo=1, routed)           0.000    13.811    alu_result0_s[27]
    SLICE_X58Y68         FDRE                                         r  alu_result1_s_reg[27]/D
  -------------------------------------------------------------------    -------------------

                         (clock clk_out1_clk_wiz_0_1 rise edge)
                                                     15.385    15.385 r  
    W5                                                0.000    15.385 r  clk_in (IN)
                         net (fo=0)                   0.000    15.385    your_instance_name/inst/clk_in1
    W5                   IBUF (Prop_ibuf_I_O)         1.388    16.773 r  your_instance_name/inst/clkin1_ibufg/O
                         net (fo=1, routed)           1.162    17.935    your_instance_name/inst/clk_in1_clk_wiz_0
    MMCME2_ADV_X1Y0      MMCME2_ADV (Prop_mmcme2_adv_CLKIN1_CLKOUT0)
                                                     -7.217    10.717 r  your_instance_name/inst/mmcm_adv_inst/CLKOUT0
                         net (fo=1, routed)           1.581    12.298    your_instance_name/inst/clk_out1_clk_wiz_0
    BUFGCTRL_X0Y1        BUFG (Prop_bufg_I_O)         0.091    12.389 r  your_instance_name/inst/clkout1_buf/O
                         net (fo=380, routed)         1.498    13.887    clk
    SLICE_X58Y68         FDRE                                         r  alu_result1_s_reg[27]/C
                         clock pessimism              0.562    14.449    
                         clock uncertainty           -0.132    14.316    
    SLICE_X58Y68         FDRE (Setup_fdre_C_D)        0.029    14.345    alu_result1_s_reg[27]
  -------------------------------------------------------------------
                         required time                         14.345    
                         arrival time                         -13.811    
  -------------------------------------------------------------------
                         slack                                  0.535    





Min Delay Paths
--------------------------------------------------------------------------------------
Slack (MET) :             0.023ns  (arrival time - required time)
  Source:                 alu_result1_s_reg[26]/C
                            (rising edge-triggered cell FDRE clocked by clk_out1_clk_wiz_0  {rise@0.000ns fall@7.692ns period=15.385ns})
  Destination:            alu_result3_s_reg[26]/D
                            (rising edge-triggered cell FDRE clocked by clk_out1_clk_wiz_0_1  {rise@0.000ns fall@7.692ns period=15.385ns})
  Path Group:             clk_out1_clk_wiz_0_1
  Path Type:              Hold (Min at Fast Process Corner)
  Requirement:            0.000ns  (clk_out1_clk_wiz_0_1 rise@0.000ns - clk_out1_clk_wiz_0 rise@0.000ns)
  Data Path Delay:        0.240ns  (logic 0.141ns (58.691%)  route 0.099ns (41.309%))
  Logic Levels:           0  
  Clock Path Skew:        0.015ns (DCD - SCD - CPR)
    Destination Clock Delay (DCD):    -0.862ns
    Source Clock Delay      (SCD):    -0.623ns
    Clock Pessimism Removal (CPR):    -0.254ns
  Clock Uncertainty:      0.132ns  ((TSJ^2 + DJ^2)^1/2) / 2 + PE
    Total System Jitter     (TSJ):    0.071ns
    Discrete Jitter          (DJ):    0.255ns
    Phase Error              (PE):    0.000ns
  Clock Domain Crossing:  Inter clock paths are considered valid unless explicitly excluded by timing constraints such as set_clock_groups or set_false_path.

    Location             Delay type                Incr(ns)  Path(ns)    Netlist Resource(s)
  -------------------------------------------------------------------    -------------------
                         (clock clk_out1_clk_wiz_0 rise edge)
                                                      0.000     0.000 r  
    W5                                                0.000     0.000 r  clk_in (IN)
                         net (fo=0)                   0.000     0.000    your_instance_name/inst/clk_in1
    W5                   IBUF (Prop_ibuf_I_O)         0.226     0.226 r  your_instance_name/inst/clkin1_ibufg/O
                         net (fo=1, routed)           0.440     0.667    your_instance_name/inst/clk_in1_clk_wiz_0
    MMCME2_ADV_X1Y0      MMCME2_ADV (Prop_mmcme2_adv_CLKIN1_CLKOUT0)
                                                     -2.360    -1.693 r  your_instance_name/inst/mmcm_adv_inst/CLKOUT0
                         net (fo=1, routed)           0.486    -1.207    your_instance_name/inst/clk_out1_clk_wiz_0
    BUFGCTRL_X0Y1        BUFG (Prop_bufg_I_O)         0.026    -1.181 r  your_instance_name/inst/clkout1_buf/O
                         net (fo=380, routed)         0.558    -0.623    clk
    SLICE_X53Y67         FDRE                                         r  alu_result1_s_reg[26]/C
  -------------------------------------------------------------------    -------------------
    SLICE_X53Y67         FDRE (Prop_fdre_C_Q)         0.141    -0.482 r  alu_result1_s_reg[26]/Q
                         net (fo=1, routed)           0.099    -0.383    alu_result1_s[26]
    SLICE_X51Y66         FDRE                                         r  alu_result3_s_reg[26]/D
  -------------------------------------------------------------------    -------------------

                         (clock clk_out1_clk_wiz_0_1 rise edge)
                                                      0.000     0.000 r  
    W5                                                0.000     0.000 r  clk_in (IN)
                         net (fo=0)                   0.000     0.000    your_instance_name/inst/clk_in1
    W5                   IBUF (Prop_ibuf_I_O)         0.414     0.414 r  your_instance_name/inst/clkin1_ibufg/O
                         net (fo=1, routed)           0.480     0.894    your_instance_name/inst/clk_in1_clk_wiz_0
    MMCME2_ADV_X1Y0      MMCME2_ADV (Prop_mmcme2_adv_CLKIN1_CLKOUT0)
                                                     -3.142    -2.248 r  your_instance_name/inst/mmcm_adv_inst/CLKOUT0
                         net (fo=1, routed)           0.530    -1.718    your_instance_name/inst/clk_out1_clk_wiz_0
    BUFGCTRL_X0Y1        BUFG (Prop_bufg_I_O)         0.029    -1.689 r  your_instance_name/inst/clkout1_buf/O
                         net (fo=380, routed)         0.827    -0.862    clk
    SLICE_X51Y66         FDRE                                         r  alu_result3_s_reg[26]/C
                         clock pessimism              0.254    -0.608    
                         clock uncertainty            0.132    -0.476    
    SLICE_X51Y66         FDRE (Hold_fdre_C_D)         0.070    -0.406    alu_result3_s_reg[26]
  -------------------------------------------------------------------
                         required time                          0.406    
                         arrival time                          -0.383    
  -------------------------------------------------------------------
                         slack                                  0.023    





