Copyright 1986-2022 Xilinx, Inc. All Rights Reserved. Copyright 2022-2025 Advanced Micro Devices, Inc. All Rights Reserved.
---------------------------------------------------------------------------------------------------------------------------------------------
| Tool Version : Vivado v.2025.2 (lin64) Build 6299465 Fri Nov 14 12:34:56 MST 2025
| Date         : Thu Apr 23 19:17:05 2026
| Host         : infinity running 64-bit Arch Linux
| Command      : report_timing_summary -file timing_45MHz.rpt
| Design       : proc
| Device       : 7a35t-cpg236
| Speed File   : -1  PRODUCTION 1.23 2018-06-13
| Design State : Routed
---------------------------------------------------------------------------------------------------------------------------------------------

Timing Summary Report

------------------------------------------------------------------------------------------------
| Timer Settings
| --------------
------------------------------------------------------------------------------------------------

  Enable Multi Corner Analysis               :  Yes
  Enable Pessimism Removal                   :  Yes
  Pessimism Removal Resolution               :  Nearest Common Node
  Enable Input Delay Default Clock           :  No
  Enable Preset / Clear Arcs                 :  No
  Disable Flight Delays                      :  No
  Ignore I/O Paths                           :  No
  Timing Early Launch at Borrowing Latches   :  No
  Borrow Time for Max Delay Exceptions       :  Yes
  Merge Timing Exceptions                    :  Yes
  Inter-SLR Compensation                     :  Conservative

  Corner  Analyze    Analyze    
  Name    Max Paths  Min Paths  
  ------  ---------  ---------  
  Slow    Yes        Yes        
  Fast    Yes        Yes        


------------------------------------------------------------------------------------------------
| Report Methodology
| ------------------
------------------------------------------------------------------------------------------------

Rule       Severity          Description                                                       Violations  
---------  ----------------  ----------------------------------------------------------------  ----------  
TIMING-6   Critical Warning  No common primary clock between related clocks                    2           
TIMING-14  Critical Warning  LUT on the clock tree                                             1           
SYNTH-5    Warning           Mapped onto distributed RAM because of timing constraints         128         
SYNTH-6    Warning           Timing of a RAM block might be sub-optimal                        2           
TIMING-56  Warning           Missing logically or physically excluded clock groups constraint  2           

Note: This report is based on the most recent report_methodology run and may not be up-to-date. Run report_methodology on the current design for the latest report.



check_timing report

Table of Contents
-----------------
1. checking no_clock (0)
2. checking constant_clock (0)
3. checking pulse_width_clock (0)
4. checking unconstrained_internal_endpoints (0)
5. checking no_input_delay (17)
6. checking no_output_delay (11)
7. checking multiple_clock (831)
8. checking generated_clocks (0)
9. checking loops (0)
10. checking partial_input_delay (0)
11. checking partial_output_delay (0)
12. checking latch_loops (0)

1. checking no_clock (0)
------------------------
 There are 0 register/latch pins with no clock.


2. checking constant_clock (0)
------------------------------
 There are 0 register/latch pins with constant_clock.


3. checking pulse_width_clock (0)
---------------------------------
 There are 0 register/latch pins which need pulse_width check


4. checking unconstrained_internal_endpoints (0)
------------------------------------------------
 There are 0 pins that are not constrained for maximum delay.

 There are 0 pins that are not constrained for maximum delay due to constant clock.


5. checking no_input_delay (17)
-------------------------------
 There are 17 input ports with no input delay specified. (HIGH)

 There are 0 input ports with no input delay but user has a false path constraint.


6. checking no_output_delay (11)
--------------------------------
 There are 11 ports with no output delay specified. (HIGH)

 There are 0 ports with no output delay but user has a false path constraint

 There are 0 ports with no output delay but with a timing clock defined on it or propagating through it


7. checking multiple_clock (831)
--------------------------------
 There are 831 register/latch pins with multiple clocks. (HIGH)


8. checking generated_clocks (0)
--------------------------------
 There are 0 generated clocks that are not connected to a clock source.


9. checking loops (0)
---------------------
 There are 0 combinational loops in the design.


10. checking partial_input_delay (0)
------------------------------------
 There are 0 input ports with partial input delay specified.


11. checking partial_output_delay (0)
-------------------------------------
 There are 0 ports with partial output delay specified.


12. checking latch_loops (0)
----------------------------
 There are 0 combinational latch loops in the design through latch input



------------------------------------------------------------------------------------------------
| Design Timing Summary
| ---------------------
------------------------------------------------------------------------------------------------

    WNS(ns)      TNS(ns)  TNS Failing Endpoints  TNS Total Endpoints      WHS(ns)      THS(ns)  THS Failing Endpoints  THS Total Endpoints     WPWS(ns)     TPWS(ns)  TPWS Failing Endpoints  TPWS Total Endpoints  
    -------      -------  ---------------------  -------------------      -------      -------  ---------------------  -------------------     --------     --------  ----------------------  --------------------  
      2.960        0.000                      0                 5551        0.012        0.000                      0                 5551        3.000        0.000                       0                   838  


All user specified timing constraints are met.


------------------------------------------------------------------------------------------------
| Clock Summary
| -------------
------------------------------------------------------------------------------------------------

Clock                   Waveform(ns)       Period(ns)      Frequency(MHz)
-----                   ------------       ----------      --------------
clk_in                  {0.000 5.000}      10.000          100.000         
  clk_out1_clk_wiz_0    {0.000 11.111}     22.222          45.000          
  clkfbout_clk_wiz_0    {0.000 25.000}     50.000          20.000          
sys_clk_pin             {0.000 5.000}      10.000          100.000         
  clk_out1_clk_wiz_0_1  {0.000 11.111}     22.222          45.000          
  clkfbout_clk_wiz_0_1  {0.000 25.000}     50.000          20.000          


------------------------------------------------------------------------------------------------
| Intra Clock Table
| -----------------
------------------------------------------------------------------------------------------------

Clock                       WNS(ns)      TNS(ns)  TNS Failing Endpoints  TNS Total Endpoints      WHS(ns)      THS(ns)  THS Failing Endpoints  THS Total Endpoints     WPWS(ns)     TPWS(ns)  TPWS Failing Endpoints  TPWS Total Endpoints  
-----                       -------      -------  ---------------------  -------------------      -------      -------  ---------------------  -------------------     --------     --------  ----------------------  --------------------  
clk_in                                                                                                                                                                    3.000        0.000                       0                     1  
  clk_out1_clk_wiz_0          2.960        0.000                      0                 5551        0.155        0.000                      0                 5551        9.861        0.000                       0                   834  
  clkfbout_clk_wiz_0                                                                                                                                                     47.845        0.000                       0                     3  
sys_clk_pin                                                                                                                                                               3.000        0.000                       0                     1  
  clk_out1_clk_wiz_0_1        2.964        0.000                      0                 5551        0.155        0.000                      0                 5551        9.861        0.000                       0                   834  
  clkfbout_clk_wiz_0_1                                                                                                                                                   47.845        0.000                       0                     3  


------------------------------------------------------------------------------------------------
| Inter Clock Table
| -----------------
------------------------------------------------------------------------------------------------

From Clock            To Clock                  WNS(ns)      TNS(ns)  TNS Failing Endpoints  TNS Total Endpoints      WHS(ns)      THS(ns)  THS Failing Endpoints  THS Total Endpoints  
----------            --------                  -------      -------  ---------------------  -------------------      -------      -------  ---------------------  -------------------  
clk_out1_clk_wiz_0_1  clk_out1_clk_wiz_0          2.960        0.000                      0                 5551        0.012        0.000                      0                 5551  
clk_out1_clk_wiz_0    clk_out1_clk_wiz_0_1        2.960        0.000                      0                 5551        0.012        0.000                      0                 5551  


------------------------------------------------------------------------------------------------
| Other Path Groups Table
| -----------------------
------------------------------------------------------------------------------------------------

Path Group    From Clock    To Clock          WNS(ns)      TNS(ns)  TNS Failing Endpoints  TNS Total Endpoints      WHS(ns)      THS(ns)  THS Failing Endpoints  THS Total Endpoints  
----------    ----------    --------          -------      -------  ---------------------  -------------------      -------      -------  ---------------------  -------------------  


------------------------------------------------------------------------------------------------
| Timing Details
| --------------
------------------------------------------------------------------------------------------------


---------------------------------------------------------------------------------------------------
From Clock:  clk_in
  To Clock:  clk_in

Setup :           NA  Failing Endpoints,  Worst Slack           NA  ,  Total Violation           NA
Hold  :           NA  Failing Endpoints,  Worst Slack           NA  ,  Total Violation           NA
PW    :            0  Failing Endpoints,  Worst Slack        3.000ns,  Total Violation        0.000ns
---------------------------------------------------------------------------------------------------


Pulse Width Checks
--------------------------------------------------------------------------------------
Clock Name:         clk_in
Waveform(ns):       { 0.000 5.000 }
Period(ns):         10.000
Sources:            { clk_in }

Check Type        Corner  Lib Pin            Reference Pin  Required(ns)  Actual(ns)  Slack(ns)  Location         Pin
Min Period        n/a     MMCME2_ADV/CLKIN1  n/a            1.249         10.000      8.751      MMCME2_ADV_X1Y0  your_instance_name/inst/mmcm_adv_inst/CLKIN1
Max Period        n/a     MMCME2_ADV/CLKIN1  n/a            100.000       10.000      90.000     MMCME2_ADV_X1Y0  your_instance_name/inst/mmcm_adv_inst/CLKIN1
Low Pulse Width   Slow    MMCME2_ADV/CLKIN1  n/a            2.000         5.000       3.000      MMCME2_ADV_X1Y0  your_instance_name/inst/mmcm_adv_inst/CLKIN1
High Pulse Width  Slow    MMCME2_ADV/CLKIN1  n/a            2.000         5.000       3.000      MMCME2_ADV_X1Y0  your_instance_name/inst/mmcm_adv_inst/CLKIN1



---------------------------------------------------------------------------------------------------
From Clock:  clk_out1_clk_wiz_0
  To Clock:  clk_out1_clk_wiz_0

Setup :            0  Failing Endpoints,  Worst Slack        2.960ns,  Total Violation        0.000ns
Hold  :            0  Failing Endpoints,  Worst Slack        0.155ns,  Total Violation        0.000ns
PW    :            0  Failing Endpoints,  Worst Slack        9.861ns,  Total Violation        0.000ns
---------------------------------------------------------------------------------------------------


Max Delay Paths
--------------------------------------------------------------------------------------
Slack (MET) :             2.960ns  (required time - arrival time)
  Source:                 decode_inst/registerfile_inst/register_array_reg_2/CLKARDCLK
                            (rising edge-triggered cell RAMB18E1 clocked by clk_out1_clk_wiz_0  {rise@0.000ns fall@11.111ns period=22.222ns})
  Destination:            alu_result1_s_reg[31]/D
                            (rising edge-triggered cell FDRE clocked by clk_out1_clk_wiz_0  {rise@0.000ns fall@11.111ns period=22.222ns})
  Path Group:             clk_out1_clk_wiz_0
  Path Type:              Setup (Max at Slow Process Corner)
  Requirement:            22.222ns  (clk_out1_clk_wiz_0 rise@22.222ns - clk_out1_clk_wiz_0 rise@0.000ns)
  Data Path Delay:        19.061ns  (logic 6.166ns (32.349%)  route 12.895ns (67.651%))
  Logic Levels:           17  (LUT3=2 LUT4=1 LUT5=11 LUT6=3)
  Clock Path Skew:        -0.087ns (DCD - SCD + CPR)
    Destination Clock Delay (DCD):    -1.566ns = ( 20.656 - 22.222 ) 
    Source Clock Delay      (SCD):    -0.916ns
    Clock Pessimism Removal (CPR):    0.562ns
  Clock Uncertainty:      0.143ns  ((TSJ^2 + DJ^2)^1/2) / 2 + PE
    Total System Jitter     (TSJ):    0.071ns
    Discrete Jitter          (DJ):    0.277ns
    Phase Error              (PE):    0.000ns

    Location             Delay type                Incr(ns)  Path(ns)    Netlist Resource(s)
  -------------------------------------------------------------------    -------------------
                         (clock clk_out1_clk_wiz_0 rise edge)
                                                      0.000     0.000 r  
    W5                                                0.000     0.000 r  clk_in (IN)
                         net (fo=0)                   0.000     0.000    your_instance_name/inst/clk_in1
    W5                   IBUF (Prop_ibuf_I_O)         1.458     1.458 r  your_instance_name/inst/clkin1_ibufg/O
                         net (fo=1, routed)           1.233     2.691    your_instance_name/inst/clk_in1_clk_wiz_0
    MMCME2_ADV_X1Y0      MMCME2_ADV (Prop_mmcme2_adv_CLKIN1_CLKOUT0)
                                                     -6.961    -4.269 r  your_instance_name/inst/mmcm_adv_inst/CLKOUT0
                         net (fo=1, routed)           1.661    -2.608    your_instance_name/inst/clk_out1_clk_wiz_0
    BUFGCTRL_X0Y1        BUFG (Prop_bufg_I_O)         0.096    -2.512 r  your_instance_name/inst/clkout1_buf/O
                         net (fo=318, routed)         1.595    -0.916    decode_inst/registerfile_inst/clk_out1
    RAMB18_X1Y25         RAMB18E1                                     r  decode_inst/registerfile_inst/register_array_reg_2/CLKARDCLK
  -------------------------------------------------------------------    -------------------
    RAMB18_X1Y25         RAMB18E1 (Prop_ramb18e1_CLKARDCLK_DOADO[5])
                                                      2.454     1.538 r  decode_inst/registerfile_inst/register_array_reg_2/DOADO[5]
                         net (fo=7, routed)           1.366     2.904    execute_inst/D[5]
    SLICE_X39Y62         LUT3 (Prop_lut3_I2_O)        0.150     3.054 r  execute_inst/alu_result1_s[5]_i_4/O
                         net (fo=39, routed)          1.018     4.071    decode_inst/registerfile_inst/b_s[5]
    SLICE_X31Y69         LUT6 (Prop_lut6_I2_O)        0.326     4.397 r  decode_inst/registerfile_inst/alu_result1_s[8]_i_22/O
                         net (fo=3, routed)           0.321     4.718    decode_inst/registerfile_inst/execute_inst/alu32_inst/mul_comp/prod_inst/gen_reduce_slv_l.wrapper_left_inst/gen_reduce_slv_l.wrapper_right_inst/gen_reduce_slv_l.wrapper_left_inst/gen_two_slv_l.add_inst/c_s_3
    SLICE_X31Y68         LUT5 (Prop_lut5_I2_O)        0.124     4.842 r  decode_inst/registerfile_inst/alu_result1_s[8]_i_15/O
                         net (fo=3, routed)           0.829     5.671    decode_inst/registerfile_inst/execute_inst/alu32_inst/mul_comp/prod_inst/gen_reduce_slv_l.wrapper_left_inst/gen_reduce_slv_l.wrapper_right_inst/gen_reduce_slv_l.wrapper_left_inst/gen_two_slv_l.add_inst/p_5_in
    SLICE_X30Y68         LUT5 (Prop_lut5_I1_O)        0.150     5.821 r  decode_inst/registerfile_inst/alu_result1_s[12]_i_29/O
                         net (fo=3, routed)           0.820     6.642    decode_inst/registerfile_inst/execute_inst/alu32_inst/mul_comp/prod_inst/gen_reduce_slv_l.wrapper_left_inst/gen_reduce_slv_l.wrapper_right_inst/gen_reduce_slv_l.add_inst/c_s_4
    SLICE_X30Y69         LUT5 (Prop_lut5_I4_O)        0.350     6.992 r  decode_inst/registerfile_inst/alu_result1_s[15]_i_39/O
                         net (fo=3, routed)           0.792     7.783    decode_inst/registerfile_inst/execute_inst/alu32_inst/mul_comp/prod_inst/gen_reduce_slv_l.wrapper_left_inst/gen_reduce_slv_l.wrapper_right_inst/gen_reduce_slv_l.add_inst/c_s_6
    SLICE_X28Y73         LUT5 (Prop_lut5_I4_O)        0.328     8.111 r  decode_inst/registerfile_inst/alu_result1_s[15]_i_17/O
                         net (fo=3, routed)           1.013     9.124    decode_inst/registerfile_inst/execute_inst/alu32_inst/mul_comp/prod_inst/gen_reduce_slv_l.wrapper_left_inst/gen_reduce_slv_l.wrapper_right_inst/gen_reduce_slv_l.add_inst/c_s_8
    SLICE_X28Y74         LUT5 (Prop_lut5_I4_O)        0.152     9.276 r  decode_inst/registerfile_inst/alu_result1_s[19]_i_62/O
                         net (fo=3, routed)           1.027    10.303    decode_inst/registerfile_inst/execute_inst/alu32_inst/mul_comp/prod_inst/gen_reduce_slv_l.wrapper_left_inst/gen_reduce_slv_l.wrapper_right_inst/gen_reduce_slv_l.add_inst/c_s_10
    SLICE_X31Y75         LUT5 (Prop_lut5_I4_O)        0.354    10.657 r  decode_inst/registerfile_inst/alu_result1_s[19]_i_53/O
                         net (fo=3, routed)           0.589    11.246    decode_inst/registerfile_inst/execute_inst/alu32_inst/mul_comp/prod_inst/gen_reduce_slv_l.wrapper_left_inst/gen_reduce_slv_l.wrapper_right_inst/gen_reduce_slv_l.add_inst/c_s_12
    SLICE_X32Y74         LUT3 (Prop_lut3_I2_O)        0.326    11.572 r  decode_inst/registerfile_inst/alu_result1_s[19]_i_28/O
                         net (fo=2, routed)           0.843    12.415    decode_inst/registerfile_inst/execute_inst/alu32_inst/mul_comp/prod_inst/gen_reduce_slv_l.wrapper_left_inst/gen_reduce_slv_l.wrapper_right_inst/gen_reduce_slv_l.add_inst/p_15_in
    SLICE_X32Y75         LUT5 (Prop_lut5_I0_O)        0.152    12.567 r  decode_inst/registerfile_inst/alu_result1_s[19]_i_36/O
                         net (fo=5, routed)           0.846    13.413    decode_inst/registerfile_inst/execute_inst/alu32_inst/mul_comp/prod_inst/gen_reduce_slv_l.wrapper_left_inst/gen_reduce_slv_l.add_inst/c_s_15
    SLICE_X34Y75         LUT5 (Prop_lut5_I2_O)        0.352    13.765 f  decode_inst/registerfile_inst/alu_result1_s[25]_i_22/O
                         net (fo=2, routed)           0.467    14.232    decode_inst/registerfile_inst/execute_inst/alu32_inst/mul_comp/prod_inst/res_left_s[21]
    SLICE_X34Y75         LUT5 (Prop_lut5_I1_O)        0.328    14.560 f  decode_inst/registerfile_inst/alu_result1_s[25]_i_16/O
                         net (fo=4, routed)           0.805    15.364    decode_inst/registerfile_inst/execute_inst/alu32_inst/mul_comp/prod_inst/gen_reduce_slv_l.add_inst/c_s_14
    SLICE_X37Y73         LUT6 (Prop_lut6_I1_O)        0.124    15.488 r  decode_inst/registerfile_inst/alu_result1_s[25]_i_12/O
                         net (fo=5, routed)           0.807    16.295    decode_inst/registerfile_inst/alu_result1_s[25]_i_12_n_1
    SLICE_X40Y70         LUT5 (Prop_lut5_I2_O)        0.124    16.419 r  decode_inst/registerfile_inst/alu_result1_s[30]_i_14/O
                         net (fo=3, routed)           0.436    16.855    decode_inst/registerfile_inst/alu_result1_s[30]_i_14_n_1
    SLICE_X43Y71         LUT6 (Prop_lut6_I0_O)        0.124    16.979 r  decode_inst/registerfile_inst/alu_result1_s[31]_i_9/O
                         net (fo=1, routed)           0.763    17.742    decode_inst/registerfile_inst/execute_inst/alu32_inst/mul_result[31]
    SLICE_X39Y63         LUT5 (Prop_lut5_I3_O)        0.124    17.866 r  decode_inst/registerfile_inst/alu_result1_s[31]_i_2/O
                         net (fo=1, routed)           0.154    18.020    decode_inst/registerfile_inst/alu_result1_s[31]_i_2_n_1
    SLICE_X39Y63         LUT4 (Prop_lut4_I0_O)        0.124    18.144 r  decode_inst/registerfile_inst/alu_result1_s[31]_i_1/O
                         net (fo=1, routed)           0.000    18.144    alu_result0_s[31]
    SLICE_X39Y63         FDRE                                         r  alu_result1_s_reg[31]/D
  -------------------------------------------------------------------    -------------------

                         (clock clk_out1_clk_wiz_0 rise edge)
                                                     22.222    22.222 r  
    W5                                                0.000    22.222 r  clk_in (IN)
                         net (fo=0)                   0.000    22.222    your_instance_name/inst/clk_in1
    W5                   IBUF (Prop_ibuf_I_O)         1.388    23.610 r  your_instance_name/inst/clkin1_ibufg/O
                         net (fo=1, routed)           1.162    24.772    your_instance_name/inst/clk_in1_clk_wiz_0
    MMCME2_ADV_X1Y0      MMCME2_ADV (Prop_mmcme2_adv_CLKIN1_CLKOUT0)
                                                     -7.217    17.555 r  your_instance_name/inst/mmcm_adv_inst/CLKOUT0
                         net (fo=1, routed)           1.581    19.136    your_instance_name/inst/clk_out1_clk_wiz_0
    BUFGCTRL_X0Y1        BUFG (Prop_bufg_I_O)         0.091    19.227 r  your_instance_name/inst/clkout1_buf/O
                         net (fo=318, routed)         1.430    20.656    clk
    SLICE_X39Y63         FDRE                                         r  alu_result1_s_reg[31]/C
                         clock pessimism              0.562    21.218    
                         clock uncertainty           -0.143    21.075    
    SLICE_X39Y63         FDRE (Setup_fdre_C_D)        0.029    21.104    alu_result1_s_reg[31]
  -------------------------------------------------------------------
                         required time                         21.104    
                         arrival time                         -18.144    
  -------------------------------------------------------------------
                         slack                                  2.960    





Min Delay Paths
--------------------------------------------------------------------------------------
Slack (MET) :             0.155ns  (arrival time - required time)
  Source:                 alu_result1_s_reg[21]/C
                            (rising edge-triggered cell FDRE clocked by clk_out1_clk_wiz_0  {rise@0.000ns fall@11.111ns period=22.222ns})
  Destination:            alu_result3_s_reg[21]/D
                            (rising edge-triggered cell FDRE clocked by clk_out1_clk_wiz_0  {rise@0.000ns fall@11.111ns period=22.222ns})
  Path Group:             clk_out1_clk_wiz_0
  Path Type:              Hold (Min at Fast Process Corner)
  Requirement:            0.000ns  (clk_out1_clk_wiz_0 rise@0.000ns - clk_out1_clk_wiz_0 rise@0.000ns)
  Data Path Delay:        0.244ns  (logic 0.141ns (57.830%)  route 0.103ns (42.170%))
  Logic Levels:           0  
  Clock Path Skew:        0.014ns (DCD - SCD - CPR)
    Destination Clock Delay (DCD):    -0.866ns
    Source Clock Delay      (SCD):    -0.624ns
    Clock Pessimism Removal (CPR):    -0.256ns

    Location             Delay type                Incr(ns)  Path(ns)    Netlist Resource(s)
  -------------------------------------------------------------------    -------------------
                         (clock clk_out1_clk_wiz_0 rise edge)
                                                      0.000     0.000 r  
    W5                                                0.000     0.000 r  clk_in (IN)
                         net (fo=0)                   0.000     0.000    your_instance_name/inst/clk_in1
    W5                   IBUF (Prop_ibuf_I_O)         0.226     0.226 r  your_instance_name/inst/clkin1_ibufg/O
                         net (fo=1, routed)           0.440     0.667    your_instance_name/inst/clk_in1_clk_wiz_0
    MMCME2_ADV_X1Y0      MMCME2_ADV (Prop_mmcme2_adv_CLKIN1_CLKOUT0)
                                                     -2.360    -1.693 r  your_instance_name/inst/mmcm_adv_inst/CLKOUT0
                         net (fo=1, routed)           0.486    -1.207    your_instance_name/inst/clk_out1_clk_wiz_0
    BUFGCTRL_X0Y1        BUFG (Prop_bufg_I_O)         0.026    -1.181 r  your_instance_name/inst/clkout1_buf/O
                         net (fo=318, routed)         0.557    -0.624    clk
    SLICE_X36Y64         FDRE                                         r  alu_result1_s_reg[21]/C
  -------------------------------------------------------------------    -------------------
    SLICE_X36Y64         FDRE (Prop_fdre_C_Q)         0.141    -0.483 r  alu_result1_s_reg[21]/Q
                         net (fo=1, routed)           0.103    -0.380    alu_result1_s[21]
    SLICE_X39Y65         FDRE                                         r  alu_result3_s_reg[21]/D
  -------------------------------------------------------------------    -------------------

                         (clock clk_out1_clk_wiz_0 rise edge)
                                                      0.000     0.000 r  
    W5                                                0.000     0.000 r  clk_in (IN)
                         net (fo=0)                   0.000     0.000    your_instance_name/inst/clk_in1
    W5                   IBUF (Prop_ibuf_I_O)         0.414     0.414 r  your_instance_name/inst/clkin1_ibufg/O
                         net (fo=1, routed)           0.480     0.894    your_instance_name/inst/clk_in1_clk_wiz_0
    MMCME2_ADV_X1Y0      MMCME2_ADV (Prop_mmcme2_adv_CLKIN1_CLKOUT0)
                                                     -3.142    -2.248 r  your_instance_name/inst/mmcm_adv_inst/CLKOUT0
                         net (fo=1, routed)           0.530    -1.718    your_instance_name/inst/clk_out1_clk_wiz_0
    BUFGCTRL_X0Y1        BUFG (Prop_bufg_I_O)         0.029    -1.689 r  your_instance_name/inst/clkout1_buf/O
                         net (fo=318, routed)         0.823    -0.866    clk
    SLICE_X39Y65         FDRE                                         r  alu_result3_s_reg[21]/C
                         clock pessimism              0.256    -0.610    
    SLICE_X39Y65         FDRE (Hold_fdre_C_D)         0.075    -0.535    alu_result3_s_reg[21]
  -------------------------------------------------------------------
                         required time                          0.535    
                         arrival time                          -0.380    
  -------------------------------------------------------------------
                         slack                                  0.155    





Pulse Width Checks
--------------------------------------------------------------------------------------
Clock Name:         clk_out1_clk_wiz_0
Waveform(ns):       { 0.000 11.111 }
Period(ns):         22.222
Sources:            { your_instance_name/inst/mmcm_adv_inst/CLKOUT0 }

Check Type        Corner  Lib Pin             Reference Pin  Required(ns)  Actual(ns)  Slack(ns)  Location         Pin
Min Period        n/a     RAMB18E1/CLKARDCLK  n/a            2.576         22.222      19.646     RAMB18_X1Y24     decode_inst/registerfile_inst/register_array_reg_1/CLKARDCLK
Max Period        n/a     MMCME2_ADV/CLKOUT0  n/a            213.360       22.222      191.138    MMCME2_ADV_X1Y0  your_instance_name/inst/mmcm_adv_inst/CLKOUT0
Low Pulse Width   Slow    RAMS64E/CLK         n/a            1.250         11.111      9.861      SLICE_X56Y54     mem_inst/data_mem_inst/mips_mem_reg_0_255_0_0/RAMS64E_A/CLK
High Pulse Width  Slow    RAMS64E/CLK         n/a            1.250         11.111      9.861      SLICE_X56Y54     mem_inst/data_mem_inst/mips_mem_reg_0_255_0_0/RAMS64E_A/CLK



---------------------------------------------------------------------------------------------------
From Clock:  clkfbout_clk_wiz_0
  To Clock:  clkfbout_clk_wiz_0

Setup :           NA  Failing Endpoints,  Worst Slack           NA  ,  Total Violation           NA
Hold  :           NA  Failing Endpoints,  Worst Slack           NA  ,  Total Violation           NA
PW    :            0  Failing Endpoints,  Worst Slack       47.845ns,  Total Violation        0.000ns
---------------------------------------------------------------------------------------------------


Pulse Width Checks
--------------------------------------------------------------------------------------
Clock Name:         clkfbout_clk_wiz_0
Waveform(ns):       { 0.000 25.000 }
Period(ns):         50.000
Sources:            { your_instance_name/inst/mmcm_adv_inst/CLKFBOUT }

Check Type  Corner  Lib Pin             Reference Pin  Required(ns)  Actual(ns)  Slack(ns)  Location         Pin
Min Period  n/a     BUFG/I              n/a            2.155         50.000      47.845     BUFGCTRL_X0Y2    your_instance_name/inst/clkf_buf/I
Max Period  n/a     MMCME2_ADV/CLKFBIN  n/a            100.000       50.000      50.000     MMCME2_ADV_X1Y0  your_instance_name/inst/mmcm_adv_inst/CLKFBIN



---------------------------------------------------------------------------------------------------
From Clock:  sys_clk_pin
  To Clock:  sys_clk_pin

Setup :           NA  Failing Endpoints,  Worst Slack           NA  ,  Total Violation           NA
Hold  :           NA  Failing Endpoints,  Worst Slack           NA  ,  Total Violation           NA
PW    :            0  Failing Endpoints,  Worst Slack        3.000ns,  Total Violation        0.000ns
---------------------------------------------------------------------------------------------------


Pulse Width Checks
--------------------------------------------------------------------------------------
Clock Name:         sys_clk_pin
Waveform(ns):       { 0.000 5.000 }
Period(ns):         10.000
Sources:            { clk_in }

Check Type        Corner  Lib Pin            Reference Pin  Required(ns)  Actual(ns)  Slack(ns)  Location         Pin
Min Period        n/a     MMCME2_ADV/CLKIN1  n/a            1.249         10.000      8.751      MMCME2_ADV_X1Y0  your_instance_name/inst/mmcm_adv_inst/CLKIN1
Max Period        n/a     MMCME2_ADV/CLKIN1  n/a            100.000       10.000      90.000     MMCME2_ADV_X1Y0  your_instance_name/inst/mmcm_adv_inst/CLKIN1
Low Pulse Width   Slow    MMCME2_ADV/CLKIN1  n/a            2.000         5.000       3.000      MMCME2_ADV_X1Y0  your_instance_name/inst/mmcm_adv_inst/CLKIN1
High Pulse Width  Slow    MMCME2_ADV/CLKIN1  n/a            2.000         5.000       3.000      MMCME2_ADV_X1Y0  your_instance_name/inst/mmcm_adv_inst/CLKIN1



---------------------------------------------------------------------------------------------------
From Clock:  clk_out1_clk_wiz_0_1
  To Clock:  clk_out1_clk_wiz_0_1

Setup :            0  Failing Endpoints,  Worst Slack        2.964ns,  Total Violation        0.000ns
Hold  :            0  Failing Endpoints,  Worst Slack        0.155ns,  Total Violation        0.000ns
PW    :            0  Failing Endpoints,  Worst Slack        9.861ns,  Total Violation        0.000ns
---------------------------------------------------------------------------------------------------


Max Delay Paths
--------------------------------------------------------------------------------------
Slack (MET) :             2.964ns  (required time - arrival time)
  Source:                 decode_inst/registerfile_inst/register_array_reg_2/CLKARDCLK
                            (rising edge-triggered cell RAMB18E1 clocked by clk_out1_clk_wiz_0_1  {rise@0.000ns fall@11.111ns period=22.222ns})
  Destination:            alu_result1_s_reg[31]/D
                            (rising edge-triggered cell FDRE clocked by clk_out1_clk_wiz_0_1  {rise@0.000ns fall@11.111ns period=22.222ns})
  Path Group:             clk_out1_clk_wiz_0_1
  Path Type:              Setup (Max at Slow Process Corner)
  Requirement:            22.222ns  (clk_out1_clk_wiz_0_1 rise@22.222ns - clk_out1_clk_wiz_0_1 rise@0.000ns)
  Data Path Delay:        19.061ns  (logic 6.166ns (32.349%)  route 12.895ns (67.651%))
  Logic Levels:           17  (LUT3=2 LUT4=1 LUT5=11 LUT6=3)
  Clock Path Skew:        -0.087ns (DCD - SCD + CPR)
    Destination Clock Delay (DCD):    -1.566ns = ( 20.656 - 22.222 ) 
    Source Clock Delay      (SCD):    -0.916ns
    Clock Pessimism Removal (CPR):    0.562ns
  Clock Uncertainty:      0.139ns  ((TSJ^2 + DJ^2)^1/2) / 2 + PE
    Total System Jitter     (TSJ):    0.071ns
    Discrete Jitter          (DJ):    0.269ns
    Phase Error              (PE):    0.000ns

    Location             Delay type                Incr(ns)  Path(ns)    Netlist Resource(s)
  -------------------------------------------------------------------    -------------------
                         (clock clk_out1_clk_wiz_0_1 rise edge)
                                                      0.000     0.000 r  
    W5                                                0.000     0.000 r  clk_in (IN)
                         net (fo=0)                   0.000     0.000    your_instance_name/inst/clk_in1
    W5                   IBUF (Prop_ibuf_I_O)         1.458     1.458 r  your_instance_name/inst/clkin1_ibufg/O
                         net (fo=1, routed)           1.233     2.691    your_instance_name/inst/clk_in1_clk_wiz_0
    MMCME2_ADV_X1Y0      MMCME2_ADV (Prop_mmcme2_adv_CLKIN1_CLKOUT0)
                                                     -6.961    -4.269 r  your_instance_name/inst/mmcm_adv_inst/CLKOUT0
                         net (fo=1, routed)           1.661    -2.608    your_instance_name/inst/clk_out1_clk_wiz_0
    BUFGCTRL_X0Y1        BUFG (Prop_bufg_I_O)         0.096    -2.512 r  your_instance_name/inst/clkout1_buf/O
                         net (fo=318, routed)         1.595    -0.916    decode_inst/registerfile_inst/clk_out1
    RAMB18_X1Y25         RAMB18E1                                     r  decode_inst/registerfile_inst/register_array_reg_2/CLKARDCLK
  -------------------------------------------------------------------    -------------------
    RAMB18_X1Y25         RAMB18E1 (Prop_ramb18e1_CLKARDCLK_DOADO[5])
                                                      2.454     1.538 r  decode_inst/registerfile_inst/register_array_reg_2/DOADO[5]
                         net (fo=7, routed)           1.366     2.904    execute_inst/D[5]
    SLICE_X39Y62         LUT3 (Prop_lut3_I2_O)        0.150     3.054 r  execute_inst/alu_result1_s[5]_i_4/O
                         net (fo=39, routed)          1.018     4.071    decode_inst/registerfile_inst/b_s[5]
    SLICE_X31Y69         LUT6 (Prop_lut6_I2_O)        0.326     4.397 r  decode_inst/registerfile_inst/alu_result1_s[8]_i_22/O
                         net (fo=3, routed)           0.321     4.718    decode_inst/registerfile_inst/execute_inst/alu32_inst/mul_comp/prod_inst/gen_reduce_slv_l.wrapper_left_inst/gen_reduce_slv_l.wrapper_right_inst/gen_reduce_slv_l.wrapper_left_inst/gen_two_slv_l.add_inst/c_s_3
    SLICE_X31Y68         LUT5 (Prop_lut5_I2_O)        0.124     4.842 r  decode_inst/registerfile_inst/alu_result1_s[8]_i_15/O
                         net (fo=3, routed)           0.829     5.671    decode_inst/registerfile_inst/execute_inst/alu32_inst/mul_comp/prod_inst/gen_reduce_slv_l.wrapper_left_inst/gen_reduce_slv_l.wrapper_right_inst/gen_reduce_slv_l.wrapper_left_inst/gen_two_slv_l.add_inst/p_5_in
    SLICE_X30Y68         LUT5 (Prop_lut5_I1_O)        0.150     5.821 r  decode_inst/registerfile_inst/alu_result1_s[12]_i_29/O
                         net (fo=3, routed)           0.820     6.642    decode_inst/registerfile_inst/execute_inst/alu32_inst/mul_comp/prod_inst/gen_reduce_slv_l.wrapper_left_inst/gen_reduce_slv_l.wrapper_right_inst/gen_reduce_slv_l.add_inst/c_s_4
    SLICE_X30Y69         LUT5 (Prop_lut5_I4_O)        0.350     6.992 r  decode_inst/registerfile_inst/alu_result1_s[15]_i_39/O
                         net (fo=3, routed)           0.792     7.783    decode_inst/registerfile_inst/execute_inst/alu32_inst/mul_comp/prod_inst/gen_reduce_slv_l.wrapper_left_inst/gen_reduce_slv_l.wrapper_right_inst/gen_reduce_slv_l.add_inst/c_s_6
    SLICE_X28Y73         LUT5 (Prop_lut5_I4_O)        0.328     8.111 r  decode_inst/registerfile_inst/alu_result1_s[15]_i_17/O
                         net (fo=3, routed)           1.013     9.124    decode_inst/registerfile_inst/execute_inst/alu32_inst/mul_comp/prod_inst/gen_reduce_slv_l.wrapper_left_inst/gen_reduce_slv_l.wrapper_right_inst/gen_reduce_slv_l.add_inst/c_s_8
    SLICE_X28Y74         LUT5 (Prop_lut5_I4_O)        0.152     9.276 r  decode_inst/registerfile_inst/alu_result1_s[19]_i_62/O
                         net (fo=3, routed)           1.027    10.303    decode_inst/registerfile_inst/execute_inst/alu32_inst/mul_comp/prod_inst/gen_reduce_slv_l.wrapper_left_inst/gen_reduce_slv_l.wrapper_right_inst/gen_reduce_slv_l.add_inst/c_s_10
    SLICE_X31Y75         LUT5 (Prop_lut5_I4_O)        0.354    10.657 r  decode_inst/registerfile_inst/alu_result1_s[19]_i_53/O
                         net (fo=3, routed)           0.589    11.246    decode_inst/registerfile_inst/execute_inst/alu32_inst/mul_comp/prod_inst/gen_reduce_slv_l.wrapper_left_inst/gen_reduce_slv_l.wrapper_right_inst/gen_reduce_slv_l.add_inst/c_s_12
    SLICE_X32Y74         LUT3 (Prop_lut3_I2_O)        0.326    11.572 r  decode_inst/registerfile_inst/alu_result1_s[19]_i_28/O
                         net (fo=2, routed)           0.843    12.415    decode_inst/registerfile_inst/execute_inst/alu32_inst/mul_comp/prod_inst/gen_reduce_slv_l.wrapper_left_inst/gen_reduce_slv_l.wrapper_right_inst/gen_reduce_slv_l.add_inst/p_15_in
    SLICE_X32Y75         LUT5 (Prop_lut5_I0_O)        0.152    12.567 r  decode_inst/registerfile_inst/alu_result1_s[19]_i_36/O
                         net (fo=5, routed)           0.846    13.413    decode_inst/registerfile_inst/execute_inst/alu32_inst/mul_comp/prod_inst/gen_reduce_slv_l.wrapper_left_inst/gen_reduce_slv_l.add_inst/c_s_15
    SLICE_X34Y75         LUT5 (Prop_lut5_I2_O)        0.352    13.765 f  decode_inst/registerfile_inst/alu_result1_s[25]_i_22/O
                         net (fo=2, routed)           0.467    14.232    decode_inst/registerfile_inst/execute_inst/alu32_inst/mul_comp/prod_inst/res_left_s[21]
    SLICE_X34Y75         LUT5 (Prop_lut5_I1_O)        0.328    14.560 f  decode_inst/registerfile_inst/alu_result1_s[25]_i_16/O
                         net (fo=4, routed)           0.805    15.364    decode_inst/registerfile_inst/execute_inst/alu32_inst/mul_comp/prod_inst/gen_reduce_slv_l.add_inst/c_s_14
    SLICE_X37Y73         LUT6 (Prop_lut6_I1_O)        0.124    15.488 r  decode_inst/registerfile_inst/alu_result1_s[25]_i_12/O
                         net (fo=5, routed)           0.807    16.295    decode_inst/registerfile_inst/alu_result1_s[25]_i_12_n_1
    SLICE_X40Y70         LUT5 (Prop_lut5_I2_O)        0.124    16.419 r  decode_inst/registerfile_inst/alu_result1_s[30]_i_14/O
                         net (fo=3, routed)           0.436    16.855    decode_inst/registerfile_inst/alu_result1_s[30]_i_14_n_1
    SLICE_X43Y71         LUT6 (Prop_lut6_I0_O)        0.124    16.979 r  decode_inst/registerfile_inst/alu_result1_s[31]_i_9/O
                         net (fo=1, routed)           0.763    17.742    decode_inst/registerfile_inst/execute_inst/alu32_inst/mul_result[31]
    SLICE_X39Y63         LUT5 (Prop_lut5_I3_O)        0.124    17.866 r  decode_inst/registerfile_inst/alu_result1_s[31]_i_2/O
                         net (fo=1, routed)           0.154    18.020    decode_inst/registerfile_inst/alu_result1_s[31]_i_2_n_1
    SLICE_X39Y63         LUT4 (Prop_lut4_I0_O)        0.124    18.144 r  decode_inst/registerfile_inst/alu_result1_s[31]_i_1/O
                         net (fo=1, routed)           0.000    18.144    alu_result0_s[31]
    SLICE_X39Y63         FDRE                                         r  alu_result1_s_reg[31]/D
  -------------------------------------------------------------------    -------------------

                         (clock clk_out1_clk_wiz_0_1 rise edge)
                                                     22.222    22.222 r  
    W5                                                0.000    22.222 r  clk_in (IN)
                         net (fo=0)                   0.000    22.222    your_instance_name/inst/clk_in1
    W5                   IBUF (Prop_ibuf_I_O)         1.388    23.610 r  your_instance_name/inst/clkin1_ibufg/O
                         net (fo=1, routed)           1.162    24.772    your_instance_name/inst/clk_in1_clk_wiz_0
    MMCME2_ADV_X1Y0      MMCME2_ADV (Prop_mmcme2_adv_CLKIN1_CLKOUT0)
                                                     -7.217    17.555 r  your_instance_name/inst/mmcm_adv_inst/CLKOUT0
                         net (fo=1, routed)           1.581    19.136    your_instance_name/inst/clk_out1_clk_wiz_0
    BUFGCTRL_X0Y1        BUFG (Prop_bufg_I_O)         0.091    19.227 r  your_instance_name/inst/clkout1_buf/O
                         net (fo=318, routed)         1.430    20.656    clk
    SLICE_X39Y63         FDRE                                         r  alu_result1_s_reg[31]/C
                         clock pessimism              0.562    21.218    
                         clock uncertainty           -0.139    21.079    
    SLICE_X39Y63         FDRE (Setup_fdre_C_D)        0.029    21.108    alu_result1_s_reg[31]
  -------------------------------------------------------------------
                         required time                         21.108    
                         arrival time                         -18.144    
  -------------------------------------------------------------------
                         slack                                  2.964    





Min Delay Paths
--------------------------------------------------------------------------------------
Slack (MET) :             0.155ns  (arrival time - required time)
  Source:                 alu_result1_s_reg[21]/C
                            (rising edge-triggered cell FDRE clocked by clk_out1_clk_wiz_0_1  {rise@0.000ns fall@11.111ns period=22.222ns})
  Destination:            alu_result3_s_reg[21]/D
                            (rising edge-triggered cell FDRE clocked by clk_out1_clk_wiz_0_1  {rise@0.000ns fall@11.111ns period=22.222ns})
  Path Group:             clk_out1_clk_wiz_0_1
  Path Type:              Hold (Min at Fast Process Corner)
  Requirement:            0.000ns  (clk_out1_clk_wiz_0_1 rise@0.000ns - clk_out1_clk_wiz_0_1 rise@0.000ns)
  Data Path Delay:        0.244ns  (logic 0.141ns (57.830%)  route 0.103ns (42.170%))
  Logic Levels:           0  
  Clock Path Skew:        0.014ns (DCD - SCD - CPR)
    Destination Clock Delay (DCD):    -0.866ns
    Source Clock Delay      (SCD):    -0.624ns
    Clock Pessimism Removal (CPR):    -0.256ns

    Location             Delay type                Incr(ns)  Path(ns)    Netlist Resource(s)
  -------------------------------------------------------------------    -------------------
                         (clock clk_out1_clk_wiz_0_1 rise edge)
                                                      0.000     0.000 r  
    W5                                                0.000     0.000 r  clk_in (IN)
                         net (fo=0)                   0.000     0.000    your_instance_name/inst/clk_in1
    W5                   IBUF (Prop_ibuf_I_O)         0.226     0.226 r  your_instance_name/inst/clkin1_ibufg/O
                         net (fo=1, routed)           0.440     0.667    your_instance_name/inst/clk_in1_clk_wiz_0
    MMCME2_ADV_X1Y0      MMCME2_ADV (Prop_mmcme2_adv_CLKIN1_CLKOUT0)
                                                     -2.360    -1.693 r  your_instance_name/inst/mmcm_adv_inst/CLKOUT0
                         net (fo=1, routed)           0.486    -1.207    your_instance_name/inst/clk_out1_clk_wiz_0
    BUFGCTRL_X0Y1        BUFG (Prop_bufg_I_O)         0.026    -1.181 r  your_instance_name/inst/clkout1_buf/O
                         net (fo=318, routed)         0.557    -0.624    clk
    SLICE_X36Y64         FDRE                                         r  alu_result1_s_reg[21]/C
  -------------------------------------------------------------------    -------------------
    SLICE_X36Y64         FDRE (Prop_fdre_C_Q)         0.141    -0.483 r  alu_result1_s_reg[21]/Q
                         net (fo=1, routed)           0.103    -0.380    alu_result1_s[21]
    SLICE_X39Y65         FDRE                                         r  alu_result3_s_reg[21]/D
  -------------------------------------------------------------------    -------------------

                         (clock clk_out1_clk_wiz_0_1 rise edge)
                                                      0.000     0.000 r  
    W5                                                0.000     0.000 r  clk_in (IN)
                         net (fo=0)                   0.000     0.000    your_instance_name/inst/clk_in1
    W5                   IBUF (Prop_ibuf_I_O)         0.414     0.414 r  your_instance_name/inst/clkin1_ibufg/O
                         net (fo=1, routed)           0.480     0.894    your_instance_name/inst/clk_in1_clk_wiz_0
    MMCME2_ADV_X1Y0      MMCME2_ADV (Prop_mmcme2_adv_CLKIN1_CLKOUT0)
                                                     -3.142    -2.248 r  your_instance_name/inst/mmcm_adv_inst/CLKOUT0
                         net (fo=1, routed)           0.530    -1.718    your_instance_name/inst/clk_out1_clk_wiz_0
    BUFGCTRL_X0Y1        BUFG (Prop_bufg_I_O)         0.029    -1.689 r  your_instance_name/inst/clkout1_buf/O
                         net (fo=318, routed)         0.823    -0.866    clk
    SLICE_X39Y65         FDRE                                         r  alu_result3_s_reg[21]/C
                         clock pessimism              0.256    -0.610    
    SLICE_X39Y65         FDRE (Hold_fdre_C_D)         0.075    -0.535    alu_result3_s_reg[21]
  -------------------------------------------------------------------
                         required time                          0.535    
                         arrival time                          -0.380    
  -------------------------------------------------------------------
                         slack                                  0.155    





Pulse Width Checks
--------------------------------------------------------------------------------------
Clock Name:         clk_out1_clk_wiz_0_1
Waveform(ns):       { 0.000 11.111 }
Period(ns):         22.222
Sources:            { your_instance_name/inst/mmcm_adv_inst/CLKOUT0 }

Check Type        Corner  Lib Pin             Reference Pin  Required(ns)  Actual(ns)  Slack(ns)  Location         Pin
Min Period        n/a     RAMB18E1/CLKARDCLK  n/a            2.576         22.222      19.646     RAMB18_X1Y24     decode_inst/registerfile_inst/register_array_reg_1/CLKARDCLK
Max Period        n/a     MMCME2_ADV/CLKOUT0  n/a            213.360       22.222      191.138    MMCME2_ADV_X1Y0  your_instance_name/inst/mmcm_adv_inst/CLKOUT0
Low Pulse Width   Slow    RAMS64E/CLK         n/a            1.250         11.111      9.861      SLICE_X56Y54     mem_inst/data_mem_inst/mips_mem_reg_0_255_0_0/RAMS64E_A/CLK
High Pulse Width  Slow    RAMS64E/CLK         n/a            1.250         11.111      9.861      SLICE_X56Y54     mem_inst/data_mem_inst/mips_mem_reg_0_255_0_0/RAMS64E_A/CLK



---------------------------------------------------------------------------------------------------
From Clock:  clkfbout_clk_wiz_0_1
  To Clock:  clkfbout_clk_wiz_0_1

Setup :           NA  Failing Endpoints,  Worst Slack           NA  ,  Total Violation           NA
Hold  :           NA  Failing Endpoints,  Worst Slack           NA  ,  Total Violation           NA
PW    :            0  Failing Endpoints,  Worst Slack       47.845ns,  Total Violation        0.000ns
---------------------------------------------------------------------------------------------------


Pulse Width Checks
--------------------------------------------------------------------------------------
Clock Name:         clkfbout_clk_wiz_0_1
Waveform(ns):       { 0.000 25.000 }
Period(ns):         50.000
Sources:            { your_instance_name/inst/mmcm_adv_inst/CLKFBOUT }

Check Type  Corner  Lib Pin             Reference Pin  Required(ns)  Actual(ns)  Slack(ns)  Location         Pin
Min Period  n/a     BUFG/I              n/a            2.155         50.000      47.845     BUFGCTRL_X0Y2    your_instance_name/inst/clkf_buf/I
Max Period  n/a     MMCME2_ADV/CLKFBIN  n/a            100.000       50.000      50.000     MMCME2_ADV_X1Y0  your_instance_name/inst/mmcm_adv_inst/CLKFBIN



---------------------------------------------------------------------------------------------------
From Clock:  clk_out1_clk_wiz_0_1
  To Clock:  clk_out1_clk_wiz_0

Setup :            0  Failing Endpoints,  Worst Slack        2.960ns,  Total Violation        0.000ns
Hold  :            0  Failing Endpoints,  Worst Slack        0.012ns,  Total Violation        0.000ns
---------------------------------------------------------------------------------------------------


Max Delay Paths
--------------------------------------------------------------------------------------
Slack (MET) :             2.960ns  (required time - arrival time)
  Source:                 decode_inst/registerfile_inst/register_array_reg_2/CLKARDCLK
                            (rising edge-triggered cell RAMB18E1 clocked by clk_out1_clk_wiz_0_1  {rise@0.000ns fall@11.111ns period=22.222ns})
  Destination:            alu_result1_s_reg[31]/D
                            (rising edge-triggered cell FDRE clocked by clk_out1_clk_wiz_0  {rise@0.000ns fall@11.111ns period=22.222ns})
  Path Group:             clk_out1_clk_wiz_0
  Path Type:              Setup (Max at Slow Process Corner)
  Requirement:            22.222ns  (clk_out1_clk_wiz_0 rise@22.222ns - clk_out1_clk_wiz_0_1 rise@0.000ns)
  Data Path Delay:        19.061ns  (logic 6.166ns (32.349%)  route 12.895ns (67.651%))
  Logic Levels:           17  (LUT3=2 LUT4=1 LUT5=11 LUT6=3)
  Clock Path Skew:        -0.087ns (DCD - SCD + CPR)
    Destination Clock Delay (DCD):    -1.566ns = ( 20.656 - 22.222 ) 
    Source Clock Delay      (SCD):    -0.916ns
    Clock Pessimism Removal (CPR):    0.562ns
  Clock Uncertainty:      0.143ns  ((TSJ^2 + DJ^2)^1/2) / 2 + PE
    Total System Jitter     (TSJ):    0.071ns
    Discrete Jitter          (DJ):    0.277ns
    Phase Error              (PE):    0.000ns
  Clock Domain Crossing:  Inter clock paths are considered valid unless explicitly excluded by timing constraints such as set_clock_groups or set_false_path.

    Location             Delay type                Incr(ns)  Path(ns)    Netlist Resource(s)
  -------------------------------------------------------------------    -------------------
                         (clock clk_out1_clk_wiz_0_1 rise edge)
                                                      0.000     0.000 r  
    W5                                                0.000     0.000 r  clk_in (IN)
                         net (fo=0)                   0.000     0.000    your_instance_name/inst/clk_in1
    W5                   IBUF (Prop_ibuf_I_O)         1.458     1.458 r  your_instance_name/inst/clkin1_ibufg/O
                         net (fo=1, routed)           1.233     2.691    your_instance_name/inst/clk_in1_clk_wiz_0
    MMCME2_ADV_X1Y0      MMCME2_ADV (Prop_mmcme2_adv_CLKIN1_CLKOUT0)
                                                     -6.961    -4.269 r  your_instance_name/inst/mmcm_adv_inst/CLKOUT0
                         net (fo=1, routed)           1.661    -2.608    your_instance_name/inst/clk_out1_clk_wiz_0
    BUFGCTRL_X0Y1        BUFG (Prop_bufg_I_O)         0.096    -2.512 r  your_instance_name/inst/clkout1_buf/O
                         net (fo=318, routed)         1.595    -0.916    decode_inst/registerfile_inst/clk_out1
    RAMB18_X1Y25         RAMB18E1                                     r  decode_inst/registerfile_inst/register_array_reg_2/CLKARDCLK
  -------------------------------------------------------------------    -------------------
    RAMB18_X1Y25         RAMB18E1 (Prop_ramb18e1_CLKARDCLK_DOADO[5])
                                                      2.454     1.538 r  decode_inst/registerfile_inst/register_array_reg_2/DOADO[5]
                         net (fo=7, routed)           1.366     2.904    execute_inst/D[5]
    SLICE_X39Y62         LUT3 (Prop_lut3_I2_O)        0.150     3.054 r  execute_inst/alu_result1_s[5]_i_4/O
                         net (fo=39, routed)          1.018     4.071    decode_inst/registerfile_inst/b_s[5]
    SLICE_X31Y69         LUT6 (Prop_lut6_I2_O)        0.326     4.397 r  decode_inst/registerfile_inst/alu_result1_s[8]_i_22/O
                         net (fo=3, routed)           0.321     4.718    decode_inst/registerfile_inst/execute_inst/alu32_inst/mul_comp/prod_inst/gen_reduce_slv_l.wrapper_left_inst/gen_reduce_slv_l.wrapper_right_inst/gen_reduce_slv_l.wrapper_left_inst/gen_two_slv_l.add_inst/c_s_3
    SLICE_X31Y68         LUT5 (Prop_lut5_I2_O)        0.124     4.842 r  decode_inst/registerfile_inst/alu_result1_s[8]_i_15/O
                         net (fo=3, routed)           0.829     5.671    decode_inst/registerfile_inst/execute_inst/alu32_inst/mul_comp/prod_inst/gen_reduce_slv_l.wrapper_left_inst/gen_reduce_slv_l.wrapper_right_inst/gen_reduce_slv_l.wrapper_left_inst/gen_two_slv_l.add_inst/p_5_in
    SLICE_X30Y68         LUT5 (Prop_lut5_I1_O)        0.150     5.821 r  decode_inst/registerfile_inst/alu_result1_s[12]_i_29/O
                         net (fo=3, routed)           0.820     6.642    decode_inst/registerfile_inst/execute_inst/alu32_inst/mul_comp/prod_inst/gen_reduce_slv_l.wrapper_left_inst/gen_reduce_slv_l.wrapper_right_inst/gen_reduce_slv_l.add_inst/c_s_4
    SLICE_X30Y69         LUT5 (Prop_lut5_I4_O)        0.350     6.992 r  decode_inst/registerfile_inst/alu_result1_s[15]_i_39/O
                         net (fo=3, routed)           0.792     7.783    decode_inst/registerfile_inst/execute_inst/alu32_inst/mul_comp/prod_inst/gen_reduce_slv_l.wrapper_left_inst/gen_reduce_slv_l.wrapper_right_inst/gen_reduce_slv_l.add_inst/c_s_6
    SLICE_X28Y73         LUT5 (Prop_lut5_I4_O)        0.328     8.111 r  decode_inst/registerfile_inst/alu_result1_s[15]_i_17/O
                         net (fo=3, routed)           1.013     9.124    decode_inst/registerfile_inst/execute_inst/alu32_inst/mul_comp/prod_inst/gen_reduce_slv_l.wrapper_left_inst/gen_reduce_slv_l.wrapper_right_inst/gen_reduce_slv_l.add_inst/c_s_8
    SLICE_X28Y74         LUT5 (Prop_lut5_I4_O)        0.152     9.276 r  decode_inst/registerfile_inst/alu_result1_s[19]_i_62/O
                         net (fo=3, routed)           1.027    10.303    decode_inst/registerfile_inst/execute_inst/alu32_inst/mul_comp/prod_inst/gen_reduce_slv_l.wrapper_left_inst/gen_reduce_slv_l.wrapper_right_inst/gen_reduce_slv_l.add_inst/c_s_10
    SLICE_X31Y75         LUT5 (Prop_lut5_I4_O)        0.354    10.657 r  decode_inst/registerfile_inst/alu_result1_s[19]_i_53/O
                         net (fo=3, routed)           0.589    11.246    decode_inst/registerfile_inst/execute_inst/alu32_inst/mul_comp/prod_inst/gen_reduce_slv_l.wrapper_left_inst/gen_reduce_slv_l.wrapper_right_inst/gen_reduce_slv_l.add_inst/c_s_12
    SLICE_X32Y74         LUT3 (Prop_lut3_I2_O)        0.326    11.572 r  decode_inst/registerfile_inst/alu_result1_s[19]_i_28/O
                         net (fo=2, routed)           0.843    12.415    decode_inst/registerfile_inst/execute_inst/alu32_inst/mul_comp/prod_inst/gen_reduce_slv_l.wrapper_left_inst/gen_reduce_slv_l.wrapper_right_inst/gen_reduce_slv_l.add_inst/p_15_in
    SLICE_X32Y75         LUT5 (Prop_lut5_I0_O)        0.152    12.567 r  decode_inst/registerfile_inst/alu_result1_s[19]_i_36/O
                         net (fo=5, routed)           0.846    13.413    decode_inst/registerfile_inst/execute_inst/alu32_inst/mul_comp/prod_inst/gen_reduce_slv_l.wrapper_left_inst/gen_reduce_slv_l.add_inst/c_s_15
    SLICE_X34Y75         LUT5 (Prop_lut5_I2_O)        0.352    13.765 f  decode_inst/registerfile_inst/alu_result1_s[25]_i_22/O
                         net (fo=2, routed)           0.467    14.232    decode_inst/registerfile_inst/execute_inst/alu32_inst/mul_comp/prod_inst/res_left_s[21]
    SLICE_X34Y75         LUT5 (Prop_lut5_I1_O)        0.328    14.560 f  decode_inst/registerfile_inst/alu_result1_s[25]_i_16/O
                         net (fo=4, routed)           0.805    15.364    decode_inst/registerfile_inst/execute_inst/alu32_inst/mul_comp/prod_inst/gen_reduce_slv_l.add_inst/c_s_14
    SLICE_X37Y73         LUT6 (Prop_lut6_I1_O)        0.124    15.488 r  decode_inst/registerfile_inst/alu_result1_s[25]_i_12/O
                         net (fo=5, routed)           0.807    16.295    decode_inst/registerfile_inst/alu_result1_s[25]_i_12_n_1
    SLICE_X40Y70         LUT5 (Prop_lut5_I2_O)        0.124    16.419 r  decode_inst/registerfile_inst/alu_result1_s[30]_i_14/O
                         net (fo=3, routed)           0.436    16.855    decode_inst/registerfile_inst/alu_result1_s[30]_i_14_n_1
    SLICE_X43Y71         LUT6 (Prop_lut6_I0_O)        0.124    16.979 r  decode_inst/registerfile_inst/alu_result1_s[31]_i_9/O
                         net (fo=1, routed)           0.763    17.742    decode_inst/registerfile_inst/execute_inst/alu32_inst/mul_result[31]
    SLICE_X39Y63         LUT5 (Prop_lut5_I3_O)        0.124    17.866 r  decode_inst/registerfile_inst/alu_result1_s[31]_i_2/O
                         net (fo=1, routed)           0.154    18.020    decode_inst/registerfile_inst/alu_result1_s[31]_i_2_n_1
    SLICE_X39Y63         LUT4 (Prop_lut4_I0_O)        0.124    18.144 r  decode_inst/registerfile_inst/alu_result1_s[31]_i_1/O
                         net (fo=1, routed)           0.000    18.144    alu_result0_s[31]
    SLICE_X39Y63         FDRE                                         r  alu_result1_s_reg[31]/D
  -------------------------------------------------------------------    -------------------

                         (clock clk_out1_clk_wiz_0 rise edge)
                                                     22.222    22.222 r  
    W5                                                0.000    22.222 r  clk_in (IN)
                         net (fo=0)                   0.000    22.222    your_instance_name/inst/clk_in1
    W5                   IBUF (Prop_ibuf_I_O)         1.388    23.610 r  your_instance_name/inst/clkin1_ibufg/O
                         net (fo=1, routed)           1.162    24.772    your_instance_name/inst/clk_in1_clk_wiz_0
    MMCME2_ADV_X1Y0      MMCME2_ADV (Prop_mmcme2_adv_CLKIN1_CLKOUT0)
                                                     -7.217    17.555 r  your_instance_name/inst/mmcm_adv_inst/CLKOUT0
                         net (fo=1, routed)           1.581    19.136    your_instance_name/inst/clk_out1_clk_wiz_0
    BUFGCTRL_X0Y1        BUFG (Prop_bufg_I_O)         0.091    19.227 r  your_instance_name/inst/clkout1_buf/O
                         net (fo=318, routed)         1.430    20.656    clk
    SLICE_X39Y63         FDRE                                         r  alu_result1_s_reg[31]/C
                         clock pessimism              0.562    21.218    
                         clock uncertainty           -0.143    21.075    
    SLICE_X39Y63         FDRE (Setup_fdre_C_D)        0.029    21.104    alu_result1_s_reg[31]
  -------------------------------------------------------------------
                         required time                         21.104    
                         arrival time                         -18.144    
  -------------------------------------------------------------------
                         slack                                  2.960    





Min Delay Paths
--------------------------------------------------------------------------------------
Slack (MET) :             0.012ns  (arrival time - required time)
  Source:                 alu_result1_s_reg[21]/C
                            (rising edge-triggered cell FDRE clocked by clk_out1_clk_wiz_0_1  {rise@0.000ns fall@11.111ns period=22.222ns})
  Destination:            alu_result3_s_reg[21]/D
                            (rising edge-triggered cell FDRE clocked by clk_out1_clk_wiz_0  {rise@0.000ns fall@11.111ns period=22.222ns})
  Path Group:             clk_out1_clk_wiz_0
  Path Type:              Hold (Min at Fast Process Corner)
  Requirement:            0.000ns  (clk_out1_clk_wiz_0 rise@0.000ns - clk_out1_clk_wiz_0_1 rise@0.000ns)
  Data Path Delay:        0.244ns  (logic 0.141ns (57.830%)  route 0.103ns (42.170%))
  Logic Levels:           0  
  Clock Path Skew:        0.014ns (DCD - SCD - CPR)
    Destination Clock Delay (DCD):    -0.866ns
    Source Clock Delay      (SCD):    -0.624ns
    Clock Pessimism Removal (CPR):    -0.256ns
  Clock Uncertainty:      0.143ns  ((TSJ^2 + DJ^2)^1/2) / 2 + PE
    Total System Jitter     (TSJ):    0.071ns
    Discrete Jitter          (DJ):    0.277ns
    Phase Error              (PE):    0.000ns
  Clock Domain Crossing:  Inter clock paths are considered valid unless explicitly excluded by timing constraints such as set_clock_groups or set_false_path.

    Location             Delay type                Incr(ns)  Path(ns)    Netlist Resource(s)
  -------------------------------------------------------------------    -------------------
                         (clock clk_out1_clk_wiz_0_1 rise edge)
                                                      0.000     0.000 r  
    W5                                                0.000     0.000 r  clk_in (IN)
                         net (fo=0)                   0.000     0.000    your_instance_name/inst/clk_in1
    W5                   IBUF (Prop_ibuf_I_O)         0.226     0.226 r  your_instance_name/inst/clkin1_ibufg/O
                         net (fo=1, routed)           0.440     0.667    your_instance_name/inst/clk_in1_clk_wiz_0
    MMCME2_ADV_X1Y0      MMCME2_ADV (Prop_mmcme2_adv_CLKIN1_CLKOUT0)
                                                     -2.360    -1.693 r  your_instance_name/inst/mmcm_adv_inst/CLKOUT0
                         net (fo=1, routed)           0.486    -1.207    your_instance_name/inst/clk_out1_clk_wiz_0
    BUFGCTRL_X0Y1        BUFG (Prop_bufg_I_O)         0.026    -1.181 r  your_instance_name/inst/clkout1_buf/O
                         net (fo=318, routed)         0.557    -0.624    clk
    SLICE_X36Y64         FDRE                                         r  alu_result1_s_reg[21]/C
  -------------------------------------------------------------------    -------------------
    SLICE_X36Y64         FDRE (Prop_fdre_C_Q)         0.141    -0.483 r  alu_result1_s_reg[21]/Q
                         net (fo=1, routed)           0.103    -0.380    alu_result1_s[21]
    SLICE_X39Y65         FDRE                                         r  alu_result3_s_reg[21]/D
  -------------------------------------------------------------------    -------------------

                         (clock clk_out1_clk_wiz_0 rise edge)
                                                      0.000     0.000 r  
    W5                                                0.000     0.000 r  clk_in (IN)
                         net (fo=0)                   0.000     0.000    your_instance_name/inst/clk_in1
    W5                   IBUF (Prop_ibuf_I_O)         0.414     0.414 r  your_instance_name/inst/clkin1_ibufg/O
                         net (fo=1, routed)           0.480     0.894    your_instance_name/inst/clk_in1_clk_wiz_0
    MMCME2_ADV_X1Y0      MMCME2_ADV (Prop_mmcme2_adv_CLKIN1_CLKOUT0)
                                                     -3.142    -2.248 r  your_instance_name/inst/mmcm_adv_inst/CLKOUT0
                         net (fo=1, routed)           0.530    -1.718    your_instance_name/inst/clk_out1_clk_wiz_0
    BUFGCTRL_X0Y1        BUFG (Prop_bufg_I_O)         0.029    -1.689 r  your_instance_name/inst/clkout1_buf/O
                         net (fo=318, routed)         0.823    -0.866    clk
    SLICE_X39Y65         FDRE                                         r  alu_result3_s_reg[21]/C
                         clock pessimism              0.256    -0.610    
                         clock uncertainty            0.143    -0.467    
    SLICE_X39Y65         FDRE (Hold_fdre_C_D)         0.075    -0.392    alu_result3_s_reg[21]
  -------------------------------------------------------------------
                         required time                          0.392    
                         arrival time                          -0.380    
  -------------------------------------------------------------------
                         slack                                  0.012    





---------------------------------------------------------------------------------------------------
From Clock:  clk_out1_clk_wiz_0
  To Clock:  clk_out1_clk_wiz_0_1

Setup :            0  Failing Endpoints,  Worst Slack        2.960ns,  Total Violation        0.000ns
Hold  :            0  Failing Endpoints,  Worst Slack        0.012ns,  Total Violation        0.000ns
---------------------------------------------------------------------------------------------------


Max Delay Paths
--------------------------------------------------------------------------------------
Slack (MET) :             2.960ns  (required time - arrival time)
  Source:                 decode_inst/registerfile_inst/register_array_reg_2/CLKARDCLK
                            (rising edge-triggered cell RAMB18E1 clocked by clk_out1_clk_wiz_0  {rise@0.000ns fall@11.111ns period=22.222ns})
  Destination:            alu_result1_s_reg[31]/D
                            (rising edge-triggered cell FDRE clocked by clk_out1_clk_wiz_0_1  {rise@0.000ns fall@11.111ns period=22.222ns})
  Path Group:             clk_out1_clk_wiz_0_1
  Path Type:              Setup (Max at Slow Process Corner)
  Requirement:            22.222ns  (clk_out1_clk_wiz_0_1 rise@22.222ns - clk_out1_clk_wiz_0 rise@0.000ns)
  Data Path Delay:        19.061ns  (logic 6.166ns (32.349%)  route 12.895ns (67.651%))
  Logic Levels:           17  (LUT3=2 LUT4=1 LUT5=11 LUT6=3)
  Clock Path Skew:        -0.087ns (DCD - SCD + CPR)
    Destination Clock Delay (DCD):    -1.566ns = ( 20.656 - 22.222 ) 
    Source Clock Delay      (SCD):    -0.916ns
    Clock Pessimism Removal (CPR):    0.562ns
  Clock Uncertainty:      0.143ns  ((TSJ^2 + DJ^2)^1/2) / 2 + PE
    Total System Jitter     (TSJ):    0.071ns
    Discrete Jitter          (DJ):    0.277ns
    Phase Error              (PE):    0.000ns
  Clock Domain Crossing:  Inter clock paths are considered valid unless explicitly excluded by timing constraints such as set_clock_groups or set_false_path.

    Location             Delay type                Incr(ns)  Path(ns)    Netlist Resource(s)
  -------------------------------------------------------------------    -------------------
                         (clock clk_out1_clk_wiz_0 rise edge)
                                                      0.000     0.000 r  
    W5                                                0.000     0.000 r  clk_in (IN)
                         net (fo=0)                   0.000     0.000    your_instance_name/inst/clk_in1
    W5                   IBUF (Prop_ibuf_I_O)         1.458     1.458 r  your_instance_name/inst/clkin1_ibufg/O
                         net (fo=1, routed)           1.233     2.691    your_instance_name/inst/clk_in1_clk_wiz_0
    MMCME2_ADV_X1Y0      MMCME2_ADV (Prop_mmcme2_adv_CLKIN1_CLKOUT0)
                                                     -6.961    -4.269 r  your_instance_name/inst/mmcm_adv_inst/CLKOUT0
                         net (fo=1, routed)           1.661    -2.608    your_instance_name/inst/clk_out1_clk_wiz_0
    BUFGCTRL_X0Y1        BUFG (Prop_bufg_I_O)         0.096    -2.512 r  your_instance_name/inst/clkout1_buf/O
                         net (fo=318, routed)         1.595    -0.916    decode_inst/registerfile_inst/clk_out1
    RAMB18_X1Y25         RAMB18E1                                     r  decode_inst/registerfile_inst/register_array_reg_2/CLKARDCLK
  -------------------------------------------------------------------    -------------------
    RAMB18_X1Y25         RAMB18E1 (Prop_ramb18e1_CLKARDCLK_DOADO[5])
                                                      2.454     1.538 r  decode_inst/registerfile_inst/register_array_reg_2/DOADO[5]
                         net (fo=7, routed)           1.366     2.904    execute_inst/D[5]
    SLICE_X39Y62         LUT3 (Prop_lut3_I2_O)        0.150     3.054 r  execute_inst/alu_result1_s[5]_i_4/O
                         net (fo=39, routed)          1.018     4.071    decode_inst/registerfile_inst/b_s[5]
    SLICE_X31Y69         LUT6 (Prop_lut6_I2_O)        0.326     4.397 r  decode_inst/registerfile_inst/alu_result1_s[8]_i_22/O
                         net (fo=3, routed)           0.321     4.718    decode_inst/registerfile_inst/execute_inst/alu32_inst/mul_comp/prod_inst/gen_reduce_slv_l.wrapper_left_inst/gen_reduce_slv_l.wrapper_right_inst/gen_reduce_slv_l.wrapper_left_inst/gen_two_slv_l.add_inst/c_s_3
    SLICE_X31Y68         LUT5 (Prop_lut5_I2_O)        0.124     4.842 r  decode_inst/registerfile_inst/alu_result1_s[8]_i_15/O
                         net (fo=3, routed)           0.829     5.671    decode_inst/registerfile_inst/execute_inst/alu32_inst/mul_comp/prod_inst/gen_reduce_slv_l.wrapper_left_inst/gen_reduce_slv_l.wrapper_right_inst/gen_reduce_slv_l.wrapper_left_inst/gen_two_slv_l.add_inst/p_5_in
    SLICE_X30Y68         LUT5 (Prop_lut5_I1_O)        0.150     5.821 r  decode_inst/registerfile_inst/alu_result1_s[12]_i_29/O
                         net (fo=3, routed)           0.820     6.642    decode_inst/registerfile_inst/execute_inst/alu32_inst/mul_comp/prod_inst/gen_reduce_slv_l.wrapper_left_inst/gen_reduce_slv_l.wrapper_right_inst/gen_reduce_slv_l.add_inst/c_s_4
    SLICE_X30Y69         LUT5 (Prop_lut5_I4_O)        0.350     6.992 r  decode_inst/registerfile_inst/alu_result1_s[15]_i_39/O
                         net (fo=3, routed)           0.792     7.783    decode_inst/registerfile_inst/execute_inst/alu32_inst/mul_comp/prod_inst/gen_reduce_slv_l.wrapper_left_inst/gen_reduce_slv_l.wrapper_right_inst/gen_reduce_slv_l.add_inst/c_s_6
    SLICE_X28Y73         LUT5 (Prop_lut5_I4_O)        0.328     8.111 r  decode_inst/registerfile_inst/alu_result1_s[15]_i_17/O
                         net (fo=3, routed)           1.013     9.124    decode_inst/registerfile_inst/execute_inst/alu32_inst/mul_comp/prod_inst/gen_reduce_slv_l.wrapper_left_inst/gen_reduce_slv_l.wrapper_right_inst/gen_reduce_slv_l.add_inst/c_s_8
    SLICE_X28Y74         LUT5 (Prop_lut5_I4_O)        0.152     9.276 r  decode_inst/registerfile_inst/alu_result1_s[19]_i_62/O
                         net (fo=3, routed)           1.027    10.303    decode_inst/registerfile_inst/execute_inst/alu32_inst/mul_comp/prod_inst/gen_reduce_slv_l.wrapper_left_inst/gen_reduce_slv_l.wrapper_right_inst/gen_reduce_slv_l.add_inst/c_s_10
    SLICE_X31Y75         LUT5 (Prop_lut5_I4_O)        0.354    10.657 r  decode_inst/registerfile_inst/alu_result1_s[19]_i_53/O
                         net (fo=3, routed)           0.589    11.246    decode_inst/registerfile_inst/execute_inst/alu32_inst/mul_comp/prod_inst/gen_reduce_slv_l.wrapper_left_inst/gen_reduce_slv_l.wrapper_right_inst/gen_reduce_slv_l.add_inst/c_s_12
    SLICE_X32Y74         LUT3 (Prop_lut3_I2_O)        0.326    11.572 r  decode_inst/registerfile_inst/alu_result1_s[19]_i_28/O
                         net (fo=2, routed)           0.843    12.415    decode_inst/registerfile_inst/execute_inst/alu32_inst/mul_comp/prod_inst/gen_reduce_slv_l.wrapper_left_inst/gen_reduce_slv_l.wrapper_right_inst/gen_reduce_slv_l.add_inst/p_15_in
    SLICE_X32Y75         LUT5 (Prop_lut5_I0_O)        0.152    12.567 r  decode_inst/registerfile_inst/alu_result1_s[19]_i_36/O
                         net (fo=5, routed)           0.846    13.413    decode_inst/registerfile_inst/execute_inst/alu32_inst/mul_comp/prod_inst/gen_reduce_slv_l.wrapper_left_inst/gen_reduce_slv_l.add_inst/c_s_15
    SLICE_X34Y75         LUT5 (Prop_lut5_I2_O)        0.352    13.765 f  decode_inst/registerfile_inst/alu_result1_s[25]_i_22/O
                         net (fo=2, routed)           0.467    14.232    decode_inst/registerfile_inst/execute_inst/alu32_inst/mul_comp/prod_inst/res_left_s[21]
    SLICE_X34Y75         LUT5 (Prop_lut5_I1_O)        0.328    14.560 f  decode_inst/registerfile_inst/alu_result1_s[25]_i_16/O
                         net (fo=4, routed)           0.805    15.364    decode_inst/registerfile_inst/execute_inst/alu32_inst/mul_comp/prod_inst/gen_reduce_slv_l.add_inst/c_s_14
    SLICE_X37Y73         LUT6 (Prop_lut6_I1_O)        0.124    15.488 r  decode_inst/registerfile_inst/alu_result1_s[25]_i_12/O
                         net (fo=5, routed)           0.807    16.295    decode_inst/registerfile_inst/alu_result1_s[25]_i_12_n_1
    SLICE_X40Y70         LUT5 (Prop_lut5_I2_O)        0.124    16.419 r  decode_inst/registerfile_inst/alu_result1_s[30]_i_14/O
                         net (fo=3, routed)           0.436    16.855    decode_inst/registerfile_inst/alu_result1_s[30]_i_14_n_1
    SLICE_X43Y71         LUT6 (Prop_lut6_I0_O)        0.124    16.979 r  decode_inst/registerfile_inst/alu_result1_s[31]_i_9/O
                         net (fo=1, routed)           0.763    17.742    decode_inst/registerfile_inst/execute_inst/alu32_inst/mul_result[31]
    SLICE_X39Y63         LUT5 (Prop_lut5_I3_O)        0.124    17.866 r  decode_inst/registerfile_inst/alu_result1_s[31]_i_2/O
                         net (fo=1, routed)           0.154    18.020    decode_inst/registerfile_inst/alu_result1_s[31]_i_2_n_1
    SLICE_X39Y63         LUT4 (Prop_lut4_I0_O)        0.124    18.144 r  decode_inst/registerfile_inst/alu_result1_s[31]_i_1/O
                         net (fo=1, routed)           0.000    18.144    alu_result0_s[31]
    SLICE_X39Y63         FDRE                                         r  alu_result1_s_reg[31]/D
  -------------------------------------------------------------------    -------------------

                         (clock clk_out1_clk_wiz_0_1 rise edge)
                                                     22.222    22.222 r  
    W5                                                0.000    22.222 r  clk_in (IN)
                         net (fo=0)                   0.000    22.222    your_instance_name/inst/clk_in1
    W5                   IBUF (Prop_ibuf_I_O)         1.388    23.610 r  your_instance_name/inst/clkin1_ibufg/O
                         net (fo=1, routed)           1.162    24.772    your_instance_name/inst/clk_in1_clk_wiz_0
    MMCME2_ADV_X1Y0      MMCME2_ADV (Prop_mmcme2_adv_CLKIN1_CLKOUT0)
                                                     -7.217    17.555 r  your_instance_name/inst/mmcm_adv_inst/CLKOUT0
                         net (fo=1, routed)           1.581    19.136    your_instance_name/inst/clk_out1_clk_wiz_0
    BUFGCTRL_X0Y1        BUFG (Prop_bufg_I_O)         0.091    19.227 r  your_instance_name/inst/clkout1_buf/O
                         net (fo=318, routed)         1.430    20.656    clk
    SLICE_X39Y63         FDRE                                         r  alu_result1_s_reg[31]/C
                         clock pessimism              0.562    21.218    
                         clock uncertainty           -0.143    21.075    
    SLICE_X39Y63         FDRE (Setup_fdre_C_D)        0.029    21.104    alu_result1_s_reg[31]
  -------------------------------------------------------------------
                         required time                         21.104    
                         arrival time                         -18.144    
  -------------------------------------------------------------------
                         slack                                  2.960    





Min Delay Paths
--------------------------------------------------------------------------------------
Slack (MET) :             0.012ns  (arrival time - required time)
  Source:                 alu_result1_s_reg[21]/C
                            (rising edge-triggered cell FDRE clocked by clk_out1_clk_wiz_0  {rise@0.000ns fall@11.111ns period=22.222ns})
  Destination:            alu_result3_s_reg[21]/D
                            (rising edge-triggered cell FDRE clocked by clk_out1_clk_wiz_0_1  {rise@0.000ns fall@11.111ns period=22.222ns})
  Path Group:             clk_out1_clk_wiz_0_1
  Path Type:              Hold (Min at Fast Process Corner)
  Requirement:            0.000ns  (clk_out1_clk_wiz_0_1 rise@0.000ns - clk_out1_clk_wiz_0 rise@0.000ns)
  Data Path Delay:        0.244ns  (logic 0.141ns (57.830%)  route 0.103ns (42.170%))
  Logic Levels:           0  
  Clock Path Skew:        0.014ns (DCD - SCD - CPR)
    Destination Clock Delay (DCD):    -0.866ns
    Source Clock Delay      (SCD):    -0.624ns
    Clock Pessimism Removal (CPR):    -0.256ns
  Clock Uncertainty:      0.143ns  ((TSJ^2 + DJ^2)^1/2) / 2 + PE
    Total System Jitter     (TSJ):    0.071ns
    Discrete Jitter          (DJ):    0.277ns
    Phase Error              (PE):    0.000ns
  Clock Domain Crossing:  Inter clock paths are considered valid unless explicitly excluded by timing constraints such as set_clock_groups or set_false_path.

    Location             Delay type                Incr(ns)  Path(ns)    Netlist Resource(s)
  -------------------------------------------------------------------    -------------------
                         (clock clk_out1_clk_wiz_0 rise edge)
                                                      0.000     0.000 r  
    W5                                                0.000     0.000 r  clk_in (IN)
                         net (fo=0)                   0.000     0.000    your_instance_name/inst/clk_in1
    W5                   IBUF (Prop_ibuf_I_O)         0.226     0.226 r  your_instance_name/inst/clkin1_ibufg/O
                         net (fo=1, routed)           0.440     0.667    your_instance_name/inst/clk_in1_clk_wiz_0
    MMCME2_ADV_X1Y0      MMCME2_ADV (Prop_mmcme2_adv_CLKIN1_CLKOUT0)
                                                     -2.360    -1.693 r  your_instance_name/inst/mmcm_adv_inst/CLKOUT0
                         net (fo=1, routed)           0.486    -1.207    your_instance_name/inst/clk_out1_clk_wiz_0
    BUFGCTRL_X0Y1        BUFG (Prop_bufg_I_O)         0.026    -1.181 r  your_instance_name/inst/clkout1_buf/O
                         net (fo=318, routed)         0.557    -0.624    clk
    SLICE_X36Y64         FDRE                                         r  alu_result1_s_reg[21]/C
  -------------------------------------------------------------------    -------------------
    SLICE_X36Y64         FDRE (Prop_fdre_C_Q)         0.141    -0.483 r  alu_result1_s_reg[21]/Q
                         net (fo=1, routed)           0.103    -0.380    alu_result1_s[21]
    SLICE_X39Y65         FDRE                                         r  alu_result3_s_reg[21]/D
  -------------------------------------------------------------------    -------------------

                         (clock clk_out1_clk_wiz_0_1 rise edge)
                                                      0.000     0.000 r  
    W5                                                0.000     0.000 r  clk_in (IN)
                         net (fo=0)                   0.000     0.000    your_instance_name/inst/clk_in1
    W5                   IBUF (Prop_ibuf_I_O)         0.414     0.414 r  your_instance_name/inst/clkin1_ibufg/O
                         net (fo=1, routed)           0.480     0.894    your_instance_name/inst/clk_in1_clk_wiz_0
    MMCME2_ADV_X1Y0      MMCME2_ADV (Prop_mmcme2_adv_CLKIN1_CLKOUT0)
                                                     -3.142    -2.248 r  your_instance_name/inst/mmcm_adv_inst/CLKOUT0
                         net (fo=1, routed)           0.530    -1.718    your_instance_name/inst/clk_out1_clk_wiz_0
    BUFGCTRL_X0Y1        BUFG (Prop_bufg_I_O)         0.029    -1.689 r  your_instance_name/inst/clkout1_buf/O
                         net (fo=318, routed)         0.823    -0.866    clk
    SLICE_X39Y65         FDRE                                         r  alu_result3_s_reg[21]/C
                         clock pessimism              0.256    -0.610    
                         clock uncertainty            0.143    -0.467    
    SLICE_X39Y65         FDRE (Hold_fdre_C_D)         0.075    -0.392    alu_result3_s_reg[21]
  -------------------------------------------------------------------
                         required time                          0.392    
                         arrival time                          -0.380    
  -------------------------------------------------------------------
                         slack                                  0.012    





