Copyright 1986-2022 Xilinx, Inc. All Rights Reserved. Copyright 2022-2025 Advanced Micro Devices, Inc. All Rights Reserved.
---------------------------------------------------------------------------------------------------------------------------------------------
| Tool Version : Vivado v.2025.2 (lin64) Build 6299465 Fri Nov 14 12:34:56 MST 2025
| Date         : Thu Apr 23 19:37:31 2026
| Host         : infinity running 64-bit Arch Linux
| Command      : report_timing_summary -file timing_81MHz.rpt
| Design       : proc
| Device       : 7a35t-cpg236
| Speed File   : -1  PRODUCTION 1.23 2018-06-13
| Design State : Routed
---------------------------------------------------------------------------------------------------------------------------------------------

Timing Summary Report

------------------------------------------------------------------------------------------------
| Timer Settings
| --------------
------------------------------------------------------------------------------------------------

  Enable Multi Corner Analysis               :  Yes
  Enable Pessimism Removal                   :  Yes
  Pessimism Removal Resolution               :  Nearest Common Node
  Enable Input Delay Default Clock           :  No
  Enable Preset / Clear Arcs                 :  No
  Disable Flight Delays                      :  No
  Ignore I/O Paths                           :  No
  Timing Early Launch at Borrowing Latches   :  No
  Borrow Time for Max Delay Exceptions       :  Yes
  Merge Timing Exceptions                    :  Yes
  Inter-SLR Compensation                     :  Conservative

  Corner  Analyze    Analyze    
  Name    Max Paths  Min Paths  
  ------  ---------  ---------  
  Slow    Yes        Yes        
  Fast    Yes        Yes        


------------------------------------------------------------------------------------------------
| Report Methodology
| ------------------
------------------------------------------------------------------------------------------------

Rule       Severity          Description                                                       Violations  
---------  ----------------  ----------------------------------------------------------------  ----------  
TIMING-6   Critical Warning  No common primary clock between related clocks                    2           
TIMING-14  Critical Warning  LUT on the clock tree                                             1           
SYNTH-5    Warning           Mapped onto distributed RAM because of timing constraints         128         
TIMING-56  Warning           Missing logically or physically excluded clock groups constraint  2           
TIMING-6   Critical Warning  No common primary clock between related clocks                    2           
TIMING-14  Critical Warning  LUT on the clock tree                                             1           
SYNTH-5    Warning           Mapped onto distributed RAM because of timing constraints         128         
TIMING-56  Warning           Missing logically or physically excluded clock groups constraint  2           

Note: This report is based on the most recent report_methodology run and may not be up-to-date. Run report_methodology on the current design for the latest report.



check_timing report

Table of Contents
-----------------
1. checking no_clock (0)
2. checking constant_clock (0)
3. checking pulse_width_clock (0)
4. checking unconstrained_internal_endpoints (0)
5. checking no_input_delay (17)
6. checking no_output_delay (11)
7. checking multiple_clock (979)
8. checking generated_clocks (0)
9. checking loops (0)
10. checking partial_input_delay (0)
11. checking partial_output_delay (0)
12. checking latch_loops (0)

1. checking no_clock (0)
------------------------
 There are 0 register/latch pins with no clock.


2. checking constant_clock (0)
------------------------------
 There are 0 register/latch pins with constant_clock.


3. checking pulse_width_clock (0)
---------------------------------
 There are 0 register/latch pins which need pulse_width check


4. checking unconstrained_internal_endpoints (0)
------------------------------------------------
 There are 0 pins that are not constrained for maximum delay.

 There are 0 pins that are not constrained for maximum delay due to constant clock.


5. checking no_input_delay (17)
-------------------------------
 There are 17 input ports with no input delay specified. (HIGH)

 There are 0 input ports with no input delay but user has a false path constraint.


6. checking no_output_delay (11)
--------------------------------
 There are 11 ports with no output delay specified. (HIGH)

 There are 0 ports with no output delay but user has a false path constraint

 There are 0 ports with no output delay but with a timing clock defined on it or propagating through it


7. checking multiple_clock (979)
--------------------------------
 There are 979 register/latch pins with multiple clocks. (HIGH)


8. checking generated_clocks (0)
--------------------------------
 There are 0 generated clocks that are not connected to a clock source.


9. checking loops (0)
---------------------
 There are 0 combinational loops in the design.


10. checking partial_input_delay (0)
------------------------------------
 There are 0 input ports with partial input delay specified.


11. checking partial_output_delay (0)
-------------------------------------
 There are 0 ports with partial output delay specified.


12. checking latch_loops (0)
----------------------------
 There are 0 combinational latch loops in the design through latch input



------------------------------------------------------------------------------------------------
| Design Timing Summary
| ---------------------
------------------------------------------------------------------------------------------------

    WNS(ns)      TNS(ns)  TNS Failing Endpoints  TNS Total Endpoints      WHS(ns)      THS(ns)  THS Failing Endpoints  THS Total Endpoints     WPWS(ns)     TPWS(ns)  TPWS Failing Endpoints  TPWS Total Endpoints  
    -------      -------  ---------------------  -------------------      -------      -------  ---------------------  -------------------     --------     --------  ----------------------  --------------------  
     -0.658       -1.691                      4                 6032        0.045        0.000                      0                 6032        3.000        0.000                       0                   986  


Timing constraints are not met.


------------------------------------------------------------------------------------------------
| Clock Summary
| -------------
------------------------------------------------------------------------------------------------

Clock                   Waveform(ns)       Period(ns)      Frequency(MHz)
-----                   ------------       ----------      --------------
clk_in                  {0.000 5.000}      10.000          100.000         
  clk_out1_clk_wiz_0    {0.000 6.173}      12.346          81.000          
  clkfbout_clk_wiz_0    {0.000 5.000}      10.000          100.000         
sys_clk_pin             {0.000 5.000}      10.000          100.000         
  clk_out1_clk_wiz_0_1  {0.000 6.173}      12.346          81.000          
  clkfbout_clk_wiz_0_1  {0.000 5.000}      10.000          100.000         


------------------------------------------------------------------------------------------------
| Intra Clock Table
| -----------------
------------------------------------------------------------------------------------------------

Clock                       WNS(ns)      TNS(ns)  TNS Failing Endpoints  TNS Total Endpoints      WHS(ns)      THS(ns)  THS Failing Endpoints  THS Total Endpoints     WPWS(ns)     TPWS(ns)  TPWS Failing Endpoints  TPWS Total Endpoints  
-----                       -------      -------  ---------------------  -------------------      -------      -------  ---------------------  -------------------     --------     --------  ----------------------  --------------------  
clk_in                                                                                                                                                                    3.000        0.000                       0                     1  
  clk_out1_clk_wiz_0         -0.658       -1.691                      4                 6032        0.122        0.000                      0                 6032        4.923        0.000                       0                   982  
  clkfbout_clk_wiz_0                                                                                                                                                      7.845        0.000                       0                     3  
sys_clk_pin                                                                                                                                                               3.000        0.000                       0                     1  
  clk_out1_clk_wiz_0_1       -0.657       -1.687                      4                 6032        0.122        0.000                      0                 6032        4.923        0.000                       0                   982  
  clkfbout_clk_wiz_0_1                                                                                                                                                    7.845        0.000                       0                     3  


------------------------------------------------------------------------------------------------
| Inter Clock Table
| -----------------
------------------------------------------------------------------------------------------------

From Clock            To Clock                  WNS(ns)      TNS(ns)  TNS Failing Endpoints  TNS Total Endpoints      WHS(ns)      THS(ns)  THS Failing Endpoints  THS Total Endpoints  
----------            --------                  -------      -------  ---------------------  -------------------      -------      -------  ---------------------  -------------------  
clk_out1_clk_wiz_0_1  clk_out1_clk_wiz_0         -0.658       -1.691                      4                 6032        0.045        0.000                      0                 6032  
clk_out1_clk_wiz_0    clk_out1_clk_wiz_0_1       -0.658       -1.691                      4                 6032        0.045        0.000                      0                 6032  


------------------------------------------------------------------------------------------------
| Other Path Groups Table
| -----------------------
------------------------------------------------------------------------------------------------

Path Group    From Clock    To Clock          WNS(ns)      TNS(ns)  TNS Failing Endpoints  TNS Total Endpoints      WHS(ns)      THS(ns)  THS Failing Endpoints  THS Total Endpoints  
----------    ----------    --------          -------      -------  ---------------------  -------------------      -------      -------  ---------------------  -------------------  


------------------------------------------------------------------------------------------------
| Timing Details
| --------------
------------------------------------------------------------------------------------------------


---------------------------------------------------------------------------------------------------
From Clock:  clk_in
  To Clock:  clk_in

Setup :           NA  Failing Endpoints,  Worst Slack           NA  ,  Total Violation           NA
Hold  :           NA  Failing Endpoints,  Worst Slack           NA  ,  Total Violation           NA
PW    :            0  Failing Endpoints,  Worst Slack        3.000ns,  Total Violation        0.000ns
---------------------------------------------------------------------------------------------------


Pulse Width Checks
--------------------------------------------------------------------------------------
Clock Name:         clk_in
Waveform(ns):       { 0.000 5.000 }
Period(ns):         10.000
Sources:            { clk_in }

Check Type        Corner  Lib Pin            Reference Pin  Required(ns)  Actual(ns)  Slack(ns)  Location         Pin
Min Period        n/a     MMCME2_ADV/CLKIN1  n/a            1.249         10.000      8.751      MMCME2_ADV_X1Y0  your_instance_name/inst/mmcm_adv_inst/CLKIN1
Max Period        n/a     MMCME2_ADV/CLKIN1  n/a            100.000       10.000      90.000     MMCME2_ADV_X1Y0  your_instance_name/inst/mmcm_adv_inst/CLKIN1
Low Pulse Width   Slow    MMCME2_ADV/CLKIN1  n/a            2.000         5.000       3.000      MMCME2_ADV_X1Y0  your_instance_name/inst/mmcm_adv_inst/CLKIN1
High Pulse Width  Slow    MMCME2_ADV/CLKIN1  n/a            2.000         5.000       3.000      MMCME2_ADV_X1Y0  your_instance_name/inst/mmcm_adv_inst/CLKIN1



---------------------------------------------------------------------------------------------------
From Clock:  clk_out1_clk_wiz_0
  To Clock:  clk_out1_clk_wiz_0

Setup :            4  Failing Endpoints,  Worst Slack       -0.658ns,  Total Violation       -1.691ns
Hold  :            0  Failing Endpoints,  Worst Slack        0.122ns,  Total Violation        0.000ns
PW    :            0  Failing Endpoints,  Worst Slack        4.923ns,  Total Violation        0.000ns
---------------------------------------------------------------------------------------------------


Max Delay Paths
--------------------------------------------------------------------------------------
Slack (VIOLATED) :        -0.658ns  (required time - arrival time)
  Source:                 alu_src1_s_reg/C
                            (rising edge-triggered cell FDRE clocked by clk_out1_clk_wiz_0  {rise@0.000ns fall@6.173ns period=12.346ns})
  Destination:            alu_result1_s_reg[31]/D
                            (rising edge-triggered cell FDRE clocked by clk_out1_clk_wiz_0  {rise@0.000ns fall@6.173ns period=12.346ns})
  Path Group:             clk_out1_clk_wiz_0
  Path Type:              Setup (Max at Slow Process Corner)
  Requirement:            12.346ns  (clk_out1_clk_wiz_0 rise@12.346ns - clk_out1_clk_wiz_0 rise@0.000ns)
  Data Path Delay:        12.854ns  (logic 2.688ns (20.912%)  route 10.166ns (79.088%))
  Logic Levels:           18  (LUT3=1 LUT5=8 LUT6=9)
  Clock Path Skew:        -0.103ns (DCD - SCD + CPR)
    Destination Clock Delay (DCD):    -1.565ns = ( 10.781 - 12.346 ) 
    Source Clock Delay      (SCD):    -0.900ns
    Clock Pessimism Removal (CPR):    0.562ns
  Clock Uncertainty:      0.076ns  ((TSJ^2 + DJ^2)^1/2) / 2 + PE
    Total System Jitter     (TSJ):    0.071ns
    Discrete Jitter          (DJ):    0.135ns
    Phase Error              (PE):    0.000ns

    Location             Delay type                Incr(ns)  Path(ns)    Netlist Resource(s)
  -------------------------------------------------------------------    -------------------
                         (clock clk_out1_clk_wiz_0 rise edge)
                                                      0.000     0.000 r  
    W5                                                0.000     0.000 r  clk_in (IN)
                         net (fo=0)                   0.000     0.000    your_instance_name/inst/clk_in1
    W5                   IBUF (Prop_ibuf_I_O)         1.458     1.458 r  your_instance_name/inst/clkin1_ibufg/O
                         net (fo=1, routed)           1.233     2.691    your_instance_name/inst/clk_in1_clk_wiz_0
    MMCME2_ADV_X1Y0      MMCME2_ADV (Prop_mmcme2_adv_CLKIN1_CLKOUT0)
                                                     -6.961    -4.269 r  your_instance_name/inst/mmcm_adv_inst/CLKOUT0
                         net (fo=1, routed)           1.661    -2.608    your_instance_name/inst/clk_out1_clk_wiz_0
    BUFGCTRL_X0Y1        BUFG (Prop_bufg_I_O)         0.096    -2.512 r  your_instance_name/inst/clkout1_buf/O
                         net (fo=380, routed)         1.612    -0.900    clk
    SLICE_X65Y78         FDRE                                         r  alu_src1_s_reg/C
  -------------------------------------------------------------------    -------------------
    SLICE_X65Y78         FDRE (Prop_fdre_C_Q)         0.456    -0.444 r  alu_src1_s_reg/Q
                         net (fo=188, routed)         0.673     0.229    execute_inst/alu_src1_s
    SLICE_X63Y79         LUT3 (Prop_lut3_I1_O)        0.124     0.353 r  execute_inst/alu_result1_s[1]_i_4/O
                         net (fo=47, routed)          0.560     0.913    execute_inst/b_s[1]
    SLICE_X62Y79         LUT6 (Prop_lut6_I2_O)        0.124     1.037 r  execute_inst/alu_result1_s[7]_i_32/O
                         net (fo=3, routed)           0.318     1.355    execute_inst/mul_comp/prod_inst/gen_reduce_slv_l.wrapper_left_inst/gen_reduce_slv_l.wrapper_left_inst/gen_reduce_slv_l.wrapper_left_inst/gen_two_slv_l.add_inst/c_s_3
    SLICE_X62Y80         LUT6 (Prop_lut6_I1_O)        0.124     1.479 r  execute_inst/alu_result1_s[7]_i_24/O
                         net (fo=4, routed)           0.185     1.664    execute_inst/mul_comp/prod_inst/gen_reduce_slv_l.wrapper_left_inst/gen_reduce_slv_l.wrapper_left_inst/gen_reduce_slv_l.wrapper_left_inst/gen_two_slv_l.add_inst/c_s_5
    SLICE_X62Y80         LUT6 (Prop_lut6_I1_O)        0.124     1.788 r  execute_inst/alu_result1_s[8]_i_25/O
                         net (fo=4, routed)           0.795     2.583    execute_inst/mul_comp/prod_inst/gen_reduce_slv_l.wrapper_left_inst/gen_reduce_slv_l.wrapper_left_inst/gen_reduce_slv_l.wrapper_left_inst/gen_two_slv_l.add_inst/c_s_7
    SLICE_X64Y80         LUT6 (Prop_lut6_I1_O)        0.124     2.707 r  execute_inst/alu_result1_s[10]_i_29/O
                         net (fo=4, routed)           0.560     3.267    execute_inst/mul_comp/prod_inst/gen_reduce_slv_l.wrapper_left_inst/gen_reduce_slv_l.wrapper_left_inst/gen_reduce_slv_l.wrapper_left_inst/gen_two_slv_l.add_inst/c_s_9
    SLICE_X63Y82         LUT6 (Prop_lut6_I0_O)        0.124     3.391 r  execute_inst/alu_result1_s[14]_i_77/O
                         net (fo=3, routed)           0.837     4.228    execute_inst/mul_comp/prod_inst/gen_reduce_slv_l.wrapper_left_inst/gen_reduce_slv_l.wrapper_left_inst/gen_reduce_slv_l.wrapper_left_inst/gen_two_slv_l.add_inst/p_12_in
    SLICE_X61Y82         LUT5 (Prop_lut5_I1_O)        0.124     4.352 r  execute_inst/alu_result1_s[14]_i_56/O
                         net (fo=5, routed)           0.325     4.678    execute_inst/mul_comp/prod_inst/gen_reduce_slv_l.wrapper_left_inst/gen_reduce_slv_l.wrapper_left_inst/gen_reduce_slv_l.add_inst/c_s_10
    SLICE_X58Y82         LUT5 (Prop_lut5_I4_O)        0.124     4.802 r  execute_inst/alu_result1_s[14]_i_34/O
                         net (fo=5, routed)           0.934     5.735    execute_inst/mul_comp/prod_inst/gen_reduce_slv_l.wrapper_left_inst/gen_reduce_slv_l.wrapper_left_inst/gen_reduce_slv_l.add_inst/c_s_12
    SLICE_X56Y83         LUT5 (Prop_lut5_I2_O)        0.124     5.859 r  execute_inst/alu_result1_s[17]_i_25/O
                         net (fo=3, routed)           0.829     6.688    execute_inst/mul_comp/prod_inst/gen_reduce_slv_l.wrapper_left_inst/gen_reduce_slv_l.wrapper_left_inst/gen_reduce_slv_l.add_inst/p_16_in
    SLICE_X55Y83         LUT6 (Prop_lut6_I4_O)        0.124     6.812 r  execute_inst/alu_result1_s[18]_i_10/O
                         net (fo=4, routed)           0.446     7.258    execute_inst/mul_comp/prod_inst/gen_reduce_slv_l.wrapper_left_inst/gen_reduce_slv_l.add_inst/c_s_13
    SLICE_X55Y82         LUT5 (Prop_lut5_I4_O)        0.124     7.382 r  execute_inst/alu_result1_s[21]_i_12/O
                         net (fo=5, routed)           0.470     7.853    execute_inst/mul_comp/prod_inst/gen_reduce_slv_l.wrapper_left_inst/gen_reduce_slv_l.add_inst/c_s_15
    SLICE_X55Y82         LUT5 (Prop_lut5_I2_O)        0.124     7.977 f  execute_inst/alu_result1_s[21]_i_6/O
                         net (fo=2, routed)           0.821     8.798    execute_inst/mul_comp/prod_inst/res_left_s[21]
    SLICE_X54Y80         LUT5 (Prop_lut5_I1_O)        0.124     8.922 f  execute_inst/alu_result1_s[25]_i_10/O
                         net (fo=4, routed)           0.477     9.399    execute_inst/mul_comp/prod_inst/gen_reduce_slv_l.add_inst/c_s_14
    SLICE_X54Y80         LUT6 (Prop_lut6_I1_O)        0.124     9.523 r  execute_inst/alu_result1_s[25]_i_3/O
                         net (fo=5, routed)           0.838    10.361    execute_inst/alu_result1_s[25]_i_3_n_1
    SLICE_X53Y78         LUT5 (Prop_lut5_I2_O)        0.124    10.485 r  execute_inst/alu_result1_s[29]_i_11/O
                         net (fo=2, routed)           0.653    11.138    execute_inst/alu32_inst/and_comp/alu_result1_s[31]_i_4_0
    SLICE_X53Y79         LUT6 (Prop_lut6_I0_O)        0.124    11.262 r  execute_inst/alu32_inst/and_comp/alu_result1_s[31]_i_7/O
                         net (fo=1, routed)           0.289    11.551    execute_inst/alu32_inst/and_comp/mul_result[31]
    SLICE_X53Y80         LUT6 (Prop_lut6_I1_O)        0.124    11.675 r  execute_inst/alu32_inst/and_comp/alu_result1_s[31]_i_4/O
                         net (fo=1, routed)           0.154    11.830    execute_inst/alu32_inst/xor_comp/alu_result1_s_reg[31]_2
    SLICE_X53Y80         LUT5 (Prop_lut5_I3_O)        0.124    11.954 r  execute_inst/alu32_inst/xor_comp/alu_result1_s[31]_i_1/O
                         net (fo=1, routed)           0.000    11.954    alu_result0_s[31]
    SLICE_X53Y80         FDRE                                         r  alu_result1_s_reg[31]/D
  -------------------------------------------------------------------    -------------------

                         (clock clk_out1_clk_wiz_0 rise edge)
                                                     12.346    12.346 r  
    W5                                                0.000    12.346 r  clk_in (IN)
                         net (fo=0)                   0.000    12.346    your_instance_name/inst/clk_in1
    W5                   IBUF (Prop_ibuf_I_O)         1.388    13.734 r  your_instance_name/inst/clkin1_ibufg/O
                         net (fo=1, routed)           1.162    14.896    your_instance_name/inst/clk_in1_clk_wiz_0
    MMCME2_ADV_X1Y0      MMCME2_ADV (Prop_mmcme2_adv_CLKIN1_CLKOUT0)
                                                     -7.217     7.678 r  your_instance_name/inst/mmcm_adv_inst/CLKOUT0
                         net (fo=1, routed)           1.581     9.259    your_instance_name/inst/clk_out1_clk_wiz_0
    BUFGCTRL_X0Y1        BUFG (Prop_bufg_I_O)         0.091     9.350 r  your_instance_name/inst/clkout1_buf/O
                         net (fo=380, routed)         1.431    10.781    clk
    SLICE_X53Y80         FDRE                                         r  alu_result1_s_reg[31]/C
                         clock pessimism              0.562    11.343    
                         clock uncertainty           -0.076    11.266    
    SLICE_X53Y80         FDRE (Setup_fdre_C_D)        0.029    11.295    alu_result1_s_reg[31]
  -------------------------------------------------------------------
                         required time                         11.295    
                         arrival time                         -11.954    
  -------------------------------------------------------------------
                         slack                                 -0.658    





Min Delay Paths
--------------------------------------------------------------------------------------
Slack (MET) :             0.122ns  (arrival time - required time)
  Source:                 alu_result1_s_reg[19]/C
                            (rising edge-triggered cell FDRE clocked by clk_out1_clk_wiz_0  {rise@0.000ns fall@6.173ns period=12.346ns})
  Destination:            alu_result3_s_reg[19]/D
                            (rising edge-triggered cell FDRE clocked by clk_out1_clk_wiz_0  {rise@0.000ns fall@6.173ns period=12.346ns})
  Path Group:             clk_out1_clk_wiz_0
  Path Type:              Hold (Min at Fast Process Corner)
  Requirement:            0.000ns  (clk_out1_clk_wiz_0 rise@0.000ns - clk_out1_clk_wiz_0 rise@0.000ns)
  Data Path Delay:        0.197ns  (logic 0.141ns (71.611%)  route 0.056ns (28.389%))
  Logic Levels:           0  
  Clock Path Skew:        0.000ns (DCD - SCD - CPR)
    Destination Clock Delay (DCD):    -0.868ns
    Source Clock Delay      (SCD):    -0.627ns
    Clock Pessimism Removal (CPR):    -0.241ns

    Location             Delay type                Incr(ns)  Path(ns)    Netlist Resource(s)
  -------------------------------------------------------------------    -------------------
                         (clock clk_out1_clk_wiz_0 rise edge)
                                                      0.000     0.000 r  
    W5                                                0.000     0.000 r  clk_in (IN)
                         net (fo=0)                   0.000     0.000    your_instance_name/inst/clk_in1
    W5                   IBUF (Prop_ibuf_I_O)         0.226     0.226 r  your_instance_name/inst/clkin1_ibufg/O
                         net (fo=1, routed)           0.440     0.667    your_instance_name/inst/clk_in1_clk_wiz_0
    MMCME2_ADV_X1Y0      MMCME2_ADV (Prop_mmcme2_adv_CLKIN1_CLKOUT0)
                                                     -2.360    -1.693 r  your_instance_name/inst/mmcm_adv_inst/CLKOUT0
                         net (fo=1, routed)           0.486    -1.207    your_instance_name/inst/clk_out1_clk_wiz_0
    BUFGCTRL_X0Y1        BUFG (Prop_bufg_I_O)         0.026    -1.181 r  your_instance_name/inst/clkout1_buf/O
                         net (fo=380, routed)         0.554    -0.627    clk
    SLICE_X49Y78         FDRE                                         r  alu_result1_s_reg[19]/C
  -------------------------------------------------------------------    -------------------
    SLICE_X49Y78         FDRE (Prop_fdre_C_Q)         0.141    -0.486 r  alu_result1_s_reg[19]/Q
                         net (fo=1, routed)           0.056    -0.430    alu_result1_s[19]
    SLICE_X49Y78         FDRE                                         r  alu_result3_s_reg[19]/D
  -------------------------------------------------------------------    -------------------

                         (clock clk_out1_clk_wiz_0 rise edge)
                                                      0.000     0.000 r  
    W5                                                0.000     0.000 r  clk_in (IN)
                         net (fo=0)                   0.000     0.000    your_instance_name/inst/clk_in1
    W5                   IBUF (Prop_ibuf_I_O)         0.414     0.414 r  your_instance_name/inst/clkin1_ibufg/O
                         net (fo=1, routed)           0.480     0.894    your_instance_name/inst/clk_in1_clk_wiz_0
    MMCME2_ADV_X1Y0      MMCME2_ADV (Prop_mmcme2_adv_CLKIN1_CLKOUT0)
                                                     -3.142    -2.248 r  your_instance_name/inst/mmcm_adv_inst/CLKOUT0
                         net (fo=1, routed)           0.530    -1.718    your_instance_name/inst/clk_out1_clk_wiz_0
    BUFGCTRL_X0Y1        BUFG (Prop_bufg_I_O)         0.029    -1.689 r  your_instance_name/inst/clkout1_buf/O
                         net (fo=380, routed)         0.822    -0.868    clk
    SLICE_X49Y78         FDRE                                         r  alu_result3_s_reg[19]/C
                         clock pessimism              0.241    -0.627    
    SLICE_X49Y78         FDRE (Hold_fdre_C_D)         0.075    -0.552    alu_result3_s_reg[19]
  -------------------------------------------------------------------
                         required time                          0.552    
                         arrival time                          -0.430    
  -------------------------------------------------------------------
                         slack                                  0.122    





Pulse Width Checks
--------------------------------------------------------------------------------------
Clock Name:         clk_out1_clk_wiz_0
Waveform(ns):       { 0.000 6.173 }
Period(ns):         12.346
Sources:            { your_instance_name/inst/mmcm_adv_inst/CLKOUT0 }

Check Type        Corner  Lib Pin             Reference Pin  Required(ns)  Actual(ns)  Slack(ns)  Location         Pin
Min Period        n/a     BUFG/I              n/a            2.155         12.346      10.190     BUFGCTRL_X0Y0    n_0_788_BUFG_inst/I
Max Period        n/a     MMCME2_ADV/CLKOUT0  n/a            213.360       12.346      201.014    MMCME2_ADV_X1Y0  your_instance_name/inst/mmcm_adv_inst/CLKOUT0
Low Pulse Width   Slow    RAMD32/CLK          n/a            1.250         6.173       4.923      SLICE_X60Y78     decode_inst/registerfile_inst/register_array_reg_r1_0_31_0_5/RAMA/CLK
High Pulse Width  Slow    RAMD32/CLK          n/a            1.250         6.173       4.923      SLICE_X60Y78     decode_inst/registerfile_inst/register_array_reg_r1_0_31_0_5/RAMA/CLK



---------------------------------------------------------------------------------------------------
From Clock:  clkfbout_clk_wiz_0
  To Clock:  clkfbout_clk_wiz_0

Setup :           NA  Failing Endpoints,  Worst Slack           NA  ,  Total Violation           NA
Hold  :           NA  Failing Endpoints,  Worst Slack           NA  ,  Total Violation           NA
PW    :            0  Failing Endpoints,  Worst Slack        7.845ns,  Total Violation        0.000ns
---------------------------------------------------------------------------------------------------


Pulse Width Checks
--------------------------------------------------------------------------------------
Clock Name:         clkfbout_clk_wiz_0
Waveform(ns):       { 0.000 5.000 }
Period(ns):         10.000
Sources:            { your_instance_name/inst/mmcm_adv_inst/CLKFBOUT }

Check Type  Corner  Lib Pin             Reference Pin  Required(ns)  Actual(ns)  Slack(ns)  Location         Pin
Min Period  n/a     BUFG/I              n/a            2.155         10.000      7.845      BUFGCTRL_X0Y2    your_instance_name/inst/clkf_buf/I
Max Period  n/a     MMCME2_ADV/CLKFBIN  n/a            100.000       10.000      90.000     MMCME2_ADV_X1Y0  your_instance_name/inst/mmcm_adv_inst/CLKFBIN



---------------------------------------------------------------------------------------------------
From Clock:  sys_clk_pin
  To Clock:  sys_clk_pin

Setup :           NA  Failing Endpoints,  Worst Slack           NA  ,  Total Violation           NA
Hold  :           NA  Failing Endpoints,  Worst Slack           NA  ,  Total Violation           NA
PW    :            0  Failing Endpoints,  Worst Slack        3.000ns,  Total Violation        0.000ns
---------------------------------------------------------------------------------------------------


Pulse Width Checks
--------------------------------------------------------------------------------------
Clock Name:         sys_clk_pin
Waveform(ns):       { 0.000 5.000 }
Period(ns):         10.000
Sources:            { clk_in }

Check Type        Corner  Lib Pin            Reference Pin  Required(ns)  Actual(ns)  Slack(ns)  Location         Pin
Min Period        n/a     MMCME2_ADV/CLKIN1  n/a            1.249         10.000      8.751      MMCME2_ADV_X1Y0  your_instance_name/inst/mmcm_adv_inst/CLKIN1
Max Period        n/a     MMCME2_ADV/CLKIN1  n/a            100.000       10.000      90.000     MMCME2_ADV_X1Y0  your_instance_name/inst/mmcm_adv_inst/CLKIN1
Low Pulse Width   Slow    MMCME2_ADV/CLKIN1  n/a            2.000         5.000       3.000      MMCME2_ADV_X1Y0  your_instance_name/inst/mmcm_adv_inst/CLKIN1
High Pulse Width  Slow    MMCME2_ADV/CLKIN1  n/a            2.000         5.000       3.000      MMCME2_ADV_X1Y0  your_instance_name/inst/mmcm_adv_inst/CLKIN1



---------------------------------------------------------------------------------------------------
From Clock:  clk_out1_clk_wiz_0_1
  To Clock:  clk_out1_clk_wiz_0_1

Setup :            4  Failing Endpoints,  Worst Slack       -0.657ns,  Total Violation       -1.687ns
Hold  :            0  Failing Endpoints,  Worst Slack        0.122ns,  Total Violation        0.000ns
PW    :            0  Failing Endpoints,  Worst Slack        4.923ns,  Total Violation        0.000ns
---------------------------------------------------------------------------------------------------


Max Delay Paths
--------------------------------------------------------------------------------------
Slack (VIOLATED) :        -0.657ns  (required time - arrival time)
  Source:                 alu_src1_s_reg/C
                            (rising edge-triggered cell FDRE clocked by clk_out1_clk_wiz_0_1  {rise@0.000ns fall@6.173ns period=12.346ns})
  Destination:            alu_result1_s_reg[31]/D
                            (rising edge-triggered cell FDRE clocked by clk_out1_clk_wiz_0_1  {rise@0.000ns fall@6.173ns period=12.346ns})
  Path Group:             clk_out1_clk_wiz_0_1
  Path Type:              Setup (Max at Slow Process Corner)
  Requirement:            12.346ns  (clk_out1_clk_wiz_0_1 rise@12.346ns - clk_out1_clk_wiz_0_1 rise@0.000ns)
  Data Path Delay:        12.854ns  (logic 2.688ns (20.912%)  route 10.166ns (79.088%))
  Logic Levels:           18  (LUT3=1 LUT5=8 LUT6=9)
  Clock Path Skew:        -0.103ns (DCD - SCD + CPR)
    Destination Clock Delay (DCD):    -1.565ns = ( 10.781 - 12.346 ) 
    Source Clock Delay      (SCD):    -0.900ns
    Clock Pessimism Removal (CPR):    0.562ns
  Clock Uncertainty:      0.075ns  ((TSJ^2 + DJ^2)^1/2) / 2 + PE
    Total System Jitter     (TSJ):    0.071ns
    Discrete Jitter          (DJ):    0.133ns
    Phase Error              (PE):    0.000ns

    Location             Delay type                Incr(ns)  Path(ns)    Netlist Resource(s)
  -------------------------------------------------------------------    -------------------
                         (clock clk_out1_clk_wiz_0_1 rise edge)
                                                      0.000     0.000 r  
    W5                                                0.000     0.000 r  clk_in (IN)
                         net (fo=0)                   0.000     0.000    your_instance_name/inst/clk_in1
    W5                   IBUF (Prop_ibuf_I_O)         1.458     1.458 r  your_instance_name/inst/clkin1_ibufg/O
                         net (fo=1, routed)           1.233     2.691    your_instance_name/inst/clk_in1_clk_wiz_0
    MMCME2_ADV_X1Y0      MMCME2_ADV (Prop_mmcme2_adv_CLKIN1_CLKOUT0)
                                                     -6.961    -4.269 r  your_instance_name/inst/mmcm_adv_inst/CLKOUT0
                         net (fo=1, routed)           1.661    -2.608    your_instance_name/inst/clk_out1_clk_wiz_0
    BUFGCTRL_X0Y1        BUFG (Prop_bufg_I_O)         0.096    -2.512 r  your_instance_name/inst/clkout1_buf/O
                         net (fo=380, routed)         1.612    -0.900    clk
    SLICE_X65Y78         FDRE                                         r  alu_src1_s_reg/C
  -------------------------------------------------------------------    -------------------
    SLICE_X65Y78         FDRE (Prop_fdre_C_Q)         0.456    -0.444 r  alu_src1_s_reg/Q
                         net (fo=188, routed)         0.673     0.229    execute_inst/alu_src1_s
    SLICE_X63Y79         LUT3 (Prop_lut3_I1_O)        0.124     0.353 r  execute_inst/alu_result1_s[1]_i_4/O
                         net (fo=47, routed)          0.560     0.913    execute_inst/b_s[1]
    SLICE_X62Y79         LUT6 (Prop_lut6_I2_O)        0.124     1.037 r  execute_inst/alu_result1_s[7]_i_32/O
                         net (fo=3, routed)           0.318     1.355    execute_inst/mul_comp/prod_inst/gen_reduce_slv_l.wrapper_left_inst/gen_reduce_slv_l.wrapper_left_inst/gen_reduce_slv_l.wrapper_left_inst/gen_two_slv_l.add_inst/c_s_3
    SLICE_X62Y80         LUT6 (Prop_lut6_I1_O)        0.124     1.479 r  execute_inst/alu_result1_s[7]_i_24/O
                         net (fo=4, routed)           0.185     1.664    execute_inst/mul_comp/prod_inst/gen_reduce_slv_l.wrapper_left_inst/gen_reduce_slv_l.wrapper_left_inst/gen_reduce_slv_l.wrapper_left_inst/gen_two_slv_l.add_inst/c_s_5
    SLICE_X62Y80         LUT6 (Prop_lut6_I1_O)        0.124     1.788 r  execute_inst/alu_result1_s[8]_i_25/O
                         net (fo=4, routed)           0.795     2.583    execute_inst/mul_comp/prod_inst/gen_reduce_slv_l.wrapper_left_inst/gen_reduce_slv_l.wrapper_left_inst/gen_reduce_slv_l.wrapper_left_inst/gen_two_slv_l.add_inst/c_s_7
    SLICE_X64Y80         LUT6 (Prop_lut6_I1_O)        0.124     2.707 r  execute_inst/alu_result1_s[10]_i_29/O
                         net (fo=4, routed)           0.560     3.267    execute_inst/mul_comp/prod_inst/gen_reduce_slv_l.wrapper_left_inst/gen_reduce_slv_l.wrapper_left_inst/gen_reduce_slv_l.wrapper_left_inst/gen_two_slv_l.add_inst/c_s_9
    SLICE_X63Y82         LUT6 (Prop_lut6_I0_O)        0.124     3.391 r  execute_inst/alu_result1_s[14]_i_77/O
                         net (fo=3, routed)           0.837     4.228    execute_inst/mul_comp/prod_inst/gen_reduce_slv_l.wrapper_left_inst/gen_reduce_slv_l.wrapper_left_inst/gen_reduce_slv_l.wrapper_left_inst/gen_two_slv_l.add_inst/p_12_in
    SLICE_X61Y82         LUT5 (Prop_lut5_I1_O)        0.124     4.352 r  execute_inst/alu_result1_s[14]_i_56/O
                         net (fo=5, routed)           0.325     4.678    execute_inst/mul_comp/prod_inst/gen_reduce_slv_l.wrapper_left_inst/gen_reduce_slv_l.wrapper_left_inst/gen_reduce_slv_l.add_inst/c_s_10
    SLICE_X58Y82         LUT5 (Prop_lut5_I4_O)        0.124     4.802 r  execute_inst/alu_result1_s[14]_i_34/O
                         net (fo=5, routed)           0.934     5.735    execute_inst/mul_comp/prod_inst/gen_reduce_slv_l.wrapper_left_inst/gen_reduce_slv_l.wrapper_left_inst/gen_reduce_slv_l.add_inst/c_s_12
    SLICE_X56Y83         LUT5 (Prop_lut5_I2_O)        0.124     5.859 r  execute_inst/alu_result1_s[17]_i_25/O
                         net (fo=3, routed)           0.829     6.688    execute_inst/mul_comp/prod_inst/gen_reduce_slv_l.wrapper_left_inst/gen_reduce_slv_l.wrapper_left_inst/gen_reduce_slv_l.add_inst/p_16_in
    SLICE_X55Y83         LUT6 (Prop_lut6_I4_O)        0.124     6.812 r  execute_inst/alu_result1_s[18]_i_10/O
                         net (fo=4, routed)           0.446     7.258    execute_inst/mul_comp/prod_inst/gen_reduce_slv_l.wrapper_left_inst/gen_reduce_slv_l.add_inst/c_s_13
    SLICE_X55Y82         LUT5 (Prop_lut5_I4_O)        0.124     7.382 r  execute_inst/alu_result1_s[21]_i_12/O
                         net (fo=5, routed)           0.470     7.853    execute_inst/mul_comp/prod_inst/gen_reduce_slv_l.wrapper_left_inst/gen_reduce_slv_l.add_inst/c_s_15
    SLICE_X55Y82         LUT5 (Prop_lut5_I2_O)        0.124     7.977 f  execute_inst/alu_result1_s[21]_i_6/O
                         net (fo=2, routed)           0.821     8.798    execute_inst/mul_comp/prod_inst/res_left_s[21]
    SLICE_X54Y80         LUT5 (Prop_lut5_I1_O)        0.124     8.922 f  execute_inst/alu_result1_s[25]_i_10/O
                         net (fo=4, routed)           0.477     9.399    execute_inst/mul_comp/prod_inst/gen_reduce_slv_l.add_inst/c_s_14
    SLICE_X54Y80         LUT6 (Prop_lut6_I1_O)        0.124     9.523 r  execute_inst/alu_result1_s[25]_i_3/O
                         net (fo=5, routed)           0.838    10.361    execute_inst/alu_result1_s[25]_i_3_n_1
    SLICE_X53Y78         LUT5 (Prop_lut5_I2_O)        0.124    10.485 r  execute_inst/alu_result1_s[29]_i_11/O
                         net (fo=2, routed)           0.653    11.138    execute_inst/alu32_inst/and_comp/alu_result1_s[31]_i_4_0
    SLICE_X53Y79         LUT6 (Prop_lut6_I0_O)        0.124    11.262 r  execute_inst/alu32_inst/and_comp/alu_result1_s[31]_i_7/O
                         net (fo=1, routed)           0.289    11.551    execute_inst/alu32_inst/and_comp/mul_result[31]
    SLICE_X53Y80         LUT6 (Prop_lut6_I1_O)        0.124    11.675 r  execute_inst/alu32_inst/and_comp/alu_result1_s[31]_i_4/O
                         net (fo=1, routed)           0.154    11.830    execute_inst/alu32_inst/xor_comp/alu_result1_s_reg[31]_2
    SLICE_X53Y80         LUT5 (Prop_lut5_I3_O)        0.124    11.954 r  execute_inst/alu32_inst/xor_comp/alu_result1_s[31]_i_1/O
                         net (fo=1, routed)           0.000    11.954    alu_result0_s[31]
    SLICE_X53Y80         FDRE                                         r  alu_result1_s_reg[31]/D
  -------------------------------------------------------------------    -------------------

                         (clock clk_out1_clk_wiz_0_1 rise edge)
                                                     12.346    12.346 r  
    W5                                                0.000    12.346 r  clk_in (IN)
                         net (fo=0)                   0.000    12.346    your_instance_name/inst/clk_in1
    W5                   IBUF (Prop_ibuf_I_O)         1.388    13.734 r  your_instance_name/inst/clkin1_ibufg/O
                         net (fo=1, routed)           1.162    14.896    your_instance_name/inst/clk_in1_clk_wiz_0
    MMCME2_ADV_X1Y0      MMCME2_ADV (Prop_mmcme2_adv_CLKIN1_CLKOUT0)
                                                     -7.217     7.678 r  your_instance_name/inst/mmcm_adv_inst/CLKOUT0
                         net (fo=1, routed)           1.581     9.259    your_instance_name/inst/clk_out1_clk_wiz_0
    BUFGCTRL_X0Y1        BUFG (Prop_bufg_I_O)         0.091     9.350 r  your_instance_name/inst/clkout1_buf/O
                         net (fo=380, routed)         1.431    10.781    clk
    SLICE_X53Y80         FDRE                                         r  alu_result1_s_reg[31]/C
                         clock pessimism              0.562    11.343    
                         clock uncertainty           -0.075    11.267    
    SLICE_X53Y80         FDRE (Setup_fdre_C_D)        0.029    11.296    alu_result1_s_reg[31]
  -------------------------------------------------------------------
                         required time                         11.296    
                         arrival time                         -11.954    
  -------------------------------------------------------------------
                         slack                                 -0.657    





Min Delay Paths
--------------------------------------------------------------------------------------
Slack (MET) :             0.122ns  (arrival time - required time)
  Source:                 alu_result1_s_reg[19]/C
                            (rising edge-triggered cell FDRE clocked by clk_out1_clk_wiz_0_1  {rise@0.000ns fall@6.173ns period=12.346ns})
  Destination:            alu_result3_s_reg[19]/D
                            (rising edge-triggered cell FDRE clocked by clk_out1_clk_wiz_0_1  {rise@0.000ns fall@6.173ns period=12.346ns})
  Path Group:             clk_out1_clk_wiz_0_1
  Path Type:              Hold (Min at Fast Process Corner)
  Requirement:            0.000ns  (clk_out1_clk_wiz_0_1 rise@0.000ns - clk_out1_clk_wiz_0_1 rise@0.000ns)
  Data Path Delay:        0.197ns  (logic 0.141ns (71.611%)  route 0.056ns (28.389%))
  Logic Levels:           0  
  Clock Path Skew:        0.000ns (DCD - SCD - CPR)
    Destination Clock Delay (DCD):    -0.868ns
    Source Clock Delay      (SCD):    -0.627ns
    Clock Pessimism Removal (CPR):    -0.241ns

    Location             Delay type                Incr(ns)  Path(ns)    Netlist Resource(s)
  -------------------------------------------------------------------    -------------------
                         (clock clk_out1_clk_wiz_0_1 rise edge)
                                                      0.000     0.000 r  
    W5                                                0.000     0.000 r  clk_in (IN)
                         net (fo=0)                   0.000     0.000    your_instance_name/inst/clk_in1
    W5                   IBUF (Prop_ibuf_I_O)         0.226     0.226 r  your_instance_name/inst/clkin1_ibufg/O
                         net (fo=1, routed)           0.440     0.667    your_instance_name/inst/clk_in1_clk_wiz_0
    MMCME2_ADV_X1Y0      MMCME2_ADV (Prop_mmcme2_adv_CLKIN1_CLKOUT0)
                                                     -2.360    -1.693 r  your_instance_name/inst/mmcm_adv_inst/CLKOUT0
                         net (fo=1, routed)           0.486    -1.207    your_instance_name/inst/clk_out1_clk_wiz_0
    BUFGCTRL_X0Y1        BUFG (Prop_bufg_I_O)         0.026    -1.181 r  your_instance_name/inst/clkout1_buf/O
                         net (fo=380, routed)         0.554    -0.627    clk
    SLICE_X49Y78         FDRE                                         r  alu_result1_s_reg[19]/C
  -------------------------------------------------------------------    -------------------
    SLICE_X49Y78         FDRE (Prop_fdre_C_Q)         0.141    -0.486 r  alu_result1_s_reg[19]/Q
                         net (fo=1, routed)           0.056    -0.430    alu_result1_s[19]
    SLICE_X49Y78         FDRE                                         r  alu_result3_s_reg[19]/D
  -------------------------------------------------------------------    -------------------

                         (clock clk_out1_clk_wiz_0_1 rise edge)
                                                      0.000     0.000 r  
    W5                                                0.000     0.000 r  clk_in (IN)
                         net (fo=0)                   0.000     0.000    your_instance_name/inst/clk_in1
    W5                   IBUF (Prop_ibuf_I_O)         0.414     0.414 r  your_instance_name/inst/clkin1_ibufg/O
                         net (fo=1, routed)           0.480     0.894    your_instance_name/inst/clk_in1_clk_wiz_0
    MMCME2_ADV_X1Y0      MMCME2_ADV (Prop_mmcme2_adv_CLKIN1_CLKOUT0)
                                                     -3.142    -2.248 r  your_instance_name/inst/mmcm_adv_inst/CLKOUT0
                         net (fo=1, routed)           0.530    -1.718    your_instance_name/inst/clk_out1_clk_wiz_0
    BUFGCTRL_X0Y1        BUFG (Prop_bufg_I_O)         0.029    -1.689 r  your_instance_name/inst/clkout1_buf/O
                         net (fo=380, routed)         0.822    -0.868    clk
    SLICE_X49Y78         FDRE                                         r  alu_result3_s_reg[19]/C
                         clock pessimism              0.241    -0.627    
    SLICE_X49Y78         FDRE (Hold_fdre_C_D)         0.075    -0.552    alu_result3_s_reg[19]
  -------------------------------------------------------------------
                         required time                          0.552    
                         arrival time                          -0.430    
  -------------------------------------------------------------------
                         slack                                  0.122    





Pulse Width Checks
--------------------------------------------------------------------------------------
Clock Name:         clk_out1_clk_wiz_0_1
Waveform(ns):       { 0.000 6.173 }
Period(ns):         12.346
Sources:            { your_instance_name/inst/mmcm_adv_inst/CLKOUT0 }

Check Type        Corner  Lib Pin             Reference Pin  Required(ns)  Actual(ns)  Slack(ns)  Location         Pin
Min Period        n/a     BUFG/I              n/a            2.155         12.346      10.190     BUFGCTRL_X0Y0    n_0_788_BUFG_inst/I
Max Period        n/a     MMCME2_ADV/CLKOUT0  n/a            213.360       12.346      201.014    MMCME2_ADV_X1Y0  your_instance_name/inst/mmcm_adv_inst/CLKOUT0
Low Pulse Width   Slow    RAMD32/CLK          n/a            1.250         6.173       4.923      SLICE_X60Y78     decode_inst/registerfile_inst/register_array_reg_r1_0_31_0_5/RAMA/CLK
High Pulse Width  Slow    RAMD32/CLK          n/a            1.250         6.173       4.923      SLICE_X60Y78     decode_inst/registerfile_inst/register_array_reg_r1_0_31_0_5/RAMA/CLK



---------------------------------------------------------------------------------------------------
From Clock:  clkfbout_clk_wiz_0_1
  To Clock:  clkfbout_clk_wiz_0_1

Setup :           NA  Failing Endpoints,  Worst Slack           NA  ,  Total Violation           NA
Hold  :           NA  Failing Endpoints,  Worst Slack           NA  ,  Total Violation           NA
PW    :            0  Failing Endpoints,  Worst Slack        7.845ns,  Total Violation        0.000ns
---------------------------------------------------------------------------------------------------


Pulse Width Checks
--------------------------------------------------------------------------------------
Clock Name:         clkfbout_clk_wiz_0_1
Waveform(ns):       { 0.000 5.000 }
Period(ns):         10.000
Sources:            { your_instance_name/inst/mmcm_adv_inst/CLKFBOUT }

Check Type  Corner  Lib Pin             Reference Pin  Required(ns)  Actual(ns)  Slack(ns)  Location         Pin
Min Period  n/a     BUFG/I              n/a            2.155         10.000      7.845      BUFGCTRL_X0Y2    your_instance_name/inst/clkf_buf/I
Max Period  n/a     MMCME2_ADV/CLKFBIN  n/a            100.000       10.000      90.000     MMCME2_ADV_X1Y0  your_instance_name/inst/mmcm_adv_inst/CLKFBIN



---------------------------------------------------------------------------------------------------
From Clock:  clk_out1_clk_wiz_0_1
  To Clock:  clk_out1_clk_wiz_0

Setup :            4  Failing Endpoints,  Worst Slack       -0.658ns,  Total Violation       -1.691ns
Hold  :            0  Failing Endpoints,  Worst Slack        0.045ns,  Total Violation        0.000ns
---------------------------------------------------------------------------------------------------


Max Delay Paths
--------------------------------------------------------------------------------------
Slack (VIOLATED) :        -0.658ns  (required time - arrival time)
  Source:                 alu_src1_s_reg/C
                            (rising edge-triggered cell FDRE clocked by clk_out1_clk_wiz_0_1  {rise@0.000ns fall@6.173ns period=12.346ns})
  Destination:            alu_result1_s_reg[31]/D
                            (rising edge-triggered cell FDRE clocked by clk_out1_clk_wiz_0  {rise@0.000ns fall@6.173ns period=12.346ns})
  Path Group:             clk_out1_clk_wiz_0
  Path Type:              Setup (Max at Slow Process Corner)
  Requirement:            12.346ns  (clk_out1_clk_wiz_0 rise@12.346ns - clk_out1_clk_wiz_0_1 rise@0.000ns)
  Data Path Delay:        12.854ns  (logic 2.688ns (20.912%)  route 10.166ns (79.088%))
  Logic Levels:           18  (LUT3=1 LUT5=8 LUT6=9)
  Clock Path Skew:        -0.103ns (DCD - SCD + CPR)
    Destination Clock Delay (DCD):    -1.565ns = ( 10.781 - 12.346 ) 
    Source Clock Delay      (SCD):    -0.900ns
    Clock Pessimism Removal (CPR):    0.562ns
  Clock Uncertainty:      0.076ns  ((TSJ^2 + DJ^2)^1/2) / 2 + PE
    Total System Jitter     (TSJ):    0.071ns
    Discrete Jitter          (DJ):    0.135ns
    Phase Error              (PE):    0.000ns
  Clock Domain Crossing:  Inter clock paths are considered valid unless explicitly excluded by timing constraints such as set_clock_groups or set_false_path.

    Location             Delay type                Incr(ns)  Path(ns)    Netlist Resource(s)
  -------------------------------------------------------------------    -------------------
                         (clock clk_out1_clk_wiz_0_1 rise edge)
                                                      0.000     0.000 r  
    W5                                                0.000     0.000 r  clk_in (IN)
                         net (fo=0)                   0.000     0.000    your_instance_name/inst/clk_in1
    W5                   IBUF (Prop_ibuf_I_O)         1.458     1.458 r  your_instance_name/inst/clkin1_ibufg/O
                         net (fo=1, routed)           1.233     2.691    your_instance_name/inst/clk_in1_clk_wiz_0
    MMCME2_ADV_X1Y0      MMCME2_ADV (Prop_mmcme2_adv_CLKIN1_CLKOUT0)
                                                     -6.961    -4.269 r  your_instance_name/inst/mmcm_adv_inst/CLKOUT0
                         net (fo=1, routed)           1.661    -2.608    your_instance_name/inst/clk_out1_clk_wiz_0
    BUFGCTRL_X0Y1        BUFG (Prop_bufg_I_O)         0.096    -2.512 r  your_instance_name/inst/clkout1_buf/O
                         net (fo=380, routed)         1.612    -0.900    clk
    SLICE_X65Y78         FDRE                                         r  alu_src1_s_reg/C
  -------------------------------------------------------------------    -------------------
    SLICE_X65Y78         FDRE (Prop_fdre_C_Q)         0.456    -0.444 r  alu_src1_s_reg/Q
                         net (fo=188, routed)         0.673     0.229    execute_inst/alu_src1_s
    SLICE_X63Y79         LUT3 (Prop_lut3_I1_O)        0.124     0.353 r  execute_inst/alu_result1_s[1]_i_4/O
                         net (fo=47, routed)          0.560     0.913    execute_inst/b_s[1]
    SLICE_X62Y79         LUT6 (Prop_lut6_I2_O)        0.124     1.037 r  execute_inst/alu_result1_s[7]_i_32/O
                         net (fo=3, routed)           0.318     1.355    execute_inst/mul_comp/prod_inst/gen_reduce_slv_l.wrapper_left_inst/gen_reduce_slv_l.wrapper_left_inst/gen_reduce_slv_l.wrapper_left_inst/gen_two_slv_l.add_inst/c_s_3
    SLICE_X62Y80         LUT6 (Prop_lut6_I1_O)        0.124     1.479 r  execute_inst/alu_result1_s[7]_i_24/O
                         net (fo=4, routed)           0.185     1.664    execute_inst/mul_comp/prod_inst/gen_reduce_slv_l.wrapper_left_inst/gen_reduce_slv_l.wrapper_left_inst/gen_reduce_slv_l.wrapper_left_inst/gen_two_slv_l.add_inst/c_s_5
    SLICE_X62Y80         LUT6 (Prop_lut6_I1_O)        0.124     1.788 r  execute_inst/alu_result1_s[8]_i_25/O
                         net (fo=4, routed)           0.795     2.583    execute_inst/mul_comp/prod_inst/gen_reduce_slv_l.wrapper_left_inst/gen_reduce_slv_l.wrapper_left_inst/gen_reduce_slv_l.wrapper_left_inst/gen_two_slv_l.add_inst/c_s_7
    SLICE_X64Y80         LUT6 (Prop_lut6_I1_O)        0.124     2.707 r  execute_inst/alu_result1_s[10]_i_29/O
                         net (fo=4, routed)           0.560     3.267    execute_inst/mul_comp/prod_inst/gen_reduce_slv_l.wrapper_left_inst/gen_reduce_slv_l.wrapper_left_inst/gen_reduce_slv_l.wrapper_left_inst/gen_two_slv_l.add_inst/c_s_9
    SLICE_X63Y82         LUT6 (Prop_lut6_I0_O)        0.124     3.391 r  execute_inst/alu_result1_s[14]_i_77/O
                         net (fo=3, routed)           0.837     4.228    execute_inst/mul_comp/prod_inst/gen_reduce_slv_l.wrapper_left_inst/gen_reduce_slv_l.wrapper_left_inst/gen_reduce_slv_l.wrapper_left_inst/gen_two_slv_l.add_inst/p_12_in
    SLICE_X61Y82         LUT5 (Prop_lut5_I1_O)        0.124     4.352 r  execute_inst/alu_result1_s[14]_i_56/O
                         net (fo=5, routed)           0.325     4.678    execute_inst/mul_comp/prod_inst/gen_reduce_slv_l.wrapper_left_inst/gen_reduce_slv_l.wrapper_left_inst/gen_reduce_slv_l.add_inst/c_s_10
    SLICE_X58Y82         LUT5 (Prop_lut5_I4_O)        0.124     4.802 r  execute_inst/alu_result1_s[14]_i_34/O
                         net (fo=5, routed)           0.934     5.735    execute_inst/mul_comp/prod_inst/gen_reduce_slv_l.wrapper_left_inst/gen_reduce_slv_l.wrapper_left_inst/gen_reduce_slv_l.add_inst/c_s_12
    SLICE_X56Y83         LUT5 (Prop_lut5_I2_O)        0.124     5.859 r  execute_inst/alu_result1_s[17]_i_25/O
                         net (fo=3, routed)           0.829     6.688    execute_inst/mul_comp/prod_inst/gen_reduce_slv_l.wrapper_left_inst/gen_reduce_slv_l.wrapper_left_inst/gen_reduce_slv_l.add_inst/p_16_in
    SLICE_X55Y83         LUT6 (Prop_lut6_I4_O)        0.124     6.812 r  execute_inst/alu_result1_s[18]_i_10/O
                         net (fo=4, routed)           0.446     7.258    execute_inst/mul_comp/prod_inst/gen_reduce_slv_l.wrapper_left_inst/gen_reduce_slv_l.add_inst/c_s_13
    SLICE_X55Y82         LUT5 (Prop_lut5_I4_O)        0.124     7.382 r  execute_inst/alu_result1_s[21]_i_12/O
                         net (fo=5, routed)           0.470     7.853    execute_inst/mul_comp/prod_inst/gen_reduce_slv_l.wrapper_left_inst/gen_reduce_slv_l.add_inst/c_s_15
    SLICE_X55Y82         LUT5 (Prop_lut5_I2_O)        0.124     7.977 f  execute_inst/alu_result1_s[21]_i_6/O
                         net (fo=2, routed)           0.821     8.798    execute_inst/mul_comp/prod_inst/res_left_s[21]
    SLICE_X54Y80         LUT5 (Prop_lut5_I1_O)        0.124     8.922 f  execute_inst/alu_result1_s[25]_i_10/O
                         net (fo=4, routed)           0.477     9.399    execute_inst/mul_comp/prod_inst/gen_reduce_slv_l.add_inst/c_s_14
    SLICE_X54Y80         LUT6 (Prop_lut6_I1_O)        0.124     9.523 r  execute_inst/alu_result1_s[25]_i_3/O
                         net (fo=5, routed)           0.838    10.361    execute_inst/alu_result1_s[25]_i_3_n_1
    SLICE_X53Y78         LUT5 (Prop_lut5_I2_O)        0.124    10.485 r  execute_inst/alu_result1_s[29]_i_11/O
                         net (fo=2, routed)           0.653    11.138    execute_inst/alu32_inst/and_comp/alu_result1_s[31]_i_4_0
    SLICE_X53Y79         LUT6 (Prop_lut6_I0_O)        0.124    11.262 r  execute_inst/alu32_inst/and_comp/alu_result1_s[31]_i_7/O
                         net (fo=1, routed)           0.289    11.551    execute_inst/alu32_inst/and_comp/mul_result[31]
    SLICE_X53Y80         LUT6 (Prop_lut6_I1_O)        0.124    11.675 r  execute_inst/alu32_inst/and_comp/alu_result1_s[31]_i_4/O
                         net (fo=1, routed)           0.154    11.830    execute_inst/alu32_inst/xor_comp/alu_result1_s_reg[31]_2
    SLICE_X53Y80         LUT5 (Prop_lut5_I3_O)        0.124    11.954 r  execute_inst/alu32_inst/xor_comp/alu_result1_s[31]_i_1/O
                         net (fo=1, routed)           0.000    11.954    alu_result0_s[31]
    SLICE_X53Y80         FDRE                                         r  alu_result1_s_reg[31]/D
  -------------------------------------------------------------------    -------------------

                         (clock clk_out1_clk_wiz_0 rise edge)
                                                     12.346    12.346 r  
    W5                                                0.000    12.346 r  clk_in (IN)
                         net (fo=0)                   0.000    12.346    your_instance_name/inst/clk_in1
    W5                   IBUF (Prop_ibuf_I_O)         1.388    13.734 r  your_instance_name/inst/clkin1_ibufg/O
                         net (fo=1, routed)           1.162    14.896    your_instance_name/inst/clk_in1_clk_wiz_0
    MMCME2_ADV_X1Y0      MMCME2_ADV (Prop_mmcme2_adv_CLKIN1_CLKOUT0)
                                                     -7.217     7.678 r  your_instance_name/inst/mmcm_adv_inst/CLKOUT0
                         net (fo=1, routed)           1.581     9.259    your_instance_name/inst/clk_out1_clk_wiz_0
    BUFGCTRL_X0Y1        BUFG (Prop_bufg_I_O)         0.091     9.350 r  your_instance_name/inst/clkout1_buf/O
                         net (fo=380, routed)         1.431    10.781    clk
    SLICE_X53Y80         FDRE                                         r  alu_result1_s_reg[31]/C
                         clock pessimism              0.562    11.343    
                         clock uncertainty           -0.076    11.266    
    SLICE_X53Y80         FDRE (Setup_fdre_C_D)        0.029    11.295    alu_result1_s_reg[31]
  -------------------------------------------------------------------
                         required time                         11.295    
                         arrival time                         -11.954    
  -------------------------------------------------------------------
                         slack                                 -0.658    





Min Delay Paths
--------------------------------------------------------------------------------------
Slack (MET) :             0.045ns  (arrival time - required time)
  Source:                 alu_result1_s_reg[19]/C
                            (rising edge-triggered cell FDRE clocked by clk_out1_clk_wiz_0_1  {rise@0.000ns fall@6.173ns period=12.346ns})
  Destination:            alu_result3_s_reg[19]/D
                            (rising edge-triggered cell FDRE clocked by clk_out1_clk_wiz_0  {rise@0.000ns fall@6.173ns period=12.346ns})
  Path Group:             clk_out1_clk_wiz_0
  Path Type:              Hold (Min at Fast Process Corner)
  Requirement:            0.000ns  (clk_out1_clk_wiz_0 rise@0.000ns - clk_out1_clk_wiz_0_1 rise@0.000ns)
  Data Path Delay:        0.197ns  (logic 0.141ns (71.611%)  route 0.056ns (28.389%))
  Logic Levels:           0  
  Clock Path Skew:        0.000ns (DCD - SCD - CPR)
    Destination Clock Delay (DCD):    -0.868ns
    Source Clock Delay      (SCD):    -0.627ns
    Clock Pessimism Removal (CPR):    -0.241ns
  Clock Uncertainty:      0.076ns  ((TSJ^2 + DJ^2)^1/2) / 2 + PE
    Total System Jitter     (TSJ):    0.071ns
    Discrete Jitter          (DJ):    0.135ns
    Phase Error              (PE):    0.000ns
  Clock Domain Crossing:  Inter clock paths are considered valid unless explicitly excluded by timing constraints such as set_clock_groups or set_false_path.

    Location             Delay type                Incr(ns)  Path(ns)    Netlist Resource(s)
  -------------------------------------------------------------------    -------------------
                         (clock clk_out1_clk_wiz_0_1 rise edge)
                                                      0.000     0.000 r  
    W5                                                0.000     0.000 r  clk_in (IN)
                         net (fo=0)                   0.000     0.000    your_instance_name/inst/clk_in1
    W5                   IBUF (Prop_ibuf_I_O)         0.226     0.226 r  your_instance_name/inst/clkin1_ibufg/O
                         net (fo=1, routed)           0.440     0.667    your_instance_name/inst/clk_in1_clk_wiz_0
    MMCME2_ADV_X1Y0      MMCME2_ADV (Prop_mmcme2_adv_CLKIN1_CLKOUT0)
                                                     -2.360    -1.693 r  your_instance_name/inst/mmcm_adv_inst/CLKOUT0
                         net (fo=1, routed)           0.486    -1.207    your_instance_name/inst/clk_out1_clk_wiz_0
    BUFGCTRL_X0Y1        BUFG (Prop_bufg_I_O)         0.026    -1.181 r  your_instance_name/inst/clkout1_buf/O
                         net (fo=380, routed)         0.554    -0.627    clk
    SLICE_X49Y78         FDRE                                         r  alu_result1_s_reg[19]/C
  -------------------------------------------------------------------    -------------------
    SLICE_X49Y78         FDRE (Prop_fdre_C_Q)         0.141    -0.486 r  alu_result1_s_reg[19]/Q
                         net (fo=1, routed)           0.056    -0.430    alu_result1_s[19]
    SLICE_X49Y78         FDRE                                         r  alu_result3_s_reg[19]/D
  -------------------------------------------------------------------    -------------------

                         (clock clk_out1_clk_wiz_0 rise edge)
                                                      0.000     0.000 r  
    W5                                                0.000     0.000 r  clk_in (IN)
                         net (fo=0)                   0.000     0.000    your_instance_name/inst/clk_in1
    W5                   IBUF (Prop_ibuf_I_O)         0.414     0.414 r  your_instance_name/inst/clkin1_ibufg/O
                         net (fo=1, routed)           0.480     0.894    your_instance_name/inst/clk_in1_clk_wiz_0
    MMCME2_ADV_X1Y0      MMCME2_ADV (Prop_mmcme2_adv_CLKIN1_CLKOUT0)
                                                     -3.142    -2.248 r  your_instance_name/inst/mmcm_adv_inst/CLKOUT0
                         net (fo=1, routed)           0.530    -1.718    your_instance_name/inst/clk_out1_clk_wiz_0
    BUFGCTRL_X0Y1        BUFG (Prop_bufg_I_O)         0.029    -1.689 r  your_instance_name/inst/clkout1_buf/O
                         net (fo=380, routed)         0.822    -0.868    clk
    SLICE_X49Y78         FDRE                                         r  alu_result3_s_reg[19]/C
                         clock pessimism              0.241    -0.627    
                         clock uncertainty            0.076    -0.551    
    SLICE_X49Y78         FDRE (Hold_fdre_C_D)         0.075    -0.476    alu_result3_s_reg[19]
  -------------------------------------------------------------------
                         required time                          0.476    
                         arrival time                          -0.430    
  -------------------------------------------------------------------
                         slack                                  0.045    





---------------------------------------------------------------------------------------------------
From Clock:  clk_out1_clk_wiz_0
  To Clock:  clk_out1_clk_wiz_0_1

Setup :            4  Failing Endpoints,  Worst Slack       -0.658ns,  Total Violation       -1.691ns
Hold  :            0  Failing Endpoints,  Worst Slack        0.045ns,  Total Violation        0.000ns
---------------------------------------------------------------------------------------------------


Max Delay Paths
--------------------------------------------------------------------------------------
Slack (VIOLATED) :        -0.658ns  (required time - arrival time)
  Source:                 alu_src1_s_reg/C
                            (rising edge-triggered cell FDRE clocked by clk_out1_clk_wiz_0  {rise@0.000ns fall@6.173ns period=12.346ns})
  Destination:            alu_result1_s_reg[31]/D
                            (rising edge-triggered cell FDRE clocked by clk_out1_clk_wiz_0_1  {rise@0.000ns fall@6.173ns period=12.346ns})
  Path Group:             clk_out1_clk_wiz_0_1
  Path Type:              Setup (Max at Slow Process Corner)
  Requirement:            12.346ns  (clk_out1_clk_wiz_0_1 rise@12.346ns - clk_out1_clk_wiz_0 rise@0.000ns)
  Data Path Delay:        12.854ns  (logic 2.688ns (20.912%)  route 10.166ns (79.088%))
  Logic Levels:           18  (LUT3=1 LUT5=8 LUT6=9)
  Clock Path Skew:        -0.103ns (DCD - SCD + CPR)
    Destination Clock Delay (DCD):    -1.565ns = ( 10.781 - 12.346 ) 
    Source Clock Delay      (SCD):    -0.900ns
    Clock Pessimism Removal (CPR):    0.562ns
  Clock Uncertainty:      0.076ns  ((TSJ^2 + DJ^2)^1/2) / 2 + PE
    Total System Jitter     (TSJ):    0.071ns
    Discrete Jitter          (DJ):    0.135ns
    Phase Error              (PE):    0.000ns
  Clock Domain Crossing:  Inter clock paths are considered valid unless explicitly excluded by timing constraints such as set_clock_groups or set_false_path.

    Location             Delay type                Incr(ns)  Path(ns)    Netlist Resource(s)
  -------------------------------------------------------------------    -------------------
                         (clock clk_out1_clk_wiz_0 rise edge)
                                                      0.000     0.000 r  
    W5                                                0.000     0.000 r  clk_in (IN)
                         net (fo=0)                   0.000     0.000    your_instance_name/inst/clk_in1
    W5                   IBUF (Prop_ibuf_I_O)         1.458     1.458 r  your_instance_name/inst/clkin1_ibufg/O
                         net (fo=1, routed)           1.233     2.691    your_instance_name/inst/clk_in1_clk_wiz_0
    MMCME2_ADV_X1Y0      MMCME2_ADV (Prop_mmcme2_adv_CLKIN1_CLKOUT0)
                                                     -6.961    -4.269 r  your_instance_name/inst/mmcm_adv_inst/CLKOUT0
                         net (fo=1, routed)           1.661    -2.608    your_instance_name/inst/clk_out1_clk_wiz_0
    BUFGCTRL_X0Y1        BUFG (Prop_bufg_I_O)         0.096    -2.512 r  your_instance_name/inst/clkout1_buf/O
                         net (fo=380, routed)         1.612    -0.900    clk
    SLICE_X65Y78         FDRE                                         r  alu_src1_s_reg/C
  -------------------------------------------------------------------    -------------------
    SLICE_X65Y78         FDRE (Prop_fdre_C_Q)         0.456    -0.444 r  alu_src1_s_reg/Q
                         net (fo=188, routed)         0.673     0.229    execute_inst/alu_src1_s
    SLICE_X63Y79         LUT3 (Prop_lut3_I1_O)        0.124     0.353 r  execute_inst/alu_result1_s[1]_i_4/O
                         net (fo=47, routed)          0.560     0.913    execute_inst/b_s[1]
    SLICE_X62Y79         LUT6 (Prop_lut6_I2_O)        0.124     1.037 r  execute_inst/alu_result1_s[7]_i_32/O
                         net (fo=3, routed)           0.318     1.355    execute_inst/mul_comp/prod_inst/gen_reduce_slv_l.wrapper_left_inst/gen_reduce_slv_l.wrapper_left_inst/gen_reduce_slv_l.wrapper_left_inst/gen_two_slv_l.add_inst/c_s_3
    SLICE_X62Y80         LUT6 (Prop_lut6_I1_O)        0.124     1.479 r  execute_inst/alu_result1_s[7]_i_24/O
                         net (fo=4, routed)           0.185     1.664    execute_inst/mul_comp/prod_inst/gen_reduce_slv_l.wrapper_left_inst/gen_reduce_slv_l.wrapper_left_inst/gen_reduce_slv_l.wrapper_left_inst/gen_two_slv_l.add_inst/c_s_5
    SLICE_X62Y80         LUT6 (Prop_lut6_I1_O)        0.124     1.788 r  execute_inst/alu_result1_s[8]_i_25/O
                         net (fo=4, routed)           0.795     2.583    execute_inst/mul_comp/prod_inst/gen_reduce_slv_l.wrapper_left_inst/gen_reduce_slv_l.wrapper_left_inst/gen_reduce_slv_l.wrapper_left_inst/gen_two_slv_l.add_inst/c_s_7
    SLICE_X64Y80         LUT6 (Prop_lut6_I1_O)        0.124     2.707 r  execute_inst/alu_result1_s[10]_i_29/O
                         net (fo=4, routed)           0.560     3.267    execute_inst/mul_comp/prod_inst/gen_reduce_slv_l.wrapper_left_inst/gen_reduce_slv_l.wrapper_left_inst/gen_reduce_slv_l.wrapper_left_inst/gen_two_slv_l.add_inst/c_s_9
    SLICE_X63Y82         LUT6 (Prop_lut6_I0_O)        0.124     3.391 r  execute_inst/alu_result1_s[14]_i_77/O
                         net (fo=3, routed)           0.837     4.228    execute_inst/mul_comp/prod_inst/gen_reduce_slv_l.wrapper_left_inst/gen_reduce_slv_l.wrapper_left_inst/gen_reduce_slv_l.wrapper_left_inst/gen_two_slv_l.add_inst/p_12_in
    SLICE_X61Y82         LUT5 (Prop_lut5_I1_O)        0.124     4.352 r  execute_inst/alu_result1_s[14]_i_56/O
                         net (fo=5, routed)           0.325     4.678    execute_inst/mul_comp/prod_inst/gen_reduce_slv_l.wrapper_left_inst/gen_reduce_slv_l.wrapper_left_inst/gen_reduce_slv_l.add_inst/c_s_10
    SLICE_X58Y82         LUT5 (Prop_lut5_I4_O)        0.124     4.802 r  execute_inst/alu_result1_s[14]_i_34/O
                         net (fo=5, routed)           0.934     5.735    execute_inst/mul_comp/prod_inst/gen_reduce_slv_l.wrapper_left_inst/gen_reduce_slv_l.wrapper_left_inst/gen_reduce_slv_l.add_inst/c_s_12
    SLICE_X56Y83         LUT5 (Prop_lut5_I2_O)        0.124     5.859 r  execute_inst/alu_result1_s[17]_i_25/O
                         net (fo=3, routed)           0.829     6.688    execute_inst/mul_comp/prod_inst/gen_reduce_slv_l.wrapper_left_inst/gen_reduce_slv_l.wrapper_left_inst/gen_reduce_slv_l.add_inst/p_16_in
    SLICE_X55Y83         LUT6 (Prop_lut6_I4_O)        0.124     6.812 r  execute_inst/alu_result1_s[18]_i_10/O
                         net (fo=4, routed)           0.446     7.258    execute_inst/mul_comp/prod_inst/gen_reduce_slv_l.wrapper_left_inst/gen_reduce_slv_l.add_inst/c_s_13
    SLICE_X55Y82         LUT5 (Prop_lut5_I4_O)        0.124     7.382 r  execute_inst/alu_result1_s[21]_i_12/O
                         net (fo=5, routed)           0.470     7.853    execute_inst/mul_comp/prod_inst/gen_reduce_slv_l.wrapper_left_inst/gen_reduce_slv_l.add_inst/c_s_15
    SLICE_X55Y82         LUT5 (Prop_lut5_I2_O)        0.124     7.977 f  execute_inst/alu_result1_s[21]_i_6/O
                         net (fo=2, routed)           0.821     8.798    execute_inst/mul_comp/prod_inst/res_left_s[21]
    SLICE_X54Y80         LUT5 (Prop_lut5_I1_O)        0.124     8.922 f  execute_inst/alu_result1_s[25]_i_10/O
                         net (fo=4, routed)           0.477     9.399    execute_inst/mul_comp/prod_inst/gen_reduce_slv_l.add_inst/c_s_14
    SLICE_X54Y80         LUT6 (Prop_lut6_I1_O)        0.124     9.523 r  execute_inst/alu_result1_s[25]_i_3/O
                         net (fo=5, routed)           0.838    10.361    execute_inst/alu_result1_s[25]_i_3_n_1
    SLICE_X53Y78         LUT5 (Prop_lut5_I2_O)        0.124    10.485 r  execute_inst/alu_result1_s[29]_i_11/O
                         net (fo=2, routed)           0.653    11.138    execute_inst/alu32_inst/and_comp/alu_result1_s[31]_i_4_0
    SLICE_X53Y79         LUT6 (Prop_lut6_I0_O)        0.124    11.262 r  execute_inst/alu32_inst/and_comp/alu_result1_s[31]_i_7/O
                         net (fo=1, routed)           0.289    11.551    execute_inst/alu32_inst/and_comp/mul_result[31]
    SLICE_X53Y80         LUT6 (Prop_lut6_I1_O)        0.124    11.675 r  execute_inst/alu32_inst/and_comp/alu_result1_s[31]_i_4/O
                         net (fo=1, routed)           0.154    11.830    execute_inst/alu32_inst/xor_comp/alu_result1_s_reg[31]_2
    SLICE_X53Y80         LUT5 (Prop_lut5_I3_O)        0.124    11.954 r  execute_inst/alu32_inst/xor_comp/alu_result1_s[31]_i_1/O
                         net (fo=1, routed)           0.000    11.954    alu_result0_s[31]
    SLICE_X53Y80         FDRE                                         r  alu_result1_s_reg[31]/D
  -------------------------------------------------------------------    -------------------

                         (clock clk_out1_clk_wiz_0_1 rise edge)
                                                     12.346    12.346 r  
    W5                                                0.000    12.346 r  clk_in (IN)
                         net (fo=0)                   0.000    12.346    your_instance_name/inst/clk_in1
    W5                   IBUF (Prop_ibuf_I_O)         1.388    13.734 r  your_instance_name/inst/clkin1_ibufg/O
                         net (fo=1, routed)           1.162    14.896    your_instance_name/inst/clk_in1_clk_wiz_0
    MMCME2_ADV_X1Y0      MMCME2_ADV (Prop_mmcme2_adv_CLKIN1_CLKOUT0)
                                                     -7.217     7.678 r  your_instance_name/inst/mmcm_adv_inst/CLKOUT0
                         net (fo=1, routed)           1.581     9.259    your_instance_name/inst/clk_out1_clk_wiz_0
    BUFGCTRL_X0Y1        BUFG (Prop_bufg_I_O)         0.091     9.350 r  your_instance_name/inst/clkout1_buf/O
                         net (fo=380, routed)         1.431    10.781    clk
    SLICE_X53Y80         FDRE                                         r  alu_result1_s_reg[31]/C
                         clock pessimism              0.562    11.343    
                         clock uncertainty           -0.076    11.266    
    SLICE_X53Y80         FDRE (Setup_fdre_C_D)        0.029    11.295    alu_result1_s_reg[31]
  -------------------------------------------------------------------
                         required time                         11.295    
                         arrival time                         -11.954    
  -------------------------------------------------------------------
                         slack                                 -0.658    





Min Delay Paths
--------------------------------------------------------------------------------------
Slack (MET) :             0.045ns  (arrival time - required time)
  Source:                 alu_result1_s_reg[19]/C
                            (rising edge-triggered cell FDRE clocked by clk_out1_clk_wiz_0  {rise@0.000ns fall@6.173ns period=12.346ns})
  Destination:            alu_result3_s_reg[19]/D
                            (rising edge-triggered cell FDRE clocked by clk_out1_clk_wiz_0_1  {rise@0.000ns fall@6.173ns period=12.346ns})
  Path Group:             clk_out1_clk_wiz_0_1
  Path Type:              Hold (Min at Fast Process Corner)
  Requirement:            0.000ns  (clk_out1_clk_wiz_0_1 rise@0.000ns - clk_out1_clk_wiz_0 rise@0.000ns)
  Data Path Delay:        0.197ns  (logic 0.141ns (71.611%)  route 0.056ns (28.389%))
  Logic Levels:           0  
  Clock Path Skew:        0.000ns (DCD - SCD - CPR)
    Destination Clock Delay (DCD):    -0.868ns
    Source Clock Delay      (SCD):    -0.627ns
    Clock Pessimism Removal (CPR):    -0.241ns
  Clock Uncertainty:      0.076ns  ((TSJ^2 + DJ^2)^1/2) / 2 + PE
    Total System Jitter     (TSJ):    0.071ns
    Discrete Jitter          (DJ):    0.135ns
    Phase Error              (PE):    0.000ns
  Clock Domain Crossing:  Inter clock paths are considered valid unless explicitly excluded by timing constraints such as set_clock_groups or set_false_path.

    Location             Delay type                Incr(ns)  Path(ns)    Netlist Resource(s)
  -------------------------------------------------------------------    -------------------
                         (clock clk_out1_clk_wiz_0 rise edge)
                                                      0.000     0.000 r  
    W5                                                0.000     0.000 r  clk_in (IN)
                         net (fo=0)                   0.000     0.000    your_instance_name/inst/clk_in1
    W5                   IBUF (Prop_ibuf_I_O)         0.226     0.226 r  your_instance_name/inst/clkin1_ibufg/O
                         net (fo=1, routed)           0.440     0.667    your_instance_name/inst/clk_in1_clk_wiz_0
    MMCME2_ADV_X1Y0      MMCME2_ADV (Prop_mmcme2_adv_CLKIN1_CLKOUT0)
                                                     -2.360    -1.693 r  your_instance_name/inst/mmcm_adv_inst/CLKOUT0
                         net (fo=1, routed)           0.486    -1.207    your_instance_name/inst/clk_out1_clk_wiz_0
    BUFGCTRL_X0Y1        BUFG (Prop_bufg_I_O)         0.026    -1.181 r  your_instance_name/inst/clkout1_buf/O
                         net (fo=380, routed)         0.554    -0.627    clk
    SLICE_X49Y78         FDRE                                         r  alu_result1_s_reg[19]/C
  -------------------------------------------------------------------    -------------------
    SLICE_X49Y78         FDRE (Prop_fdre_C_Q)         0.141    -0.486 r  alu_result1_s_reg[19]/Q
                         net (fo=1, routed)           0.056    -0.430    alu_result1_s[19]
    SLICE_X49Y78         FDRE                                         r  alu_result3_s_reg[19]/D
  -------------------------------------------------------------------    -------------------

                         (clock clk_out1_clk_wiz_0_1 rise edge)
                                                      0.000     0.000 r  
    W5                                                0.000     0.000 r  clk_in (IN)
                         net (fo=0)                   0.000     0.000    your_instance_name/inst/clk_in1
    W5                   IBUF (Prop_ibuf_I_O)         0.414     0.414 r  your_instance_name/inst/clkin1_ibufg/O
                         net (fo=1, routed)           0.480     0.894    your_instance_name/inst/clk_in1_clk_wiz_0
    MMCME2_ADV_X1Y0      MMCME2_ADV (Prop_mmcme2_adv_CLKIN1_CLKOUT0)
                                                     -3.142    -2.248 r  your_instance_name/inst/mmcm_adv_inst/CLKOUT0
                         net (fo=1, routed)           0.530    -1.718    your_instance_name/inst/clk_out1_clk_wiz_0
    BUFGCTRL_X0Y1        BUFG (Prop_bufg_I_O)         0.029    -1.689 r  your_instance_name/inst/clkout1_buf/O
                         net (fo=380, routed)         0.822    -0.868    clk
    SLICE_X49Y78         FDRE                                         r  alu_result3_s_reg[19]/C
                         clock pessimism              0.241    -0.627    
                         clock uncertainty            0.076    -0.551    
    SLICE_X49Y78         FDRE (Hold_fdre_C_D)         0.075    -0.476    alu_result3_s_reg[19]
  -------------------------------------------------------------------
                         required time                          0.476    
                         arrival time                          -0.430    
  -------------------------------------------------------------------
                         slack                                  0.045    





