<!doctype html public "-//w3c//dtd html 4.0 transitional//en">
<html><head>
<title>Static Call Graph - [.\Objects\lab10-proj.axf]</title></head>
<body><HR>
<H1>Static Call Graph for image .\Objects\lab10-proj.axf</H1><HR>
<BR><P>#&#060CALLGRAPH&#062# ARM Linker, 5060528: Last Updated: Tue Apr 14 22:11:26 2026
<BR><P>
<H3>Maximum Stack Usage =          0 bytes + Unknown(Functions without stacksize, Cycles, Untraceable Function Pointers)</H3><H3>
Call chain for Maximum Stack Depth:</H3>

<P>
<H3>
Functions with no stack information
</H3><UL>
 <LI><a href="#[5]">Reset_Handler</a>
 <LI><a href="#[4]">PIT_ISR</a>
 <LI><a href="#[3]">UART0_ISR</a>
</UL>
</UL>
<P>
<H3>
Mutually Recursive functions
</H3> <LI><a href="#[1]">Dummy_Handler</a>&nbsp;&nbsp;&nbsp;&rArr;&nbsp;&nbsp;&nbsp;<a href="#[1]">Dummy_Handler</a><BR>
</UL>
<P>
<H3>
Function Pointers
</H3><UL>
 <LI><a href="#[1]">Dummy_Handler</a> from start.o(Start) referenced 43 times from programtemplate_kl05.o(RESET)
 <LI><a href="#[2]">HardFault_Handler</a> from start.o(Start) referenced from programtemplate_kl05.o(RESET)
 <LI><a href="#[4]">PIT_ISR</a> from programtemplate_kl05.o(MyCode) referenced from programtemplate_kl05.o(RESET)
 <LI><a href="#[5]">Reset_Handler</a> from programtemplate_kl05.o(MyCode) referenced from programtemplate_kl05.o(RESET)
 <LI><a href="#[3]">UART0_ISR</a> from programtemplate_kl05.o(MyCode) referenced from programtemplate_kl05.o(RESET)
</UL>
<P>
<H3>
Global Symbols
</H3>
<P><STRONG><a name="[6]"></a>Startup</STRONG> (Thumb, 14 bytes, Stack size 0 bytes, start.o(Start))
<BR><BR>[Calls]<UL><LI><a href="#[8]">&gt;&gt;</a>&nbsp;&nbsp;&nbsp;SetClock48MHz
<LI><a href="#[7]">&gt;&gt;</a>&nbsp;&nbsp;&nbsp;SystemInit
</UL>
<BR>[Called By]<UL><LI><a href="#[5]">&gt;&gt;</a>&nbsp;&nbsp;&nbsp;Reset_Handler
</UL>

<P><STRONG><a name="[1]"></a>Dummy_Handler</STRONG> (Thumb, 2 bytes, Stack size 0 bytes, start.o(Start))
<BR><BR>[Calls]<UL><LI><a href="#[1]">&gt;&gt;</a>&nbsp;&nbsp;&nbsp;Dummy_Handler
</UL>
<BR>[Called By]<UL><LI><a href="#[1]">&gt;&gt;</a>&nbsp;&nbsp;&nbsp;Dummy_Handler
</UL>
<BR>[Address Reference Count : 1]<UL><LI> programtemplate_kl05.o(RESET)
</UL>
<P><STRONG><a name="[2]"></a>HardFault_Handler</STRONG> (Thumb, 0 bytes, Stack size 0 bytes, start.o(Start))
<BR>[Address Reference Count : 1]<UL><LI> programtemplate_kl05.o(RESET)
</UL>
<P><STRONG><a name="[5]"></a>Reset_Handler</STRONG> (Thumb, 0 bytes, Stack size unknown bytes, programtemplate_kl05.o(MyCode))
<BR><BR>[Calls]<UL><LI><a href="#[6]">&gt;&gt;</a>&nbsp;&nbsp;&nbsp;Startup
</UL>
<P>
<H3>
Local Symbols
</H3>
<P><STRONG><a name="[4]"></a>PIT_ISR</STRONG> (Thumb, 0 bytes, Stack size unknown bytes, programtemplate_kl05.o(MyCode))
<BR>[Address Reference Count : 1]<UL><LI> programtemplate_kl05.o(RESET)
</UL>
<P><STRONG><a name="[3]"></a>UART0_ISR</STRONG> (Thumb, 0 bytes, Stack size unknown bytes, programtemplate_kl05.o(MyCode))
<BR>[Address Reference Count : 1]<UL><LI> programtemplate_kl05.o(RESET)
</UL>
<P><STRONG><a name="[7]"></a>SystemInit</STRONG> (Thumb, 60 bytes, Stack size 0 bytes, start.o(Start))
<BR><BR>[Called By]<UL><LI><a href="#[6]">&gt;&gt;</a>&nbsp;&nbsp;&nbsp;Startup
</UL>

<P><STRONG><a name="[8]"></a>SetClock48MHz</STRONG> (Thumb, 82 bytes, Stack size 0 bytes, start.o(Start))
<BR><BR>[Called By]<UL><LI><a href="#[6]">&gt;&gt;</a>&nbsp;&nbsp;&nbsp;Startup
</UL>
<P>
<H3>
Undefined Global Symbols
</H3><HR></body></html>
